  Identification des projets ├á restaurer...
D:\ABRPOINT-newfeatures\ABRPOINT.Server\ABRPOINT.Server.csproj : warning NU1608: Version du package d├®tect├®e en dehors de la contrainte de d├®pendance┬á: Microsoft.CodeAnalysis.VisualBasic 4.0.1 n├®cessite Microsoft.CodeAnalysis.Common (= 4.0.1) alors que la version Microsoft.CodeAnalysis.Common 4.5.0 a ├®t├® r├®solue.
D:\ABRPOINT-newfeatures\ABRPOINT.Server\ABRPOINT.Server.csproj : warning NU1701: Le package 'ZKemkeeper 1.0.2' a ├®t├® restaur├® en utilisant '.NETFramework,Version=v4.6.1, .NETFramework,Version=v4.6.2, .NETFramework,Version=v4.7, .NETFramework,Version=v4.7.1, .NETFramework,Version=v4.7.2, .NETFramework,Version=v4.8, .NETFramework,Version=v4.8.1' au lieu du framework cible du projet 'net8.0'. Ce package n'est peut-├¬tre pas totalement compatible avec votre projet.
  Tous les projets sont ├á jour pour la restauration.
D:\ABRPOINT-newfeatures\ABRPOINT.Server\ABRPOINT.Server.csproj : warning NU1608: Version du package d├®tect├®e en dehors de la contrainte de d├®pendance┬á: Microsoft.CodeAnalysis.VisualBasic 4.0.1 n├®cessite Microsoft.CodeAnalysis.Common (= 4.0.1) alors que la version Microsoft.CodeAnalysis.Common 4.5.0 a ├®t├® r├®solue.
D:\ABRPOINT-newfeatures\ABRPOINT.Server\ABRPOINT.Server.csproj : warning NU1701: Le package 'ZKemkeeper 1.0.2' a ├®t├® restaur├® en utilisant '.NETFramework,Version=v4.6.1, .NETFramework,Version=v4.6.2, .NETFramework,Version=v4.7, .NETFramework,Version=v4.7.1, .NETFramework,Version=v4.7.2, .NETFramework,Version=v4.8, .NETFramework,Version=v4.8.1' au lieu du framework cible du projet 'net8.0'. Ce package n'est peut-├¬tre pas totalement compatible avec votre projet.
D:\ABRPOINT-newfeatures\ABRPOINT.Server\CalculService\DashboardService\DashboardService.cs(297,42): warning CS8767: La nullabilit├® des types r├®f├®rence dans le type du param├¿tre 'dep' de 'Task<DashboardData> DashboardService.GetDashboardData(string soccod, DateTime date, string dep, List<string> empcods)' ne correspond pas au membre impl├®ment├® implicitement 'Task<DashboardData> IDashboardService.GetDashboardData(string soccod, DateTime date, string? departement, List<string>? empcods)' (probablement en raison des attributs de nullabilit├®). [D:\ABRPOINT-newfeatures\ABRPOINT.Server\ABRPOINT.Server.csproj]
D:\ABRPOINT-newfeatures\ABRPOINT.Server\CalculService\DashboardService\DashboardService.cs(297,42): warning CS8767: La nullabilit├® des types r├®f├®rence dans le type du param├¿tre 'empcods' de 'Task<DashboardData> DashboardService.GetDashboardData(string soccod, DateTime date, string dep, List<string> empcods)' ne correspond pas au membre impl├®ment├® implicitement 'Task<DashboardData> IDashboardService.GetDashboardData(string soccod, DateTime date, string? departement, List<string>? empcods)' (probablement en raison des attributs de nullabilit├®). [D:\ABRPOINT-newfeatures\ABRPOINT.Server\ABRPOINT.Server.csproj]
D:\ABRPOINT-newfeatures\ABRPOINT.Server\Interfaces\IEmployeRepository.cs(13,48): warning CS8714: Impossible d'utiliser le type 'string?' en tant que param├¿tre de type 'TKey' dans le type ou la m├®thode g├®n├®rique 'Dictionary<TKey, TValue>'. La nullabilit├® de l'argument de type 'string?' ne correspond pas ├á la contrainte 'notnull'. [D:\ABRPOINT-newfeatures\ABRPOINT.Server\ABRPOINT.Server.csproj]
D:\ABRPOINT-newfeatures\ABRPOINT.Server\Repository\AutoriserRepository.cs(150,51): warning CS8767: La nullabilit├® des types r├®f├®rence dans le type du param├¿tre 'soccod' de 'Task<IEnumerable<Autoriser>> AutoriserRepository.GetAllAsync(string soccod, string uticod)' ne correspond pas au membre impl├®ment├® implicitement 'Task<IEnumerable<Autoriser>> IautoriserRepository.GetAllAsync(string? soccod, string? uticod)' (probablement en raison des attributs de nullabilit├®). [D:\ABRPOINT-newfeatures\ABRPOINT.Server\ABRPOINT.Server.csproj]
D:\ABRPOINT-newfeatures\ABRPOINT.Server\Repository\AutoriserRepository.cs(150,51): warning CS8767: La nullabilit├® des types r├®f├®rence dans le type du param├¿tre 'uticod' de 'Task<IEnumerable<Autoriser>> AutoriserRepository.GetAllAsync(string soccod, string uticod)' ne correspond pas au membre impl├®ment├® implicitement 'Task<IEnumerable<Autoriser>> IautoriserRepository.GetAllAsync(string? soccod, string? uticod)' (probablement en raison des attributs de nullabilit├®). [D:\ABRPOINT-newfeatures\ABRPOINT.Server\ABRPOINT.Server.csproj]
D:\ABRPOINT-newfeatures\ABRPOINT.Server\Repository\EmployeRepository.cs(418,37): warning CS8767: La nullabilit├® des types r├®f├®rence dans le type du param├¿tre 'soccod' de 'IEnumerable<Employe> EmployeRepository.GetAll(string soccod, string uticod)' ne correspond pas au membre impl├®ment├® implicitement 'IEnumerable<Employe> IEmployeRepository.GetAll(string? soccod, string uticod)' (probablement en raison des attributs de nullabilit├®). [D:\ABRPOINT-newfeatures\ABRPOINT.Server\ABRPOINT.Server.csproj]
D:\ABRPOINT-newfeatures\ABRPOINT.Server\Repository\EmployeRepository.cs(83,61): warning CS8714: Impossible d'utiliser le type 'string?' en tant que param├¿tre de type 'TKey' dans le type ou la m├®thode g├®n├®rique 'Dictionary<TKey, TValue>'. La nullabilit├® de l'argument de type 'string?' ne correspond pas ├á la contrainte 'notnull'. [D:\ABRPOINT-newfeatures\ABRPOINT.Server\ABRPOINT.Server.csproj]
D:\ABRPOINT-newfeatures\ABRPOINT.Server\Repository\ParametreRepository.cs(236,54): warning CS8613: La nullabilit├® des types r├®f├®rence dans le type de retour de 'Task<ParametreMoisPointageDto?> ParametreRepository.GetParametreMoisPointage(string soccod)' ne correspond pas au membre impl├®ment├® implicitement 'Task<ParametreMoisPointageDto> IParametreRepository.GetParametreMoisPointage(string soccod)'. [D:\ABRPOINT-newfeatures\ABRPOINT.Server\ABRPOINT.Server.csproj]
D:\ABRPOINT-newfeatures\ABRPOINT.Server\Controllers\EmployesController.cs(89,61): warning CS8714: Impossible d'utiliser le type 'string?' en tant que param├¿tre de type 'TKey' dans le type ou la m├®thode g├®n├®rique 'Dictionary<TKey, TValue>'. La nullabilit├® de l'argument de type 'string?' ne correspond pas ├á la contrainte 'notnull'. [D:\ABRPOINT-newfeatures\ABRPOINT.Server\ABRPOINT.Server.csproj]
D:\ABRPOINT-newfeatures\ABRPOINT.Server\Repository\PresenceRepository.cs(84,41): warning CS8613: La nullabilit├® des types r├®f├®rence dans le type de retour de 'Task<PresenceDto?> PresenceRepository.AddPresence(string soccod, string empcod, DateTime date, string poicod)' ne correspond pas au membre impl├®ment├® implicitement 'Task<PresenceDto> IPresenceRepository.AddPresence(string soccod, string empcod, DateTime date, string poicod)'. [D:\ABRPOINT-newfeatures\ABRPOINT.Server\ABRPOINT.Server.csproj]
D:\ABRPOINT-newfeatures\ABRPOINT.Server\Repository\PresenceRepository.cs(1754,47): warning CS8613: La nullabilit├® des types r├®f├®rence dans le type de retour de 'Task<PresenceStatistics> PresenceRepository.GetStatistics(DateTime startDate, DateTime endDate)' ne correspond pas au membre impl├®ment├® implicitement 'Task<PresenceStatistics?> IPresenceRepository.GetStatistics(DateTime startDate, DateTime today)'. [D:\ABRPOINT-newfeatures\ABRPOINT.Server\ABRPOINT.Server.csproj]
D:\ABRPOINT-newfeatures\ABRPOINT.Server\Repository\PresenceRepository.cs(1776,46): warning CS8613: La nullabilit├® des types r├®f├®rence dans le type de retour de 'Task<List<AbsenceInfo>> PresenceRepository.GetRecentAbsences(DateTime startDate, DateTime endDate, int limit)' ne correspond pas au membre impl├®ment├® implicitement 'Task<List<AbsenceInfo>?> IPresenceRepository.GetRecentAbsences(DateTime startDate, DateTime today, int v)'. [D:\ABRPOINT-newfeatures\ABRPOINT.Server\ABRPOINT.Server.csproj]
D:\ABRPOINT-newfeatures\ABRPOINT.Server\Repository\PresenceRepository.cs(1791,45): warning CS8613: La nullabilit├® des types r├®f├®rence dans le type de retour de 'Task<GlobalStatistics> PresenceRepository.GetGlobalStatistics()' ne correspond pas au membre impl├®ment├® implicitement 'Task<GlobalStatistics?> IPresenceRepository.GetGlobalStatistics()'. [D:\ABRPOINT-newfeatures\ABRPOINT.Server\ABRPOINT.Server.csproj]
D:\ABRPOINT-newfeatures\ABRPOINT.Server\Repository\SanctionRepository.cs(198,36): warning CS8613: La nullabilit├® des types r├®f├®rence dans le type de retour de 'Task<string?> SanctionRepository.GetAbsenceLib(string? soccod, string? empcod, DateTime dmdate)' ne correspond pas au membre impl├®ment├® implicitement 'Task<string> ISanctionRepository.GetAbsenceLib(string? soccod, string? empcod, DateTime dmdate)'. [D:\ABRPOINT-newfeatures\ABRPOINT.Server\ABRPOINT.Server.csproj]
D:\ABRPOINT-newfeatures\ABRPOINT.Server\Repository\UtilisateurRepository.cs(214,40): warning CS8613: La nullabilit├® des types r├®f├®rence dans le type de retour de 'Task<UtiProfile?> UtilisateurRepository.GetProfile(string soccod, string uticod)' ne correspond pas au membre impl├®ment├® implicitement 'Task<UtiProfile> IUtilisateurRepository.GetProfile(string soccod, string uticod)'. [D:\ABRPOINT-newfeatures\ABRPOINT.Server\ABRPOINT.Server.csproj]
D:\ABRPOINT-newfeatures\ABRPOINT.Server\Repository\SocieteRepository.cs(63,39): warning CS8613: La nullabilit├® des types r├®f├®rence dans le type de retour de 'Task<SocHeures?> SocieteRepository.GetSocHeures(string soccod)' ne correspond pas au membre impl├®ment├® implicitement 'Task<SocHeures> ISocieteRepository.GetSocHeures(string soccod)'. [D:\ABRPOINT-newfeatures\ABRPOINT.Server\ABRPOINT.Server.csproj]
D:\ABRPOINT-newfeatures\ABRPOINT.Server\Controllers\DashboardController.cs(217,19): warning CS8618: Le propri├®t├® ┬½┬áSoccod┬á┬╗ non-nullable doit contenir une valeur autre que Null lors de la fermeture du constructeur. Envisagez dÔÇÖajouter le modificateur ┬½┬árequired┬á┬╗ ou de d├®clarer le propri├®t├® comme pouvant accepter la valeur Null. [D:\ABRPOINT-newfeatures\ABRPOINT.Server\ABRPOINT.Server.csproj]
D:\ABRPOINT-newfeatures\ABRPOINT.Server\Controllers\DashboardController.cs(230,19): warning CS8618: Le propri├®t├® ┬½┬áSoccod┬á┬╗ non-nullable doit contenir une valeur autre que Null lors de la fermeture du constructeur. Envisagez dÔÇÖajouter le modificateur ┬½┬árequired┬á┬╗ ou de d├®clarer le propri├®t├® comme pouvant accepter la valeur Null. [D:\ABRPOINT-newfeatures\ABRPOINT.Server\ABRPOINT.Server.csproj]
D:\ABRPOINT-newfeatures\ABRPOINT.Server\Controllers\DashboardController.cs(234,25): warning CS8618: Le propri├®t├® ┬½┬áEmpcods┬á┬╗ non-nullable doit contenir une valeur autre que Null lors de la fermeture du constructeur. Envisagez dÔÇÖajouter le modificateur ┬½┬árequired┬á┬╗ ou de d├®clarer le propri├®t├® comme pouvant accepter la valeur Null. [D:\ABRPOINT-newfeatures\ABRPOINT.Server\ABRPOINT.Server.csproj]
D:\ABRPOINT-newfeatures\ABRPOINT.Server\Controllers\DashboardController.cs(253,19): warning CS8618: Le propri├®t├® ┬½┬áDepartement┬á┬╗ non-nullable doit contenir une valeur autre que Null lors de la fermeture du constructeur. Envisagez dÔÇÖajouter le modificateur ┬½┬árequired┬á┬╗ ou de d├®clarer le propri├®t├® comme pouvant accepter la valeur Null. [D:\ABRPOINT-newfeatures\ABRPOINT.Server\ABRPOINT.Server.csproj]
D:\ABRPOINT-newfeatures\ABRPOINT.Server\Dtaos\DashboardData.cs(47,19): warning CS8618: Le propri├®t├® ┬½┬áDepartement┬á┬╗ non-nullable doit contenir une valeur autre que Null lors de la fermeture du constructeur. Envisagez dÔÇÖajouter le modificateur ┬½┬árequired┬á┬╗ ou de d├®clarer le propri├®t├® comme pouvant accepter la valeur Null. [D:\ABRPOINT-newfeatures\ABRPOINT.Server\ABRPOINT.Server.csproj]
D:\ABRPOINT-newfeatures\ABRPOINT.Server\Dtaos\DashboardData.cs(56,19): warning CS8618: Le propri├®t├® ┬½┬áJourSemaine┬á┬╗ non-nullable doit contenir une valeur autre que Null lors de la fermeture du constructeur. Envisagez dÔÇÖajouter le modificateur ┬½┬árequired┬á┬╗ ou de d├®clarer le propri├®t├® comme pouvant accepter la valeur Null. [D:\ABRPOINT-newfeatures\ABRPOINT.Server\ABRPOINT.Server.csproj]
D:\ABRPOINT-newfeatures\ABRPOINT.Server\Dtaos\DashboardData.cs(64,19): warning CS8618: Le propri├®t├® ┬½┬áEMPCOD┬á┬╗ non-nullable doit contenir une valeur autre que Null lors de la fermeture du constructeur. Envisagez dÔÇÖajouter le modificateur ┬½┬árequired┬á┬╗ ou de d├®clarer le propri├®t├® comme pouvant accepter la valeur Null. [D:\ABRPOINT-newfeatures\ABRPOINT.Server\ABRPOINT.Server.csproj]
D:\ABRPOINT-newfeatures\ABRPOINT.Server\Dtaos\DashboardData.cs(65,19): warning CS8618: Le propri├®t├® ┬½┬áEmplib┬á┬╗ non-nullable doit contenir une valeur autre que Null lors de la fermeture du constructeur. Envisagez dÔÇÖajouter le modificateur ┬½┬árequired┬á┬╗ ou de d├®clarer le propri├®t├® comme pouvant accepter la valeur Null. [D:\ABRPOINT-newfeatures\ABRPOINT.Server\ABRPOINT.Server.csproj]
D:\ABRPOINT-newfeatures\ABRPOINT.Server\Dtaos\DashboardData.cs(66,19): warning CS8618: Le propri├®t├® ┬½┬áPrenom┬á┬╗ non-nullable doit contenir une valeur autre que Null lors de la fermeture du constructeur. Envisagez dÔÇÖajouter le modificateur ┬½┬árequired┬á┬╗ ou de d├®clarer le propri├®t├® comme pouvant accepter la valeur Null. [D:\ABRPOINT-newfeatures\ABRPOINT.Server\ABRPOINT.Server.csproj]
D:\ABRPOINT-newfeatures\ABRPOINT.Server\Dtaos\DashboardData.cs(67,19): warning CS8618: Le propri├®t├® ┬½┬áDepartement┬á┬╗ non-nullable doit contenir une valeur autre que Null lors de la fermeture du constructeur. Envisagez dÔÇÖajouter le modificateur ┬½┬árequired┬á┬╗ ou de d├®clarer le propri├®t├® comme pouvant accepter la valeur Null. [D:\ABRPOINT-newfeatures\ABRPOINT.Server\ABRPOINT.Server.csproj]
D:\ABRPOINT-newfeatures\ABRPOINT.Server\Dtaos\DashboardData.cs(71,19): warning CS8618: Le propri├®t├® ┬½┬áStatut┬á┬╗ non-nullable doit contenir une valeur autre que Null lors de la fermeture du constructeur. Envisagez dÔÇÖajouter le modificateur ┬½┬árequired┬á┬╗ ou de d├®clarer le propri├®t├® comme pouvant accepter la valeur Null. [D:\ABRPOINT-newfeatures\ABRPOINT.Server\ABRPOINT.Server.csproj]
D:\ABRPOINT-newfeatures\ABRPOINT.Server\Dtaos\DashboardData.cs(72,19): warning CS8618: Le propri├®t├® ┬½┬áTypeConge┬á┬╗ non-nullable doit contenir une valeur autre que Null lors de la fermeture du constructeur. Envisagez dÔÇÖajouter le modificateur ┬½┬árequired┬á┬╗ ou de d├®clarer le propri├®t├® comme pouvant accepter la valeur Null. [D:\ABRPOINT-newfeatures\ABRPOINT.Server\ABRPOINT.Server.csproj]
D:\ABRPOINT-newfeatures\ABRPOINT.Server\Dtaos\EtatGlobalRequest.cs(5,19): warning CS8618: Le propri├®t├® ┬½┬ásoccod┬á┬╗ non-nullable doit contenir une valeur autre que Null lors de la fermeture du constructeur. Envisagez dÔÇÖajouter le modificateur ┬½┬árequired┬á┬╗ ou de d├®clarer le propri├®t├® comme pouvant accepter la valeur Null. [D:\ABRPOINT-newfeatures\ABRPOINT.Server\ABRPOINT.Server.csproj]
D:\ABRPOINT-newfeatures\ABRPOINT.Server\Dtaos\EtatGlobalRequest.cs(11,33): warning CS8618: Le propri├®t├® ┬½┬ádata┬á┬╗ non-nullable doit contenir une valeur autre que Null lors de la fermeture du constructeur. Envisagez dÔÇÖajouter le modificateur ┬½┬árequired┬á┬╗ ou de d├®clarer le propri├®t├® comme pouvant accepter la valeur Null. [D:\ABRPOINT-newfeatures\ABRPOINT.Server\ABRPOINT.Server.csproj]
D:\ABRPOINT-newfeatures\ABRPOINT.Server\Helpers\DateTimeConverter.cs(10,36): warning CS8604: Existence possible d'un argument de r├®f├®rence null pour le param├¿tre 's' dans 'DateTime DateTime.ParseExact(string s, string format, IFormatProvider? provider)'. [D:\ABRPOINT-newfeatures\ABRPOINT.Server\ABRPOINT.Server.csproj]
D:\ABRPOINT-newfeatures\ABRPOINT.Server\Mappings\MappingProfiles.cs(17,75): warning CS8602: D├®r├®f├®rencement d'une ├®ventuelle r├®f├®rence null. [D:\ABRPOINT-newfeatures\ABRPOINT.Server\ABRPOINT.Server.csproj]
D:\ABRPOINT-newfeatures\ABRPOINT.Server\Services\ServicesRegistration.cs(83,57): warning CS8604: Existence possible d'un argument de r├®f├®rence null pour le param├¿tre 'apiKey' dans 'GeminiPlugin.GeminiPlugin(IHttpClientFactory httpClientFactory, string apiKey, Kernel kernel)'. [D:\ABRPOINT-newfeatures\ABRPOINT.Server\ABRPOINT.Server.csproj]
D:\ABRPOINT-newfeatures\ABRPOINT.Server\Controllers\UtilisateursController.cs(111,30): warning CS0168: La variable 'ex' est d├®clar├®e, mais jamais utilis├®e [D:\ABRPOINT-newfeatures\ABRPOINT.Server\ABRPOINT.Server.csproj]
D:\ABRPOINT-newfeatures\ABRPOINT.Server\Program.cs(63,33): warning CS8604: Existence possible d'un argument de r├®f├®rence null pour le param├¿tre 's' dans 'byte[] Encoding.GetBytes(string s)'. [D:\ABRPOINT-newfeatures\ABRPOINT.Server\ABRPOINT.Server.csproj]
D:\ABRPOINT-newfeatures\ABRPOINT.Server\Helpers\EnumHelper.cs(45,72): warning CS8600: Conversion de litt├®ral ayant une valeur null ou d'une ├®ventuelle valeur null en type non-nullable. [D:\ABRPOINT-newfeatures\ABRPOINT.Server\ABRPOINT.Server.csproj]
D:\ABRPOINT-newfeatures\ABRPOINT.Server\Helpers\EnumHelper.cs(46,28): warning CS8602: D├®r├®f├®rencement d'une ├®ventuelle r├®f├®rence null. [D:\ABRPOINT-newfeatures\ABRPOINT.Server\ABRPOINT.Server.csproj]
D:\ABRPOINT-newfeatures\ABRPOINT.Server\Helpers\EnumHelper.cs(46,28): warning CS8603: Existence possible d'un retour de r├®f├®rence null. [D:\ABRPOINT-newfeatures\ABRPOINT.Server\ABRPOINT.Server.csproj]
D:\ABRPOINT-newfeatures\ABRPOINT.Server\Helpers\EnumHelper.cs(55,29): warning CS8602: D├®r├®f├®rencement d'une ├®ventuelle r├®f├®rence null. [D:\ABRPOINT-newfeatures\ABRPOINT.Server\ABRPOINT.Server.csproj]
D:\ABRPOINT-newfeatures\ABRPOINT.Server\Helpers\EnumHelper.cs(55,54): warning CS8604: Existence possible d'un argument de r├®f├®rence null pour le param├¿tre 'name' dans 'FieldInfo? Type.GetField(string name)'. [D:\ABRPOINT-newfeatures\ABRPOINT.Server\ABRPOINT.Server.csproj]
D:\ABRPOINT-newfeatures\ABRPOINT.Server\Helpers\EnumHelper.cs(57,41): warning CS8602: D├®r├®f├®rencement d'une ├®ventuelle r├®f├®rence null. [D:\ABRPOINT-newfeatures\ABRPOINT.Server\ABRPOINT.Server.csproj]
D:\ABRPOINT-newfeatures\ABRPOINT.Server\Helpers\EnumHelper.cs(60,17): warning CS8602: D├®r├®f├®rencement d'une ├®ventuelle r├®f├®rence null. [D:\ABRPOINT-newfeatures\ABRPOINT.Server\ABRPOINT.Server.csproj]
D:\ABRPOINT-newfeatures\ABRPOINT.Server\Helpers\EnumHelper.cs(61,39): warning CS8604: Existence possible d'un argument de r├®f├®rence null pour le param├¿tre 'resourceManagerProvider' dans 'string EnumHelper<T>.lookupResource(Type resourceManagerProvider, string resourceKey)'. [D:\ABRPOINT-newfeatures\ABRPOINT.Server\ABRPOINT.Server.csproj]
D:\ABRPOINT-newfeatures\ABRPOINT.Server\Helpers\EnumHelper.cs(61,78): warning CS8604: Existence possible d'un argument de r├®f├®rence null pour le param├¿tre 'resourceKey' dans 'string EnumHelper<T>.lookupResource(Type resourceManagerProvider, string resourceKey)'. [D:\ABRPOINT-newfeatures\ABRPOINT.Server\ABRPOINT.Server.csproj]
D:\ABRPOINT-newfeatures\ABRPOINT.Server\Helpers\EnumHelper.cs(64,20): warning CS8603: Existence possible d'un retour de r├®f├®rence null. [D:\ABRPOINT-newfeatures\ABRPOINT.Server\ABRPOINT.Server.csproj]
D:\ABRPOINT-newfeatures\ABRPOINT.Server\Helpers\GenericMethodes.cs(144,31): warning CS8629: Le type valeur Nullable peut avoir une valeur null. [D:\ABRPOINT-newfeatures\ABRPOINT.Server\ABRPOINT.Server.csproj]
D:\ABRPOINT-newfeatures\ABRPOINT.Server\Helpers\GenericMethodes.cs(148,54): warning CS8629: Le type valeur Nullable peut avoir une valeur null. [D:\ABRPOINT-newfeatures\ABRPOINT.Server\ABRPOINT.Server.csproj]
D:\ABRPOINT-newfeatures\ABRPOINT.Server\Helpers\GenericMethodes.cs(179,139): warning CS8604: Existence possible d'un argument de r├®f├®rence null pour le param├¿tre 'time' dans 'float? GenericMethodes.ConvertHHmmToDouble(string time)'. [D:\ABRPOINT-newfeatures\ABRPOINT.Server\ABRPOINT.Server.csproj]
D:\ABRPOINT-newfeatures\ABRPOINT.Server\CalculService\PresencePlugin.cs(47,30): warning CS0168: La variable 'ex' est d├®clar├®e, mais jamais utilis├®e [D:\ABRPOINT-newfeatures\ABRPOINT.Server\ABRPOINT.Server.csproj]
D:\ABRPOINT-newfeatures\ABRPOINT.Server\Services\PointeuseHttpService.cs(45,41): warning CS8600: Conversion de litt├®ral ayant une valeur null ou d'une ├®ventuelle valeur null en type non-nullable. [D:\ABRPOINT-newfeatures\ABRPOINT.Server\ABRPOINT.Server.csproj]
D:\ABRPOINT-newfeatures\ABRPOINT.Server\Services\PointeuseHttpService.cs(48,29): warning CS8602: D├®r├®f├®rencement d'une ├®ventuelle r├®f├®rence null. [D:\ABRPOINT-newfeatures\ABRPOINT.Server\ABRPOINT.Server.csproj]
D:\ABRPOINT-newfeatures\ABRPOINT.Server\Repository\VilleRepository.cs(36,20): warning CS8603: Existence possible d'un retour de r├®f├®rence null. [D:\ABRPOINT-newfeatures\ABRPOINT.Server\ABRPOINT.Server.csproj]
D:\ABRPOINT-newfeatures\ABRPOINT.Server\Repository\VilleRepository.cs(41,20): warning CS8619: La nullabilit├® des types r├®f├®rence dans la valeur de type 'Dictionary<string, string?>' ne correspond pas au type cible 'Dictionary<string, string>'. [D:\ABRPOINT-newfeatures\ABRPOINT.Server\ABRPOINT.Server.csproj]
D:\ABRPOINT-newfeatures\ABRPOINT.Server\Repository\UtilisateurRepository.cs(33,40): warning CS8619: La nullabilit├® des types r├®f├®rence dans la valeur de type 'List<string?>' ne correspond pas au type cible 'List<string>'. [D:\ABRPOINT-newfeatures\ABRPOINT.Server\ABRPOINT.Server.csproj]
D:\ABRPOINT-newfeatures\ABRPOINT.Server\Repository\UtilisateurRepository.cs(51,20): warning CS8603: Existence possible d'un retour de r├®f├®rence null. [D:\ABRPOINT-newfeatures\ABRPOINT.Server\ABRPOINT.Server.csproj]
D:\ABRPOINT-newfeatures\ABRPOINT.Server\CalculService\HeureSupp\OptimizedPresenceService.cs(58,28): warning CS8603: Existence possible d'un retour de r├®f├®rence null. [D:\ABRPOINT-newfeatures\ABRPOINT.Server\ABRPOINT.Server.csproj]
D:\ABRPOINT-newfeatures\ABRPOINT.Server\CalculService\HeureSupp\OptimizedPresenceService.cs(61,59): warning CS8603: Existence possible d'un retour de r├®f├®rence null. [D:\ABRPOINT-newfeatures\ABRPOINT.Server\ABRPOINT.Server.csproj]
D:\ABRPOINT-newfeatures\ABRPOINT.Server\CalculService\HeureSupp\OptimizedPresenceService.cs(64,28): warning CS8603: Existence possible d'un retour de r├®f├®rence null. [D:\ABRPOINT-newfeatures\ABRPOINT.Server\ABRPOINT.Server.csproj]
D:\ABRPOINT-newfeatures\ABRPOINT.Server\CalculService\HeureSupp\OptimizedPresenceService.cs(80,21): warning CS8625: Impossible de convertir un litt├®ral ayant une valeur null en type r├®f├®rence non-nullable. [D:\ABRPOINT-newfeatures\ABRPOINT.Server\ABRPOINT.Server.csproj]
D:\ABRPOINT-newfeatures\ABRPOINT.Server\Repository\UtilisateurRepository.cs(65,50): warning CS8604: Existence possible d'un argument de r├®f├®rence null pour le param├¿tre 'item' dans 'bool List<string>.Contains(string item)'. [D:\ABRPOINT-newfeatures\ABRPOINT.Server\ABRPOINT.Server.csproj]
D:\ABRPOINT-newfeatures\ABRPOINT.Server\Helpers\GenericMethodes.cs(332,32): warning CS8600: Conversion de litt├®ral ayant une valeur null ou d'une ├®ventuelle valeur null en type non-nullable. [D:\ABRPOINT-newfeatures\ABRPOINT.Server\ABRPOINT.Server.csproj]
D:\ABRPOINT-newfeatures\ABRPOINT.Server\Helpers\GenericMethodes.cs(332,44): warning CS8600: Conversion de litt├®ral ayant une valeur null ou d'une ├®ventuelle valeur null en type non-nullable. [D:\ABRPOINT-newfeatures\ABRPOINT.Server\ABRPOINT.Server.csproj]
D:\ABRPOINT-newfeatures\ABRPOINT.Server\Helpers\GenericMethodes.cs(351,30): warning CS0168: La variable 'e' est d├®clar├®e, mais jamais utilis├®e [D:\ABRPOINT-newfeatures\ABRPOINT.Server\ABRPOINT.Server.csproj]
D:\ABRPOINT-newfeatures\ABRPOINT.Server\Helpers\GenericMethodes.cs(373,41): warning CS8603: Existence possible d'un retour de r├®f├®rence null. [D:\ABRPOINT-newfeatures\ABRPOINT.Server\ABRPOINT.Server.csproj]
D:\ABRPOINT-newfeatures\ABRPOINT.Server\Repository\UtilisateurRepository.cs(144,20): warning CS8603: Existence possible d'un retour de r├®f├®rence null. [D:\ABRPOINT-newfeatures\ABRPOINT.Server\ABRPOINT.Server.csproj]
D:\ABRPOINT-newfeatures\ABRPOINT.Server\Controllers\UtilisateursController.cs(178,40): warning CS8619: La nullabilit├® des types r├®f├®rence dans la valeur de type 'List<string?>' ne correspond pas au type cible 'List<string>'. [D:\ABRPOINT-newfeatures\ABRPOINT.Server\ABRPOINT.Server.csproj]
D:\ABRPOINT-newfeatures\ABRPOINT.Server\Controllers\UtilisateursController.cs(185,56): warning CS8604: Existence possible d'un argument de r├®f├®rence null pour le param├¿tre 'username' dans 'string UtilisateursController.GenerateJwtToken(string username)'. [D:\ABRPOINT-newfeatures\ABRPOINT.Server\ABRPOINT.Server.csproj]
D:\ABRPOINT-newfeatures\ABRPOINT.Server\Controllers\UtilisateursController.cs(204,54): warning CS8604: Existence possible d'un argument de r├®f├®rence null pour le param├¿tre 'value' dans 'void IResponseCookies.Append(string key, string value, CookieOptions options)'. [D:\ABRPOINT-newfeatures\ABRPOINT.Server\ABRPOINT.Server.csproj]
D:\ABRPOINT-newfeatures\ABRPOINT.Server\Controllers\UtilisateursController.cs(217,30): warning CS0168: La variable 'ex' est d├®clar├®e, mais jamais utilis├®e [D:\ABRPOINT-newfeatures\ABRPOINT.Server\ABRPOINT.Server.csproj]
D:\ABRPOINT-newfeatures\ABRPOINT.Server\CalculService\HeureSupp\OptimizedPresenceService.cs(168,36): warning CS8629: Le type valeur Nullable peut avoir une valeur null. [D:\ABRPOINT-newfeatures\ABRPOINT.Server\ABRPOINT.Server.csproj]
D:\ABRPOINT-newfeatures\ABRPOINT.Server\CalculService\HeureSupp\OptimizedPresenceService.cs(172,65): warning CS8629: Le type valeur Nullable peut avoir une valeur null. [D:\ABRPOINT-newfeatures\ABRPOINT.Server\ABRPOINT.Server.csproj]
D:\ABRPOINT-newfeatures\ABRPOINT.Server\CalculService\HeureSupp\OptimizedPresenceService.cs(187,75): warning CS8629: Le type valeur Nullable peut avoir une valeur null. [D:\ABRPOINT-newfeatures\ABRPOINT.Server\ABRPOINT.Server.csproj]
D:\ABRPOINT-newfeatures\ABRPOINT.Server\CalculService\HeureSupp\OptimizedPresenceService.cs(196,76): warning CS8604: Existence possible d'un argument de r├®f├®rence null pour le param├¿tre 'item' dans 'bool List<string>.Contains(string item)'. [D:\ABRPOINT-newfeatures\ABRPOINT.Server\ABRPOINT.Server.csproj]
D:\ABRPOINT-newfeatures\ABRPOINT.Server\CalculService\HeureSupp\OptimizedPresenceService.cs(195,45): warning CS8714: Impossible d'utiliser le type 'string?' en tant que param├¿tre de type 'TKey' dans le type ou la m├®thode g├®n├®rique 'EntityFrameworkQueryableExtensions.ToDictionaryAsync<TSource, TKey>(IQueryable<TSource>, Func<TSource, TKey>, CancellationToken)'. La nullabilit├® de l'argument de type 'string?' ne correspond pas ├á la contrainte 'notnull'. [D:\ABRPOINT-newfeatures\ABRPOINT.Server\ABRPOINT.Server.csproj]
D:\ABRPOINT-newfeatures\ABRPOINT.Server\CalculService\HeureSupp\OptimizedPresenceService.cs(197,40): warning CS8621: La nullabilit├® des types r├®f├®rence dans le type de retour de 'expression lambda' ne correspond pas au d├®l├®gu├® cible 'Func<Poste, string?>' (probablement en raison des attributs de nullabilit├®). [D:\ABRPOINT-newfeatures\ABRPOINT.Server\ABRPOINT.Server.csproj]
D:\ABRPOINT-newfeatures\ABRPOINT.Server\CalculService\HeureSupp\OptimizedPresenceService.cs(195,39): warning CS8619: La nullabilit├® des types r├®f├®rence dans la valeur de type 'Dictionary<string?, Poste>' ne correspond pas au type cible 'Dictionary<string, Poste>'. [D:\ABRPOINT-newfeatures\ABRPOINT.Server\ABRPOINT.Server.csproj]
D:\ABRPOINT-newfeatures\ABRPOINT.Server\Controllers\UtilisateursController.cs(250,55): warning CS8604: Existence possible d'un argument de r├®f├®rence null pour le param├¿tre 'username' dans 'string UtilisateursController.GenerateJwtToken(string username)'. [D:\ABRPOINT-newfeatures\ABRPOINT.Server\ABRPOINT.Server.csproj]
D:\ABRPOINT-newfeatures\ABRPOINT.Server\CalculService\HeureSupp\OptimizedPresenceService.cs(310,73): warning CS8629: Le type valeur Nullable peut avoir une valeur null. [D:\ABRPOINT-newfeatures\ABRPOINT.Server\ABRPOINT.Server.csproj]
D:\ABRPOINT-newfeatures\ABRPOINT.Server\Repository\UtilisateurRepository.cs(158,45): warning CS8602: D├®r├®f├®rencement d'une ├®ventuelle r├®f├®rence null. [D:\ABRPOINT-newfeatures\ABRPOINT.Server\ABRPOINT.Server.csproj]
D:\ABRPOINT-newfeatures\ABRPOINT.Server\Repository\UtilisateurRepository.cs(160,53): warning CS8602: D├®r├®f├®rencement d'une ├®ventuelle r├®f├®rence null. [D:\ABRPOINT-newfeatures\ABRPOINT.Server\ABRPOINT.Server.csproj]
D:\ABRPOINT-newfeatures\ABRPOINT.Server\Repository\UtilisateurRepository.cs(168,37): warning CS8602: D├®r├®f├®rencement d'une ├®ventuelle r├®f├®rence null. [D:\ABRPOINT-newfeatures\ABRPOINT.Server\ABRPOINT.Server.csproj]
D:\ABRPOINT-newfeatures\ABRPOINT.Server\Repository\UtilisateurRepository.cs(171,63): warning CS8602: D├®r├®f├®rencement d'une ├®ventuelle r├®f├®rence null. [D:\ABRPOINT-newfeatures\ABRPOINT.Server\ABRPOINT.Server.csproj]
D:\ABRPOINT-newfeatures\ABRPOINT.Server\Repository\UtilisateurRepository.cs(177,53): warning CS8602: D├®r├®f├®rencement d'une ├®ventuelle r├®f├®rence null. [D:\ABRPOINT-newfeatures\ABRPOINT.Server\ABRPOINT.Server.csproj]
D:\ABRPOINT-newfeatures\ABRPOINT.Server\Repository\UtilisateurRepository.cs(192,38): warning CS8602: D├®r├®f├®rencement d'une ├®ventuelle r├®f├®rence null. [D:\ABRPOINT-newfeatures\ABRPOINT.Server\ABRPOINT.Server.csproj]
D:\ABRPOINT-newfeatures\ABRPOINT.Server\Repository\UtilisateurRepository.cs(207,30): warning CS0168: La variable 'ex' est d├®clar├®e, mais jamais utilis├®e [D:\ABRPOINT-newfeatures\ABRPOINT.Server\ABRPOINT.Server.csproj]
D:\ABRPOINT-newfeatures\ABRPOINT.Server\CalculService\HeureSupp\OptimizedPresenceService.cs(374,28): warning CS8600: Conversion de litt├®ral ayant une valeur null ou d'une ├®ventuelle valeur null en type non-nullable. [D:\ABRPOINT-newfeatures\ABRPOINT.Server\ABRPOINT.Server.csproj]
D:\ABRPOINT-newfeatures\ABRPOINT.Server\CalculService\HeureSupp\OptimizedPresenceService.cs(376,75): warning CS8604: Existence possible d'un argument de r├®f├®rence null pour le param├¿tre 'codpost' dans 'Task<bool> IParametreRepository.IsRepos(string soccod, DateTime? predat, string codpost)'. [D:\ABRPOINT-newfeatures\ABRPOINT.Server\ABRPOINT.Server.csproj]
D:\ABRPOINT-newfeatures\ABRPOINT.Server\CalculService\HeureSupp\OptimizedPresenceService.cs(383,32): warning CS8604: Existence possible d'un argument de r├®f├®rence null pour le param├¿tre 'presence' dans 'string OptimizedPresenceService.GetWeekDetails(Presence presence, DateTime date, SanctionDto sanction, CongeDto conge, bool isFerier, bool isRepos)'. [D:\ABRPOINT-newfeatures\ABRPOINT.Server\ABRPOINT.Server.csproj]
D:\ABRPOINT-newfeatures\ABRPOINT.Server\CalculService\HeureSupp\OptimizedPresenceService.cs(383,48): warning CS8604: Existence possible d'un argument de r├®f├®rence null pour le param├¿tre 'sanction' dans 'string OptimizedPresenceService.GetWeekDetails(Presence presence, DateTime date, SanctionDto sanction, CongeDto conge, bool isFerier, bool isRepos)'. [D:\ABRPOINT-newfeatures\ABRPOINT.Server\ABRPOINT.Server.csproj]
D:\ABRPOINT-newfeatures\ABRPOINT.Server\CalculService\HeureSupp\OptimizedPresenceService.cs(383,58): warning CS8604: Existence possible d'un argument de r├®f├®rence null pour le param├¿tre 'conge' dans 'string OptimizedPresenceService.GetWeekDetails(Presence presence, DateTime date, SanctionDto sanction, CongeDto conge, bool isFerier, bool isRepos)'. [D:\ABRPOINT-newfeatures\ABRPOINT.Server\ABRPOINT.Server.csproj]
D:\ABRPOINT-newfeatures\ABRPOINT.Server\CalculService\HeureSupp\OptimizedPresenceService.cs(414,61): warning CS8604: Existence possible d'un argument de r├®f├®rence null pour le param├¿tre 'time' dans 'float? GenericMethodes.ConvertHHmmToDouble(string time)'. [D:\ABRPOINT-newfeatures\ABRPOINT.Server\ABRPOINT.Server.csproj]
D:\ABRPOINT-newfeatures\ABRPOINT.Server\CalculService\HeureSupp\OptimizedPresenceService.cs(413,45): warning CS8604: Existence possible d'un argument de r├®f├®rence null pour le param├¿tre 'presence' dans 'Task<float?> IHeureAbsencesService.CalculateHeureAbsences(Presence presence, string soccod, string? poste, DateTime? date, AutDto autorisation, float? hretrav)'. [D:\ABRPOINT-newfeatures\ABRPOINT.Server\ABRPOINT.Server.csproj]
D:\ABRPOINT-newfeatures\ABRPOINT.Server\CalculService\HeureSupp\OptimizedPresenceService.cs(413,76): warning CS8604: Existence possible d'un argument de r├®f├®rence null pour le param├¿tre 'autorisation' dans 'Task<float?> IHeureAbsencesService.CalculateHeureAbsences(Presence presence, string soccod, string? poste, DateTime? date, AutDto autorisation, float? hretrav)'. [D:\ABRPOINT-newfeatures\ABRPOINT.Server\ABRPOINT.Server.csproj]
D:\ABRPOINT-newfeatures\ABRPOINT.Server\CalculService\HeureSupp\OptimizedPresenceService.cs(440,47): warning CS8625: Impossible de convertir un litt├®ral ayant une valeur null en type r├®f├®rence non-nullable. [D:\ABRPOINT-newfeatures\ABRPOINT.Server\ABRPOINT.Server.csproj]
D:\ABRPOINT-newfeatures\ABRPOINT.Server\CalculService\HeureSupp\OptimizedPresenceService.cs(443,48): warning CS8604: Existence possible d'un argument de r├®f├®rence null pour le param├¿tre 'autorisation' dans 'Task OptimizedPresenceService.ProcessPresenceDetails(Presence presence, DateTime date, bool isFerier, CongeDto conge, bool isRepos, bool repos, string poste, EmpparamPointageMois empparam, ParametreMoisPointageDto paramMois, ParametreNuitDto paramNuit, DataCache cache, Accumulators acc, HashSet<string> countedConges, AutDto autorisation, string soccod, string empcod, bool isWorkingDay, bool isAfterDebutReel)'. [D:\ABRPOINT-newfeatures\ABRPOINT.Server\ABRPOINT.Server.csproj]
D:\ABRPOINT-newfeatures\ABRPOINT.Server\Helpers\GenericMethodes.cs(534,24): warning CS8603: Existence possible d'un retour de r├®f├®rence null. [D:\ABRPOINT-newfeatures\ABRPOINT.Server\ABRPOINT.Server.csproj]
D:\ABRPOINT-newfeatures\ABRPOINT.Server\Helpers\GenericMethodes.cs(549,24): warning CS8603: Existence possible d'un retour de r├®f├®rence null. [D:\ABRPOINT-newfeatures\ABRPOINT.Server\ABRPOINT.Server.csproj]
D:\ABRPOINT-newfeatures\ABRPOINT.Server\Helpers\GenericMethodes.cs(557,24): warning CS8603: Existence possible d'un retour de r├®f├®rence null. [D:\ABRPOINT-newfeatures\ABRPOINT.Server\ABRPOINT.Server.csproj]
D:\ABRPOINT-newfeatures\ABRPOINT.Server\CalculService\HeureSupp\OptimizedPresenceService.cs(474,49): warning CS8604: Existence possible d'un argument de r├®f├®rence null pour le param├¿tre 'emppanier' dans 'void OptimizedPresenceService.CalculatePanier(Presence presence, DateTime date, string emppanier, ParametreMoisPointageDto paramMois, Accumulators acc)'. [D:\ABRPOINT-newfeatures\ABRPOINT.Server\ABRPOINT.Server.csproj]
D:\ABRPOINT-newfeatures\ABRPOINT.Server\CalculService\HeureSupp\OptimizedPresenceService.cs(481,17): warning CS8629: Le type valeur Nullable peut avoir une valeur null. [D:\ABRPOINT-newfeatures\ABRPOINT.Server\ABRPOINT.Server.csproj]
D:\ABRPOINT-newfeatures\ABRPOINT.Server\CalculService\HeureSupp\OptimizedPresenceService.cs(482,53): warning CS8604: Existence possible d'un argument de r├®f├®rence null pour le param├¿tre 'time' dans 'float? GenericMethodes.ConvertHHmmToDouble(string time)'. [D:\ABRPOINT-newfeatures\ABRPOINT.Server\ABRPOINT.Server.csproj]
D:\ABRPOINT-newfeatures\ABRPOINT.Server\CalculService\HeureSupp\OptimizedPresenceService.cs(494,108): warning CS8604: Existence possible d'un argument de r├®f├®rence null pour le param├¿tre 'time' dans 'float? GenericMethodes.ConvertHHmmToDouble(string time)'. [D:\ABRPOINT-newfeatures\ABRPOINT.Server\ABRPOINT.Server.csproj]
D:\ABRPOINT-newfeatures\ABRPOINT.Server\CalculService\HeureSupp\OptimizedPresenceService.cs(510,85): warning CS8604: Existence possible d'un argument de r├®f├®rence null pour le param├¿tre 'poste' dans 'Task<(int nbRetard, DateTime? Preretame, DateTime? Preretameup, DateTime? Preretmate, DateTime? Preretmateup, DateTime? Preretmats, DateTime? Preretmatsup, DateTime? Preretams, DateTime? Preretamsup)> IHeureRetardService.CalculateHeureRetard(PresenceDto presence, Poste poste, AutDto autoisation)'. [D:\ABRPOINT-newfeatures\ABRPOINT.Server\ABRPOINT.Server.csproj]
D:\ABRPOINT-newfeatures\ABRPOINT.Server\Helpers\GenericMethodes.cs(607,47): warning CS0168: La variable 'e' est d├®clar├®e, mais jamais utilis├®e [D:\ABRPOINT-newfeatures\ABRPOINT.Server\ABRPOINT.Server.csproj]
D:\ABRPOINT-newfeatures\ABRPOINT.Server\Helpers\GenericMethodes.cs(611,38): warning CS0168: La variable 'e' est d├®clar├®e, mais jamais utilis├®e [D:\ABRPOINT-newfeatures\ABRPOINT.Server\ABRPOINT.Server.csproj]
D:\ABRPOINT-newfeatures\ABRPOINT.Server\CalculService\HeureSupp\OptimizedPresenceService.cs(564,82): warning CS8604: Existence possible d'un argument de r├®f├®rence null pour le param├¿tre 'soccod' dans 'Task<float?> IParametreRepository.GetNbhConge(string soccod)'. [D:\ABRPOINT-newfeatures\ABRPOINT.Server\ABRPOINT.Server.csproj]
D:\ABRPOINT-newfeatures\ABRPOINT.Server\Repository\SoldeCongeRepository.cs(37,20): warning CS8603: Existence possible d'un retour de r├®f├®rence null. [D:\ABRPOINT-newfeatures\ABRPOINT.Server\ABRPOINT.Server.csproj]
D:\ABRPOINT-newfeatures\ABRPOINT.Server\Repository\SocieteRepository.cs(40,76): warning CS8602: D├®r├®f├®rencement d'une ├®ventuelle r├®f├®rence null. [D:\ABRPOINT-newfeatures\ABRPOINT.Server\ABRPOINT.Server.csproj]
D:\ABRPOINT-newfeatures\ABRPOINT.Server\Repository\SocieteRepository.cs(51,20): warning CS8603: Existence possible d'un retour de r├®f├®rence null. [D:\ABRPOINT-newfeatures\ABRPOINT.Server\ABRPOINT.Server.csproj]
D:\ABRPOINT-newfeatures\ABRPOINT.Server\Controllers\UtilisateursController.cs(435,79): warning CS8604: Existence possible d'un argument de r├®f├®rence null pour le param├¿tre 's' dans 'byte[] Encoding.GetBytes(string s)'. [D:\ABRPOINT-newfeatures\ABRPOINT.Server\ABRPOINT.Server.csproj]
D:\ABRPOINT-newfeatures\ABRPOINT.Server\Controllers\SocietesController.cs(50,24): warning CS8603: Existence possible d'un retour de r├®f├®rence null. [D:\ABRPOINT-newfeatures\ABRPOINT.Server\ABRPOINT.Server.csproj]
D:\ABRPOINT-newfeatures\ABRPOINT.Server\Controllers\SocietesController.cs(48,30): warning CS0168: La variable 'ex' est d├®clar├®e, mais jamais utilis├®e [D:\ABRPOINT-newfeatures\ABRPOINT.Server\ABRPOINT.Server.csproj]
D:\ABRPOINT-newfeatures\ABRPOINT.Server\Controllers\SocietesController.cs(60,17): warning CS8604: Existence possible d'un argument de r├®f├®rence null pour le param├¿tre 'socpresence' dans 'Task<bool> ISocieteRepository.UpdateSocHeures(string soccod, string socpresence, string sochsup)'. [D:\ABRPOINT-newfeatures\ABRPOINT.Server\ABRPOINT.Server.csproj]
D:\ABRPOINT-newfeatures\ABRPOINT.Server\Controllers\SocietesController.cs(61,17): warning CS8604: Existence possible d'un argument de r├®f├®rence null pour le param├¿tre 'sochsup' dans 'Task<bool> ISocieteRepository.UpdateSocHeures(string soccod, string socpresence, string sochsup)'. [D:\ABRPOINT-newfeatures\ABRPOINT.Server\ABRPOINT.Server.csproj]
D:\ABRPOINT-newfeatures\ABRPOINT.Server\Controllers\SectionsController.cs(33,30): warning CS0168: La variable 'ex' est d├®clar├®e, mais jamais utilis├®e [D:\ABRPOINT-newfeatures\ABRPOINT.Server\ABRPOINT.Server.csproj]
D:\ABRPOINT-newfeatures\ABRPOINT.Server\CalculService\HeureSupp\OptimizedPresenceService.cs(704,50): warning CS8629: Le type valeur Nullable peut avoir une valeur null. [D:\ABRPOINT-newfeatures\ABRPOINT.Server\ABRPOINT.Server.csproj]
D:\ABRPOINT-newfeatures\ABRPOINT.Server\CalculService\HeureSupp\OptimizedPresenceService.cs(705,50): warning CS8629: Le type valeur Nullable peut avoir une valeur null. [D:\ABRPOINT-newfeatures\ABRPOINT.Server\ABRPOINT.Server.csproj]
D:\ABRPOINT-newfeatures\ABRPOINT.Server\CalculService\HeureSupp\OptimizedPresenceService.cs(709,79): warning CS8629: Le type valeur Nullable peut avoir une valeur null. [D:\ABRPOINT-newfeatures\ABRPOINT.Server\ABRPOINT.Server.csproj]
D:\ABRPOINT-newfeatures\ABRPOINT.Server\CalculService\HeureSupp\OptimizedPresenceService.cs(723,35): warning CS8629: Le type valeur Nullable peut avoir une valeur null. [D:\ABRPOINT-newfeatures\ABRPOINT.Server\ABRPOINT.Server.csproj]
D:\ABRPOINT-newfeatures\ABRPOINT.Server\CalculService\HeureSupp\OptimizedPresenceService.cs(724,31): warning CS8629: Le type valeur Nullable peut avoir une valeur null. [D:\ABRPOINT-newfeatures\ABRPOINT.Server\ABRPOINT.Server.csproj]
D:\ABRPOINT-newfeatures\ABRPOINT.Server\CalculService\HeureSupp\OptimizedPresenceService.cs(743,32): warning CS8629: Le type valeur Nullable peut avoir une valeur null. [D:\ABRPOINT-newfeatures\ABRPOINT.Server\ABRPOINT.Server.csproj]
D:\ABRPOINT-newfeatures\ABRPOINT.Server\CalculService\HeureSupp\OptimizedPresenceService.cs(790,36): warning CS8629: Le type valeur Nullable peut avoir une valeur null. [D:\ABRPOINT-newfeatures\ABRPOINT.Server\ABRPOINT.Server.csproj]
D:\ABRPOINT-newfeatures\ABRPOINT.Server\CalculService\HeureSupp\OptimizedPresenceService.cs(825,32): warning CS8629: Le type valeur Nullable peut avoir une valeur null. [D:\ABRPOINT-newfeatures\ABRPOINT.Server\ABRPOINT.Server.csproj]
D:\ABRPOINT-newfeatures\ABRPOINT.Server\Repository\SiteRepository.cs(43,20): warning CS8619: La nullabilit├® des types r├®f├®rence dans la valeur de type 'Dictionary<string, string?>' ne correspond pas au type cible 'Dictionary<string, string>'. [D:\ABRPOINT-newfeatures\ABRPOINT.Server\ABRPOINT.Server.csproj]
D:\ABRPOINT-newfeatures\ABRPOINT.Server\Repository\SiteRepository.cs(67,20): warning CS8619: La nullabilit├® des types r├®f├®rence dans la valeur de type 'Dictionary<string, string?>' ne correspond pas au type cible 'Dictionary<string, string>'. [D:\ABRPOINT-newfeatures\ABRPOINT.Server\ABRPOINT.Server.csproj]
D:\ABRPOINT-newfeatures\ABRPOINT.Server\Repository\SiteRepository.cs(83,24): warning CS8603: Existence possible d'un retour de r├®f├®rence null. [D:\ABRPOINT-newfeatures\ABRPOINT.Server\ABRPOINT.Server.csproj]
D:\ABRPOINT-newfeatures\ABRPOINT.Server\Controllers\AbsencesController.cs(39,30): warning CS0168: La variable 'ex' est d├®clar├®e, mais jamais utilis├®e [D:\ABRPOINT-newfeatures\ABRPOINT.Server\ABRPOINT.Server.csproj]
D:\ABRPOINT-newfeatures\ABRPOINT.Server\Controllers\AbsencesController.cs(86,16): warning CS8604: Existence possible d'un argument de r├®f├®rence null pour le param├¿tre 'source' dans 'int Enumerable.Count<string>(IEnumerable<string> source)'. [D:\ABRPOINT-newfeatures\ABRPOINT.Server\ABRPOINT.Server.csproj]
D:\ABRPOINT-newfeatures\ABRPOINT.Server\Controllers\PresencesController.cs(52,42): warning CS1998: Cette m├®thode async n'a pas d'op├®rateur 'await' et elle s'ex├®cutera de fa├ºon synchrone. Utilisez l'op├®rateur 'await' pour attendre les appels d'API non bloquants ou 'await Task.Run(ÔÇª)' pour effectuer un travail utilisant le processeur sur un thread d'arri├¿re-plan. [D:\ABRPOINT-newfeatures\ABRPOINT.Server\ABRPOINT.Server.csproj]
D:\ABRPOINT-newfeatures\ABRPOINT.Server\Dtaos\UpdatePosteDto.cs(11,23): warning CS8618: Le propri├®t├® ┬½┬áSoccod┬á┬╗ non-nullable doit contenir une valeur autre que Null lors de la fermeture du constructeur. Envisagez dÔÇÖajouter le modificateur ┬½┬árequired┬á┬╗ ou de d├®clarer le propri├®t├® comme pouvant accepter la valeur Null. [D:\ABRPOINT-newfeatures\ABRPOINT.Server\ABRPOINT.Server.csproj]
D:\ABRPOINT-newfeatures\ABRPOINT.Server\Dtaos\UpdatePosteDto.cs(12,23): warning CS8618: Le propri├®t├® ┬½┬áCodposte┬á┬╗ non-nullable doit contenir une valeur autre que Null lors de la fermeture du constructeur. Envisagez dÔÇÖajouter le modificateur ┬½┬árequired┬á┬╗ ou de d├®clarer le propri├®t├® comme pouvant accepter la valeur Null. [D:\ABRPOINT-newfeatures\ABRPOINT.Server\ABRPOINT.Server.csproj]
D:\ABRPOINT-newfeatures\ABRPOINT.Server\Dtaos\UpdatePosteDto.cs(13,23): warning CS8618: Le propri├®t├® ┬½┬áLibposte┬á┬╗ non-nullable doit contenir une valeur autre que Null lors de la fermeture du constructeur. Envisagez dÔÇÖajouter le modificateur ┬½┬árequired┬á┬╗ ou de d├®clarer le propri├®t├® comme pouvant accepter la valeur Null. [D:\ABRPOINT-newfeatures\ABRPOINT.Server\ABRPOINT.Server.csproj]
D:\ABRPOINT-newfeatures\ABRPOINT.Server\Dtaos\UpdatePosteDto.cs(14,23): warning CS8618: Le propri├®t├® ┬½┬áReposApres┬á┬╗ non-nullable doit contenir une valeur autre que Null lors de la fermeture du constructeur. Envisagez dÔÇÖajouter le modificateur ┬½┬árequired┬á┬╗ ou de d├®clarer le propri├®t├® comme pouvant accepter la valeur Null. [D:\ABRPOINT-newfeatures\ABRPOINT.Server\ABRPOINT.Server.csproj]
D:\ABRPOINT-newfeatures\ABRPOINT.Server\Dtaos\UpdatePosteDto.cs(15,23): warning CS8618: Le propri├®t├® ┬½┬áReposAvant┬á┬╗ non-nullable doit contenir une valeur autre que Null lors de la fermeture du constructeur. Envisagez dÔÇÖajouter le modificateur ┬½┬árequired┬á┬╗ ou de d├®clarer le propri├®t├® comme pouvant accepter la valeur Null. [D:\ABRPOINT-newfeatures\ABRPOINT.Server\ABRPOINT.Server.csproj]
D:\ABRPOINT-newfeatures\ABRPOINT.Server\Controllers\PresencesController.cs(65,42): warning CS1998: Cette m├®thode async n'a pas d'op├®rateur 'await' et elle s'ex├®cutera de fa├ºon synchrone. Utilisez l'op├®rateur 'await' pour attendre les appels d'API non bloquants ou 'await Task.Run(ÔÇª)' pour effectuer un travail utilisant le processeur sur un thread d'arri├¿re-plan. [D:\ABRPOINT-newfeatures\ABRPOINT.Server\ABRPOINT.Server.csproj]
D:\ABRPOINT-newfeatures\ABRPOINT.Server\Dtaos\UpdatePassword.cs(5,23): warning CS8618: Le propri├®t├® ┬½┬áuticod┬á┬╗ non-nullable doit contenir une valeur autre que Null lors de la fermeture du constructeur. Envisagez dÔÇÖajouter le modificateur ┬½┬árequired┬á┬╗ ou de d├®clarer le propri├®t├® comme pouvant accepter la valeur Null. [D:\ABRPOINT-newfeatures\ABRPOINT.Server\ABRPOINT.Server.csproj]
D:\ABRPOINT-newfeatures\ABRPOINT.Server\Dtaos\UpdatePassword.cs(6,23): warning CS8618: Le propri├®t├® ┬½┬ácurrentPassword┬á┬╗ non-nullable doit contenir une valeur autre que Null lors de la fermeture du constructeur. Envisagez dÔÇÖajouter le modificateur ┬½┬árequired┬á┬╗ ou de d├®clarer le propri├®t├® comme pouvant accepter la valeur Null. [D:\ABRPOINT-newfeatures\ABRPOINT.Server\ABRPOINT.Server.csproj]
D:\ABRPOINT-newfeatures\ABRPOINT.Server\Dtaos\UpdatePassword.cs(7,23): warning CS8618: Le propri├®t├® ┬½┬ánewPassword┬á┬╗ non-nullable doit contenir une valeur autre que Null lors de la fermeture du constructeur. Envisagez dÔÇÖajouter le modificateur ┬½┬árequired┬á┬╗ ou de d├®clarer le propri├®t├® comme pouvant accepter la valeur Null. [D:\ABRPOINT-newfeatures\ABRPOINT.Server\ABRPOINT.Server.csproj]
D:\ABRPOINT-newfeatures\ABRPOINT.Server\Controllers\AbsencesController.cs(131,30): warning CS0168: La variable 'ex' est d├®clar├®e, mais jamais utilis├®e [D:\ABRPOINT-newfeatures\ABRPOINT.Server\ABRPOINT.Server.csproj]
D:\ABRPOINT-newfeatures\ABRPOINT.Server\Dtaos\SanctionRangeDto.cs(5,23): warning CS8618: Le propri├®t├® ┬½┬áEmpcod┬á┬╗ non-nullable doit contenir une valeur autre que Null lors de la fermeture du constructeur. Envisagez dÔÇÖajouter le modificateur ┬½┬árequired┬á┬╗ ou de d├®clarer le propri├®t├® comme pouvant accepter la valeur Null. [D:\ABRPOINT-newfeatures\ABRPOINT.Server\ABRPOINT.Server.csproj]
D:\ABRPOINT-newfeatures\ABRPOINT.Server\Dtaos\SanctionRangeDto.cs(10,23): warning CS8618: Le propri├®t├® ┬½┬áAbslib┬á┬╗ non-nullable doit contenir une valeur autre que Null lors de la fermeture du constructeur. Envisagez dÔÇÖajouter le modificateur ┬½┬árequired┬á┬╗ ou de d├®clarer le propri├®t├® comme pouvant accepter la valeur Null. [D:\ABRPOINT-newfeatures\ABRPOINT.Server\ABRPOINT.Server.csproj]
D:\ABRPOINT-newfeatures\ABRPOINT.Server\CalculService\HeureSupp\OptimizedPresenceService.cs(910,46): warning CS8618: Le propri├®t├® ┬½┬áPostesObjects┬á┬╗ non-nullable doit contenir une valeur autre que Null lors de la fermeture du constructeur. Envisagez dÔÇÖajouter le modificateur ┬½┬árequired┬á┬╗ ou de d├®clarer le propri├®t├® comme pouvant accepter la valeur Null. [D:\ABRPOINT-newfeatures\ABRPOINT.Server\ABRPOINT.Server.csproj]
D:\ABRPOINT-newfeatures\ABRPOINT.Server\CalculService\HeureSupp\OptimizedPresenceService.cs(911,51): warning CS8618: Le propri├®t├® ┬½┬áPresencesByDate┬á┬╗ non-nullable doit contenir une valeur autre que Null lors de la fermeture du constructeur. Envisagez dÔÇÖajouter le modificateur ┬½┬árequired┬á┬╗ ou de d├®clarer le propri├®t├® comme pouvant accepter la valeur Null. [D:\ABRPOINT-newfeatures\ABRPOINT.Server\ABRPOINT.Server.csproj]
D:\ABRPOINT-newfeatures\ABRPOINT.Server\CalculService\HeureSupp\OptimizedPresenceService.cs(912,54): warning CS8618: Le propri├®t├® ┬½┬áSanctionsByDate┬á┬╗ non-nullable doit contenir une valeur autre que Null lors de la fermeture du constructeur. Envisagez dÔÇÖajouter le modificateur ┬½┬árequired┬á┬╗ ou de d├®clarer le propri├®t├® comme pouvant accepter la valeur Null. [D:\ABRPOINT-newfeatures\ABRPOINT.Server\ABRPOINT.Server.csproj]
D:\ABRPOINT-newfeatures\ABRPOINT.Server\CalculService\HeureSupp\OptimizedPresenceService.cs(913,51): warning CS8618: Le propri├®t├® ┬½┬áCongesByDate┬á┬╗ non-nullable doit contenir une valeur autre que Null lors de la fermeture du constructeur. Envisagez dÔÇÖajouter le modificateur ┬½┬árequired┬á┬╗ ou de d├®clarer le propri├®t├® comme pouvant accepter la valeur Null. [D:\ABRPOINT-newfeatures\ABRPOINT.Server\ABRPOINT.Server.csproj]
D:\ABRPOINT-newfeatures\ABRPOINT.Server\CalculService\HeureSupp\OptimizedPresenceService.cs(914,38): warning CS8618: Le propri├®t├® ┬½┬áFerierDates┬á┬╗ non-nullable doit contenir une valeur autre que Null lors de la fermeture du constructeur. Envisagez dÔÇÖajouter le modificateur ┬½┬árequired┬á┬╗ ou de d├®clarer le propri├®t├® comme pouvant accepter la valeur Null. [D:\ABRPOINT-newfeatures\ABRPOINT.Server\ABRPOINT.Server.csproj]
D:\ABRPOINT-newfeatures\ABRPOINT.Server\CalculService\HeureSupp\OptimizedPresenceService.cs(915,49): warning CS8618: Le propri├®t├® ┬½┬áPostesByDate┬á┬╗ non-nullable doit contenir une valeur autre que Null lors de la fermeture du constructeur. Envisagez dÔÇÖajouter le modificateur ┬½┬árequired┬á┬╗ ou de d├®clarer le propri├®t├® comme pouvant accepter la valeur Null. [D:\ABRPOINT-newfeatures\ABRPOINT.Server\ABRPOINT.Server.csproj]
D:\ABRPOINT-newfeatures\ABRPOINT.Server\CalculService\HeureSupp\OptimizedPresenceService.cs(916,49): warning CS8618: Le propri├®t├® ┬½┬áAutorisationsByDate┬á┬╗ non-nullable doit contenir une valeur autre que Null lors de la fermeture du constructeur. Envisagez dÔÇÖajouter le modificateur ┬½┬árequired┬á┬╗ ou de d├®clarer le propri├®t├® comme pouvant accepter la valeur Null. [D:\ABRPOINT-newfeatures\ABRPOINT.Server\ABRPOINT.Server.csproj]
D:\ABRPOINT-newfeatures\ABRPOINT.Server\CalculService\HeureSupp\OptimizedPresenceService.cs(917,48): warning CS8618: Le propri├®t├® ┬½┬áAllaitementByDate┬á┬╗ non-nullable doit contenir une valeur autre que Null lors de la fermeture du constructeur. Envisagez dÔÇÖajouter le modificateur ┬½┬árequired┬á┬╗ ou de d├®clarer le propri├®t├® comme pouvant accepter la valeur Null. [D:\ABRPOINT-newfeatures\ABRPOINT.Server\ABRPOINT.Server.csproj]
D:\ABRPOINT-newfeatures\ABRPOINT.Server\CalculService\HeureSupp\OptimizedPresenceService.cs(918,47): warning CS8618: Le propri├®t├® ┬½┬áReposByDate┬á┬╗ non-nullable doit contenir une valeur autre que Null lors de la fermeture du constructeur. Envisagez dÔÇÖajouter le modificateur ┬½┬árequired┬á┬╗ ou de d├®clarer le propri├®t├® comme pouvant accepter la valeur Null. [D:\ABRPOINT-newfeatures\ABRPOINT.Server\ABRPOINT.Server.csproj]
D:\ABRPOINT-newfeatures\ABRPOINT.Server\CalculService\HeureSupp\OptimizedPresenceService.cs(919,48): warning CS8618: Le propri├®t├® ┬½┬áFerierHoursByDate┬á┬╗ non-nullable doit contenir une valeur autre que Null lors de la fermeture du constructeur. Envisagez dÔÇÖajouter le modificateur ┬½┬árequired┬á┬╗ ou de d├®clarer le propri├®t├® comme pouvant accepter la valeur Null. [D:\ABRPOINT-newfeatures\ABRPOINT.Server\ABRPOINT.Server.csproj]
D:\ABRPOINT-newfeatures\ABRPOINT.Server\Controllers\AbsencesController.cs(173,30): warning CS0168: La variable 'ex' est d├®clar├®e, mais jamais utilis├®e [D:\ABRPOINT-newfeatures\ABRPOINT.Server\ABRPOINT.Server.csproj]
D:\ABRPOINT-newfeatures\ABRPOINT.Server\Dtaos\AllaitementDto.cs(5,23): warning CS8618: Le propri├®t├® ┬½┬áConcod┬á┬╗ non-nullable doit contenir une valeur autre que Null lors de la fermeture du constructeur. Envisagez dÔÇÖajouter le modificateur ┬½┬árequired┬á┬╗ ou de d├®clarer le propri├®t├® comme pouvant accepter la valeur Null. [D:\ABRPOINT-newfeatures\ABRPOINT.Server\ABRPOINT.Server.csproj]
D:\ABRPOINT-newfeatures\ABRPOINT.Server\Dtaos\AllaitementDto.cs(6,23): warning CS8618: Le propri├®t├® ┬½┬áSoccod┬á┬╗ non-nullable doit contenir une valeur autre que Null lors de la fermeture du constructeur. Envisagez dÔÇÖajouter le modificateur ┬½┬árequired┬á┬╗ ou de d├®clarer le propri├®t├® comme pouvant accepter la valeur Null. [D:\ABRPOINT-newfeatures\ABRPOINT.Server\ABRPOINT.Server.csproj]
D:\ABRPOINT-newfeatures\ABRPOINT.Server\Dtaos\AllaitementDto.cs(7,23): warning CS8618: Le propri├®t├® ┬½┬áEmpcod┬á┬╗ non-nullable doit contenir une valeur autre que Null lors de la fermeture du constructeur. Envisagez dÔÇÖajouter le modificateur ┬½┬árequired┬á┬╗ ou de d├®clarer le propri├®t├® comme pouvant accepter la valeur Null. [D:\ABRPOINT-newfeatures\ABRPOINT.Server\ABRPOINT.Server.csproj]
D:\ABRPOINT-newfeatures\ABRPOINT.Server\Dtaos\AllaitementDto.cs(8,23): warning CS8618: Le propri├®t├® ┬½┬áConjour┬á┬╗ non-nullable doit contenir une valeur autre que Null lors de la fermeture du constructeur. Envisagez dÔÇÖajouter le modificateur ┬½┬árequired┬á┬╗ ou de d├®clarer le propri├®t├® comme pouvant accepter la valeur Null. [D:\ABRPOINT-newfeatures\ABRPOINT.Server\ABRPOINT.Server.csproj]
D:\ABRPOINT-newfeatures\ABRPOINT.Server\Dtaos\AllaitementDto.cs(19,23): warning CS8618: Le propri├®t├® ┬½┬áEmplib┬á┬╗ non-nullable doit contenir une valeur autre que Null lors de la fermeture du constructeur. Envisagez dÔÇÖajouter le modificateur ┬½┬árequired┬á┬╗ ou de d├®clarer le propri├®t├® comme pouvant accepter la valeur Null. [D:\ABRPOINT-newfeatures\ABRPOINT.Server\ABRPOINT.Server.csproj]
D:\ABRPOINT-newfeatures\ABRPOINT.Server\Dtaos\PresenceSemaineData.cs(21,43): warning CS8618: Le propri├®t├® ┬½┬áWorkDayHours┬á┬╗ non-nullable doit contenir une valeur autre que Null lors de la fermeture du constructeur. Envisagez dÔÇÖajouter le modificateur ┬½┬árequired┬á┬╗ ou de d├®clarer le propri├®t├® comme pouvant accepter la valeur Null. [D:\ABRPOINT-newfeatures\ABRPOINT.Server\ABRPOINT.Server.csproj]
D:\ABRPOINT-newfeatures\ABRPOINT.Server\Dtaos\PresenceSemaineData.cs(41,44): warning CS8618: Le propri├®t├® ┬½┬áWeekDetails┬á┬╗ non-nullable doit contenir une valeur autre que Null lors de la fermeture du constructeur. Envisagez dÔÇÖajouter le modificateur ┬½┬árequired┬á┬╗ ou de d├®clarer le propri├®t├® comme pouvant accepter la valeur Null. [D:\ABRPOINT-newfeatures\ABRPOINT.Server\ABRPOINT.Server.csproj]
D:\ABRPOINT-newfeatures\ABRPOINT.Server\Controllers\PresencesController.cs(174,33): warning CS8600: Conversion de litt├®ral ayant une valeur null ou d'une ├®ventuelle valeur null en type non-nullable. [D:\ABRPOINT-newfeatures\ABRPOINT.Server\ABRPOINT.Server.csproj]
D:\ABRPOINT-newfeatures\ABRPOINT.Server\Dtaos\PosteResponse.cs(7,36): warning CS8618: Le propri├®t├® ┬½┬áLposte┬á┬╗ non-nullable doit contenir une valeur autre que Null lors de la fermeture du constructeur. Envisagez dÔÇÖajouter le modificateur ┬½┬árequired┬á┬╗ ou de d├®clarer le propri├®t├® comme pouvant accepter la valeur Null. [D:\ABRPOINT-newfeatures\ABRPOINT.Server\ABRPOINT.Server.csproj]
D:\ABRPOINT-newfeatures\ABRPOINT.Server\Dtaos\PosteResponse.cs(8,22): warning CS8618: Le propri├®t├® ┬½┬áPoste┬á┬╗ non-nullable doit contenir une valeur autre que Null lors de la fermeture du constructeur. Envisagez dÔÇÖajouter le modificateur ┬½┬árequired┬á┬╗ ou de d├®clarer le propri├®t├® comme pouvant accepter la valeur Null. [D:\ABRPOINT-newfeatures\ABRPOINT.Server\ABRPOINT.Server.csproj]
D:\ABRPOINT-newfeatures\ABRPOINT.Server\Repository\ServiceRepository.cs(59,24): warning CS8603: Existence possible d'un retour de r├®f├®rence null. [D:\ABRPOINT-newfeatures\ABRPOINT.Server\ABRPOINT.Server.csproj]
D:\ABRPOINT-newfeatures\ABRPOINT.Server\Controllers\PostesController.cs(37,30): warning CS0168: La variable 'ex' est d├®clar├®e, mais jamais utilis├®e [D:\ABRPOINT-newfeatures\ABRPOINT.Server\ABRPOINT.Server.csproj]
D:\ABRPOINT-newfeatures\ABRPOINT.Server\Controllers\PostesController.cs(52,30): warning CS0168: La variable 'ex' est d├®clar├®e, mais jamais utilis├®e [D:\ABRPOINT-newfeatures\ABRPOINT.Server\ABRPOINT.Server.csproj]
D:\ABRPOINT-newfeatures\ABRPOINT.Server\Controllers\PostesController.cs(68,30): warning CS0168: La variable 'ex' est d├®clar├®e, mais jamais utilis├®e [D:\ABRPOINT-newfeatures\ABRPOINT.Server\ABRPOINT.Server.csproj]
D:\ABRPOINT-newfeatures\ABRPOINT.Server\Repository\ServiceRepository.cs(72,38): warning CS8714: Impossible d'utiliser le type 'string?' en tant que param├¿tre de type 'TKey' dans le type ou la m├®thode g├®n├®rique 'EntityFrameworkQueryableExtensions.ToDictionaryAsync<TSource, TKey, TElement>(IQueryable<TSource>, Func<TSource, TKey>, Func<TSource, TElement>, CancellationToken)'. La nullabilit├® de l'argument de type 'string?' ne correspond pas ├á la contrainte 'notnull'. [D:\ABRPOINT-newfeatures\ABRPOINT.Server\ABRPOINT.Server.csproj]
D:\ABRPOINT-newfeatures\ABRPOINT.Server\Repository\ServiceRepository.cs(74,55): warning CS8621: La nullabilit├® des types r├®f├®rence dans le type de retour de 'expression lambda' ne correspond pas au d├®l├®gu├® cible 'Func<Service, string?>' (probablement en raison des attributs de nullabilit├®). [D:\ABRPOINT-newfeatures\ABRPOINT.Server\ABRPOINT.Server.csproj]
D:\ABRPOINT-newfeatures\ABRPOINT.Server\Repository\ServiceRepository.cs(75,24): warning CS8619: La nullabilit├® des types r├®f├®rence dans la valeur de type 'Dictionary<string?, string?>' ne correspond pas au type cible 'Dictionary<string, string>'. [D:\ABRPOINT-newfeatures\ABRPOINT.Server\ABRPOINT.Server.csproj]
D:\ABRPOINT-newfeatures\ABRPOINT.Server\Controllers\PostesController.cs(82,30): warning CS0168: La variable 'ex' est d├®clar├®e, mais jamais utilis├®e [D:\ABRPOINT-newfeatures\ABRPOINT.Server\ABRPOINT.Server.csproj]
D:\ABRPOINT-newfeatures\ABRPOINT.Server\CalculService\HeureSupp\HeureSuppSerivce.cs(28,66): warning CS8604: Existence possible d'un argument de r├®f├®rence null pour le param├¿tre 'soccod' dans 'Task<string?> IPosteRepository.GetEmpPoste(string soccod, string empcod, DateTime? date, string? catcod)'. [D:\ABRPOINT-newfeatures\ABRPOINT.Server\ABRPOINT.Server.csproj]
D:\ABRPOINT-newfeatures\ABRPOINT.Server\CalculService\HeureSupp\HeureSuppSerivce.cs(28,83): warning CS8604: Existence possible d'un argument de r├®f├®rence null pour le param├¿tre 'empcod' dans 'Task<string?> IPosteRepository.GetEmpPoste(string soccod, string empcod, DateTime? date, string? catcod)'. [D:\ABRPOINT-newfeatures\ABRPOINT.Server\ABRPOINT.Server.csproj]
D:\ABRPOINT-newfeatures\ABRPOINT.Server\CalculService\HeureSupp\HeureSuppSerivce.cs(29,57): warning CS8604: Existence possible d'un argument de r├®f├®rence null pour le param├¿tre 'soccod' dans 'Task<Poste?> IPosteRepository.GetPoste(string soccod, string? codposte)'. [D:\ABRPOINT-newfeatures\ABRPOINT.Server\ABRPOINT.Server.csproj]
D:\ABRPOINT-newfeatures\ABRPOINT.Server\CalculService\HeureSupp\HeureSuppSerivce.cs(29,25): warning CS8600: Conversion de litt├®ral ayant une valeur null ou d'une ├®ventuelle valeur null en type non-nullable. [D:\ABRPOINT-newfeatures\ABRPOINT.Server\ABRPOINT.Server.csproj]
D:\ABRPOINT-newfeatures\ABRPOINT.Server\CalculService\HeureSupp\HeureSuppSerivce.cs(33,73): warning CS8604: Existence possible d'un argument de r├®f├®rence null pour le param├¿tre 'soccod' dans 'Task<string?> ILcategorieRepository.GetCathsup(string soccod, string empcod)'. [D:\ABRPOINT-newfeatures\ABRPOINT.Server\ABRPOINT.Server.csproj]
D:\ABRPOINT-newfeatures\ABRPOINT.Server\CalculService\HeureSupp\HeureSuppSerivce.cs(33,90): warning CS8604: Existence possible d'un argument de r├®f├®rence null pour le param├¿tre 'empcod' dans 'Task<string?> ILcategorieRepository.GetCathsup(string soccod, string empcod)'. [D:\ABRPOINT-newfeatures\ABRPOINT.Server\ABRPOINT.Server.csproj]
D:\ABRPOINT-newfeatures\ABRPOINT.Server\CalculService\HeureSupp\HeureSuppSerivce.cs(41,71): warning CS8604: Existence possible d'un argument de r├®f├®rence null pour le param├¿tre 'poste' dans '(string?, string?, string?, string?) GenericMethodes.GetStartsWorkDay(DateTime? date, Poste poste)'. [D:\ABRPOINT-newfeatures\ABRPOINT.Server\ABRPOINT.Server.csproj]
D:\ABRPOINT-newfeatures\ABRPOINT.Server\CalculService\HeureSupp\HeureSuppSerivce.cs(172,30): warning CS0168: La variable 'ex' est d├®clar├®e, mais jamais utilis├®e [D:\ABRPOINT-newfeatures\ABRPOINT.Server\ABRPOINT.Server.csproj]
D:\ABRPOINT-newfeatures\ABRPOINT.Server\Controllers\PostesController.cs(119,28): warning CS8603: Existence possible d'un retour de r├®f├®rence null. [D:\ABRPOINT-newfeatures\ABRPOINT.Server\ABRPOINT.Server.csproj]
D:\ABRPOINT-newfeatures\ABRPOINT.Server\Repository\SectionRepository.cs(62,20): warning CS8714: Impossible d'utiliser le type 'string?' en tant que param├¿tre de type 'TKey' dans le type ou la m├®thode g├®n├®rique 'Enumerable.ToDictionary<TSource, TKey, TElement>(IEnumerable<TSource>, Func<TSource, TKey>, Func<TSource, TElement>)'. La nullabilit├® de l'argument de type 'string?' ne correspond pas ├á la contrainte 'notnull'. [D:\ABRPOINT-newfeatures\ABRPOINT.Server\ABRPOINT.Server.csproj]
D:\ABRPOINT-newfeatures\ABRPOINT.Server\Repository\SectionRepository.cs(63,46): warning CS8621: La nullabilit├® des types r├®f├®rence dans le type de retour de 'expression lambda' ne correspond pas au d├®l├®gu├® cible 'Func<Section, string?>' (probablement en raison des attributs de nullabilit├®). [D:\ABRPOINT-newfeatures\ABRPOINT.Server\ABRPOINT.Server.csproj]
D:\ABRPOINT-newfeatures\ABRPOINT.Server\Repository\SectionRepository.cs(62,20): warning CS8619: La nullabilit├® des types r├®f├®rence dans la valeur de type 'Dictionary<string?, string?>' ne correspond pas au type cible 'Dictionary<string, string>'. [D:\ABRPOINT-newfeatures\ABRPOINT.Server\ABRPOINT.Server.csproj]
D:\ABRPOINT-newfeatures\ABRPOINT.Server\Repository\SectionRepository.cs(67,20): warning CS8603: Existence possible d'un retour de r├®f├®rence null. [D:\ABRPOINT-newfeatures\ABRPOINT.Server\ABRPOINT.Server.csproj]
D:\ABRPOINT-newfeatures\ABRPOINT.Server\Controllers\PostesController.cs(168,28): warning CS8603: Existence possible d'un retour de r├®f├®rence null. [D:\ABRPOINT-newfeatures\ABRPOINT.Server\ABRPOINT.Server.csproj]
D:\ABRPOINT-newfeatures\ABRPOINT.Server\CalculService\HeureSupp\HeureSuppSerivce.cs(194,73): warning CS8604: Existence possible d'un argument de r├®f├®rence null pour le param├¿tre 'soccod' dans 'Task<string?> ILcategorieRepository.GetCathsup(string soccod, string empcod)'. [D:\ABRPOINT-newfeatures\ABRPOINT.Server\ABRPOINT.Server.csproj]
D:\ABRPOINT-newfeatures\ABRPOINT.Server\CalculService\HeureSupp\HeureSuppSerivce.cs(194,90): warning CS8604: Existence possible d'un argument de r├®f├®rence null pour le param├¿tre 'empcod' dans 'Task<string?> ILcategorieRepository.GetCathsup(string soccod, string empcod)'. [D:\ABRPOINT-newfeatures\ABRPOINT.Server\ABRPOINT.Server.csproj]
D:\ABRPOINT-newfeatures\ABRPOINT.Server\CalculService\HeureSupp\HeureSuppSerivce.cs(333,30): warning CS0168: La variable 'ex' est d├®clar├®e, mais jamais utilis├®e [D:\ABRPOINT-newfeatures\ABRPOINT.Server\ABRPOINT.Server.csproj]
D:\ABRPOINT-newfeatures\ABRPOINT.Server\Dtaos\LogResponse.cs(5,31): warning CS8618: Le propri├®t├® ┬½┬áLogs┬á┬╗ non-nullable doit contenir une valeur autre que Null lors de la fermeture du constructeur. Envisagez dÔÇÖajouter le modificateur ┬½┬árequired┬á┬╗ ou de d├®clarer le propri├®t├® comme pouvant accepter la valeur Null. [D:\ABRPOINT-newfeatures\ABRPOINT.Server\ABRPOINT.Server.csproj]
D:\ABRPOINT-newfeatures\ABRPOINT.Server\Dtaos\LogEntry.cs(5,23): warning CS8618: Le propri├®t├® ┬½┬áSoccod┬á┬╗ non-nullable doit contenir une valeur autre que Null lors de la fermeture du constructeur. Envisagez dÔÇÖajouter le modificateur ┬½┬árequired┬á┬╗ ou de d├®clarer le propri├®t├® comme pouvant accepter la valeur Null. [D:\ABRPOINT-newfeatures\ABRPOINT.Server\ABRPOINT.Server.csproj]
D:\ABRPOINT-newfeatures\ABRPOINT.Server\Dtaos\LogEntry.cs(6,23): warning CS8618: Le propri├®t├® ┬½┬áIp┬á┬╗ non-nullable doit contenir une valeur autre que Null lors de la fermeture du constructeur. Envisagez dÔÇÖajouter le modificateur ┬½┬árequired┬á┬╗ ou de d├®clarer le propri├®t├® comme pouvant accepter la valeur Null. [D:\ABRPOINT-newfeatures\ABRPOINT.Server\ABRPOINT.Server.csproj]
D:\ABRPOINT-newfeatures\ABRPOINT.Server\Dtaos\LogEntry.cs(7,23): warning CS8618: Le propri├®t├® ┬½┬áEmploye_code┬á┬╗ non-nullable doit contenir une valeur autre que Null lors de la fermeture du constructeur. Envisagez dÔÇÖajouter le modificateur ┬½┬árequired┬á┬╗ ou de d├®clarer le propri├®t├® comme pouvant accepter la valeur Null. [D:\ABRPOINT-newfeatures\ABRPOINT.Server\ABRPOINT.Server.csproj]
D:\ABRPOINT-newfeatures\ABRPOINT.Server\Dtaos\LogEntry.cs(8,23): warning CS8618: Le propri├®t├® ┬½┬áUser_name┬á┬╗ non-nullable doit contenir une valeur autre que Null lors de la fermeture du constructeur. Envisagez dÔÇÖajouter le modificateur ┬½┬árequired┬á┬╗ ou de d├®clarer le propri├®t├® comme pouvant accepter la valeur Null. [D:\ABRPOINT-newfeatures\ABRPOINT.Server\ABRPOINT.Server.csproj]
D:\ABRPOINT-newfeatures\ABRPOINT.Server\Repository\SanctionRepository.cs(25,35): warning CS8629: Le type valeur Nullable peut avoir une valeur null. [D:\ABRPOINT-newfeatures\ABRPOINT.Server\ABRPOINT.Server.csproj]
D:\ABRPOINT-newfeatures\ABRPOINT.Server\Repository\SanctionRepository.cs(26,35): warning CS8629: Le type valeur Nullable peut avoir une valeur null. [D:\ABRPOINT-newfeatures\ABRPOINT.Server\ABRPOINT.Server.csproj]
D:\ABRPOINT-newfeatures\ABRPOINT.Server\Repository\SanctionRepository.cs(27,35): warning CS8629: Le type valeur Nullable peut avoir une valeur null. [D:\ABRPOINT-newfeatures\ABRPOINT.Server\ABRPOINT.Server.csproj]
D:\ABRPOINT-newfeatures\ABRPOINT.Server\Dtaos\JourDebFinDto.cs(5,23): warning CS8618: Le propri├®t├® ┬½┬áJoudeb┬á┬╗ non-nullable doit contenir une valeur autre que Null lors de la fermeture du constructeur. Envisagez dÔÇÖajouter le modificateur ┬½┬árequired┬á┬╗ ou de d├®clarer le propri├®t├® comme pouvant accepter la valeur Null. [D:\ABRPOINT-newfeatures\ABRPOINT.Server\ABRPOINT.Server.csproj]
D:\ABRPOINT-newfeatures\ABRPOINT.Server\Dtaos\JourDebFinDto.cs(6,23): warning CS8618: Le propri├®t├® ┬½┬áJoufin┬á┬╗ non-nullable doit contenir une valeur autre que Null lors de la fermeture du constructeur. Envisagez dÔÇÖajouter le modificateur ┬½┬árequired┬á┬╗ ou de d├®clarer le propri├®t├® comme pouvant accepter la valeur Null. [D:\ABRPOINT-newfeatures\ABRPOINT.Server\ABRPOINT.Server.csproj]
D:\ABRPOINT-newfeatures\ABRPOINT.Server\Dtaos\JourDebFinDto.cs(7,23): warning CS8618: Le propri├®t├® ┬½┬áMoisdeb┬á┬╗ non-nullable doit contenir une valeur autre que Null lors de la fermeture du constructeur. Envisagez dÔÇÖajouter le modificateur ┬½┬árequired┬á┬╗ ou de d├®clarer le propri├®t├® comme pouvant accepter la valeur Null. [D:\ABRPOINT-newfeatures\ABRPOINT.Server\ABRPOINT.Server.csproj]
D:\ABRPOINT-newfeatures\ABRPOINT.Server\Dtaos\JourDebFinDto.cs(8,23): warning CS8618: Le propri├®t├® ┬½┬áMoisfin┬á┬╗ non-nullable doit contenir une valeur autre que Null lors de la fermeture du constructeur. Envisagez dÔÇÖajouter le modificateur ┬½┬árequired┬á┬╗ ou de d├®clarer le propri├®t├® comme pouvant accepter la valeur Null. [D:\ABRPOINT-newfeatures\ABRPOINT.Server\ABRPOINT.Server.csproj]
D:\ABRPOINT-newfeatures\ABRPOINT.Server\Dtaos\EtatGlobalData.cs(5,23): warning CS8618: Le propri├®t├® ┬½┬áempmat┬á┬╗ non-nullable doit contenir une valeur autre que Null lors de la fermeture du constructeur. Envisagez dÔÇÖajouter le modificateur ┬½┬árequired┬á┬╗ ou de d├®clarer le propri├®t├® comme pouvant accepter la valeur Null. [D:\ABRPOINT-newfeatures\ABRPOINT.Server\ABRPOINT.Server.csproj]
D:\ABRPOINT-newfeatures\ABRPOINT.Server\Dtaos\EtatGlobalData.cs(6,23): warning CS8618: Le propri├®t├® ┬½┬áemplib┬á┬╗ non-nullable doit contenir une valeur autre que Null lors de la fermeture du constructeur. Envisagez dÔÇÖajouter le modificateur ┬½┬árequired┬á┬╗ ou de d├®clarer le propri├®t├® comme pouvant accepter la valeur Null. [D:\ABRPOINT-newfeatures\ABRPOINT.Server\ABRPOINT.Server.csproj]
D:\ABRPOINT-newfeatures\ABRPOINT.Server\Dtaos\EtatGlobalData.cs(7,23): warning CS8618: Le propri├®t├® ┬½┬áempreg┬á┬╗ non-nullable doit contenir une valeur autre que Null lors de la fermeture du constructeur. Envisagez dÔÇÖajouter le modificateur ┬½┬árequired┬á┬╗ ou de d├®clarer le propri├®t├® comme pouvant accepter la valeur Null. [D:\ABRPOINT-newfeatures\ABRPOINT.Server\ABRPOINT.Server.csproj]
D:\ABRPOINT-newfeatures\ABRPOINT.Server\Dtaos\EtatGlobalData.cs(9,23): warning CS8618: Le propri├®t├® ┬½┬átothre┬á┬╗ non-nullable doit contenir une valeur autre que Null lors de la fermeture du constructeur. Envisagez dÔÇÖajouter le modificateur ┬½┬árequired┬á┬╗ ou de d├®clarer le propri├®t├® comme pouvant accepter la valeur Null. [D:\ABRPOINT-newfeatures\ABRPOINT.Server\ABRPOINT.Server.csproj]
D:\ABRPOINT-newfeatures\ABRPOINT.Server\Dtaos\EtatGlobalData.cs(12,23): warning CS8618: Le propri├®t├® ┬½┬áhftrv┬á┬╗ non-nullable doit contenir une valeur autre que Null lors de la fermeture du constructeur. Envisagez dÔÇÖajouter le modificateur ┬½┬árequired┬á┬╗ ou de d├®clarer le propri├®t├® comme pouvant accepter la valeur Null. [D:\ABRPOINT-newfeatures\ABRPOINT.Server\ABRPOINT.Server.csproj]
D:\ABRPOINT-newfeatures\ABRPOINT.Server\Dtaos\EtatGlobalData.cs(13,23): warning CS8618: Le propri├®t├® ┬½┬áhnuit┬á┬╗ non-nullable doit contenir une valeur autre que Null lors de la fermeture du constructeur. Envisagez dÔÇÖajouter le modificateur ┬½┬árequired┬á┬╗ ou de d├®clarer le propri├®t├® comme pouvant accepter la valeur Null. [D:\ABRPOINT-newfeatures\ABRPOINT.Server\ABRPOINT.Server.csproj]
D:\ABRPOINT-newfeatures\ABRPOINT.Server\Dtaos\EtatGlobalData.cs(15,23): warning CS8618: Le propri├®t├® ┬½┬áhs50┬á┬╗ non-nullable doit contenir une valeur autre que Null lors de la fermeture du constructeur. Envisagez dÔÇÖajouter le modificateur ┬½┬árequired┬á┬╗ ou de d├®clarer le propri├®t├® comme pouvant accepter la valeur Null. [D:\ABRPOINT-newfeatures\ABRPOINT.Server\ABRPOINT.Server.csproj]
D:\ABRPOINT-newfeatures\ABRPOINT.Server\Dtaos\EtatGlobalData.cs(16,23): warning CS8618: Le propri├®t├® ┬½┬áhs25┬á┬╗ non-nullable doit contenir une valeur autre que Null lors de la fermeture du constructeur. Envisagez dÔÇÖajouter le modificateur ┬½┬árequired┬á┬╗ ou de d├®clarer le propri├®t├® comme pouvant accepter la valeur Null. [D:\ABRPOINT-newfeatures\ABRPOINT.Server\ABRPOINT.Server.csproj]
D:\ABRPOINT-newfeatures\ABRPOINT.Server\Dtaos\EtatGlobalData.cs(17,23): warning CS8618: Le propri├®t├® ┬½┬ácsf┬á┬╗ non-nullable doit contenir une valeur autre que Null lors de la fermeture du constructeur. Envisagez dÔÇÖajouter le modificateur ┬½┬árequired┬á┬╗ ou de d├®clarer le propri├®t├® comme pouvant accepter la valeur Null. [D:\ABRPOINT-newfeatures\ABRPOINT.Server\ABRPOINT.Server.csproj]
D:\ABRPOINT-newfeatures\ABRPOINT.Server\Dtaos\EtatEmpPresence.cs(5,23): warning CS8618: Le propri├®t├® ┬½┬áEmpcod┬á┬╗ non-nullable doit contenir une valeur autre que Null lors de la fermeture du constructeur. Envisagez dÔÇÖajouter le modificateur ┬½┬árequired┬á┬╗ ou de d├®clarer le propri├®t├® comme pouvant accepter la valeur Null. [D:\ABRPOINT-newfeatures\ABRPOINT.Server\ABRPOINT.Server.csproj]
D:\ABRPOINT-newfeatures\ABRPOINT.Server\Dtaos\EtatEmpPresence.cs(6,23): warning CS8618: Le propri├®t├® ┬½┬áEmpmat┬á┬╗ non-nullable doit contenir une valeur autre que Null lors de la fermeture du constructeur. Envisagez dÔÇÖajouter le modificateur ┬½┬árequired┬á┬╗ ou de d├®clarer le propri├®t├® comme pouvant accepter la valeur Null. [D:\ABRPOINT-newfeatures\ABRPOINT.Server\ABRPOINT.Server.csproj]
D:\ABRPOINT-newfeatures\ABRPOINT.Server\Dtaos\EtatEmpPresence.cs(7,23): warning CS8618: Le propri├®t├® ┬½┬áEmpSite┬á┬╗ non-nullable doit contenir une valeur autre que Null lors de la fermeture du constructeur. Envisagez dÔÇÖajouter le modificateur ┬½┬árequired┬á┬╗ ou de d├®clarer le propri├®t├® comme pouvant accepter la valeur Null. [D:\ABRPOINT-newfeatures\ABRPOINT.Server\ABRPOINT.Server.csproj]
D:\ABRPOINT-newfeatures\ABRPOINT.Server\Dtaos\EtatEmpPresence.cs(8,23): warning CS8618: Le propri├®t├® ┬½┬áEmplib┬á┬╗ non-nullable doit contenir une valeur autre que Null lors de la fermeture du constructeur. Envisagez dÔÇÖajouter le modificateur ┬½┬árequired┬á┬╗ ou de d├®clarer le propri├®t├® comme pouvant accepter la valeur Null. [D:\ABRPOINT-newfeatures\ABRPOINT.Server\ABRPOINT.Server.csproj]
D:\ABRPOINT-newfeatures\ABRPOINT.Server\Dtaos\EtatEmpPresence.cs(9,23): warning CS8618: Le propri├®t├® ┬½┬áRegime┬á┬╗ non-nullable doit contenir une valeur autre que Null lors de la fermeture du constructeur. Envisagez dÔÇÖajouter le modificateur ┬½┬árequired┬á┬╗ ou de d├®clarer le propri├®t├® comme pouvant accepter la valeur Null. [D:\ABRPOINT-newfeatures\ABRPOINT.Server\ABRPOINT.Server.csproj]
D:\ABRPOINT-newfeatures\ABRPOINT.Server\Dtaos\EtatEmpPresence.cs(11,23): warning CS8618: Le propri├®t├® ┬½┬áHasConge┬á┬╗ non-nullable doit contenir une valeur autre que Null lors de la fermeture du constructeur. Envisagez dÔÇÖajouter le modificateur ┬½┬árequired┬á┬╗ ou de d├®clarer le propri├®t├® comme pouvant accepter la valeur Null. [D:\ABRPOINT-newfeatures\ABRPOINT.Server\ABRPOINT.Server.csproj]
D:\ABRPOINT-newfeatures\ABRPOINT.Server\Dtaos\EtatEmpPresence.cs(13,23): warning CS8618: Le propri├®t├® ┬½┬áEntree1┬á┬╗ non-nullable doit contenir une valeur autre que Null lors de la fermeture du constructeur. Envisagez dÔÇÖajouter le modificateur ┬½┬árequired┬á┬╗ ou de d├®clarer le propri├®t├® comme pouvant accepter la valeur Null. [D:\ABRPOINT-newfeatures\ABRPOINT.Server\ABRPOINT.Server.csproj]
D:\ABRPOINT-newfeatures\ABRPOINT.Server\Dtaos\EtatEmpPresence.cs(14,23): warning CS8618: Le propri├®t├® ┬½┬áEntree2┬á┬╗ non-nullable doit contenir une valeur autre que Null lors de la fermeture du constructeur. Envisagez dÔÇÖajouter le modificateur ┬½┬árequired┬á┬╗ ou de d├®clarer le propri├®t├® comme pouvant accepter la valeur Null. [D:\ABRPOINT-newfeatures\ABRPOINT.Server\ABRPOINT.Server.csproj]
D:\ABRPOINT-newfeatures\ABRPOINT.Server\Dtaos\EtatEmpPresence.cs(15,23): warning CS8618: Le propri├®t├® ┬½┬áSortie1┬á┬╗ non-nullable doit contenir une valeur autre que Null lors de la fermeture du constructeur. Envisagez dÔÇÖajouter le modificateur ┬½┬árequired┬á┬╗ ou de d├®clarer le propri├®t├® comme pouvant accepter la valeur Null. [D:\ABRPOINT-newfeatures\ABRPOINT.Server\ABRPOINT.Server.csproj]
D:\ABRPOINT-newfeatures\ABRPOINT.Server\Dtaos\EtatEmpPresence.cs(16,23): warning CS8618: Le propri├®t├® ┬½┬áSortie2┬á┬╗ non-nullable doit contenir une valeur autre que Null lors de la fermeture du constructeur. Envisagez dÔÇÖajouter le modificateur ┬½┬árequired┬á┬╗ ou de d├®clarer le propri├®t├® comme pouvant accepter la valeur Null. [D:\ABRPOINT-newfeatures\ABRPOINT.Server\ABRPOINT.Server.csproj]
D:\ABRPOINT-newfeatures\ABRPOINT.Server\Dtaos\EtatEmpPresence.cs(18,23): warning CS8618: Le propri├®t├® ┬½┬áHS25┬á┬╗ non-nullable doit contenir une valeur autre que Null lors de la fermeture du constructeur. Envisagez dÔÇÖajouter le modificateur ┬½┬árequired┬á┬╗ ou de d├®clarer le propri├®t├® comme pouvant accepter la valeur Null. [D:\ABRPOINT-newfeatures\ABRPOINT.Server\ABRPOINT.Server.csproj]
D:\ABRPOINT-newfeatures\ABRPOINT.Server\Dtaos\EtatEmpPresence.cs(19,23): warning CS8618: Le propri├®t├® ┬½┬áHS50┬á┬╗ non-nullable doit contenir une valeur autre que Null lors de la fermeture du constructeur. Envisagez dÔÇÖajouter le modificateur ┬½┬árequired┬á┬╗ ou de d├®clarer le propri├®t├® comme pouvant accepter la valeur Null. [D:\ABRPOINT-newfeatures\ABRPOINT.Server\ABRPOINT.Server.csproj]
D:\ABRPOINT-newfeatures\ABRPOINT.Server\Dtaos\EtatEmpPresence.cs(20,23): warning CS8618: Le propri├®t├® ┬½┬áHS75┬á┬╗ non-nullable doit contenir une valeur autre que Null lors de la fermeture du constructeur. Envisagez dÔÇÖajouter le modificateur ┬½┬árequired┬á┬╗ ou de d├®clarer le propri├®t├® comme pouvant accepter la valeur Null. [D:\ABRPOINT-newfeatures\ABRPOINT.Server\ABRPOINT.Server.csproj]
D:\ABRPOINT-newfeatures\ABRPOINT.Server\Dtaos\EtatEmpPresence.cs(25,23): warning CS8618: Le propri├®t├® ┬½┬áHS100┬á┬╗ non-nullable doit contenir une valeur autre que Null lors de la fermeture du constructeur. Envisagez dÔÇÖajouter le modificateur ┬½┬árequired┬á┬╗ ou de d├®clarer le propri├®t├® comme pouvant accepter la valeur Null. [D:\ABRPOINT-newfeatures\ABRPOINT.Server\ABRPOINT.Server.csproj]
D:\ABRPOINT-newfeatures\ABRPOINT.Server\Dtaos\EtatEmpPresence.cs(26,23): warning CS8618: Le propri├®t├® ┬½┬áTotalRetard┬á┬╗ non-nullable doit contenir une valeur autre que Null lors de la fermeture du constructeur. Envisagez dÔÇÖajouter le modificateur ┬½┬árequired┬á┬╗ ou de d├®clarer le propri├®t├® comme pouvant accepter la valeur Null. [D:\ABRPOINT-newfeatures\ABRPOINT.Server\ABRPOINT.Server.csproj]
D:\ABRPOINT-newfeatures\ABRPOINT.Server\Dtaos\EtatEmpPresence.cs(27,23): warning CS8618: Le propri├®t├® ┬½┬áTotalHeure┬á┬╗ non-nullable doit contenir une valeur autre que Null lors de la fermeture du constructeur. Envisagez dÔÇÖajouter le modificateur ┬½┬árequired┬á┬╗ ou de d├®clarer le propri├®t├® comme pouvant accepter la valeur Null. [D:\ABRPOINT-newfeatures\ABRPOINT.Server\ABRPOINT.Server.csproj]
D:\ABRPOINT-newfeatures\ABRPOINT.Server\Dtaos\EtatEmpPresence.cs(28,23): warning CS8618: Le propri├®t├® ┬½┬áHeureNuit┬á┬╗ non-nullable doit contenir une valeur autre que Null lors de la fermeture du constructeur. Envisagez dÔÇÖajouter le modificateur ┬½┬árequired┬á┬╗ ou de d├®clarer le propri├®t├® comme pouvant accepter la valeur Null. [D:\ABRPOINT-newfeatures\ABRPOINT.Server\ABRPOINT.Server.csproj]
D:\ABRPOINT-newfeatures\ABRPOINT.Server\Dtaos\EtatDetailleRow.cs(5,23): warning CS8618: Le propri├®t├® ┬½┬áEmpcod┬á┬╗ non-nullable doit contenir une valeur autre que Null lors de la fermeture du constructeur. Envisagez dÔÇÖajouter le modificateur ┬½┬árequired┬á┬╗ ou de d├®clarer le propri├®t├® comme pouvant accepter la valeur Null. [D:\ABRPOINT-newfeatures\ABRPOINT.Server\ABRPOINT.Server.csproj]
D:\ABRPOINT-newfeatures\ABRPOINT.Server\CalculService\CalcTotHeures\CalcTotHeuresService.cs(29,64): warning CS8604: Existence possible d'un argument de r├®f├®rence null pour le param├¿tre 'soccod' dans 'Task<Poste?> IPosteRepository.GetPoste(string soccod, string? codposte)'. [D:\ABRPOINT-newfeatures\ABRPOINT.Server\ABRPOINT.Server.csproj]
D:\ABRPOINT-newfeatures\ABRPOINT.Server\CalculService\CalcTotHeures\CalcTotHeuresService.cs(31,113): warning CS8629: Le type valeur Nullable peut avoir une valeur null. [D:\ABRPOINT-newfeatures\ABRPOINT.Server\ABRPOINT.Server.csproj]
D:\ABRPOINT-newfeatures\ABRPOINT.Server\CalculService\CalcTotHeures\CalcTotHeuresService.cs(31,39): warning CS8600: Conversion de litt├®ral ayant une valeur null ou d'une ├®ventuelle valeur null en type non-nullable. [D:\ABRPOINT-newfeatures\ABRPOINT.Server\ABRPOINT.Server.csproj]
D:\ABRPOINT-newfeatures\ABRPOINT.Server\CalculService\CalcTotHeures\CalcTotHeuresService.cs(32,159): warning CS8604: Existence possible d'un argument de r├®f├®rence null pour le param├¿tre 'autoisation' dans 'Task<(int nbRetard, DateTime? Preretame, DateTime? Preretameup, DateTime? Preretmate, DateTime? Preretmateup, DateTime? Preretmats, DateTime? Preretmatsup, DateTime? Preretams, DateTime? Preretamsup)> IHeureRetardService.CalculateHeureRetard(PresenceDto presence, Poste poste, AutDto autoisation)'. [D:\ABRPOINT-newfeatures\ABRPOINT.Server\ABRPOINT.Server.csproj]
D:\ABRPOINT-newfeatures\ABRPOINT.Server\Dtaos\EtatDetailleRequest.cs(5,23): warning CS8618: Le propri├®t├® ┬½┬áSoccod┬á┬╗ non-nullable doit contenir une valeur autre que Null lors de la fermeture du constructeur. Envisagez dÔÇÖajouter le modificateur ┬½┬árequired┬á┬╗ ou de d├®clarer le propri├®t├® comme pouvant accepter la valeur Null. [D:\ABRPOINT-newfeatures\ABRPOINT.Server\ABRPOINT.Server.csproj]
D:\ABRPOINT-newfeatures\ABRPOINT.Server\Dtaos\EtatDetailleRequest.cs(6,23): warning CS8618: Le propri├®t├® ┬½┬áEmpcod┬á┬╗ non-nullable doit contenir une valeur autre que Null lors de la fermeture du constructeur. Envisagez dÔÇÖajouter le modificateur ┬½┬árequired┬á┬╗ ou de d├®clarer le propri├®t├® comme pouvant accepter la valeur Null. [D:\ABRPOINT-newfeatures\ABRPOINT.Server\ABRPOINT.Server.csproj]
D:\ABRPOINT-newfeatures\ABRPOINT.Server\Dtaos\EtatDetailleRequest.cs(7,23): warning CS8618: Le propri├®t├® ┬½┬áEmplib┬á┬╗ non-nullable doit contenir une valeur autre que Null lors de la fermeture du constructeur. Envisagez dÔÇÖajouter le modificateur ┬½┬árequired┬á┬╗ ou de d├®clarer le propri├®t├® comme pouvant accepter la valeur Null. [D:\ABRPOINT-newfeatures\ABRPOINT.Server\ABRPOINT.Server.csproj]
D:\ABRPOINT-newfeatures\ABRPOINT.Server\Dtaos\EtatDetailleRequest.cs(8,23): warning CS8618: Le propri├®t├® ┬½┬áDateDebut┬á┬╗ non-nullable doit contenir une valeur autre que Null lors de la fermeture du constructeur. Envisagez dÔÇÖajouter le modificateur ┬½┬árequired┬á┬╗ ou de d├®clarer le propri├®t├® comme pouvant accepter la valeur Null. [D:\ABRPOINT-newfeatures\ABRPOINT.Server\ABRPOINT.Server.csproj]
D:\ABRPOINT-newfeatures\ABRPOINT.Server\Dtaos\EtatDetailleRequest.cs(9,23): warning CS8618: Le propri├®t├® ┬½┬áDateFin┬á┬╗ non-nullable doit contenir une valeur autre que Null lors de la fermeture du constructeur. Envisagez dÔÇÖajouter le modificateur ┬½┬árequired┬á┬╗ ou de d├®clarer le propri├®t├® comme pouvant accepter la valeur Null. [D:\ABRPOINT-newfeatures\ABRPOINT.Server\ABRPOINT.Server.csproj]
D:\ABRPOINT-newfeatures\ABRPOINT.Server\Dtaos\EtatDetailleRequest.cs(10,38): warning CS8618: Le propri├®t├® ┬½┬áRows┬á┬╗ non-nullable doit contenir une valeur autre que Null lors de la fermeture du constructeur. Envisagez dÔÇÖajouter le modificateur ┬½┬árequired┬á┬╗ ou de d├®clarer le propri├®t├® comme pouvant accepter la valeur Null. [D:\ABRPOINT-newfeatures\ABRPOINT.Server\ABRPOINT.Server.csproj]
D:\ABRPOINT-newfeatures\ABRPOINT.Server\CalculService\CalcTotHeures\CalcTotHeuresService.cs(44,64): warning CS8604: Existence possible d'un argument de r├®f├®rence null pour le param├¿tre 'soccod' dans 'Task<Poste?> IPosteRepository.GetPoste(string soccod, string? codposte)'. [D:\ABRPOINT-newfeatures\ABRPOINT.Server\ABRPOINT.Server.csproj]
D:\ABRPOINT-newfeatures\ABRPOINT.Server\CalculService\CalcTotHeures\CalcTotHeuresService.cs(46,113): warning CS8629: Le type valeur Nullable peut avoir une valeur null. [D:\ABRPOINT-newfeatures\ABRPOINT.Server\ABRPOINT.Server.csproj]
D:\ABRPOINT-newfeatures\ABRPOINT.Server\CalculService\CalcTotHeures\CalcTotHeuresService.cs(46,39): warning CS8600: Conversion de litt├®ral ayant une valeur null ou d'une ├®ventuelle valeur null en type non-nullable. [D:\ABRPOINT-newfeatures\ABRPOINT.Server\ABRPOINT.Server.csproj]
D:\ABRPOINT-newfeatures\ABRPOINT.Server\CalculService\CalcTotHeures\CalcTotHeuresService.cs(47,167): warning CS8604: Existence possible d'un argument de r├®f├®rence null pour le param├¿tre 'autoisation' dans 'Task<(int nbRetard, DateTime? Preretame, DateTime? Preretameup, DateTime? Preretmate, DateTime? Preretmateup, DateTime? Preretmats, DateTime? Preretmatsup, DateTime? Preretams, DateTime? Preretamsup)> IHeureRetardService.CalculateHeureRetard(PresenceDto presence, Poste poste, AutDto autoisation)'. [D:\ABRPOINT-newfeatures\ABRPOINT.Server\ABRPOINT.Server.csproj]
D:\ABRPOINT-newfeatures\ABRPOINT.Server\Dtaos\EmployeePresenceDto.cs(5,23): warning CS8618: Le propri├®t├® ┬½┬áEmpcod┬á┬╗ non-nullable doit contenir une valeur autre que Null lors de la fermeture du constructeur. Envisagez dÔÇÖajouter le modificateur ┬½┬árequired┬á┬╗ ou de d├®clarer le propri├®t├® comme pouvant accepter la valeur Null. [D:\ABRPOINT-newfeatures\ABRPOINT.Server\ABRPOINT.Server.csproj]
D:\ABRPOINT-newfeatures\ABRPOINT.Server\Dtaos\EmployeePresenceDto.cs(6,23): warning CS8618: Le propri├®t├® ┬½┬áEmplib┬á┬╗ non-nullable doit contenir une valeur autre que Null lors de la fermeture du constructeur. Envisagez dÔÇÖajouter le modificateur ┬½┬árequired┬á┬╗ ou de d├®clarer le propri├®t├® comme pouvant accepter la valeur Null. [D:\ABRPOINT-newfeatures\ABRPOINT.Server\ABRPOINT.Server.csproj]
D:\ABRPOINT-newfeatures\ABRPOINT.Server\Dtaos\EmpEtatPeriodique.cs(6,23): warning CS8618: Le propri├®t├® ┬½┬ápreentamidiup┬á┬╗ non-nullable doit contenir une valeur autre que Null lors de la fermeture du constructeur. Envisagez dÔÇÖajouter le modificateur ┬½┬árequired┬á┬╗ ou de d├®clarer le propri├®t├® comme pouvant accepter la valeur Null. [D:\ABRPOINT-newfeatures\ABRPOINT.Server\ABRPOINT.Server.csproj]
D:\ABRPOINT-newfeatures\ABRPOINT.Server\Dtaos\EmpEtatPeriodique.cs(7,23): warning CS8618: Le propri├®t├® ┬½┬ápreentmatup┬á┬╗ non-nullable doit contenir une valeur autre que Null lors de la fermeture du constructeur. Envisagez dÔÇÖajouter le modificateur ┬½┬árequired┬á┬╗ ou de d├®clarer le propri├®t├® comme pouvant accepter la valeur Null. [D:\ABRPOINT-newfeatures\ABRPOINT.Server\ABRPOINT.Server.csproj]
D:\ABRPOINT-newfeatures\ABRPOINT.Server\Dtaos\EmpEtatPeriodique.cs(8,23): warning CS8618: Le propri├®t├® ┬½┬ápreentsupup┬á┬╗ non-nullable doit contenir une valeur autre que Null lors de la fermeture du constructeur. Envisagez dÔÇÖajouter le modificateur ┬½┬árequired┬á┬╗ ou de d├®clarer le propri├®t├® comme pouvant accepter la valeur Null. [D:\ABRPOINT-newfeatures\ABRPOINT.Server\ABRPOINT.Server.csproj]
D:\ABRPOINT-newfeatures\ABRPOINT.Server\Dtaos\EmpEtatPeriodique.cs(10,23): warning CS8618: Le propri├®t├® ┬½┬áprerepos┬á┬╗ non-nullable doit contenir une valeur autre que Null lors de la fermeture du constructeur. Envisagez dÔÇÖajouter le modificateur ┬½┬árequired┬á┬╗ ou de d├®clarer le propri├®t├® comme pouvant accepter la valeur Null. [D:\ABRPOINT-newfeatures\ABRPOINT.Server\ABRPOINT.Server.csproj]
D:\ABRPOINT-newfeatures\ABRPOINT.Server\Dtaos\EmpEtatPeriodique.cs(11,23): warning CS8618: Le propri├®t├® ┬½┬ápresortamidiup┬á┬╗ non-nullable doit contenir une valeur autre que Null lors de la fermeture du constructeur. Envisagez dÔÇÖajouter le modificateur ┬½┬árequired┬á┬╗ ou de d├®clarer le propri├®t├® comme pouvant accepter la valeur Null. [D:\ABRPOINT-newfeatures\ABRPOINT.Server\ABRPOINT.Server.csproj]
D:\ABRPOINT-newfeatures\ABRPOINT.Server\Dtaos\EmpEtatPeriodique.cs(12,23): warning CS8618: Le propri├®t├® ┬½┬ápresortmatup┬á┬╗ non-nullable doit contenir une valeur autre que Null lors de la fermeture du constructeur. Envisagez dÔÇÖajouter le modificateur ┬½┬árequired┬á┬╗ ou de d├®clarer le propri├®t├® comme pouvant accepter la valeur Null. [D:\ABRPOINT-newfeatures\ABRPOINT.Server\ABRPOINT.Server.csproj]
D:\ABRPOINT-newfeatures\ABRPOINT.Server\Dtaos\EmpEtatPeriodique.cs(13,23): warning CS8618: Le propri├®t├® ┬½┬ápresortsupup┬á┬╗ non-nullable doit contenir une valeur autre que Null lors de la fermeture du constructeur. Envisagez dÔÇÖajouter le modificateur ┬½┬árequired┬á┬╗ ou de d├®clarer le propri├®t├® comme pouvant accepter la valeur Null. [D:\ABRPOINT-newfeatures\ABRPOINT.Server\ABRPOINT.Server.csproj]
D:\ABRPOINT-newfeatures\ABRPOINT.Server\Dtaos\EmpEtatPeriodique.cs(14,23): warning CS8618: Le propri├®t├® ┬½┬átothnuit┬á┬╗ non-nullable doit contenir une valeur autre que Null lors de la fermeture du constructeur. Envisagez dÔÇÖajouter le modificateur ┬½┬árequired┬á┬╗ ou de d├®clarer le propri├®t├® comme pouvant accepter la valeur Null. [D:\ABRPOINT-newfeatures\ABRPOINT.Server\ABRPOINT.Server.csproj]
D:\ABRPOINT-newfeatures\ABRPOINT.Server\Dtaos\EmpEtatPeriodique.cs(15,23): warning CS8618: Le propri├®t├® ┬½┬átothre┬á┬╗ non-nullable doit contenir une valeur autre que Null lors de la fermeture du constructeur. Envisagez dÔÇÖajouter le modificateur ┬½┬árequired┬á┬╗ ou de d├®clarer le propri├®t├® comme pouvant accepter la valeur Null. [D:\ABRPOINT-newfeatures\ABRPOINT.Server\ABRPOINT.Server.csproj]
D:\ABRPOINT-newfeatures\ABRPOINT.Server\CalculService\CalcTotHeures\CalcTotHeuresService.cs(63,84): warning CS8604: Existence possible d'un argument de r├®f├®rence null pour le param├¿tre 'soccod' dans 'Task<ArrondiParam?> IParametreRepository.GetEtatPeriodiqueParamAsync(string soccod)'. [D:\ABRPOINT-newfeatures\ABRPOINT.Server\ABRPOINT.Server.csproj]
D:\ABRPOINT-newfeatures\ABRPOINT.Server\CalculService\CalcTotHeures\CalcTotHeuresService.cs(76,62): warning CS8629: Le type valeur Nullable peut avoir une valeur null. [D:\ABRPOINT-newfeatures\ABRPOINT.Server\ABRPOINT.Server.csproj]
D:\ABRPOINT-newfeatures\ABRPOINT.Server\CalculService\HeureSupp\HeuresSupplementaireHebdomadaireService.cs(200,54): warning CS8629: Le type valeur Nullable peut avoir une valeur null. [D:\ABRPOINT-newfeatures\ABRPOINT.Server\ABRPOINT.Server.csproj]
D:\ABRPOINT-newfeatures\ABRPOINT.Server\Dtaos\DashboardData.cs(8,23): warning CS8618: Le propri├®t├® ┬½┬áDepartement┬á┬╗ non-nullable doit contenir une valeur autre que Null lors de la fermeture du constructeur. Envisagez dÔÇÖajouter le modificateur ┬½┬árequired┬á┬╗ ou de d├®clarer le propri├®t├® comme pouvant accepter la valeur Null. [D:\ABRPOINT-newfeatures\ABRPOINT.Server\ABRPOINT.Server.csproj]
D:\ABRPOINT-newfeatures\ABRPOINT.Server\Dtaos\DashboardData.cs(36,41): warning CS8618: Le propri├®t├® ┬½┬áDonneesDepartements┬á┬╗ non-nullable doit contenir une valeur autre que Null lors de la fermeture du constructeur. Envisagez dÔÇÖajouter le modificateur ┬½┬árequired┬á┬╗ ou de d├®clarer le propri├®t├® comme pouvant accepter la valeur Null. [D:\ABRPOINT-newfeatures\ABRPOINT.Server\ABRPOINT.Server.csproj]
D:\ABRPOINT-newfeatures\ABRPOINT.Server\CalculService\CalcTotHeures\CalcTotHeuresService.cs(144,84): warning CS8604: Existence possible d'un argument de r├®f├®rence null pour le param├¿tre 'soccod' dans 'Task<ArrondiParam?> IParametreRepository.GetEtatPeriodiqueParamAsync(string soccod)'. [D:\ABRPOINT-newfeatures\ABRPOINT.Server\ABRPOINT.Server.csproj]
D:\ABRPOINT-newfeatures\ABRPOINT.Server\CalculService\CalcTotHeures\CalcTotHeuresService.cs(157,62): warning CS8629: Le type valeur Nullable peut avoir une valeur null. [D:\ABRPOINT-newfeatures\ABRPOINT.Server\ABRPOINT.Server.csproj]
D:\ABRPOINT-newfeatures\ABRPOINT.Server\Controllers\PointeusesController.cs(119,76): warning CS8604: Existence possible d'un argument de r├®f├®rence null pour le param├¿tre 'soccod' dans 'Task<short?> IParametreRepository.GetLongbdg(string soccod)'. [D:\ABRPOINT-newfeatures\ABRPOINT.Server\ABRPOINT.Server.csproj]
D:\ABRPOINT-newfeatures\ABRPOINT.Server\Dtaos\CahierConge.cs(5,23): warning CS8618: Le propri├®t├® ┬½┬áEmpmat┬á┬╗ non-nullable doit contenir une valeur autre que Null lors de la fermeture du constructeur. Envisagez dÔÇÖajouter le modificateur ┬½┬árequired┬á┬╗ ou de d├®clarer le propri├®t├® comme pouvant accepter la valeur Null. [D:\ABRPOINT-newfeatures\ABRPOINT.Server\ABRPOINT.Server.csproj]
D:\ABRPOINT-newfeatures\ABRPOINT.Server\Dtaos\CahierConge.cs(6,23): warning CS8618: Le propri├®t├® ┬½┬áEmplib┬á┬╗ non-nullable doit contenir une valeur autre que Null lors de la fermeture du constructeur. Envisagez dÔÇÖajouter le modificateur ┬½┬árequired┬á┬╗ ou de d├®clarer le propri├®t├® comme pouvant accepter la valeur Null. [D:\ABRPOINT-newfeatures\ABRPOINT.Server\ABRPOINT.Server.csproj]
D:\ABRPOINT-newfeatures\ABRPOINT.Server\Dtaos\CahierConge.cs(12,23): warning CS8618: Le propri├®t├® ┬½┬áPretemps┬á┬╗ non-nullable doit contenir une valeur autre que Null lors de la fermeture du constructeur. Envisagez dÔÇÖajouter le modificateur ┬½┬árequired┬á┬╗ ou de d├®clarer le propri├®t├® comme pouvant accepter la valeur Null. [D:\ABRPOINT-newfeatures\ABRPOINT.Server\ABRPOINT.Server.csproj]
D:\ABRPOINT-newfeatures\ABRPOINT.Server\Repository\SanctionRepository.cs(122,30): warning CS0168: La variable 'ex' est d├®clar├®e, mais jamais utilis├®e [D:\ABRPOINT-newfeatures\ABRPOINT.Server\ABRPOINT.Server.csproj]
D:\ABRPOINT-newfeatures\ABRPOINT.Server\Helpers\FileHelper.cs(19,24): warning CS8619: La nullabilit├® des types r├®f├®rence dans la valeur de type '(bool, string?, string)' ne correspond pas au type cible '(bool Success, string FilePath, string Error)'. [D:\ABRPOINT-newfeatures\ABRPOINT.Server\ABRPOINT.Server.csproj]
D:\ABRPOINT-newfeatures\ABRPOINT.Server\Helpers\FileHelper.cs(32,20): warning CS8619: La nullabilit├® des types r├®f├®rence dans la valeur de type '(bool, string, string?)' ne correspond pas au type cible '(bool Success, string FilePath, string Error)'. [D:\ABRPOINT-newfeatures\ABRPOINT.Server\ABRPOINT.Server.csproj]
D:\ABRPOINT-newfeatures\ABRPOINT.Server\Models\Ville.cs(15,19): warning CS8618: Le propri├®t├® ┬½┬áVilcod┬á┬╗ non-nullable doit contenir une valeur autre que Null lors de la fermeture du constructeur. Envisagez dÔÇÖajouter le modificateur ┬½┬árequired┬á┬╗ ou de d├®clarer le propri├®t├® comme pouvant accepter la valeur Null. [D:\ABRPOINT-newfeatures\ABRPOINT.Server\ABRPOINT.Server.csproj]
D:\ABRPOINT-newfeatures\ABRPOINT.Server\CalculService\HeureSupp\HeuresSupplementaireHebdomadaireService.cs(314,25): warning CS8625: Impossible de convertir un litt├®ral ayant une valeur null en type r├®f├®rence non-nullable. [D:\ABRPOINT-newfeatures\ABRPOINT.Server\ABRPOINT.Server.csproj]
D:\ABRPOINT-newfeatures\ABRPOINT.Server\CalculService\HeureSupp\HeuresSupplementaireHebdomadaireService.cs(374,62): warning CS8629: Le type valeur Nullable peut avoir une valeur null. [D:\ABRPOINT-newfeatures\ABRPOINT.Server\ABRPOINT.Server.csproj]
D:\ABRPOINT-newfeatures\ABRPOINT.Server\Controllers\PointeusesController.cs(221,42): warning CS1998: Cette m├®thode async n'a pas d'op├®rateur 'await' et elle s'ex├®cutera de fa├ºon synchrone. Utilisez l'op├®rateur 'await' pour attendre les appels d'API non bloquants ou 'await Task.Run(ÔÇª)' pour effectuer un travail utilisant le processeur sur un thread d'arri├¿re-plan. [D:\ABRPOINT-newfeatures\ABRPOINT.Server\ABRPOINT.Server.csproj]
D:\ABRPOINT-newfeatures\ABRPOINT.Server\CalculService\HeureSupp\HeuresSupplementaireHebdomadaireService.cs(63,36): warning CS8618: Le propri├®t├® ┬½┬áPresence┬á┬╗ non-nullable doit contenir une valeur autre que Null lors de la fermeture du constructeur. Envisagez dÔÇÖajouter le modificateur ┬½┬árequired┬á┬╗ ou de d├®clarer le propri├®t├® comme pouvant accepter la valeur Null. [D:\ABRPOINT-newfeatures\ABRPOINT.Server\ABRPOINT.Server.csproj]
D:\ABRPOINT-newfeatures\ABRPOINT.Server\Repository\SanctionRepository.cs(187,30): warning CS8601: Existence possible d'une assignation de r├®f├®rence null. [D:\ABRPOINT-newfeatures\ABRPOINT.Server\ABRPOINT.Server.csproj]
D:\ABRPOINT-newfeatures\ABRPOINT.Server\Repository\SanctionRepository.cs(188,30): warning CS8629: Le type valeur Nullable peut avoir une valeur null. [D:\ABRPOINT-newfeatures\ABRPOINT.Server\ABRPOINT.Server.csproj]
D:\ABRPOINT-newfeatures\ABRPOINT.Server\Repository\SanctionRepository.cs(189,30): warning CS8629: Le type valeur Nullable peut avoir une valeur null. [D:\ABRPOINT-newfeatures\ABRPOINT.Server\ABRPOINT.Server.csproj]
D:\ABRPOINT-newfeatures\ABRPOINT.Server\Repository\SanctionRepository.cs(192,30): warning CS8601: Existence possible d'une assignation de r├®f├®rence null. [D:\ABRPOINT-newfeatures\ABRPOINT.Server\ABRPOINT.Server.csproj]
D:\ABRPOINT-newfeatures\ABRPOINT.Server\Controllers\ParametresController.cs(80,17): warning CS0162: Code inaccessible d├®tect├® [D:\ABRPOINT-newfeatures\ABRPOINT.Server\ABRPOINT.Server.csproj]
D:\ABRPOINT-newfeatures\ABRPOINT.Server\Models\Rubrique.cs(13,19): warning CS8618: Le propri├®t├® ┬½┬áRubcod┬á┬╗ non-nullable doit contenir une valeur autre que Null lors de la fermeture du constructeur. Envisagez dÔÇÖajouter le modificateur ┬½┬árequired┬á┬╗ ou de d├®clarer le propri├®t├® comme pouvant accepter la valeur Null. [D:\ABRPOINT-newfeatures\ABRPOINT.Server\ABRPOINT.Server.csproj]
D:\ABRPOINT-newfeatures\ABRPOINT.Server\Models\Rubrique.cs(17,19): warning CS8618: Le propri├®t├® ┬½┬áSoccod┬á┬╗ non-nullable doit contenir une valeur autre que Null lors de la fermeture du constructeur. Envisagez dÔÇÖajouter le modificateur ┬½┬árequired┬á┬╗ ou de d├®clarer le propri├®t├® comme pouvant accepter la valeur Null. [D:\ABRPOINT-newfeatures\ABRPOINT.Server\ABRPOINT.Server.csproj]
D:\ABRPOINT-newfeatures\ABRPOINT.Server\CalculService\HeureRetard\HeureRetardService.cs(47,70): warning CS8604: Existence possible d'un argument de r├®f├®rence null pour le param├¿tre 'soccod' dans 'Task<string?> IPosteRepository.GetEmpPoste(string soccod, string empcod, DateTime? date, string? catcod)'. [D:\ABRPOINT-newfeatures\ABRPOINT.Server\ABRPOINT.Server.csproj]
D:\ABRPOINT-newfeatures\ABRPOINT.Server\CalculService\HeureRetard\HeureRetardService.cs(47,87): warning CS8604: Existence possible d'un argument de r├®f├®rence null pour le param├¿tre 'empcod' dans 'Task<string?> IPosteRepository.GetEmpPoste(string soccod, string empcod, DateTime? date, string? catcod)'. [D:\ABRPOINT-newfeatures\ABRPOINT.Server\ABRPOINT.Server.csproj]
D:\ABRPOINT-newfeatures\ABRPOINT.Server\CalculService\HeureRetard\HeureRetardService.cs(48,25): warning CS8600: Conversion de litt├®ral ayant une valeur null ou d'une ├®ventuelle valeur null en type non-nullable. [D:\ABRPOINT-newfeatures\ABRPOINT.Server\ABRPOINT.Server.csproj]
D:\ABRPOINT-newfeatures\ABRPOINT.Server\CalculService\HeureRetard\HeureRetardService.cs(52,67): warning CS8604: Existence possible d'un argument de r├®f├®rence null pour le param├¿tre 'poste' dans '(string?, string?, string?, string?) GenericMethodes.GetStartsWorkDay(DateTime? date, Poste poste)'. [D:\ABRPOINT-newfeatures\ABRPOINT.Server\ABRPOINT.Server.csproj]
D:\ABRPOINT-newfeatures\ABRPOINT.Server\CalculService\HeureRetard\HeureRetardService.cs(66,50): warning CS8604: Existence possible d'un argument de r├®f├®rence null pour le param├¿tre 's' dans 'TimeSpan TimeSpan.Parse(string s)'. [D:\ABRPOINT-newfeatures\ABRPOINT.Server\ABRPOINT.Server.csproj]
D:\ABRPOINT-newfeatures\ABRPOINT.Server\Repository\SanctionRepository.cs(285,52): warning CS8604: Existence possible d'un argument de r├®f├®rence null pour le param├¿tre 'presence' dans 'bool GenericMethodes.NotPresent(Presence presence)'. [D:\ABRPOINT-newfeatures\ABRPOINT.Server\ABRPOINT.Server.csproj]
D:\ABRPOINT-newfeatures\ABRPOINT.Server\Repository\SanctionRepository.cs(287,88): warning CS8604: Existence possible d'un argument de r├®f├®rence null pour le param├¿tre 'empcod' dans 'Task<string?> IEmployeRepository.GetEmpPoste(string soccod, string empcod, DateTime? date)'. [D:\ABRPOINT-newfeatures\ABRPOINT.Server\ABRPOINT.Server.csproj]
D:\ABRPOINT-newfeatures\ABRPOINT.Server\CalculService\HeureNuit\HeureNuitService.cs(23,100): warning CS8604: Existence possible d'un argument de r├®f├®rence null pour le param├¿tre 'soccod' dans 'Task<ParametreNuitDto> IParametreRepository.GetParametresNuitAsync(string soccod)'. [D:\ABRPOINT-newfeatures\ABRPOINT.Server\ABRPOINT.Server.csproj]
D:\ABRPOINT-newfeatures\ABRPOINT.Server\CalculService\HeureNuit\HeureNuitService.cs(26,107): warning CS8604: Existence possible d'un argument de r├®f├®rence null pour le param├¿tre 'empcod' dans 'Task<(TimeSpan? Debut, TimeSpan? Fin)> IEmployeRepository.GetEmpNuitIntervalle(string soccod, string empcod)'. [D:\ABRPOINT-newfeatures\ABRPOINT.Server\ABRPOINT.Server.csproj]
D:\ABRPOINT-newfeatures\ABRPOINT.Server\CalculService\HeureAbsences\HeureAbsencesService.cs(30,99): warning CS8629: Le type valeur Nullable peut avoir une valeur null. [D:\ABRPOINT-newfeatures\ABRPOINT.Server\ABRPOINT.Server.csproj]
D:\ABRPOINT-newfeatures\ABRPOINT.Server\CalculService\HeureAbsences\HeureAbsencesService.cs(30,82): warning CS8604: Existence possible d'un argument de r├®f├®rence null pour le param├¿tre 'empcod' dans 'Task<Conge> ICongeRepository.GetEmpCongeByDate(string soccod, string empcod, DateTime date)'. [D:\ABRPOINT-newfeatures\ABRPOINT.Server\ABRPOINT.Server.csproj]
D:\ABRPOINT-newfeatures\ABRPOINT.Server\Repository\RubriqueService.cs(107,24): warning CS8603: Existence possible d'un retour de r├®f├®rence null. [D:\ABRPOINT-newfeatures\ABRPOINT.Server\ABRPOINT.Server.csproj]
D:\ABRPOINT-newfeatures\ABRPOINT.Server\Repository\AbsenceRepository.cs(66,43): warning CS8604: Existence possible d'un argument de r├®f├®rence null pour le param├¿tre 'item' dans 'bool List<string>.Contains(string item)'. [D:\ABRPOINT-newfeatures\ABRPOINT.Server\ABRPOINT.Server.csproj]
D:\ABRPOINT-newfeatures\ABRPOINT.Server\Repository\AbsenceRepository.cs(85,46): warning CS8604: Existence possible d'un argument de r├®f├®rence null pour le param├¿tre 'item' dans 'bool List<string>.Contains(string item)'. [D:\ABRPOINT-newfeatures\ABRPOINT.Server\ABRPOINT.Server.csproj]
D:\ABRPOINT-newfeatures\ABRPOINT.Server\Repository\AbsenceRepository.cs(157,43): warning CS8604: Existence possible d'un argument de r├®f├®rence null pour le param├¿tre 'key' dans 'bool Dictionary<string, Employe>.TryGetValue(string key, out Employe value)'. [D:\ABRPOINT-newfeatures\ABRPOINT.Server\ABRPOINT.Server.csproj]
D:\ABRPOINT-newfeatures\ABRPOINT.Server\Repository\AbsenceRepository.cs(169,45): warning CS8629: Le type valeur Nullable peut avoir une valeur null. [D:\ABRPOINT-newfeatures\ABRPOINT.Server\ABRPOINT.Server.csproj]
D:\ABRPOINT-newfeatures\ABRPOINT.Server\CalculService\DashboardService\DashboardService.cs(46,35): warning CS8601: Existence possible d'une assignation de r├®f├®rence null. [D:\ABRPOINT-newfeatures\ABRPOINT.Server\ABRPOINT.Server.csproj]
D:\ABRPOINT-newfeatures\ABRPOINT.Server\CalculService\DashboardService\DashboardService.cs(76,50): warning CS8604: Existence possible d'un argument de r├®f├®rence null pour le param├¿tre 'item' dans 'bool List<string>.Contains(string item)'. [D:\ABRPOINT-newfeatures\ABRPOINT.Server\ABRPOINT.Server.csproj]
D:\ABRPOINT-newfeatures\ABRPOINT.Server\CalculService\DashboardService\DashboardService.cs(116,78): warning CS8604: Existence possible d'un argument de r├®f├®rence null pour le param├¿tre 'time' dans 'float? GenericMethodes.ConvertHHmmToDouble(string time)'. [D:\ABRPOINT-newfeatures\ABRPOINT.Server\ABRPOINT.Server.csproj]
D:\ABRPOINT-newfeatures\ABRPOINT.Server\CalculService\DashboardService\DashboardService.cs(116,126): warning CS8604: Existence possible d'un argument de r├®f├®rence null pour le param├¿tre 'time' dans 'float? GenericMethodes.ConvertHHmmToDouble(string time)'. [D:\ABRPOINT-newfeatures\ABRPOINT.Server\ABRPOINT.Server.csproj]
D:\ABRPOINT-newfeatures\ABRPOINT.Server\CalculService\DashboardService\DashboardService.cs(125,63): warning CS8629: Le type valeur Nullable peut avoir une valeur null. [D:\ABRPOINT-newfeatures\ABRPOINT.Server\ABRPOINT.Server.csproj]
D:\ABRPOINT-newfeatures\ABRPOINT.Server\CalculService\DashboardService\DashboardService.cs(126,67): warning CS8629: Le type valeur Nullable peut avoir une valeur null. [D:\ABRPOINT-newfeatures\ABRPOINT.Server\ABRPOINT.Server.csproj]
D:\ABRPOINT-newfeatures\ABRPOINT.Server\CalculService\DashboardService\DashboardService.cs(135,34): warning CS8629: Le type valeur Nullable peut avoir une valeur null. [D:\ABRPOINT-newfeatures\ABRPOINT.Server\ABRPOINT.Server.csproj]
D:\ABRPOINT-newfeatures\ABRPOINT.Server\CalculService\DashboardService\DashboardService.cs(152,50): warning CS8604: Existence possible d'un argument de r├®f├®rence null pour le param├¿tre 'item' dans 'bool List<string>.Contains(string item)'. [D:\ABRPOINT-newfeatures\ABRPOINT.Server\ABRPOINT.Server.csproj]
D:\ABRPOINT-newfeatures\ABRPOINT.Server\CalculService\DashboardService\DashboardService.cs(196,30): warning CS0168: La variable 'ex' est d├®clar├®e, mais jamais utilis├®e [D:\ABRPOINT-newfeatures\ABRPOINT.Server\ABRPOINT.Server.csproj]
D:\ABRPOINT-newfeatures\ABRPOINT.Server\Repository\AbsenceRepository.cs(228,38): warning CS8714: Impossible d'utiliser le type 'string?' en tant que param├¿tre de type 'TKey' dans le type ou la m├®thode g├®n├®rique 'EntityFrameworkQueryableExtensions.ToDictionaryAsync<TSource, TKey, TElement>(IQueryable<TSource>, Func<TSource, TKey>, Func<TSource, TElement>, CancellationToken)'. La nullabilit├® de l'argument de type 'string?' ne correspond pas ├á la contrainte 'notnull'. [D:\ABRPOINT-newfeatures\ABRPOINT.Server\ABRPOINT.Server.csproj]
D:\ABRPOINT-newfeatures\ABRPOINT.Server\Repository\AbsenceRepository.cs(230,52): warning CS8621: La nullabilit├® des types r├®f├®rence dans le type de retour de 'expression lambda' ne correspond pas au d├®l├®gu├® cible 'Func<Absence, string?>' (probablement en raison des attributs de nullabilit├®). [D:\ABRPOINT-newfeatures\ABRPOINT.Server\ABRPOINT.Server.csproj]
D:\ABRPOINT-newfeatures\ABRPOINT.Server\Repository\AbsenceRepository.cs(231,24): warning CS8619: La nullabilit├® des types r├®f├®rence dans la valeur de type 'Dictionary<string?, string?>' ne correspond pas au type cible 'Dictionary<string, string>'. [D:\ABRPOINT-newfeatures\ABRPOINT.Server\ABRPOINT.Server.csproj]
D:\ABRPOINT-newfeatures\ABRPOINT.Server\Controllers\DashboardController.cs(113,21): warning CS8604: Existence possible d'un argument de r├®f├®rence null pour le param├¿tre 'dep' dans 'Task<List<EmployeStatut>> IDashboardService.GetEmployesStatutJour(string soccod, DateTime date, string dep, List<string> empcods)'. [D:\ABRPOINT-newfeatures\ABRPOINT.Server\ABRPOINT.Server.csproj]
D:\ABRPOINT-newfeatures\ABRPOINT.Server\Controllers\DashboardController.cs(114,21): warning CS8604: Existence possible d'un argument de r├®f├®rence null pour le param├¿tre 'empcods' dans 'Task<List<EmployeStatut>> IDashboardService.GetEmployesStatutJour(string soccod, DateTime date, string dep, List<string> empcods)'. [D:\ABRPOINT-newfeatures\ABRPOINT.Server\ABRPOINT.Server.csproj]
D:\ABRPOINT-newfeatures\ABRPOINT.Server\Repository\AbsenceRepository.cs(289,36): warning CS8600: Conversion de litt├®ral ayant une valeur null ou d'une ├®ventuelle valeur null en type non-nullable. [D:\ABRPOINT-newfeatures\ABRPOINT.Server\ABRPOINT.Server.csproj]
D:\ABRPOINT-newfeatures\ABRPOINT.Server\Controllers\AttendanceController.cs(10,45): warning CS8618: Le champ ┬½┬á_attendanceService┬á┬╗ non-nullable doit contenir une valeur autre que Null lors de la fermeture du constructeur. Envisagez dÔÇÖajouter le modificateur ┬½┬árequired┬á┬╗ ou de d├®clarer le champ comme pouvant accepter la valeur Null. [D:\ABRPOINT-newfeatures\ABRPOINT.Server\ABRPOINT.Server.csproj]
D:\ABRPOINT-newfeatures\ABRPOINT.Server\CalculService\DashboardService\DashboardService.cs(226,46): warning CS8604: Existence possible d'un argument de r├®f├®rence null pour le param├¿tre 'item' dans 'bool List<string>.Contains(string item)'. [D:\ABRPOINT-newfeatures\ABRPOINT.Server\ABRPOINT.Server.csproj]
D:\ABRPOINT-newfeatures\ABRPOINT.Server\CalculService\DashboardService\DashboardService.cs(270,42): warning CS8604: Existence possible d'un argument de r├®f├®rence null pour le param├¿tre 'key' dans 'bool Dictionary<string, <anonymous type: string Empcod, string? Emplib, string? Dircod>>.TryGetValue(string key, out <anonymous type: string Empcod, string? Emplib, string? Dircod> value)'. [D:\ABRPOINT-newfeatures\ABRPOINT.Server\ABRPOINT.Server.csproj]
D:\ABRPOINT-newfeatures\ABRPOINT.Server\Repository\QualifRepositroy.cs(48,24): warning CS8714: Impossible d'utiliser le type 'string?' en tant que param├¿tre de type 'TKey' dans le type ou la m├®thode g├®n├®rique 'Enumerable.ToDictionary<TSource, TKey, TElement>(IEnumerable<TSource>, Func<TSource, TKey>, Func<TSource, TElement>)'. La nullabilit├® de l'argument de type 'string?' ne correspond pas ├á la contrainte 'notnull'. [D:\ABRPOINT-newfeatures\ABRPOINT.Server\ABRPOINT.Server.csproj]
D:\ABRPOINT-newfeatures\ABRPOINT.Server\Repository\QualifRepositroy.cs(48,45): warning CS8621: La nullabilit├® des types r├®f├®rence dans le type de retour de 'expression lambda' ne correspond pas au d├®l├®gu├® cible 'Func<Qualif, string?>' (probablement en raison des attributs de nullabilit├®). [D:\ABRPOINT-newfeatures\ABRPOINT.Server\ABRPOINT.Server.csproj]
D:\ABRPOINT-newfeatures\ABRPOINT.Server\Repository\QualifRepositroy.cs(48,24): warning CS8619: La nullabilit├® des types r├®f├®rence dans la valeur de type 'Dictionary<string?, string?>' ne correspond pas au type cible 'Dictionary<string, string>'. [D:\ABRPOINT-newfeatures\ABRPOINT.Server\ABRPOINT.Server.csproj]
D:\ABRPOINT-newfeatures\ABRPOINT.Server\Repository\QualifRepositroy.cs(59,20): warning CS8603: Existence possible d'un retour de r├®f├®rence null. [D:\ABRPOINT-newfeatures\ABRPOINT.Server\ABRPOINT.Server.csproj]
D:\ABRPOINT-newfeatures\ABRPOINT.Server\Controllers\CongesController.cs(118,42): warning CS1998: Cette m├®thode async n'a pas d'op├®rateur 'await' et elle s'ex├®cutera de fa├ºon synchrone. Utilisez l'op├®rateur 'await' pour attendre les appels d'API non bloquants ou 'await Task.Run(ÔÇª)' pour effectuer un travail utilisant le processeur sur un thread d'arri├¿re-plan. [D:\ABRPOINT-newfeatures\ABRPOINT.Server\ABRPOINT.Server.csproj]
D:\ABRPOINT-newfeatures\ABRPOINT.Server\Controllers\CongesController.cs(173,36): warning CS8629: Le type valeur Nullable peut avoir une valeur null. [D:\ABRPOINT-newfeatures\ABRPOINT.Server\ABRPOINT.Server.csproj]
D:\ABRPOINT-newfeatures\ABRPOINT.Server\Controllers\CongesController.cs(174,36): warning CS8629: Le type valeur Nullable peut avoir une valeur null. [D:\ABRPOINT-newfeatures\ABRPOINT.Server\ABRPOINT.Server.csproj]
D:\ABRPOINT-newfeatures\ABRPOINT.Server\Controllers\CongesController.cs(175,36): warning CS8629: Le type valeur Nullable peut avoir une valeur null. [D:\ABRPOINT-newfeatures\ABRPOINT.Server\ABRPOINT.Server.csproj]
D:\ABRPOINT-newfeatures\ABRPOINT.Server\Repository\PresenceRepository.cs(108,94): warning CS8604: Existence possible d'un argument de r├®f├®rence null pour le param├¿tre 'poste' dans 'Task<Presence> PresenceRepository.CreateNewPresence(string soccod, string empcod, DateTime date, dynamic emp, dynamic poste)'. [D:\ABRPOINT-newfeatures\ABRPOINT.Server\ABRPOINT.Server.csproj]
D:\ABRPOINT-newfeatures\ABRPOINT.Server\Repository\PresenceRepository.cs(113,67): warning CS8604: Existence possible d'un argument de r├®f├®rence null pour le param├¿tre 'poste' dans 'Task PresenceRepository.UpdateExistingPresence(Presence dbpresence, DateTime date, Poste poste)'. [D:\ABRPOINT-newfeatures\ABRPOINT.Server\ABRPOINT.Server.csproj]
D:\ABRPOINT-newfeatures\ABRPOINT.Server\Controllers\CompensersController.cs(67,30): warning CS0168: La variable 'ex' est d├®clar├®e, mais jamais utilis├®e [D:\ABRPOINT-newfeatures\ABRPOINT.Server\ABRPOINT.Server.csproj]
D:\ABRPOINT-newfeatures\ABRPOINT.Server\Models\Autoriser.cs(13,19): warning CS8618: Le propri├®t├® ┬½┬áConcod┬á┬╗ non-nullable doit contenir une valeur autre que Null lors de la fermeture du constructeur. Envisagez dÔÇÖajouter le modificateur ┬½┬árequired┬á┬╗ ou de d├®clarer le propri├®t├® comme pouvant accepter la valeur Null. [D:\ABRPOINT-newfeatures\ABRPOINT.Server\ABRPOINT.Server.csproj]
D:\ABRPOINT-newfeatures\ABRPOINT.Server\CalculService\DashboardService\DashboardService.cs(328,83): warning CS8604: Existence possible d'un argument de r├®f├®rence null pour le param├¿tre 'item' dans 'bool List<string>.Contains(string item)'. [D:\ABRPOINT-newfeatures\ABRPOINT.Server\ABRPOINT.Server.csproj]
D:\ABRPOINT-newfeatures\ABRPOINT.Server\CalculService\DashboardService\DashboardService.cs(433,77): warning CS8604: Existence possible d'un argument de r├®f├®rence null pour le param├¿tre 'item' dans 'bool List<string>.Contains(string item)'. [D:\ABRPOINT-newfeatures\ABRPOINT.Server\ABRPOINT.Server.csproj]
D:\ABRPOINT-newfeatures\ABRPOINT.Server\CalculService\DashboardService\DashboardService.cs(462,91): warning CS8604: Existence possible d'un argument de r├®f├®rence null pour le param├¿tre 'item' dans 'bool List<string>.Contains(string item)'. [D:\ABRPOINT-newfeatures\ABRPOINT.Server\ABRPOINT.Server.csproj]
D:\ABRPOINT-newfeatures\ABRPOINT.Server\CalculService\DashboardService\DashboardService.cs(496,63): warning CS8604: Existence possible d'un argument de r├®f├®rence null pour le param├¿tre 'item' dans 'bool List<string>.Contains(string item)'. [D:\ABRPOINT-newfeatures\ABRPOINT.Server\ABRPOINT.Server.csproj]
D:\ABRPOINT-newfeatures\ABRPOINT.Server\CalculService\DashboardService\DashboardService.cs(531,86): warning CS8604: Existence possible d'un argument de r├®f├®rence null pour le param├¿tre 'dep' dans 'Task<DashboardData> DashboardService.GetDashboardData(string soccod, DateTime date, string dep, List<string> empcods)'. [D:\ABRPOINT-newfeatures\ABRPOINT.Server\ABRPOINT.Server.csproj]
D:\ABRPOINT-newfeatures\ABRPOINT.Server\Repository\AttendaceRepository.cs(9,47): warning CS8618: Le champ ┬½┬á_context┬á┬╗ non-nullable doit contenir une valeur autre que Null lors de la fermeture du constructeur. Envisagez dÔÇÖajouter le modificateur ┬½┬árequired┬á┬╗ ou de d├®clarer le champ comme pouvant accepter la valeur Null. [D:\ABRPOINT-newfeatures\ABRPOINT.Server\ABRPOINT.Server.csproj]
D:\ABRPOINT-newfeatures\ABRPOINT.Server\Repository\AttendaceRepository.cs(10,45): warning CS8618: Le champ ┬½┬á_webAuthnValidator┬á┬╗ non-nullable doit contenir une valeur autre que Null lors de la fermeture du constructeur. Envisagez dÔÇÖajouter le modificateur ┬½┬árequired┬á┬╗ ou de d├®clarer le champ comme pouvant accepter la valeur Null. [D:\ABRPOINT-newfeatures\ABRPOINT.Server\ABRPOINT.Server.csproj]
D:\ABRPOINT-newfeatures\ABRPOINT.Server\Repository\PresenceRepository.cs(310,20): warning CS8603: Existence possible d'un retour de r├®f├®rence null. [D:\ABRPOINT-newfeatures\ABRPOINT.Server\ABRPOINT.Server.csproj]
D:\ABRPOINT-newfeatures\ABRPOINT.Server\Repository\AllaitementRepository.cs(104,44): warning CS8601: Existence possible d'une assignation de r├®f├®rence null. [D:\ABRPOINT-newfeatures\ABRPOINT.Server\ABRPOINT.Server.csproj]
D:\ABRPOINT-newfeatures\ABRPOINT.Server\Repository\AllaitementRepository.cs(105,43): warning CS8601: Existence possible d'une assignation de r├®f├®rence null. [D:\ABRPOINT-newfeatures\ABRPOINT.Server\ABRPOINT.Server.csproj]
D:\ABRPOINT-newfeatures\ABRPOINT.Server\Repository\AllaitementRepository.cs(116,43): warning CS8601: Existence possible d'une assignation de r├®f├®rence null. [D:\ABRPOINT-newfeatures\ABRPOINT.Server\ABRPOINT.Server.csproj]
D:\ABRPOINT-newfeatures\ABRPOINT.Server\Repository\AllaitementRepository.cs(122,30): warning CS0168: La variable 'ex' est d├®clar├®e, mais jamais utilis├®e [D:\ABRPOINT-newfeatures\ABRPOINT.Server\ABRPOINT.Server.csproj]
D:\ABRPOINT-newfeatures\ABRPOINT.Server\Repository\AllaitementRepository.cs(132,24): warning CS8603: Existence possible d'un retour de r├®f├®rence null. [D:\ABRPOINT-newfeatures\ABRPOINT.Server\ABRPOINT.Server.csproj]
D:\ABRPOINT-newfeatures\ABRPOINT.Server\Repository\PresenceRepository.cs(333,109): warning CS8629: Le type valeur Nullable peut avoir une valeur null. [D:\ABRPOINT-newfeatures\ABRPOINT.Server\ABRPOINT.Server.csproj]
D:\ABRPOINT-newfeatures\ABRPOINT.Server\Repository\PresenceRepository.cs(333,69): warning CS8604: Existence possible d'un argument de r├®f├®rence null pour le param├¿tre 'soccod' dans 'Task<EmpparamPointageMois> IEmployeRepository.GetEmpparam(string soccod, string empcod, DateTime date, string codpost)'. [D:\ABRPOINT-newfeatures\ABRPOINT.Server\ABRPOINT.Server.csproj]
D:\ABRPOINT-newfeatures\ABRPOINT.Server\Repository\PresenceRepository.cs(333,89): warning CS8604: Existence possible d'un argument de r├®f├®rence null pour le param├¿tre 'empcod' dans 'Task<EmpparamPointageMois> IEmployeRepository.GetEmpparam(string soccod, string empcod, DateTime date, string codpost)'. [D:\ABRPOINT-newfeatures\ABRPOINT.Server\ABRPOINT.Server.csproj]
D:\ABRPOINT-newfeatures\ABRPOINT.Server\Repository\PresenceRepository.cs(337,118): warning CS8629: Le type valeur Nullable peut avoir une valeur null. [D:\ABRPOINT-newfeatures\ABRPOINT.Server\ABRPOINT.Server.csproj]
D:\ABRPOINT-newfeatures\ABRPOINT.Server\Repository\PresenceRepository.cs(339,92): warning CS8604: Existence possible d'un argument de r├®f├®rence null pour le param├¿tre 'time' dans 'float? GenericMethodes.ConvertHHmmToDouble(string time)'. [D:\ABRPOINT-newfeatures\ABRPOINT.Server\ABRPOINT.Server.csproj]
D:\ABRPOINT-newfeatures\ABRPOINT.Server\Repository\PresenceRepository.cs(339,49): warning CS8629: Le type valeur Nullable peut avoir une valeur null. [D:\ABRPOINT-newfeatures\ABRPOINT.Server\ABRPOINT.Server.csproj]
D:\ABRPOINT-newfeatures\ABRPOINT.Server\Repository\PresenceRepository.cs(338,131): warning CS8604: Existence possible d'un argument de r├®f├®rence null pour le param├¿tre 'soccod' dans 'Task<float?> IHeureAbsencesService.CalculateHeureAbsences(Presence presence, string soccod, string? poste, DateTime? date, AutDto autorisation, float? hretrav)'. [D:\ABRPOINT-newfeatures\ABRPOINT.Server\ABRPOINT.Server.csproj]
D:\ABRPOINT-newfeatures\ABRPOINT.Server\Repository\PresenceRepository.cs(339,36): warning CS8604: Existence possible d'un argument de r├®f├®rence null pour le param├¿tre 'autorisation' dans 'Task<float?> IHeureAbsencesService.CalculateHeureAbsences(Presence presence, string soccod, string? poste, DateTime? date, AutDto autorisation, float? hretrav)'. [D:\ABRPOINT-newfeatures\ABRPOINT.Server\ABRPOINT.Server.csproj]
D:\ABRPOINT-newfeatures\ABRPOINT.Server\Repository\AllaitementRepository.cs(147,24): warning CS8603: Existence possible d'un retour de r├®f├®rence null. [D:\ABRPOINT-newfeatures\ABRPOINT.Server\ABRPOINT.Server.csproj]
D:\ABRPOINT-newfeatures\ABRPOINT.Server\CalculService\DashboardService\DashboardService.cs(563,47): warning CS8604: Existence possible d'un argument de r├®f├®rence null pour le param├¿tre 'item' dans 'bool List<string>.Contains(string item)'. [D:\ABRPOINT-newfeatures\ABRPOINT.Server\ABRPOINT.Server.csproj]
D:\ABRPOINT-newfeatures\ABRPOINT.Server\CalculService\DashboardService\DashboardService.cs(584,70): warning CS8604: Existence possible d'un argument de r├®f├®rence null pour le param├¿tre 'time' dans 'float? GenericMethodes.ConvertHHmmToDouble(string time)'. [D:\ABRPOINT-newfeatures\ABRPOINT.Server\ABRPOINT.Server.csproj]
D:\ABRPOINT-newfeatures\ABRPOINT.Server\CalculService\DashboardService\DashboardService.cs(584,27): warning CS8629: Le type valeur Nullable peut avoir une valeur null. [D:\ABRPOINT-newfeatures\ABRPOINT.Server\ABRPOINT.Server.csproj]
D:\ABRPOINT-newfeatures\ABRPOINT.Server\CalculService\DashboardService\DashboardService.cs(593,47): warning CS8604: Existence possible d'un argument de r├®f├®rence null pour le param├¿tre 'item' dans 'bool List<string>.Contains(string item)'. [D:\ABRPOINT-newfeatures\ABRPOINT.Server\ABRPOINT.Server.csproj]
D:\ABRPOINT-newfeatures\ABRPOINT.Server\Repository\AllaitementRepository.cs(181,25): warning CS8629: Le type valeur Nullable peut avoir une valeur null. [D:\ABRPOINT-newfeatures\ABRPOINT.Server\ABRPOINT.Server.csproj]
D:\ABRPOINT-newfeatures\ABRPOINT.Server\Repository\PresenceRepository.cs(350,102): warning CS8629: Le type valeur Nullable peut avoir une valeur null. [D:\ABRPOINT-newfeatures\ABRPOINT.Server\ABRPOINT.Server.csproj]
D:\ABRPOINT-newfeatures\ABRPOINT.Server\Repository\PresenceRepository.cs(350,65): warning CS8604: Existence possible d'un argument de r├®f├®rence null pour le param├¿tre 'soccod' dans 'Task<EmpparamPointageMois> IEmployeRepository.GetEmpparam(string soccod, string empcod, DateTime date, string codpost)'. [D:\ABRPOINT-newfeatures\ABRPOINT.Server\ABRPOINT.Server.csproj]
D:\ABRPOINT-newfeatures\ABRPOINT.Server\Repository\PresenceRepository.cs(350,84): warning CS8604: Existence possible d'un argument de r├®f├®rence null pour le param├¿tre 'empcod' dans 'Task<EmpparamPointageMois> IEmployeRepository.GetEmpparam(string soccod, string empcod, DateTime date, string codpost)'. [D:\ABRPOINT-newfeatures\ABRPOINT.Server\ABRPOINT.Server.csproj]
D:\ABRPOINT-newfeatures\ABRPOINT.Server\Repository\PresenceRepository.cs(350,130): warning CS8604: Existence possible d'un argument de r├®f├®rence null pour le param├¿tre 'codpost' dans 'Task<EmpparamPointageMois> IEmployeRepository.GetEmpparam(string soccod, string empcod, DateTime date, string codpost)'. [D:\ABRPOINT-newfeatures\ABRPOINT.Server\ABRPOINT.Server.csproj]
D:\ABRPOINT-newfeatures\ABRPOINT.Server\CalculService\DashboardService\DashboardService.cs(623,39): warning CS8604: Existence possible d'un argument de r├®f├®rence null pour le param├¿tre 'item' dans 'bool List<string>.Contains(string item)'. [D:\ABRPOINT-newfeatures\ABRPOINT.Server\ABRPOINT.Server.csproj]
D:\ABRPOINT-newfeatures\ABRPOINT.Server\Repository\PresenceRepository.cs(415,24): warning CS8603: Existence possible d'un retour de r├®f├®rence null. [D:\ABRPOINT-newfeatures\ABRPOINT.Server\ABRPOINT.Server.csproj]
D:\ABRPOINT-newfeatures\ABRPOINT.Server\Repository\PresenceRepository.cs(433,24): warning CS8603: Existence possible d'un retour de r├®f├®rence null. [D:\ABRPOINT-newfeatures\ABRPOINT.Server\ABRPOINT.Server.csproj]
D:\ABRPOINT-newfeatures\ABRPOINT.Server\Repository\PresenceRepository.cs(452,88): warning CS8629: Le type valeur Nullable peut avoir une valeur null. [D:\ABRPOINT-newfeatures\ABRPOINT.Server\ABRPOINT.Server.csproj]
D:\ABRPOINT-newfeatures\ABRPOINT.Server\Repository\PresenceRepository.cs(452,78): warning CS8604: Existence possible d'un argument de r├®f├®rence null pour le param├¿tre 'empcod' dans 'Task<string> ICongeRepository.GetCongeLib(string? soccod, string empcod, DateTime dmdate)'. [D:\ABRPOINT-newfeatures\ABRPOINT.Server\ABRPOINT.Server.csproj]
D:\ABRPOINT-newfeatures\ABRPOINT.Server\Repository\AutoriserRepository.cs(145,30): warning CS0168: La variable 'ex' est d├®clar├®e, mais jamais utilis├®e [D:\ABRPOINT-newfeatures\ABRPOINT.Server\ABRPOINT.Server.csproj]
D:\ABRPOINT-newfeatures\ABRPOINT.Server\Repository\CalendrierRepository.cs(46,20): warning CS8714: Impossible d'utiliser le type 'string?' en tant que param├¿tre de type 'TKey' dans le type ou la m├®thode g├®n├®rique 'Enumerable.ToDictionary<TSource, TKey, TElement>(IEnumerable<TSource>, Func<TSource, TKey>, Func<TSource, TElement>)'. La nullabilit├® de l'argument de type 'string?' ne correspond pas ├á la contrainte 'notnull'. [D:\ABRPOINT-newfeatures\ABRPOINT.Server\ABRPOINT.Server.csproj]
D:\ABRPOINT-newfeatures\ABRPOINT.Server\Repository\CalendrierRepository.cs(47,47): warning CS8621: La nullabilit├® des types r├®f├®rence dans le type de retour de 'expression lambda' ne correspond pas au d├®l├®gu├® cible 'Func<Calendsoc, string?>' (probablement en raison des attributs de nullabilit├®). [D:\ABRPOINT-newfeatures\ABRPOINT.Server\ABRPOINT.Server.csproj]
D:\ABRPOINT-newfeatures\ABRPOINT.Server\Repository\CalendrierRepository.cs(46,20): warning CS8619: La nullabilit├® des types r├®f├®rence dans la valeur de type 'Dictionary<string?, string?>' ne correspond pas au type cible 'Dictionary<string, string>'. [D:\ABRPOINT-newfeatures\ABRPOINT.Server\ABRPOINT.Server.csproj]
D:\ABRPOINT-newfeatures\ABRPOINT.Server\Repository\AutoriserRepository.cs(166,24): warning CS8603: Existence possible d'un retour de r├®f├®rence null. [D:\ABRPOINT-newfeatures\ABRPOINT.Server\ABRPOINT.Server.csproj]
D:\ABRPOINT-newfeatures\ABRPOINT.Server\CalculService\DashboardService\DashboardService.cs(674,30): warning CS8601: Existence possible d'une assignation de r├®f├®rence null. [D:\ABRPOINT-newfeatures\ABRPOINT.Server\ABRPOINT.Server.csproj]
D:\ABRPOINT-newfeatures\ABRPOINT.Server\CalculService\DashboardService\DashboardService.cs(675,35): warning CS8601: Existence possible d'une assignation de r├®f├®rence null. [D:\ABRPOINT-newfeatures\ABRPOINT.Server\ABRPOINT.Server.csproj]
D:\ABRPOINT-newfeatures\ABRPOINT.Server\CalculService\DashboardService\DashboardService.cs(729,40): warning CS8601: Existence possible d'une assignation de r├®f├®rence null. [D:\ABRPOINT-newfeatures\ABRPOINT.Server\ABRPOINT.Server.csproj]
D:\ABRPOINT-newfeatures\ABRPOINT.Server\Repository\AutoriserRepository.cs(179,30): warning CS8629: Le type valeur Nullable peut avoir une valeur null. [D:\ABRPOINT-newfeatures\ABRPOINT.Server\ABRPOINT.Server.csproj]
D:\ABRPOINT-newfeatures\ABRPOINT.Server\Repository\AutoriserRepository.cs(180,30): warning CS8629: Le type valeur Nullable peut avoir une valeur null. [D:\ABRPOINT-newfeatures\ABRPOINT.Server\ABRPOINT.Server.csproj]
D:\ABRPOINT-newfeatures\ABRPOINT.Server\Repository\AutoriserRepository.cs(211,28): warning CS8629: Le type valeur Nullable peut avoir une valeur null. [D:\ABRPOINT-newfeatures\ABRPOINT.Server\ABRPOINT.Server.csproj]
D:\ABRPOINT-newfeatures\ABRPOINT.Server\Repository\AutoriserRepository.cs(260,33): warning CS8629: Le type valeur Nullable peut avoir une valeur null. [D:\ABRPOINT-newfeatures\ABRPOINT.Server\ABRPOINT.Server.csproj]
D:\ABRPOINT-newfeatures\ABRPOINT.Server\Repository\AutoriserRepository.cs(259,20): warning CS8619: La nullabilit├® des types r├®f├®rence dans la valeur de type 'Dictionary<(string Empcod, DateTime Date), AutDto>' ne correspond pas au type cible 'Dictionary<(string Empcod, DateTime Date), AutDto?>'. [D:\ABRPOINT-newfeatures\ABRPOINT.Server\ABRPOINT.Server.csproj]
D:\ABRPOINT-newfeatures\ABRPOINT.Server\Repository\CalendrierRepository.cs(158,24): warning CS8603: Existence possible d'un retour de r├®f├®rence null. [D:\ABRPOINT-newfeatures\ABRPOINT.Server\ABRPOINT.Server.csproj]
D:\ABRPOINT-newfeatures\ABRPOINT.Server\Repository\CompenserRepository.cs(53,20): warning CS8603: Existence possible d'un retour de r├®f├®rence null. [D:\ABRPOINT-newfeatures\ABRPOINT.Server\ABRPOINT.Server.csproj]
D:\ABRPOINT-newfeatures\ABRPOINT.Server\Repository\AutoriserRepository.cs(296,43): warning CS8604: Existence possible d'un argument de r├®f├®rence null pour le param├¿tre 'item' dans 'bool List<string>.Contains(string item)'. [D:\ABRPOINT-newfeatures\ABRPOINT.Server\ABRPOINT.Server.csproj]
D:\ABRPOINT-newfeatures\ABRPOINT.Server\Repository\PresenceRepository.cs(490,67): warning CS8604: Existence possible d'un argument de r├®f├®rence null pour le param├¿tre 'item' dans 'bool List<string>.Contains(string item)'. [D:\ABRPOINT-newfeatures\ABRPOINT.Server\ABRPOINT.Server.csproj]
D:\ABRPOINT-newfeatures\ABRPOINT.Server\Repository\PresenceRepository.cs(493,47): warning CS8629: Le type valeur Nullable peut avoir une valeur null. [D:\ABRPOINT-newfeatures\ABRPOINT.Server\ABRPOINT.Server.csproj]
D:\ABRPOINT-newfeatures\ABRPOINT.Server\Repository\PresenceRepository.cs(512,39): warning CS8629: Le type valeur Nullable peut avoir une valeur null. [D:\ABRPOINT-newfeatures\ABRPOINT.Server\ABRPOINT.Server.csproj]
D:\ABRPOINT-newfeatures\ABRPOINT.Server\Repository\PresenceRepository.cs(513,53): warning CS8629: Le type valeur Nullable peut avoir une valeur null. [D:\ABRPOINT-newfeatures\ABRPOINT.Server\ABRPOINT.Server.csproj]
D:\ABRPOINT-newfeatures\ABRPOINT.Server\Repository\PresenceRepository.cs(522,45): warning CS8625: Impossible de convertir un litt├®ral ayant une valeur null en type r├®f├®rence non-nullable. [D:\ABRPOINT-newfeatures\ABRPOINT.Server\ABRPOINT.Server.csproj]
D:\ABRPOINT-newfeatures\ABRPOINT.Server\Repository\PresenceRepository.cs(532,28): warning CS8629: Le type valeur Nullable peut avoir une valeur null. [D:\ABRPOINT-newfeatures\ABRPOINT.Server\ABRPOINT.Server.csproj]
D:\ABRPOINT-newfeatures\ABRPOINT.Server\Repository\PresenceRepository.cs(549,30): warning CS8601: Existence possible d'une assignation de r├®f├®rence null. [D:\ABRPOINT-newfeatures\ABRPOINT.Server\ABRPOINT.Server.csproj]
D:\ABRPOINT-newfeatures\ABRPOINT.Server\Repository\PresenceRepository.cs(550,31): warning CS8601: Existence possible d'une assignation de r├®f├®rence null. [D:\ABRPOINT-newfeatures\ABRPOINT.Server\ABRPOINT.Server.csproj]
D:\ABRPOINT-newfeatures\ABRPOINT.Server\Repository\PresenceRepository.cs(551,30): warning CS8601: Existence possible d'une assignation de r├®f├®rence null. [D:\ABRPOINT-newfeatures\ABRPOINT.Server\ABRPOINT.Server.csproj]
D:\ABRPOINT-newfeatures\ABRPOINT.Server\Repository\PresenceRepository.cs(552,30): warning CS8601: Existence possible d'une assignation de r├®f├®rence null. [D:\ABRPOINT-newfeatures\ABRPOINT.Server\ABRPOINT.Server.csproj]
D:\ABRPOINT-newfeatures\ABRPOINT.Server\Repository\PresenceRepository.cs(553,34): warning CS8601: Existence possible d'une assignation de r├®f├®rence null. [D:\ABRPOINT-newfeatures\ABRPOINT.Server\ABRPOINT.Server.csproj]
D:\ABRPOINT-newfeatures\ABRPOINT.Server\Repository\PresenceRepository.cs(555,33): warning CS8601: Existence possible d'une assignation de r├®f├®rence null. [D:\ABRPOINT-newfeatures\ABRPOINT.Server\ABRPOINT.Server.csproj]
D:\ABRPOINT-newfeatures\ABRPOINT.Server\Repository\PresenceRepository.cs(557,31): warning CS8601: Existence possible d'une assignation de r├®f├®rence null. [D:\ABRPOINT-newfeatures\ABRPOINT.Server\ABRPOINT.Server.csproj]
D:\ABRPOINT-newfeatures\ABRPOINT.Server\Repository\PresenceRepository.cs(558,31): warning CS8601: Existence possible d'une assignation de r├®f├®rence null. [D:\ABRPOINT-newfeatures\ABRPOINT.Server\ABRPOINT.Server.csproj]
D:\ABRPOINT-newfeatures\ABRPOINT.Server\Repository\PresenceRepository.cs(559,31): warning CS8601: Existence possible d'une assignation de r├®f├®rence null. [D:\ABRPOINT-newfeatures\ABRPOINT.Server\ABRPOINT.Server.csproj]
D:\ABRPOINT-newfeatures\ABRPOINT.Server\Repository\PresenceRepository.cs(560,31): warning CS8601: Existence possible d'une assignation de r├®f├®rence null. [D:\ABRPOINT-newfeatures\ABRPOINT.Server\ABRPOINT.Server.csproj]
D:\ABRPOINT-newfeatures\ABRPOINT.Server\Repository\PresenceRepository.cs(561,36): warning CS8629: Le type valeur Nullable peut avoir une valeur null. [D:\ABRPOINT-newfeatures\ABRPOINT.Server\ABRPOINT.Server.csproj]
D:\ABRPOINT-newfeatures\ABRPOINT.Server\Repository\PresenceRepository.cs(562,36): warning CS8629: Le type valeur Nullable peut avoir une valeur null. [D:\ABRPOINT-newfeatures\ABRPOINT.Server\ABRPOINT.Server.csproj]
D:\ABRPOINT-newfeatures\ABRPOINT.Server\Repository\PresenceRepository.cs(563,35): warning CS8629: Le type valeur Nullable peut avoir une valeur null. [D:\ABRPOINT-newfeatures\ABRPOINT.Server\ABRPOINT.Server.csproj]
D:\ABRPOINT-newfeatures\ABRPOINT.Server\Repository\PresenceRepository.cs(564,35): warning CS8629: Le type valeur Nullable peut avoir une valeur null. [D:\ABRPOINT-newfeatures\ABRPOINT.Server\ABRPOINT.Server.csproj]
D:\ABRPOINT-newfeatures\ABRPOINT.Server\Repository\PresenceRepository.cs(587,20): warning CS8603: Existence possible d'un retour de r├®f├®rence null. [D:\ABRPOINT-newfeatures\ABRPOINT.Server\ABRPOINT.Server.csproj]
D:\ABRPOINT-newfeatures\ABRPOINT.Server\Repository\CalendrierRepository.cs(279,78): warning CS8629: Le type valeur Nullable peut avoir une valeur null. [D:\ABRPOINT-newfeatures\ABRPOINT.Server\ABRPOINT.Server.csproj]
D:\ABRPOINT-newfeatures\ABRPOINT.Server\Repository\CalendrierRepository.cs(319,82): warning CS8629: Le type valeur Nullable peut avoir une valeur null. [D:\ABRPOINT-newfeatures\ABRPOINT.Server\ABRPOINT.Server.csproj]
D:\ABRPOINT-newfeatures\ABRPOINT.Server\Repository\CalendrierRepository.cs(354,78): warning CS8629: Le type valeur Nullable peut avoir une valeur null. [D:\ABRPOINT-newfeatures\ABRPOINT.Server\ABRPOINT.Server.csproj]
D:\ABRPOINT-newfeatures\ABRPOINT.Server\Repository\CalendrierRepository.cs(315,25): warning CS0219: La variable 'panierTotal' est assign├®e, mais sa valeur n'est jamais utilis├®e [D:\ABRPOINT-newfeatures\ABRPOINT.Server\ABRPOINT.Server.csproj]
D:\ABRPOINT-newfeatures\ABRPOINT.Server\Repository\CalendrierRepository.cs(398,39): warning CS8714: Impossible d'utiliser le type 'string?' en tant que param├¿tre de type 'TKey' dans le type ou la m├®thode g├®n├®rique 'Enumerable.ToDictionary<TSource, TKey, TElement>(IEnumerable<TSource>, Func<TSource, TKey>, Func<TSource, TElement>)'. La nullabilit├® de l'argument de type 'string?' ne correspond pas ├á la contrainte 'notnull'. [D:\ABRPOINT-newfeatures\ABRPOINT.Server\ABRPOINT.Server.csproj]
D:\ABRPOINT-newfeatures\ABRPOINT.Server\Repository\CalendrierRepository.cs(400,35): warning CS8621: La nullabilit├® des types r├®f├®rence dans le type de retour de 'expression lambda' ne correspond pas au d├®l├®gu├® cible 'Func<Calendsoc, string?>' (probablement en raison des attributs de nullabilit├®). [D:\ABRPOINT-newfeatures\ABRPOINT.Server\ABRPOINT.Server.csproj]
D:\ABRPOINT-newfeatures\ABRPOINT.Server\Repository\CalendrierRepository.cs(402,24): warning CS8619: La nullabilit├® des types r├®f├®rence dans la valeur de type 'Dictionary<string?, string?>' ne correspond pas au type cible 'IDictionary<string, string>'. [D:\ABRPOINT-newfeatures\ABRPOINT.Server\ABRPOINT.Server.csproj]
D:\ABRPOINT-newfeatures\ABRPOINT.Server\Repository\CongeRepository.cs(89,43): warning CS8604: Existence possible d'un argument de r├®f├®rence null pour le param├¿tre 'item' dans 'bool List<string>.Contains(string item)'. [D:\ABRPOINT-newfeatures\ABRPOINT.Server\ABRPOINT.Server.csproj]
D:\ABRPOINT-newfeatures\ABRPOINT.Server\Repository\CongeRepository.cs(112,38): warning CS8629: Le type valeur Nullable peut avoir une valeur null. [D:\ABRPOINT-newfeatures\ABRPOINT.Server\ABRPOINT.Server.csproj]
D:\ABRPOINT-newfeatures\ABRPOINT.Server\Repository\CongeRepository.cs(113,76): warning CS8629: Le type valeur Nullable peut avoir une valeur null. [D:\ABRPOINT-newfeatures\ABRPOINT.Server\ABRPOINT.Server.csproj]
D:\ABRPOINT-newfeatures\ABRPOINT.Server\Repository\ContratRepository.cs(101,40): warning CS8619: La nullabilit├® des types r├®f├®rence dans la valeur de type 'List<string?>' ne correspond pas au type cible 'List<string>'. [D:\ABRPOINT-newfeatures\ABRPOINT.Server\ABRPOINT.Server.csproj]
D:\ABRPOINT-newfeatures\ABRPOINT.Server\Repository\ContratRepository.cs(107,72): warning CS8604: Existence possible d'un argument de r├®f├®rence null pour le param├¿tre 'item' dans 'bool List<string>.Contains(string item)'. [D:\ABRPOINT-newfeatures\ABRPOINT.Server\ABRPOINT.Server.csproj]
D:\ABRPOINT-newfeatures\ABRPOINT.Server\Repository\CongeRepository.cs(177,30): warning CS0168: La variable 'ex' est d├®clar├®e, mais jamais utilis├®e [D:\ABRPOINT-newfeatures\ABRPOINT.Server\ABRPOINT.Server.csproj]
D:\ABRPOINT-newfeatures\ABRPOINT.Server\Repository\CongeRepository.cs(186,24): warning CS8603: Existence possible d'un retour de r├®f├®rence null. [D:\ABRPOINT-newfeatures\ABRPOINT.Server\ABRPOINT.Server.csproj]
D:\ABRPOINT-newfeatures\ABRPOINT.Server\Repository\DemCongeRepository.cs(113,24): warning CS8603: Existence possible d'un retour de r├®f├®rence null. [D:\ABRPOINT-newfeatures\ABRPOINT.Server\ABRPOINT.Server.csproj]
D:\ABRPOINT-newfeatures\ABRPOINT.Server\Repository\ContratRepository.cs(116,36): warning CS8619: La nullabilit├® des types r├®f├®rence dans la valeur de type 'List<string?>' ne correspond pas au type cible 'List<string>'. [D:\ABRPOINT-newfeatures\ABRPOINT.Server\ABRPOINT.Server.csproj]
D:\ABRPOINT-newfeatures\ABRPOINT.Server\Repository\ContratRepository.cs(124,41): warning CS8604: Existence possible d'un argument de r├®f├®rence null pour le param├¿tre 'item' dans 'bool List<string>.Contains(string item)'. [D:\ABRPOINT-newfeatures\ABRPOINT.Server\ABRPOINT.Server.csproj]
D:\ABRPOINT-newfeatures\ABRPOINT.Server\Repository\CongeRepository.cs(237,81): warning CS8604: Existence possible d'un argument de r├®f├®rence null pour le param├¿tre 'poste' dans 'float CongeRepository.CalculerHeureTravailJour(DateTime? predat, Poste poste)'. [D:\ABRPOINT-newfeatures\ABRPOINT.Server\ABRPOINT.Server.csproj]
D:\ABRPOINT-newfeatures\ABRPOINT.Server\Repository\ContratRepository.cs(145,24): warning CS8603: Existence possible d'un retour de r├®f├®rence null. [D:\ABRPOINT-newfeatures\ABRPOINT.Server\ABRPOINT.Server.csproj]
D:\ABRPOINT-newfeatures\ABRPOINT.Server\Repository\CongeRepository.cs(251,27): warning CS8629: Le type valeur Nullable peut avoir une valeur null. [D:\ABRPOINT-newfeatures\ABRPOINT.Server\ABRPOINT.Server.csproj]
D:\ABRPOINT-newfeatures\ABRPOINT.Server\Repository\CongeRepository.cs(319,24): warning CS8603: Existence possible d'un retour de r├®f├®rence null. [D:\ABRPOINT-newfeatures\ABRPOINT.Server\ABRPOINT.Server.csproj]
D:\ABRPOINT-newfeatures\ABRPOINT.Server\Repository\DemCongeRepository.cs(145,30): warning CS0168: La variable 'ex' est d├®clar├®e, mais jamais utilis├®e [D:\ABRPOINT-newfeatures\ABRPOINT.Server\ABRPOINT.Server.csproj]
D:\ABRPOINT-newfeatures\ABRPOINT.Server\Repository\DemCongeRepository.cs(159,55): warning CS8604: Existence possible d'un argument de r├®f├®rence null pour le param├¿tre 'soccod' dans 'Demconge DemCongeRepository.GetByConcod(string soccod, string concod)'. [D:\ABRPOINT-newfeatures\ABRPOINT.Server\ABRPOINT.Server.csproj]
D:\ABRPOINT-newfeatures\ABRPOINT.Server\Repository\DemCongeRepository.cs(159,72): warning CS8604: Existence possible d'un argument de r├®f├®rence null pour le param├¿tre 'concod' dans 'Demconge DemCongeRepository.GetByConcod(string soccod, string concod)'. [D:\ABRPOINT-newfeatures\ABRPOINT.Server\ABRPOINT.Server.csproj]
D:\ABRPOINT-newfeatures\ABRPOINT.Server\Repository\DemCongeRepository.cs(174,49): warning CS8604: Existence possible d'un argument de r├®f├®rence null pour le param├¿tre 'entity' dans 'EntityEntry<Demconge> DbSet<Demconge>.Update(Demconge entity)'. [D:\ABRPOINT-newfeatures\ABRPOINT.Server\ABRPOINT.Server.csproj]
D:\ABRPOINT-newfeatures\ABRPOINT.Server\Repository\CongeRepository.cs(332,45): warning CS8604: Existence possible d'un argument de r├®f├®rence null pour le param├¿tre 'soccod' dans 'Conge CongeRepository.GetByConcod(string soccod, string concod)'. [D:\ABRPOINT-newfeatures\ABRPOINT.Server\ABRPOINT.Server.csproj]
D:\ABRPOINT-newfeatures\ABRPOINT.Server\Repository\CongeRepository.cs(332,59): warning CS8604: Existence possible d'un argument de r├®f├®rence null pour le param├¿tre 'concod' dans 'Conge CongeRepository.GetByConcod(string soccod, string concod)'. [D:\ABRPOINT-newfeatures\ABRPOINT.Server\ABRPOINT.Server.csproj]
D:\ABRPOINT-newfeatures\ABRPOINT.Server\Repository\PresenceRepository.cs(627,67): warning CS8629: Le type valeur Nullable peut avoir une valeur null. [D:\ABRPOINT-newfeatures\ABRPOINT.Server\ABRPOINT.Server.csproj]
D:\ABRPOINT-newfeatures\ABRPOINT.Server\Repository\PresenceRepository.cs(631,41): warning CS8714: Impossible d'utiliser le type 'string?' en tant que param├¿tre de type 'TKey' dans le type ou la m├®thode g├®n├®rique 'EntityFrameworkQueryableExtensions.ToDictionaryAsync<TSource, TKey>(IQueryable<TSource>, Func<TSource, TKey>, CancellationToken)'. La nullabilit├® de l'argument de type 'string?' ne correspond pas ├á la contrainte 'notnull'. [D:\ABRPOINT-newfeatures\ABRPOINT.Server\ABRPOINT.Server.csproj]
D:\ABRPOINT-newfeatures\ABRPOINT.Server\Repository\PresenceRepository.cs(631,108): warning CS8621: La nullabilit├® des types r├®f├®rence dans le type de retour de 'expression lambda' ne correspond pas au d├®l├®gu├® cible 'Func<Poste, string?>' (probablement en raison des attributs de nullabilit├®). [D:\ABRPOINT-newfeatures\ABRPOINT.Server\ABRPOINT.Server.csproj]
D:\ABRPOINT-newfeatures\ABRPOINT.Server\Repository\PresenceRepository.cs(632,98): warning CS8625: Impossible de convertir un litt├®ral ayant une valeur null en type r├®f├®rence non-nullable. [D:\ABRPOINT-newfeatures\ABRPOINT.Server\ABRPOINT.Server.csproj]
D:\ABRPOINT-newfeatures\ABRPOINT.Server\Repository\PresenceRepository.cs(738,44): warning CS8602: D├®r├®f├®rencement d'une ├®ventuelle r├®f├®rence null. [D:\ABRPOINT-newfeatures\ABRPOINT.Server\ABRPOINT.Server.csproj]
D:\ABRPOINT-newfeatures\ABRPOINT.Server\Repository\PresenceRepository.cs(754,119): warning CS8620: Impossible d'utiliser l'argument de type 'Dictionary<string?, Poste>' pour le param├¿tre 'postesCache' de type 'Dictionary<string, Poste>' dans 'EmpparamPointageMois GenericMethodes.EnrichEmpparamWithPoste(EmpparamPointageMois baseParam, DateTime date, string codPoste, Dictionary<string, Poste> postesCache)'. En effet, il existe des diff├®rences dans l'acceptation des valeurs null par les types r├®f├®rence. [D:\ABRPOINT-newfeatures\ABRPOINT.Server\ABRPOINT.Server.csproj]
D:\ABRPOINT-newfeatures\ABRPOINT.Server\Repository\PresenceRepository.cs(757,71): warning CS8604: Existence possible d'un argument de r├®f├®rence null pour le param├¿tre 'poste' dans 'Task<string?> PresenceRepository.CalcHreTrav(PresenceDto presence, Poste poste, EmpparamPointageMois? empparam)'. [D:\ABRPOINT-newfeatures\ABRPOINT.Server\ABRPOINT.Server.csproj]
D:\ABRPOINT-newfeatures\ABRPOINT.Server\Repository\PresenceRepository.cs(812,86): warning CS8604: Existence possible d'un argument de r├®f├®rence null pour le param├¿tre 'time' dans 'float? GenericMethodes.ConvertHHmmToDouble(string time)'. [D:\ABRPOINT-newfeatures\ABRPOINT.Server\ABRPOINT.Server.csproj]
D:\ABRPOINT-newfeatures\ABRPOINT.Server\Repository\PresenceRepository.cs(819,37): warning CS8604: Existence possible d'un argument de r├®f├®rence null pour le param├¿tre 'autorisation' dans 'Task<float?> IHeureAbsencesService.CalculateHeureAbsences(Presence presence, string soccod, string? poste, DateTime? date, AutDto autorisation, float? hretrav)'. [D:\ABRPOINT-newfeatures\ABRPOINT.Server\ABRPOINT.Server.csproj]
D:\ABRPOINT-newfeatures\ABRPOINT.Server\Repository\PresenceRepository.cs(845,98): warning CS8604: Existence possible d'un argument de r├®f├®rence null pour le param├¿tre 'autoisation' dans 'Task<(int nbRetard, DateTime? Preretame, DateTime? Preretameup, DateTime? Preretmate, DateTime? Preretmateup, DateTime? Preretmats, DateTime? Preretmatsup, DateTime? Preretams, DateTime? Preretamsup)> IHeureRetardService.CalculateHeureRetard(PresenceDto presence, Poste poste, AutDto autoisation)'. [D:\ABRPOINT-newfeatures\ABRPOINT.Server\ABRPOINT.Server.csproj]
D:\ABRPOINT-newfeatures\ABRPOINT.Server\Repository\CongeRepository.cs(378,24): warning CS8603: Existence possible d'un retour de r├®f├®rence null. [D:\ABRPOINT-newfeatures\ABRPOINT.Server\ABRPOINT.Server.csproj]
D:\ABRPOINT-newfeatures\ABRPOINT.Server\Repository\DirectionRepository.cs(39,24): warning CS8603: Existence possible d'un retour de r├®f├®rence null. [D:\ABRPOINT-newfeatures\ABRPOINT.Server\ABRPOINT.Server.csproj]
D:\ABRPOINT-newfeatures\ABRPOINT.Server\Repository\DirectionRepository.cs(65,24): warning CS8603: Existence possible d'un retour de r├®f├®rence null. [D:\ABRPOINT-newfeatures\ABRPOINT.Server\ABRPOINT.Server.csproj]
D:\ABRPOINT-newfeatures\ABRPOINT.Server\Repository\DirectionRepository.cs(97,24): warning CS8714: Impossible d'utiliser le type 'string?' en tant que param├¿tre de type 'TKey' dans le type ou la m├®thode g├®n├®rique 'Enumerable.ToDictionary<TSource, TKey, TElement>(IEnumerable<TSource>, Func<TSource, TKey>, Func<TSource, TElement>)'. La nullabilit├® de l'argument de type 'string?' ne correspond pas ├á la contrainte 'notnull'. [D:\ABRPOINT-newfeatures\ABRPOINT.Server\ABRPOINT.Server.csproj]
D:\ABRPOINT-newfeatures\ABRPOINT.Server\Repository\DirectionRepository.cs(97,88): warning CS8621: La nullabilit├® des types r├®f├®rence dans le type de retour de 'expression lambda' ne correspond pas au d├®l├®gu├® cible 'Func<Direction, string?>' (probablement en raison des attributs de nullabilit├®). [D:\ABRPOINT-newfeatures\ABRPOINT.Server\ABRPOINT.Server.csproj]
D:\ABRPOINT-newfeatures\ABRPOINT.Server\Repository\DirectionRepository.cs(97,24): warning CS8619: La nullabilit├® des types r├®f├®rence dans la valeur de type 'Dictionary<string?, string?>' ne correspond pas au type cible 'Dictionary<string, string>'. [D:\ABRPOINT-newfeatures\ABRPOINT.Server\ABRPOINT.Server.csproj]
D:\ABRPOINT-newfeatures\ABRPOINT.Server\Repository\PresenceRepository.cs(936,34): warning CS8600: Conversion de litt├®ral ayant une valeur null ou d'une ├®ventuelle valeur null en type non-nullable. [D:\ABRPOINT-newfeatures\ABRPOINT.Server\ABRPOINT.Server.csproj]
D:\ABRPOINT-newfeatures\ABRPOINT.Server\Repository\PresenceRepository.cs(938,66): warning CS8604: Existence possible d'un argument de r├®f├®rence null pour le param├¿tre 'soccod' dans 'Task<string?> IPosteRepository.GetEmpPoste(string soccod, string empcod, DateTime? date, string? catcod)'. [D:\ABRPOINT-newfeatures\ABRPOINT.Server\ABRPOINT.Server.csproj]
D:\ABRPOINT-newfeatures\ABRPOINT.Server\Repository\PresenceRepository.cs(938,82): warning CS8604: Existence possible d'un argument de r├®f├®rence null pour le param├¿tre 'empcod' dans 'Task<string?> IPosteRepository.GetEmpPoste(string soccod, string empcod, DateTime? date, string? catcod)'. [D:\ABRPOINT-newfeatures\ABRPOINT.Server\ABRPOINT.Server.csproj]
D:\ABRPOINT-newfeatures\ABRPOINT.Server\Repository\PresenceRepository.cs(938,31): warning CS8600: Conversion de litt├®ral ayant une valeur null ou d'une ├®ventuelle valeur null en type non-nullable. [D:\ABRPOINT-newfeatures\ABRPOINT.Server\ABRPOINT.Server.csproj]
D:\ABRPOINT-newfeatures\ABRPOINT.Server\Repository\PresenceRepository.cs(939,61): warning CS8604: Existence possible d'un argument de r├®f├®rence null pour le param├¿tre 'soccod' dans 'Task<Poste?> IPosteRepository.GetPoste(string soccod, string? codposte)'. [D:\ABRPOINT-newfeatures\ABRPOINT.Server\ABRPOINT.Server.csproj]
D:\ABRPOINT-newfeatures\ABRPOINT.Server\Repository\PresenceRepository.cs(950,86): warning CS8604: Existence possible d'un argument de r├®f├®rence null pour le param├¿tre 'autoisation' dans 'Task<(int nbRetard, DateTime? Preretame, DateTime? Preretameup, DateTime? Preretmate, DateTime? Preretmateup, DateTime? Preretmats, DateTime? Preretmatsup, DateTime? Preretams, DateTime? Preretamsup)> IHeureRetardService.CalculateHeureRetard(PresenceDto presence, Poste poste, AutDto autoisation)'. [D:\ABRPOINT-newfeatures\ABRPOINT.Server\ABRPOINT.Server.csproj]
D:\ABRPOINT-newfeatures\ABRPOINT.Server\Repository\FonctionRepository.cs(42,20): warning CS8714: Impossible d'utiliser le type 'string?' en tant que param├¿tre de type 'TKey' dans le type ou la m├®thode g├®n├®rique 'Enumerable.ToDictionary<TSource, TKey, TElement>(IEnumerable<TSource>, Func<TSource, TKey>, Func<TSource, TElement>)'. La nullabilit├® de l'argument de type 'string?' ne correspond pas ├á la contrainte 'notnull'. [D:\ABRPOINT-newfeatures\ABRPOINT.Server\ABRPOINT.Server.csproj]
D:\ABRPOINT-newfeatures\ABRPOINT.Server\Repository\FonctionRepository.cs(43,46): warning CS8621: La nullabilit├® des types r├®f├®rence dans le type de retour de 'expression lambda' ne correspond pas au d├®l├®gu├® cible 'Func<Fonction, string?>' (probablement en raison des attributs de nullabilit├®). [D:\ABRPOINT-newfeatures\ABRPOINT.Server\ABRPOINT.Server.csproj]
D:\ABRPOINT-newfeatures\ABRPOINT.Server\Repository\FonctionRepository.cs(42,20): warning CS8619: La nullabilit├® des types r├®f├®rence dans la valeur de type 'Dictionary<string?, string?>' ne correspond pas au type cible 'Dictionary<string, string>'. [D:\ABRPOINT-newfeatures\ABRPOINT.Server\ABRPOINT.Server.csproj]
D:\ABRPOINT-newfeatures\ABRPOINT.Server\Repository\FonctionRepository.cs(48,20): warning CS8603: Existence possible d'un retour de r├®f├®rence null. [D:\ABRPOINT-newfeatures\ABRPOINT.Server\ABRPOINT.Server.csproj]
D:\ABRPOINT-newfeatures\ABRPOINT.Server\Repository\DmpointService.cs(112,42): warning CS8629: Le type valeur Nullable peut avoir une valeur null. [D:\ABRPOINT-newfeatures\ABRPOINT.Server\ABRPOINT.Server.csproj]
D:\ABRPOINT-newfeatures\ABRPOINT.Server\Repository\DmpointService.cs(111,20): warning CS8619: La nullabilit├® des types r├®f├®rence dans la valeur de type 'Dictionary<(string? Empcod, DateTime Date), string?>' ne correspond pas au type cible 'Dictionary<(string Empcod, DateTime Date), string?>'. [D:\ABRPOINT-newfeatures\ABRPOINT.Server\ABRPOINT.Server.csproj]
D:\ABRPOINT-newfeatures\ABRPOINT.Server\Repository\LcategorieRepository.cs(86,24): warning CS8603: Existence possible d'un retour de r├®f├®rence null. [D:\ABRPOINT-newfeatures\ABRPOINT.Server\ABRPOINT.Server.csproj]
D:\ABRPOINT-newfeatures\ABRPOINT.Server\Repository\LcategorieRepository.cs(112,28): warning CS8714: Impossible d'utiliser le type 'string?' en tant que param├¿tre de type 'TKey' dans le type ou la m├®thode g├®n├®rique 'Enumerable.ToDictionary<TSource, TKey, TElement>(IEnumerable<TSource>, Func<TSource, TKey>, Func<TSource, TElement>)'. La nullabilit├® de l'argument de type 'string?' ne correspond pas ├á la contrainte 'notnull'. [D:\ABRPOINT-newfeatures\ABRPOINT.Server\ABRPOINT.Server.csproj]
D:\ABRPOINT-newfeatures\ABRPOINT.Server\Repository\LcategorieRepository.cs(114,35): warning CS8621: La nullabilit├® des types r├®f├®rence dans le type de retour de 'expression lambda' ne correspond pas au d├®l├®gu├® cible 'Func<Categorie, string?>' (probablement en raison des attributs de nullabilit├®). [D:\ABRPOINT-newfeatures\ABRPOINT.Server\ABRPOINT.Server.csproj]
D:\ABRPOINT-newfeatures\ABRPOINT.Server\Repository\LcategorieRepository.cs(112,28): warning CS8619: La nullabilit├® des types r├®f├®rence dans la valeur de type 'Dictionary<string?, string?>' ne correspond pas au type cible 'Dictionary<string, string>'. [D:\ABRPOINT-newfeatures\ABRPOINT.Server\ABRPOINT.Server.csproj]
D:\ABRPOINT-newfeatures\ABRPOINT.Server\Repository\PresenceRepository.cs(980,106): warning CS8629: Le type valeur Nullable peut avoir une valeur null. [D:\ABRPOINT-newfeatures\ABRPOINT.Server\ABRPOINT.Server.csproj]
D:\ABRPOINT-newfeatures\ABRPOINT.Server\Repository\PresenceRepository.cs(980,73): warning CS8604: Existence possible d'un argument de r├®f├®rence null pour le param├¿tre 'soccod' dans 'Task<EmpparamPointageMois> IEmployeRepository.GetEmpparam(string soccod, string empcod, DateTime date, string codpost)'. [D:\ABRPOINT-newfeatures\ABRPOINT.Server\ABRPOINT.Server.csproj]
D:\ABRPOINT-newfeatures\ABRPOINT.Server\Repository\PresenceRepository.cs(980,90): warning CS8604: Existence possible d'un argument de r├®f├®rence null pour le param├¿tre 'empcod' dans 'Task<EmpparamPointageMois> IEmployeRepository.GetEmpparam(string soccod, string empcod, DateTime date, string codpost)'. [D:\ABRPOINT-newfeatures\ABRPOINT.Server\ABRPOINT.Server.csproj]
D:\ABRPOINT-newfeatures\ABRPOINT.Server\Repository\PresenceRepository.cs(980,132): warning CS8604: Existence possible d'un argument de r├®f├®rence null pour le param├¿tre 'codpost' dans 'Task<EmpparamPointageMois> IEmployeRepository.GetEmpparam(string soccod, string empcod, DateTime date, string codpost)'. [D:\ABRPOINT-newfeatures\ABRPOINT.Server\ABRPOINT.Server.csproj]
D:\ABRPOINT-newfeatures\ABRPOINT.Server\Repository\PresenceRepository.cs(993,66): warning CS8604: Existence possible d'un argument de r├®f├®rence null pour le param├¿tre 'poste' dans 'Task<string?> PresenceRepository.CalcHreTrav(PresenceDto presence, Poste poste, EmpparamPointageMois? empparam)'. [D:\ABRPOINT-newfeatures\ABRPOINT.Server\ABRPOINT.Server.csproj]
D:\ABRPOINT-newfeatures\ABRPOINT.Server\Repository\PresenceRepository.cs(995,80): warning CS8604: Existence possible d'un argument de r├®f├®rence null pour le param├¿tre 'time' dans 'float? GenericMethodes.ConvertHHmmToDouble(string time)'. [D:\ABRPOINT-newfeatures\ABRPOINT.Server\ABRPOINT.Server.csproj]
D:\ABRPOINT-newfeatures\ABRPOINT.Server\Repository\PresenceRepository.cs(997,37): warning CS8629: Le type valeur Nullable peut avoir une valeur null. [D:\ABRPOINT-newfeatures\ABRPOINT.Server\ABRPOINT.Server.csproj]
D:\ABRPOINT-newfeatures\ABRPOINT.Server\Repository\PresenceRepository.cs(998,39): warning CS8629: Le type valeur Nullable peut avoir une valeur null. [D:\ABRPOINT-newfeatures\ABRPOINT.Server\ABRPOINT.Server.csproj]
D:\ABRPOINT-newfeatures\ABRPOINT.Server\Repository\PresenceRepository.cs(1005,118): warning CS8629: Le type valeur Nullable peut avoir une valeur null. [D:\ABRPOINT-newfeatures\ABRPOINT.Server\ABRPOINT.Server.csproj]
D:\ABRPOINT-newfeatures\ABRPOINT.Server\Repository\PresenceRepository.cs(1007,180): warning CS8604: Existence possible d'un argument de r├®f├®rence null pour le param├¿tre 'autorisation' dans 'Task<float?> IHeureAbsencesService.CalculateHeureAbsences(Presence presence, string soccod, string? poste, DateTime? date, AutDto autorisation, float? hretrav)'. [D:\ABRPOINT-newfeatures\ABRPOINT.Server\ABRPOINT.Server.csproj]
D:\ABRPOINT-newfeatures\ABRPOINT.Server\Repository\JourFerieRepository.cs(65,20): warning CS8603: Existence possible d'un retour de r├®f├®rence null. [D:\ABRPOINT-newfeatures\ABRPOINT.Server\ABRPOINT.Server.csproj]
D:\ABRPOINT-newfeatures\ABRPOINT.Server\Repository\CongeRepository.cs(439,25): error CS0200: Impossible d'assigner la propri├®t├® ou l'indexeur '<anonymous type: int Month, float? TotalDays>.TotalDays' -- il est en lecture seule [D:\ABRPOINT-newfeatures\ABRPOINT.Server\ABRPOINT.Server.csproj]
D:\ABRPOINT-newfeatures\ABRPOINT.Server\Repository\CongeRepository.cs(459,25): error CS0200: Impossible d'assigner la propri├®t├® ou l'indexeur '<anonymous type: int Month, float? TotalDays>.TotalDays' -- il est en lecture seule [D:\ABRPOINT-newfeatures\ABRPOINT.Server\ABRPOINT.Server.csproj]
D:\ABRPOINT-newfeatures\ABRPOINT.Server\Repository\EmployeRepository.cs(70,71): warning CS8604: Existence possible d'un argument de r├®f├®rence null pour le param├¿tre 'empmat' dans 'string GenericMethodes.FormatEmpmat(string empmat, short? requiredLength)'. [D:\ABRPOINT-newfeatures\ABRPOINT.Server\ABRPOINT.Server.csproj]
D:\ABRPOINT-newfeatures\ABRPOINT.Server\Repository\JourFerieRepository.cs(133,48): warning CS8604: Existence possible d'un argument de r├®f├®rence null pour le param├¿tre 'soccod' dans 'Task<bool> JourFerieRepository.IsFerier(string soccod, DateTime? predat)'. [D:\ABRPOINT-newfeatures\ABRPOINT.Server\ABRPOINT.Server.csproj]
D:\ABRPOINT-newfeatures\ABRPOINT.Server\Repository\PresenceRepository.cs(1048,91): warning CS8604: Existence possible d'un argument de r├®f├®rence null pour le param├¿tre 'soccod' dans 'Task<ArrondiParam?> IParametreRepository.GetEtatPeriodiqueParamAsync(string soccod)'. [D:\ABRPOINT-newfeatures\ABRPOINT.Server\ABRPOINT.Server.csproj]
D:\ABRPOINT-newfeatures\ABRPOINT.Server\Repository\PresenceRepository.cs(1052,113): warning CS8629: Le type valeur Nullable peut avoir une valeur null. [D:\ABRPOINT-newfeatures\ABRPOINT.Server\ABRPOINT.Server.csproj]
D:\ABRPOINT-newfeatures\ABRPOINT.Server\Repository\PresenceRepository.cs(1052,39): warning CS8600: Conversion de litt├®ral ayant une valeur null ou d'une ├®ventuelle valeur null en type non-nullable. [D:\ABRPOINT-newfeatures\ABRPOINT.Server\ABRPOINT.Server.csproj]
D:\ABRPOINT-newfeatures\ABRPOINT.Server\Repository\PresenceRepository.cs(1055,87): warning CS8604: Existence possible d'un argument de r├®f├®rence null pour le param├¿tre 'empcod' dans 'Task<string?> IPosteRepository.GetEmpPoste(string soccod, string empcod, DateTime? date, string? catcod)'. [D:\ABRPOINT-newfeatures\ABRPOINT.Server\ABRPOINT.Server.csproj]
D:\ABRPOINT-newfeatures\ABRPOINT.Server\Repository\PresenceRepository.cs(1057,29): warning CS8600: Conversion de litt├®ral ayant une valeur null ou d'une ├®ventuelle valeur null en type non-nullable. [D:\ABRPOINT-newfeatures\ABRPOINT.Server\ABRPOINT.Server.csproj]
D:\ABRPOINT-newfeatures\ABRPOINT.Server\Repository\PresenceRepository.cs(1059,37): warning CS8602: D├®r├®f├®rencement d'une ├®ventuelle r├®f├®rence null. [D:\ABRPOINT-newfeatures\ABRPOINT.Server\ABRPOINT.Server.csproj]
D:\ABRPOINT-newfeatures\ABRPOINT.Server\Repository\PresenceRepository.cs(1068,28): warning CS8629: Le type valeur Nullable peut avoir une valeur null. [D:\ABRPOINT-newfeatures\ABRPOINT.Server\ABRPOINT.Server.csproj]
D:\ABRPOINT-newfeatures\ABRPOINT.Server\Repository\PresenceRepository.cs(1133,125): warning CS8604: Existence possible d'un argument de r├®f├®rence null pour le param├¿tre 'empparam' dans 'float GenericMethodes.CalculateHoursWithLimits(Presence presence, EmpparamPointageMois empparam)'. [D:\ABRPOINT-newfeatures\ABRPOINT.Server\ABRPOINT.Server.csproj]
D:\ABRPOINT-newfeatures\ABRPOINT.Server\Repository\LposteRepository.cs(40,30): warning CS0168: La variable 'ex' est d├®clar├®e, mais jamais utilis├®e [D:\ABRPOINT-newfeatures\ABRPOINT.Server\ABRPOINT.Server.csproj]
D:\ABRPOINT-newfeatures\ABRPOINT.Server\Repository\PresenceRepository.cs(1148,91): warning CS8604: Existence possible d'un argument de r├®f├®rence null pour le param├¿tre 'soccod' dans 'Task<ArrondiParam?> IParametreRepository.GetEtatPeriodiqueParamAsync(string soccod)'. [D:\ABRPOINT-newfeatures\ABRPOINT.Server\ABRPOINT.Server.csproj]
D:\ABRPOINT-newfeatures\ABRPOINT.Server\Repository\PresenceRepository.cs(1152,113): warning CS8629: Le type valeur Nullable peut avoir une valeur null. [D:\ABRPOINT-newfeatures\ABRPOINT.Server\ABRPOINT.Server.csproj]
D:\ABRPOINT-newfeatures\ABRPOINT.Server\Repository\PresenceRepository.cs(1152,39): warning CS8600: Conversion de litt├®ral ayant une valeur null ou d'une ├®ventuelle valeur null en type non-nullable. [D:\ABRPOINT-newfeatures\ABRPOINT.Server\ABRPOINT.Server.csproj]
D:\ABRPOINT-newfeatures\ABRPOINT.Server\Repository\PresenceRepository.cs(1155,87): warning CS8604: Existence possible d'un argument de r├®f├®rence null pour le param├¿tre 'empcod' dans 'Task<string?> IPosteRepository.GetEmpPoste(string soccod, string empcod, DateTime? date, string? catcod)'. [D:\ABRPOINT-newfeatures\ABRPOINT.Server\ABRPOINT.Server.csproj]
D:\ABRPOINT-newfeatures\ABRPOINT.Server\Repository\PresenceRepository.cs(1157,29): warning CS8600: Conversion de litt├®ral ayant une valeur null ou d'une ├®ventuelle valeur null en type non-nullable. [D:\ABRPOINT-newfeatures\ABRPOINT.Server\ABRPOINT.Server.csproj]
D:\ABRPOINT-newfeatures\ABRPOINT.Server\Repository\PresenceRepository.cs(1159,37): warning CS8602: D├®r├®f├®rencement d'une ├®ventuelle r├®f├®rence null. [D:\ABRPOINT-newfeatures\ABRPOINT.Server\ABRPOINT.Server.csproj]
D:\ABRPOINT-newfeatures\ABRPOINT.Server\Repository\PresenceRepository.cs(1168,28): warning CS8629: Le type valeur Nullable peut avoir une valeur null. [D:\ABRPOINT-newfeatures\ABRPOINT.Server\ABRPOINT.Server.csproj]
D:\ABRPOINT-newfeatures\ABRPOINT.Server\Repository\PresenceRepository.cs(1233,125): warning CS8604: Existence possible d'un argument de r├®f├®rence null pour le param├¿tre 'empparam' dans 'float GenericMethodes.CalculateHoursWithLimits(Presence presence, EmpparamPointageMois empparam)'. [D:\ABRPOINT-newfeatures\ABRPOINT.Server\ABRPOINT.Server.csproj]
D:\ABRPOINT-newfeatures\ABRPOINT.Server\Repository\EmployeRepository.cs(102,24): warning CS8619: La nullabilit├® des types r├®f├®rence dans la valeur de type 'Dictionary<string, EmployeStat>' ne correspond pas au type cible 'Dictionary<string?, EmployeStat>'. [D:\ABRPOINT-newfeatures\ABRPOINT.Server\ABRPOINT.Server.csproj]
D:\ABRPOINT-newfeatures\ABRPOINT.Server\Repository\PresenceRepository.cs(1304,20): warning CS8603: Existence possible d'un retour de r├®f├®rence null. [D:\ABRPOINT-newfeatures\ABRPOINT.Server\ABRPOINT.Server.csproj]
D:\ABRPOINT-newfeatures\ABRPOINT.Server\Repository\ParametreRepository.cs(67,77): warning CS8604: Existence possible d'un argument de r├®f├®rence null pour le param├¿tre 'item' dans 'bool List<string>.Contains(string item)'. [D:\ABRPOINT-newfeatures\ABRPOINT.Server\ABRPOINT.Server.csproj]
D:\ABRPOINT-newfeatures\ABRPOINT.Server\Repository\ParametreRepository.cs(66,40): warning CS8714: Impossible d'utiliser le type 'string?' en tant que param├¿tre de type 'TKey' dans le type ou la m├®thode g├®n├®rique 'EntityFrameworkQueryableExtensions.ToDictionaryAsync<TSource, TKey>(IQueryable<TSource>, Func<TSource, TKey>, CancellationToken)'. La nullabilit├® de l'argument de type 'string?' ne correspond pas ├á la contrainte 'notnull'. [D:\ABRPOINT-newfeatures\ABRPOINT.Server\ABRPOINT.Server.csproj]
D:\ABRPOINT-newfeatures\ABRPOINT.Server\Repository\ParametreRepository.cs(68,40): warning CS8621: La nullabilit├® des types r├®f├®rence dans le type de retour de 'expression lambda' ne correspond pas au d├®l├®gu├® cible 'Func<Poste, string?>' (probablement en raison des attributs de nullabilit├®). [D:\ABRPOINT-newfeatures\ABRPOINT.Server\ABRPOINT.Server.csproj]
D:\ABRPOINT-newfeatures\ABRPOINT.Server\Repository\PaysRepository.cs(38,20): warning CS8603: Existence possible d'un retour de r├®f├®rence null. [D:\ABRPOINT-newfeatures\ABRPOINT.Server\ABRPOINT.Server.csproj]
D:\ABRPOINT-newfeatures\ABRPOINT.Server\Repository\PaysRepository.cs(43,20): warning CS8714: Impossible d'utiliser le type 'string?' en tant que param├¿tre de type 'TKey' dans le type ou la m├®thode g├®n├®rique 'Enumerable.ToDictionary<TSource, TKey, TElement>(IEnumerable<TSource>, Func<TSource, TKey>, Func<TSource, TElement>)'. La nullabilit├® de l'argument de type 'string?' ne correspond pas ├á la contrainte 'notnull'. [D:\ABRPOINT-newfeatures\ABRPOINT.Server\ABRPOINT.Server.csproj]
D:\ABRPOINT-newfeatures\ABRPOINT.Server\Repository\PaysRepository.cs(43,52): warning CS8621: La nullabilit├® des types r├®f├®rence dans le type de retour de 'expression lambda' ne correspond pas au d├®l├®gu├® cible 'Func<Nation, string?>' (probablement en raison des attributs de nullabilit├®). [D:\ABRPOINT-newfeatures\ABRPOINT.Server\ABRPOINT.Server.csproj]
D:\ABRPOINT-newfeatures\ABRPOINT.Server\Repository\PaysRepository.cs(43,20): warning CS8619: La nullabilit├® des types r├®f├®rence dans la valeur de type 'Dictionary<string?, string?>' ne correspond pas au type cible 'Dictionary<string, string>'. [D:\ABRPOINT-newfeatures\ABRPOINT.Server\ABRPOINT.Server.csproj]
D:\ABRPOINT-newfeatures\ABRPOINT.Server\Repository\ModuserRepository.cs(105,42): warning CS8600: Conversion de litt├®ral ayant une valeur null ou d'une ├®ventuelle valeur null en type non-nullable. [D:\ABRPOINT-newfeatures\ABRPOINT.Server\ABRPOINT.Server.csproj]
D:\ABRPOINT-newfeatures\ABRPOINT.Server\Repository\ParametreRepository.cs(185,24): warning CS8603: Existence possible d'un retour de r├®f├®rence null. [D:\ABRPOINT-newfeatures\ABRPOINT.Server\ABRPOINT.Server.csproj]
D:\ABRPOINT-newfeatures\ABRPOINT.Server\Repository\EmployeRepository.cs(225,73): warning CS8604: Existence possible d'un argument de r├®f├®rence null pour le param├¿tre 'soccod' dans 'Task<string?> IPosteRepository.GetEmpPoste(string soccod, string empcod, DateTime? date, string? catcod)'. [D:\ABRPOINT-newfeatures\ABRPOINT.Server\ABRPOINT.Server.csproj]
D:\ABRPOINT-newfeatures\ABRPOINT.Server\Repository\EmployeRepository.cs(225,83): warning CS8604: Existence possible d'un argument de r├®f├®rence null pour le param├¿tre 'empcod' dans 'Task<string?> IPosteRepository.GetEmpPoste(string soccod, string empcod, DateTime? date, string? catcod)'. [D:\ABRPOINT-newfeatures\ABRPOINT.Server\ABRPOINT.Server.csproj]
D:\ABRPOINT-newfeatures\ABRPOINT.Server\Repository\EmployeRepository.cs(225,38): warning CS8600: Conversion de litt├®ral ayant une valeur null ou d'une ├®ventuelle valeur null en type non-nullable. [D:\ABRPOINT-newfeatures\ABRPOINT.Server\ABRPOINT.Server.csproj]
D:\ABRPOINT-newfeatures\ABRPOINT.Server\Repository\EmployeRepository.cs(236,43): warning CS8600: Conversion de litt├®ral ayant une valeur null ou d'une ├®ventuelle valeur null en type non-nullable. [D:\ABRPOINT-newfeatures\ABRPOINT.Server\ABRPOINT.Server.csproj]
D:\ABRPOINT-newfeatures\ABRPOINT.Server\Repository\EmployeRepository.cs(242,86): warning CS8604: Existence possible d'un argument de r├®f├®rence null pour le param├¿tre 'poste' dans 'Task<(int nbRetard, DateTime? Preretame, DateTime? Preretameup, DateTime? Preretmate, DateTime? Preretmateup, DateTime? Preretmats, DateTime? Preretmatsup, DateTime? Preretams, DateTime? Preretamsup)> IHeureRetardService.CalculateHeureRetard(PresenceDto presence, Poste poste, AutDto autoisation)'. [D:\ABRPOINT-newfeatures\ABRPOINT.Server\ABRPOINT.Server.csproj]
D:\ABRPOINT-newfeatures\ABRPOINT.Server\Repository\EmployeRepository.cs(242,93): warning CS8604: Existence possible d'un argument de r├®f├®rence null pour le param├¿tre 'autoisation' dans 'Task<(int nbRetard, DateTime? Preretame, DateTime? Preretameup, DateTime? Preretmate, DateTime? Preretmateup, DateTime? Preretmats, DateTime? Preretmatsup, DateTime? Preretams, DateTime? Preretamsup)> IHeureRetardService.CalculateHeureRetard(PresenceDto presence, Poste poste, AutDto autoisation)'. [D:\ABRPOINT-newfeatures\ABRPOINT.Server\ABRPOINT.Server.csproj]
D:\ABRPOINT-newfeatures\ABRPOINT.Server\Repository\ParametreRepository.cs(211,24): warning CS8603: Existence possible d'un retour de r├®f├®rence null. [D:\ABRPOINT-newfeatures\ABRPOINT.Server\ABRPOINT.Server.csproj]
D:\ABRPOINT-newfeatures\ABRPOINT.Server\Repository\PointageMoisService.cs(42,33): warning CS8604: Existence possible d'un argument de r├®f├®rence null pour le param├¿tre 'empreg' dans 'Task<List<HeuresSupplementairesResultat>> IHeuresSupplementaireHebdomadairesService.CalculerHeuresSupplementairesMultiSemaines(string soccod, string empcod, string mois, string annee, string empreg, string empniveau)'. [D:\ABRPOINT-newfeatures\ABRPOINT.Server\ABRPOINT.Server.csproj]
D:\ABRPOINT-newfeatures\ABRPOINT.Server\Repository\PointageMoisService.cs(42,49): warning CS8604: Existence possible d'un argument de r├®f├®rence null pour le param├¿tre 'empniveau' dans 'Task<List<HeuresSupplementairesResultat>> IHeuresSupplementaireHebdomadairesService.CalculerHeuresSupplementairesMultiSemaines(string soccod, string empcod, string mois, string annee, string empreg, string empniveau)'. [D:\ABRPOINT-newfeatures\ABRPOINT.Server\ABRPOINT.Server.csproj]
D:\ABRPOINT-newfeatures\ABRPOINT.Server\Repository\PointageMoisService.cs(52,33): warning CS8604: Existence possible d'un argument de r├®f├®rence null pour le param├¿tre 'empreg' dans 'Task<HeuresSupplementairesResultat> IHeuresSupplementaireHebdomadairesService.CalculerHeuresSupplementairesHebdomadaires(string soccod, string empcod, string mois, string annee, string semaine, string empreg, string empniveau)'. [D:\ABRPOINT-newfeatures\ABRPOINT.Server\ABRPOINT.Server.csproj]
D:\ABRPOINT-newfeatures\ABRPOINT.Server\Repository\PointageMoisService.cs(52,49): warning CS8604: Existence possible d'un argument de r├®f├®rence null pour le param├¿tre 'empniveau' dans 'Task<HeuresSupplementairesResultat> IHeuresSupplementaireHebdomadairesService.CalculerHeuresSupplementairesHebdomadaires(string soccod, string empcod, string mois, string annee, string semaine, string empreg, string empniveau)'. [D:\ABRPOINT-newfeatures\ABRPOINT.Server\ABRPOINT.Server.csproj]
D:\ABRPOINT-newfeatures\ABRPOINT.Server\Repository\CongeRepository.cs(563,58): warning CS8629: Le type valeur Nullable peut avoir une valeur null. [D:\ABRPOINT-newfeatures\ABRPOINT.Server\ABRPOINT.Server.csproj]
D:\ABRPOINT-newfeatures\ABRPOINT.Server\Repository\CongeRepository.cs(574,45): warning CS8629: Le type valeur Nullable peut avoir une valeur null. [D:\ABRPOINT-newfeatures\ABRPOINT.Server\ABRPOINT.Server.csproj]
D:\ABRPOINT-newfeatures\ABRPOINT.Server\Repository\CongeRepository.cs(590,62): warning CS8629: Le type valeur Nullable peut avoir une valeur null. [D:\ABRPOINT-newfeatures\ABRPOINT.Server\ABRPOINT.Server.csproj]
D:\ABRPOINT-newfeatures\ABRPOINT.Server\Repository\CongeRepository.cs(595,79): warning CS8629: Le type valeur Nullable peut avoir une valeur null. [D:\ABRPOINT-newfeatures\ABRPOINT.Server\ABRPOINT.Server.csproj]
D:\ABRPOINT-newfeatures\ABRPOINT.Server\Repository\CongeRepository.cs(599,38): warning CS8601: Existence possible d'une assignation de r├®f├®rence null. [D:\ABRPOINT-newfeatures\ABRPOINT.Server\ABRPOINT.Server.csproj]
D:\ABRPOINT-newfeatures\ABRPOINT.Server\Repository\CongeRepository.cs(600,38): warning CS8601: Existence possible d'une assignation de r├®f├®rence null. [D:\ABRPOINT-newfeatures\ABRPOINT.Server\ABRPOINT.Server.csproj]
D:\ABRPOINT-newfeatures\ABRPOINT.Server\Repository\CongeRepository.cs(622,59): warning CS8629: Le type valeur Nullable peut avoir une valeur null. [D:\ABRPOINT-newfeatures\ABRPOINT.Server\ABRPOINT.Server.csproj]
D:\ABRPOINT-newfeatures\ABRPOINT.Server\Repository\CongeRepository.cs(629,30): warning CS0168: La variable 'ex' est d├®clar├®e, mais jamais utilis├®e [D:\ABRPOINT-newfeatures\ABRPOINT.Server\ABRPOINT.Server.csproj]
D:\ABRPOINT-newfeatures\ABRPOINT.Server\Repository\CongeRepository.cs(641,24): warning CS8603: Existence possible d'un retour de r├®f├®rence null. [D:\ABRPOINT-newfeatures\ABRPOINT.Server\ABRPOINT.Server.csproj]
D:\ABRPOINT-newfeatures\ABRPOINT.Server\Repository\PointdroitRepository.cs(49,24): warning CS8619: La nullabilit├® des types r├®f├®rence dans la valeur de type 'List<PointdroitDto>' ne correspond pas au type cible 'List<PointdroitDto?>'. [D:\ABRPOINT-newfeatures\ABRPOINT.Server\ABRPOINT.Server.csproj]
D:\ABRPOINT-newfeatures\ABRPOINT.Server\Repository\ParametreRepository.cs(246,34): warning CS8601: Existence possible d'une assignation de r├®f├®rence null. [D:\ABRPOINT-newfeatures\ABRPOINT.Server\ABRPOINT.Server.csproj]
D:\ABRPOINT-newfeatures\ABRPOINT.Server\Repository\ParametreRepository.cs(247,34): warning CS8601: Existence possible d'une assignation de r├®f├®rence null. [D:\ABRPOINT-newfeatures\ABRPOINT.Server\ABRPOINT.Server.csproj]
D:\ABRPOINT-newfeatures\ABRPOINT.Server\Repository\ParametreRepository.cs(248,35): warning CS8601: Existence possible d'une assignation de r├®f├®rence null. [D:\ABRPOINT-newfeatures\ABRPOINT.Server\ABRPOINT.Server.csproj]
D:\ABRPOINT-newfeatures\ABRPOINT.Server\Repository\ParametreRepository.cs(249,35): warning CS8601: Existence possible d'une assignation de r├®f├®rence null. [D:\ABRPOINT-newfeatures\ABRPOINT.Server\ABRPOINT.Server.csproj]
D:\ABRPOINT-newfeatures\ABRPOINT.Server\Repository\PointdroitRepository.cs(96,30): warning CS0168: La variable 'ex' est d├®clar├®e, mais jamais utilis├®e [D:\ABRPOINT-newfeatures\ABRPOINT.Server\ABRPOINT.Server.csproj]
D:\ABRPOINT-newfeatures\ABRPOINT.Server\Repository\PointageOptimizer.cs(128,62): warning CS8604: Existence possible d'un argument de r├®f├®rence null pour le param├¿tre 'time' dans 'double GenericMethodes.ConvertTimeToDecimal(string time)'. [D:\ABRPOINT-newfeatures\ABRPOINT.Server\ABRPOINT.Server.csproj]
D:\ABRPOINT-newfeatures\ABRPOINT.Server\Repository\PointageOptimizer.cs(134,62): warning CS8604: Existence possible d'un argument de r├®f├®rence null pour le param├¿tre 'time' dans 'double GenericMethodes.ConvertTimeToDecimal(string time)'. [D:\ABRPOINT-newfeatures\ABRPOINT.Server\ABRPOINT.Server.csproj]
D:\ABRPOINT-newfeatures\ABRPOINT.Server\Repository\PointageOptimizer.cs(168,108): warning CS8629: Le type valeur Nullable peut avoir une valeur null. [D:\ABRPOINT-newfeatures\ABRPOINT.Server\ABRPOINT.Server.csproj]
D:\ABRPOINT-newfeatures\ABRPOINT.Server\Repository\PointageOptimizer.cs(168,47): warning CS8600: Conversion de litt├®ral ayant une valeur null ou d'une ├®ventuelle valeur null en type non-nullable. [D:\ABRPOINT-newfeatures\ABRPOINT.Server\ABRPOINT.Server.csproj]
D:\ABRPOINT-newfeatures\ABRPOINT.Server\Repository\PointageOptimizer.cs(169,218): warning CS8604: Existence possible d'un argument de r├®f├®rence null pour le param├¿tre 'time' dans 'float? GenericMethodes.ConvertHHmmToDouble(string time)'. [D:\ABRPOINT-newfeatures\ABRPOINT.Server\ABRPOINT.Server.csproj]
D:\ABRPOINT-newfeatures\ABRPOINT.Server\Repository\PointageOptimizer.cs(169,169): warning CS8604: Existence possible d'un argument de r├®f├®rence null pour le param├¿tre 'autorisation' dans 'Task<float?> IHeureAbsencesService.CalculateHeureAbsences(Presence presence, string soccod, string? poste, DateTime? date, AutDto autorisation, float? hretrav)'. [D:\ABRPOINT-newfeatures\ABRPOINT.Server\ABRPOINT.Server.csproj]
D:\ABRPOINT-newfeatures\ABRPOINT.Server\Repository\PosteRepository.cs(46,77): warning CS8604: Existence possible d'un argument de r├®f├®rence null pour le param├¿tre 'item' dans 'bool List<string>.Contains(string item)'. [D:\ABRPOINT-newfeatures\ABRPOINT.Server\ABRPOINT.Server.csproj]
D:\ABRPOINT-newfeatures\ABRPOINT.Server\Repository\PosteRepository.cs(45,36): warning CS8714: Impossible d'utiliser le type 'string?' en tant que param├¿tre de type 'TKey' dans le type ou la m├®thode g├®n├®rique 'EntityFrameworkQueryableExtensions.ToDictionaryAsync<TSource, TKey>(IQueryable<TSource>, Func<TSource, TKey>, CancellationToken)'. La nullabilit├® de l'argument de type 'string?' ne correspond pas ├á la contrainte 'notnull'. [D:\ABRPOINT-newfeatures\ABRPOINT.Server\ABRPOINT.Server.csproj]
D:\ABRPOINT-newfeatures\ABRPOINT.Server\Repository\PosteRepository.cs(47,40): warning CS8621: La nullabilit├® des types r├®f├®rence dans le type de retour de 'expression lambda' ne correspond pas au d├®l├®gu├® cible 'Func<Poste, string?>' (probablement en raison des attributs de nullabilit├®). [D:\ABRPOINT-newfeatures\ABRPOINT.Server\ABRPOINT.Server.csproj]
D:\ABRPOINT-newfeatures\ABRPOINT.Server\Repository\ParametreRepository.cs(362,24): warning CS8603: Existence possible d'un retour de r├®f├®rence null. [D:\ABRPOINT-newfeatures\ABRPOINT.Server\ABRPOINT.Server.csproj]
D:\ABRPOINT-newfeatures\ABRPOINT.Server\Repository\EmployeRepository.cs(274,38): warning CS8604: Existence possible d'un argument de r├®f├®rence null pour le param├¿tre 'item' dans 'bool List<string>.Contains(string item)'. [D:\ABRPOINT-newfeatures\ABRPOINT.Server\ABRPOINT.Server.csproj]
D:\ABRPOINT-newfeatures\ABRPOINT.Server\Repository\EmployeRepository.cs(292,36): warning CS8620: Impossible d'utiliser l'argument de type 'Dictionary<string, <anonymous type: string Empcod, DateTime? Empemb, DateTime? Empsort>>' pour le param├¿tre 'dictionary' de type 'IReadOnlyDictionary<string?, <anonymous type: string Empcod, DateTime? Empemb, DateTime? Empsort>>' dans '<anonymous type: string Empcod, DateTime? Empemb, DateTime? Empsort>? CollectionExtensions.GetValueOrDefault<string?, <anonymous type: string Empcod, DateTime? Empemb, DateTime? Empsort>>(IReadOnlyDictionary<string?, <anonymous type: string Empcod, DateTime? Empemb, DateTime? Empsort>> dictionary, string? key)'. En effet, il existe des diff├®rences dans l'acceptation des valeurs null par les types r├®f├®rence. [D:\ABRPOINT-newfeatures\ABRPOINT.Server\ABRPOINT.Server.csproj]
D:\ABRPOINT-newfeatures\ABRPOINT.Server\Repository\EmployeRepository.cs(301,57): warning CS8620: Impossible d'utiliser l'argument de type 'List<(string? Soccod, string? Empcod, DateTime Date)>' pour le param├¿tre 'demandes' de type 'List<(string Soccod, string Empcod, DateTime Date)>' dans 'Task<Dictionary<(string Soccod, string Empcod, DateTime Date), (string? Abslib, float? Connbjour)>> ICongeRepository.GetCongeLibBatch(List<(string Soccod, string Empcod, DateTime Date)> demandes)'. En effet, il existe des diff├®rences dans l'acceptation des valeurs null par les types r├®f├®rence. [D:\ABRPOINT-newfeatures\ABRPOINT.Server\ABRPOINT.Server.csproj]
D:\ABRPOINT-newfeatures\ABRPOINT.Server\Repository\EmployeRepository.cs(318,68): warning CS8604: Existence possible d'un argument de r├®f├®rence null pour le param├¿tre 'soccod' dans 'Task<string?> IPosteRepository.GetEmpPoste(string soccod, string empcod, DateTime? date, string? catcod)'. [D:\ABRPOINT-newfeatures\ABRPOINT.Server\ABRPOINT.Server.csproj]
D:\ABRPOINT-newfeatures\ABRPOINT.Server\Repository\EmployeRepository.cs(318,73): warning CS8604: Existence possible d'un argument de r├®f├®rence null pour le param├¿tre 'empcod' dans 'Task<string?> IPosteRepository.GetEmpPoste(string soccod, string empcod, DateTime? date, string? catcod)'. [D:\ABRPOINT-newfeatures\ABRPOINT.Server\ABRPOINT.Server.csproj]
D:\ABRPOINT-newfeatures\ABRPOINT.Server\Repository\EmployeRepository.cs(321,27): warning CS8620: Impossible d'utiliser l'argument de type '(string? soc, string? empcod, DateTime date)' pour le param├¿tre 'key' de type '(string soc, string Empcod, DateTime Date)' dans 'string? Dictionary<(string soc, string Empcod, DateTime Date), string?>.this[(string soc, string Empcod, DateTime Date) key]'. En effet, il existe des diff├®rences dans l'acceptation des valeurs null par les types r├®f├®rence. [D:\ABRPOINT-newfeatures\ABRPOINT.Server\ABRPOINT.Server.csproj]
D:\ABRPOINT-newfeatures\ABRPOINT.Server\Repository\EmployeRepository.cs(345,36): warning CS8620: Impossible d'utiliser l'argument de type 'Dictionary<string, <anonymous type: string Empcod, DateTime? Empemb, DateTime? Empsort>>' pour le param├¿tre 'dictionary' de type 'IReadOnlyDictionary<string?, <anonymous type: string Empcod, DateTime? Empemb, DateTime? Empsort>>' dans '<anonymous type: string Empcod, DateTime? Empemb, DateTime? Empsort>? CollectionExtensions.GetValueOrDefault<string?, <anonymous type: string Empcod, DateTime? Empemb, DateTime? Empsort>>(IReadOnlyDictionary<string?, <anonymous type: string Empcod, DateTime? Empemb, DateTime? Empsort>> dictionary, string? key)'. En effet, il existe des diff├®rences dans l'acceptation des valeurs null par les types r├®f├®rence. [D:\ABRPOINT-newfeatures\ABRPOINT.Server\ABRPOINT.Server.csproj]
D:\ABRPOINT-newfeatures\ABRPOINT.Server\Repository\EmployeRepository.cs(354,70): warning CS8620: Impossible d'utiliser l'argument de type 'List<(string? Empcod, DateTime Date)>' pour le param├¿tre 'demandes' de type 'List<(string Empcod, DateTime Date)>' dans 'Task<Dictionary<(string Empcod, DateTime Date), AutDto>> IautoriserRepository.GetAutLibBatch(string soccod, List<(string Empcod, DateTime Date)> demandes)'. En effet, il existe des diff├®rences dans l'acceptation des valeurs null par les types r├®f├®rence. [D:\ABRPOINT-newfeatures\ABRPOINT.Server\ABRPOINT.Server.csproj]
D:\ABRPOINT-newfeatures\ABRPOINT.Server\Repository\EmployeRepository.cs(367,40): warning CS8620: Impossible d'utiliser l'argument de type '(string? Soccod, string? Empcod, DateTime date)' pour le param├¿tre 'key' de type '(string Soccod, string Empcod, DateTime Date)' dans 'bool Dictionary<(string Soccod, string Empcod, DateTime Date), (string? Abslib, float? Connbjour)>.TryGetValue((string Soccod, string Empcod, DateTime Date) key, out (string? Abslib, float? Connbjour) value)'. En effet, il existe des diff├®rences dans l'acceptation des valeurs null par les types r├®f├®rence. [D:\ABRPOINT-newfeatures\ABRPOINT.Server\ABRPOINT.Server.csproj]
D:\ABRPOINT-newfeatures\ABRPOINT.Server\Repository\EmployeRepository.cs(372,44): warning CS8620: Impossible d'utiliser l'argument de type '(string? Soccod, string? Empcod, DateTime date)' pour le param├¿tre 'key' de type '(string soc, string Empcod, DateTime Date)' dans 'bool Dictionary<(string soc, string Empcod, DateTime Date), string?>.TryGetValue((string soc, string Empcod, DateTime Date) key, out string? value)'. En effet, il existe des diff├®rences dans l'acceptation des valeurs null par les types r├®f├®rence. [D:\ABRPOINT-newfeatures\ABRPOINT.Server\ABRPOINT.Server.csproj]
D:\ABRPOINT-newfeatures\ABRPOINT.Server\Repository\EmployeRepository.cs(382,21): warning CS8620: Impossible d'utiliser l'argument de type '(string? Empcod, DateTime date)' pour le param├¿tre 'key' de type '(string Empcod, DateTime Date)' dans 'bool Dictionary<(string Empcod, DateTime Date), AutDto>.TryGetValue((string Empcod, DateTime Date) key, out AutDto value)'. En effet, il existe des diff├®rences dans l'acceptation des valeurs null par les types r├®f├®rence. [D:\ABRPOINT-newfeatures\ABRPOINT.Server\ABRPOINT.Server.csproj]
D:\ABRPOINT-newfeatures\ABRPOINT.Server\Repository\EmployeRepository.cs(386,63): warning CS8604: Existence possible d'un argument de r├®f├®rence null pour le param├¿tre 'autoisation' dans 'Task<(int nbRetard, DateTime? Preretame, DateTime? Preretameup, DateTime? Preretmate, DateTime? Preretmateup, DateTime? Preretmats, DateTime? Preretmatsup, DateTime? Preretams, DateTime? Preretamsup)> IHeureRetardService.CalculateHeureRetard(PresenceDto presence, Poste poste, AutDto autoisation)'. [D:\ABRPOINT-newfeatures\ABRPOINT.Server\ABRPOINT.Server.csproj]
D:\ABRPOINT-newfeatures\ABRPOINT.Server\Repository\EmployeRepository.cs(391,41): warning CS8604: Existence possible d'un argument de r├®f├®rence null pour le param├¿tre 'key' dans 'bool Dictionary<string, int>.ContainsKey(string key)'. [D:\ABRPOINT-newfeatures\ABRPOINT.Server\ABRPOINT.Server.csproj]
D:\ABRPOINT-newfeatures\ABRPOINT.Server\Repository\PointageOptimizer.cs(186,24): warning CS8603: Existence possible d'un retour de r├®f├®rence null. [D:\ABRPOINT-newfeatures\ABRPOINT.Server\ABRPOINT.Server.csproj]
D:\ABRPOINT-newfeatures\ABRPOINT.Server\Repository\PointageOptimizer.cs(231,21): warning CS8604: Existence possible d'un argument de r├®f├®rence null pour le param├¿tre 'soccod' dans 'Task<string?> IPosteRepository.GetEmpPoste(string soccod, string empcod, DateTime? date, string? catcod)'. [D:\ABRPOINT-newfeatures\ABRPOINT.Server\ABRPOINT.Server.csproj]
D:\ABRPOINT-newfeatures\ABRPOINT.Server\Repository\PointageOptimizer.cs(231,38): warning CS8604: Existence possible d'un argument de r├®f├®rence null pour le param├¿tre 'empcod' dans 'Task<string?> IPosteRepository.GetEmpPoste(string soccod, string empcod, DateTime? date, string? catcod)'. [D:\ABRPOINT-newfeatures\ABRPOINT.Server\ABRPOINT.Server.csproj]
D:\ABRPOINT-newfeatures\ABRPOINT.Server\Repository\PointageOptimizer.cs(232,24): warning CS8603: Existence possible d'un retour de r├®f├®rence null. [D:\ABRPOINT-newfeatures\ABRPOINT.Server\ABRPOINT.Server.csproj]
D:\ABRPOINT-newfeatures\ABRPOINT.Server\Repository\PointageOptimizer.cs(235,34): warning CS8600: Conversion de litt├®ral ayant une valeur null ou d'une ├®ventuelle valeur null en type non-nullable. [D:\ABRPOINT-newfeatures\ABRPOINT.Server\ABRPOINT.Server.csproj]
D:\ABRPOINT-newfeatures\ABRPOINT.Server\Repository\PointageOptimizer.cs(274,20): warning CS8603: Existence possible d'un retour de r├®f├®rence null. [D:\ABRPOINT-newfeatures\ABRPOINT.Server\ABRPOINT.Server.csproj]
D:\ABRPOINT-newfeatures\ABRPOINT.Server\Repository\PosteRepository.cs(183,59): warning CS8714: Impossible d'utiliser le type 'string?' en tant que param├¿tre de type 'TKey' dans le type ou la m├®thode g├®n├®rique 'EntityFrameworkQueryableExtensions.ToDictionaryAsync<TSource, TKey, TElement>(IQueryable<TSource>, Func<TSource, TKey>, Func<TSource, TElement>, CancellationToken)'. La nullabilit├® de l'argument de type 'string?' ne correspond pas ├á la contrainte 'notnull'. [D:\ABRPOINT-newfeatures\ABRPOINT.Server\ABRPOINT.Server.csproj]
D:\ABRPOINT-newfeatures\ABRPOINT.Server\Repository\PosteRepository.cs(185,50): warning CS8621: La nullabilit├® des types r├®f├®rence dans le type de retour de 'expression lambda' ne correspond pas au d├®l├®gu├® cible 'Func<Poste, string?>' (probablement en raison des attributs de nullabilit├®). [D:\ABRPOINT-newfeatures\ABRPOINT.Server\ABRPOINT.Server.csproj]
D:\ABRPOINT-newfeatures\ABRPOINT.Server\Repository\PosteRepository.cs(183,53): warning CS8619: La nullabilit├® des types r├®f├®rence dans la valeur de type 'Dictionary<string?, string?>' ne correspond pas au type cible 'Dictionary<string, string>'. [D:\ABRPOINT-newfeatures\ABRPOINT.Server\ABRPOINT.Server.csproj]
D:\ABRPOINT-newfeatures\ABRPOINT.Server\Repository\EmployeRepository.cs(424,40): warning CS8619: La nullabilit├® des types r├®f├®rence dans la valeur de type 'List<string?>' ne correspond pas au type cible 'List<string>'. [D:\ABRPOINT-newfeatures\ABRPOINT.Server\ABRPOINT.Server.csproj]
D:\ABRPOINT-newfeatures\ABRPOINT.Server\Repository\EmployeRepository.cs(445,24): warning CS8603: Existence possible d'un retour de r├®f├®rence null. [D:\ABRPOINT-newfeatures\ABRPOINT.Server\ABRPOINT.Server.csproj]
D:\ABRPOINT-newfeatures\ABRPOINT.Server\Repository\PresenceRepository.cs(1353,28): warning CS8603: Existence possible d'un retour de r├®f├®rence null. [D:\ABRPOINT-newfeatures\ABRPOINT.Server\ABRPOINT.Server.csproj]
D:\ABRPOINT-newfeatures\ABRPOINT.Server\Repository\PresenceRepository.cs(1358,28): warning CS8603: Existence possible d'un retour de r├®f├®rence null. [D:\ABRPOINT-newfeatures\ABRPOINT.Server\ABRPOINT.Server.csproj]
D:\ABRPOINT-newfeatures\ABRPOINT.Server\Repository\PresenceRepository.cs(1365,28): warning CS8603: Existence possible d'un retour de r├®f├®rence null. [D:\ABRPOINT-newfeatures\ABRPOINT.Server\ABRPOINT.Server.csproj]
D:\ABRPOINT-newfeatures\ABRPOINT.Server\Repository\PresenceRepository.cs(1484,40): warning CS8629: Le type valeur Nullable peut avoir une valeur null. [D:\ABRPOINT-newfeatures\ABRPOINT.Server\ABRPOINT.Server.csproj]
D:\ABRPOINT-newfeatures\ABRPOINT.Server\Repository\PresenceRepository.cs(1488,43): warning CS8600: Conversion de litt├®ral ayant une valeur null ou d'une ├®ventuelle valeur null en type non-nullable. [D:\ABRPOINT-newfeatures\ABRPOINT.Server\ABRPOINT.Server.csproj]
D:\ABRPOINT-newfeatures\ABRPOINT.Server\Repository\PresenceRepository.cs(1522,59): warning CS8602: D├®r├®f├®rencement d'une ├®ventuelle r├®f├®rence null. [D:\ABRPOINT-newfeatures\ABRPOINT.Server\ABRPOINT.Server.csproj]
D:\ABRPOINT-newfeatures\ABRPOINT.Server\Repository\PresenceRepository.cs(1545,110): warning CS8604: Existence possible d'un argument de r├®f├®rence null pour le param├¿tre 'codpost' dans 'Task<(bool, string)> IParametreRepository.IsEmpcodRepos(string soccod, DateTime? predat, string codpost, string empcod)'. [D:\ABRPOINT-newfeatures\ABRPOINT.Server\ABRPOINT.Server.csproj]
D:\ABRPOINT-newfeatures\ABRPOINT.Server\Repository\PresenceRepository.cs(1549,167): warning CS8604: Existence possible d'un argument de r├®f├®rence null pour le param├¿tre 'time' dans 'float? GenericMethodes.ConvertHHmmToDouble(string time)'. [D:\ABRPOINT-newfeatures\ABRPOINT.Server\ABRPOINT.Server.csproj]
D:\ABRPOINT-newfeatures\ABRPOINT.Server\Repository\PresenceRepository.cs(1549,118): warning CS8604: Existence possible d'un argument de r├®f├®rence null pour le param├¿tre 'autorisation' dans 'Task<float?> IHeureAbsencesService.CalculateHeureAbsences(Presence presence, string soccod, string? poste, DateTime? date, AutDto autorisation, float? hretrav)'. [D:\ABRPOINT-newfeatures\ABRPOINT.Server\ABRPOINT.Server.csproj]
D:\ABRPOINT-newfeatures\ABRPOINT.Server\Repository\PresenceRepository.cs(1562,90): warning CS8604: Existence possible d'un argument de r├®f├®rence null pour le param├¿tre 'codpost' dans 'Task<NombreConge> ICongeCalculationService.CalculerNbJourAndHreCongePaye(string soccod, string empcod, DateTime? predat, string codpost)'. [D:\ABRPOINT-newfeatures\ABRPOINT.Server\ABRPOINT.Server.csproj]
D:\ABRPOINT-newfeatures\ABRPOINT.Server\Repository\PresenceRepository.cs(1565,97): warning CS8604: Existence possible d'un argument de r├®f├®rence null pour le param├¿tre 'key' dans 'bool IDictionary<string, bool>.TryGetValue(string key, out bool value)'. [D:\ABRPOINT-newfeatures\ABRPOINT.Server\ABRPOINT.Server.csproj]
D:\ABRPOINT-newfeatures\ABRPOINT.Server\Repository\PresenceRepository.cs(1573,58): warning CS8602: D├®r├®f├®rencement d'une ├®ventuelle r├®f├®rence null. [D:\ABRPOINT-newfeatures\ABRPOINT.Server\ABRPOINT.Server.csproj]
D:\ABRPOINT-newfeatures\ABRPOINT.Server\Repository\PresenceRepository.cs(1617,122): warning CS8604: Existence possible d'un argument de r├®f├®rence null pour le param├¿tre 'codpost' dans 'Task<(bool, string)> IParametreRepository.IsEmpcodRepos(string soccod, DateTime? predat, string codpost, string empcod)'. [D:\ABRPOINT-newfeatures\ABRPOINT.Server\ABRPOINT.Server.csproj]
D:\ABRPOINT-newfeatures\ABRPOINT.Server\Repository\PresenceRepository.cs(1618,44): warning CS8629: Le type valeur Nullable peut avoir une valeur null. [D:\ABRPOINT-newfeatures\ABRPOINT.Server\ABRPOINT.Server.csproj]
D:\ABRPOINT-newfeatures\ABRPOINT.Server\Repository\PresenceRepository.cs(1618,137): warning CS8604: Existence possible d'un argument de r├®f├®rence null pour le param├¿tre 'time' dans 'float? GenericMethodes.ConvertHHmmToDouble(string time)'. [D:\ABRPOINT-newfeatures\ABRPOINT.Server\ABRPOINT.Server.csproj]
D:\ABRPOINT-newfeatures\ABRPOINT.Server\Repository\PresenceRepository.cs(1666,101): warning CS8604: Existence possible d'un argument de r├®f├®rence null pour le param├¿tre 'poste' dans 'Task<(int nbRetard, DateTime? Preretame, DateTime? Preretameup, DateTime? Preretmate, DateTime? Preretmateup, DateTime? Preretmats, DateTime? Preretmatsup, DateTime? Preretams, DateTime? Preretamsup)> IHeureRetardService.CalculateHeureRetard(PresenceDto presence, Poste poste, AutDto autoisation)'. [D:\ABRPOINT-newfeatures\ABRPOINT.Server\ABRPOINT.Server.csproj]
D:\ABRPOINT-newfeatures\ABRPOINT.Server\Repository\PresenceRepository.cs(1666,108): warning CS8604: Existence possible d'un argument de r├®f├®rence null pour le param├¿tre 'autoisation' dans 'Task<(int nbRetard, DateTime? Preretame, DateTime? Preretameup, DateTime? Preretmate, DateTime? Preretmateup, DateTime? Preretmats, DateTime? Preretmatsup, DateTime? Preretams, DateTime? Preretamsup)> IHeureRetardService.CalculateHeureRetard(PresenceDto presence, Poste poste, AutDto autoisation)'. [D:\ABRPOINT-newfeatures\ABRPOINT.Server\ABRPOINT.Server.csproj]
D:\ABRPOINT-newfeatures\ABRPOINT.Server\Repository\PresenceRepository.cs(1672,96): warning CS8604: Existence possible d'un argument de r├®f├®rence null pour le param├¿tre 'codpost' dans 'Task<NombreConge> ICongeCalculationService.CalculerNbJourAndHreCongePaye(string soccod, string empcod, DateTime? predat, string codpost)'. [D:\ABRPOINT-newfeatures\ABRPOINT.Server\ABRPOINT.Server.csproj]
D:\ABRPOINT-newfeatures\ABRPOINT.Server\Repository\PresenceRepository.cs(1673,89): warning CS8604: Existence possible d'un argument de r├®f├®rence null pour le param├¿tre 'key' dans 'bool IDictionary<string, bool>.TryGetValue(string key, out bool value)'. [D:\ABRPOINT-newfeatures\ABRPOINT.Server\ABRPOINT.Server.csproj]
D:\ABRPOINT-newfeatures\ABRPOINT.Server\Repository\PresenceRepository.cs(1681,50): warning CS8602: D├®r├®f├®rencement d'une ├®ventuelle r├®f├®rence null. [D:\ABRPOINT-newfeatures\ABRPOINT.Server\ABRPOINT.Server.csproj]
D:\ABRPOINT-newfeatures\ABRPOINT.Server\Repository\PresenceRepository.cs(1687,55): warning CS8602: D├®r├®f├®rencement d'une ├®ventuelle r├®f├®rence null. [D:\ABRPOINT-newfeatures\ABRPOINT.Server\ABRPOINT.Server.csproj]
D:\ABRPOINT-newfeatures\ABRPOINT.Server\Repository\PresenceRepository.cs(1705,116): warning CS8604: Existence possible d'un argument de r├®f├®rence null pour le param├¿tre 'codpost' dans 'Task<(bool, string)> IParametreRepository.IsEmpcodRepos(string soccod, DateTime? predat, string codpost, string empcod)'. [D:\ABRPOINT-newfeatures\ABRPOINT.Server\ABRPOINT.Server.csproj]
D:\ABRPOINT-newfeatures\ABRPOINT.Server\Repository\PresenceRepository.cs(1491,24): warning CS8073: Le r├®sultat de l'expression est toujours 'true', car une valeur de type 'DateTime' n'est jamais ├®gale ├á 'null' du type 'DateTime?' [D:\ABRPOINT-newfeatures\ABRPOINT.Server\ABRPOINT.Server.csproj]
D:\ABRPOINT-newfeatures\ABRPOINT.Server\Repository\PresenceRepository.cs(1342,24): warning CS0219: La variable 'hct' est assign├®e, mais sa valeur n'est jamais utilis├®e [D:\ABRPOINT-newfeatures\ABRPOINT.Server\ABRPOINT.Server.csproj]
D:\ABRPOINT-newfeatures\ABRPOINT.Server\Repository\PresenceRepository.cs(1737,28): warning CS8603: Existence possible d'un retour de r├®f├®rence null. [D:\ABRPOINT-newfeatures\ABRPOINT.Server\ABRPOINT.Server.csproj]
D:\ABRPOINT-newfeatures\ABRPOINT.Server\Repository\PosteRepository.cs(233,33): warning CS8629: Le type valeur Nullable peut avoir une valeur null. [D:\ABRPOINT-newfeatures\ABRPOINT.Server\ABRPOINT.Server.csproj]
D:\ABRPOINT-newfeatures\ABRPOINT.Server\Repository\PosteRepository.cs(234,33): warning CS8629: Le type valeur Nullable peut avoir une valeur null. [D:\ABRPOINT-newfeatures\ABRPOINT.Server\ABRPOINT.Server.csproj]
D:\ABRPOINT-newfeatures\ABRPOINT.Server\Repository\PosteRepository.cs(238,47): warning CS8629: Le type valeur Nullable peut avoir une valeur null. [D:\ABRPOINT-newfeatures\ABRPOINT.Server\ABRPOINT.Server.csproj]
D:\ABRPOINT-newfeatures\ABRPOINT.Server\Repository\PosteRepository.cs(238,82): warning CS8629: Le type valeur Nullable peut avoir une valeur null. [D:\ABRPOINT-newfeatures\ABRPOINT.Server\ABRPOINT.Server.csproj]
D:\ABRPOINT-newfeatures\ABRPOINT.Server\Repository\PosteRepository.cs(250,40): warning CS8629: Le type valeur Nullable peut avoir une valeur null. [D:\ABRPOINT-newfeatures\ABRPOINT.Server\ABRPOINT.Server.csproj]
D:\ABRPOINT-newfeatures\ABRPOINT.Server\Repository\PosteRepository.cs(250,81): warning CS8629: Le type valeur Nullable peut avoir une valeur null. [D:\ABRPOINT-newfeatures\ABRPOINT.Server\ABRPOINT.Server.csproj]
D:\ABRPOINT-newfeatures\ABRPOINT.Server\Repository\PresenceRepository.cs(1762,55): warning CS8629: Le type valeur Nullable peut avoir une valeur null. [D:\ABRPOINT-newfeatures\ABRPOINT.Server\ABRPOINT.Server.csproj]
D:\ABRPOINT-newfeatures\ABRPOINT.Server\Repository\PointeuseRepository.cs(112,54): warning CS8604: Existence possible d'un argument de r├®f├®rence null pour le param├¿tre 'entity' dans 'ValueTask<EntityEntry<Pointeuse>> DbSet<Pointeuse>.AddAsync(Pointeuse entity, CancellationToken cancellationToken = default(CancellationToken))'. [D:\ABRPOINT-newfeatures\ABRPOINT.Server\ABRPOINT.Server.csproj]
D:\ABRPOINT-newfeatures\ABRPOINT.Server\Repository\PointeuseRepository.cs(126,24): warning CS8603: Existence possible d'un retour de r├®f├®rence null. [D:\ABRPOINT-newfeatures\ABRPOINT.Server\ABRPOINT.Server.csproj]
D:\ABRPOINT-newfeatures\ABRPOINT.Server\Repository\EmployeRepository.cs(527,76): warning CS8604: Existence possible d'un argument de r├®f├®rence null pour le param├¿tre 'time' dans 'float? GenericMethodes.ConvertHHmmToDouble(string time)'. [D:\ABRPOINT-newfeatures\ABRPOINT.Server\ABRPOINT.Server.csproj]
D:\ABRPOINT-newfeatures\ABRPOINT.Server\Repository\EmployeRepository.cs(527,33): warning CS8629: Le type valeur Nullable peut avoir une valeur null. [D:\ABRPOINT-newfeatures\ABRPOINT.Server\ABRPOINT.Server.csproj]
D:\ABRPOINT-newfeatures\ABRPOINT.Server\Repository\EmployeRepository.cs(531,54): warning CS8629: Le type valeur Nullable peut avoir une valeur null. [D:\ABRPOINT-newfeatures\ABRPOINT.Server\ABRPOINT.Server.csproj]
D:\ABRPOINT-newfeatures\ABRPOINT.Server\Repository\PresenceRepository.cs(1784,36): warning CS8601: Existence possible d'une assignation de r├®f├®rence null. [D:\ABRPOINT-newfeatures\ABRPOINT.Server\ABRPOINT.Server.csproj]
D:\ABRPOINT-newfeatures\ABRPOINT.Server\Repository\PresenceRepository.cs(1785,28): warning CS8629: Le type valeur Nullable peut avoir une valeur null. [D:\ABRPOINT-newfeatures\ABRPOINT.Server\ABRPOINT.Server.csproj]
D:\ABRPOINT-newfeatures\ABRPOINT.Server\Repository\PresenceRepository.cs(1798,29): warning CS8629: Le type valeur Nullable peut avoir une valeur null. [D:\ABRPOINT-newfeatures\ABRPOINT.Server\ABRPOINT.Server.csproj]
D:\ABRPOINT-newfeatures\ABRPOINT.Server\Repository\ParametreRepository.cs(580,24): warning CS8603: Existence possible d'un retour de r├®f├®rence null. [D:\ABRPOINT-newfeatures\ABRPOINT.Server\ABRPOINT.Server.csproj]
D:\ABRPOINT-newfeatures\ABRPOINT.Server\Repository\ParametreRepository.cs(616,30): warning CS0168: La variable 'ex' est d├®clar├®e, mais jamais utilis├®e [D:\ABRPOINT-newfeatures\ABRPOINT.Server\ABRPOINT.Server.csproj]
D:\ABRPOINT-newfeatures\ABRPOINT.Server\Repository\ParametreRepository.cs(628,24): warning CS8603: Existence possible d'un retour de r├®f├®rence null. [D:\ABRPOINT-newfeatures\ABRPOINT.Server\ABRPOINT.Server.csproj]
D:\ABRPOINT-newfeatures\ABRPOINT.Server\Repository\ParametreRepository.cs(671,38): warning CS8604: Existence possible d'un argument de r├®f├®rence null pour le param├¿tre 'item' dans 'bool List<string>.Contains(string item)'. [D:\ABRPOINT-newfeatures\ABRPOINT.Server\ABRPOINT.Server.csproj]
D:\ABRPOINT-newfeatures\ABRPOINT.Server\Repository\ParametreRepository.cs(697,20): warning CS8714: Impossible d'utiliser le type 'string?' en tant que param├¿tre de type 'TKey' dans le type ou la m├®thode g├®n├®rique 'Enumerable.ToDictionary<TSource, TKey, TElement>(IEnumerable<TSource>, Func<TSource, TKey>, Func<TSource, TElement>)'. La nullabilit├® de l'argument de type 'string?' ne correspond pas ├á la contrainte 'notnull'. [D:\ABRPOINT-newfeatures\ABRPOINT.Server\ABRPOINT.Server.csproj]
D:\ABRPOINT-newfeatures\ABRPOINT.Server\Repository\ParametreRepository.cs(700,21): warning CS8621: La nullabilit├® des types r├®f├®rence dans le type de retour de 'expression lambda' ne correspond pas au d├®l├®gu├® cible 'Func<IGrouping<string?, <anonymous type: string? Empcod, float Coef>>, string?>' (probablement en raison des attributs de nullabilit├®). [D:\ABRPOINT-newfeatures\ABRPOINT.Server\ABRPOINT.Server.csproj]
D:\ABRPOINT-newfeatures\ABRPOINT.Server\Repository\ParametreRepository.cs(697,20): warning CS8619: La nullabilit├® des types r├®f├®rence dans la valeur de type 'Dictionary<string?, float>' ne correspond pas au type cible 'Dictionary<string, float>'. [D:\ABRPOINT-newfeatures\ABRPOINT.Server\ABRPOINT.Server.csproj]
D:\ABRPOINT-newfeatures\ABRPOINT.Server\Repository\PointeuseRepository.cs(255,24): warning CS8603: Existence possible d'un retour de r├®f├®rence null. [D:\ABRPOINT-newfeatures\ABRPOINT.Server\ABRPOINT.Server.csproj]
D:\ABRPOINT-newfeatures\ABRPOINT.Server\Repository\PosteRepository.cs(627,70): warning CS8604: Existence possible d'un argument de r├®f├®rence null pour le param├¿tre 'item' dans 'bool List<string>.Contains(string item)'. [D:\ABRPOINT-newfeatures\ABRPOINT.Server\ABRPOINT.Server.csproj]
D:\ABRPOINT-newfeatures\ABRPOINT.Server\Repository\PosteRepository.cs(633,26): warning CS8714: Impossible d'utiliser le type 'string?' en tant que param├¿tre de type 'TKey' dans le type ou la m├®thode g├®n├®rique 'Enumerable.ToDictionary<TSource, TKey, TElement>(IEnumerable<TSource>, Func<TSource, TKey>, Func<TSource, TElement>)'. La nullabilit├® de l'argument de type 'string?' ne correspond pas ├á la contrainte 'notnull'. [D:\ABRPOINT-newfeatures\ABRPOINT.Server\ABRPOINT.Server.csproj]
D:\ABRPOINT-newfeatures\ABRPOINT.Server\Repository\PosteRepository.cs(634,17): warning CS8621: La nullabilit├® des types r├®f├®rence dans le type de retour de 'expression lambda' ne correspond pas au d├®l├®gu├® cible 'Func<Poste, string?>' (probablement en raison des attributs de nullabilit├®). [D:\ABRPOINT-newfeatures\ABRPOINT.Server\ABRPOINT.Server.csproj]
D:\ABRPOINT-newfeatures\ABRPOINT.Server\Repository\PosteRepository.cs(637,20): warning CS8619: La nullabilit├® des types r├®f├®rence dans la valeur de type 'Dictionary<string?, Poste>' ne correspond pas au type cible 'Dictionary<string, Poste>'. [D:\ABRPOINT-newfeatures\ABRPOINT.Server\ABRPOINT.Server.csproj]
D:\ABRPOINT-newfeatures\ABRPOINT.Server\Repository\PosteRepository.cs(654,24): warning CS8603: Existence possible d'un retour de r├®f├®rence null. [D:\ABRPOINT-newfeatures\ABRPOINT.Server\ABRPOINT.Server.csproj]
D:\ABRPOINT-newfeatures\ABRPOINT.Server\Repository\EmployeRepository.cs(735,80): warning CS8629: Le type valeur Nullable peut avoir une valeur null. [D:\ABRPOINT-newfeatures\ABRPOINT.Server\ABRPOINT.Server.csproj]
D:\ABRPOINT-newfeatures\ABRPOINT.Server\Repository\EmployeRepository.cs(811,88): warning CS8629: Le type valeur Nullable peut avoir une valeur null. [D:\ABRPOINT-newfeatures\ABRPOINT.Server\ABRPOINT.Server.csproj]
D:\ABRPOINT-newfeatures\ABRPOINT.Server\Repository\EmployeRepository.cs(811,78): warning CS8604: Existence possible d'un argument de r├®f├®rence null pour le param├¿tre 'empcod' dans 'Task<string> ICongeRepository.GetCongeLib(string? soccod, string empcod, DateTime dmdate)'. [D:\ABRPOINT-newfeatures\ABRPOINT.Server\ABRPOINT.Server.csproj]
D:\ABRPOINT-newfeatures\ABRPOINT.Server\Repository\EmployeRepository.cs(850,38): warning CS8604: Existence possible d'un argument de r├®f├®rence null pour le param├¿tre 'item' dans 'bool List<string>.Contains(string item)'. [D:\ABRPOINT-newfeatures\ABRPOINT.Server\ABRPOINT.Server.csproj]
D:\ABRPOINT-newfeatures\ABRPOINT.Server\Repository\EmployeRepository.cs(880,36): warning CS8620: Impossible d'utiliser l'argument de type 'Dictionary<string, <anonymous type: string Empcod, DateTime? Empemb, DateTime? Empsort>>' pour le param├¿tre 'dictionary' de type 'IReadOnlyDictionary<string?, <anonymous type: string Empcod, DateTime? Empemb, DateTime? Empsort>>' dans '<anonymous type: string Empcod, DateTime? Empemb, DateTime? Empsort>? CollectionExtensions.GetValueOrDefault<string?, <anonymous type: string Empcod, DateTime? Empemb, DateTime? Empsort>>(IReadOnlyDictionary<string?, <anonymous type: string Empcod, DateTime? Empemb, DateTime? Empsort>> dictionary, string? key)'. En effet, il existe des diff├®rences dans l'acceptation des valeurs null par les types r├®f├®rence. [D:\ABRPOINT-newfeatures\ABRPOINT.Server\ABRPOINT.Server.csproj]
D:\ABRPOINT-newfeatures\ABRPOINT.Server\Repository\EmployeRepository.cs(888,66): warning CS8620: Impossible d'utiliser l'argument de type 'List<(string? Soccod, string? Empcod, DateTime Date)>' pour le param├¿tre 'demandes' de type 'List<(string Soccod, string Empcod, DateTime Date)>' dans 'Task<Dictionary<(string Soccod, string Empcod, DateTime Date), (string? Abslib, float? Connbjour)>> ICongeRepository.GetCongeLibBatch(List<(string Soccod, string Empcod, DateTime Date)> demandes)'. En effet, il existe des diff├®rences dans l'acceptation des valeurs null par les types r├®f├®rence. [D:\ABRPOINT-newfeatures\ABRPOINT.Server\ABRPOINT.Server.csproj]
D:\ABRPOINT-newfeatures\ABRPOINT.Server\Repository\EmployeRepository.cs(906,65): warning CS8625: Impossible de convertir un litt├®ral ayant une valeur null en type r├®f├®rence non-nullable. [D:\ABRPOINT-newfeatures\ABRPOINT.Server\ABRPOINT.Server.csproj]
D:\ABRPOINT-newfeatures\ABRPOINT.Server\Repository\EmployeRepository.cs(918,58): warning CS8620: Impossible d'utiliser l'argument de type '(string? Empcod, DateTime Date)' pour le param├¿tre 'key' de type '(string, DateTime)' dans 'EmpparamPointageMois Dictionary<(string, DateTime), EmpparamPointageMois>.this[(string, DateTime) key]'. En effet, il existe des diff├®rences dans l'acceptation des valeurs null par les types r├®f├®rence. [D:\ABRPOINT-newfeatures\ABRPOINT.Server\ABRPOINT.Server.csproj]
D:\ABRPOINT-newfeatures\ABRPOINT.Server\Repository\EmployeRepository.cs(925,41): warning CS8602: D├®r├®f├®rencement d'une ├®ventuelle r├®f├®rence null. [D:\ABRPOINT-newfeatures\ABRPOINT.Server\ABRPOINT.Server.csproj]
D:\ABRPOINT-newfeatures\ABRPOINT.Server\Repository\EmployeRepository.cs(927,39): warning CS8629: Le type valeur Nullable peut avoir une valeur null. [D:\ABRPOINT-newfeatures\ABRPOINT.Server\ABRPOINT.Server.csproj]
D:\ABRPOINT-newfeatures\ABRPOINT.Server\Repository\EmployeRepository.cs(929,45): warning CS8604: Existence possible d'un argument de r├®f├®rence null pour le param├¿tre 'key' dans 'bool Dictionary<string, float>.ContainsKey(string key)'. [D:\ABRPOINT-newfeatures\ABRPOINT.Server\ABRPOINT.Server.csproj]
D:\ABRPOINT-newfeatures\ABRPOINT.Server\Repository\EmployeRepository.cs(941,43): warning CS8620: Impossible d'utiliser l'argument de type 'Dictionary<(string Soccod, string Empcod, DateTime Date), (string? Abslib, float? Connbjour)>' pour le param├¿tre 'dictionary' de type 'IReadOnlyDictionary<(string? Soccod, string? Empcod, DateTime Date), (string? Abslib, float? Connbjour)>' dans '(string? Abslib, float? Connbjour) CollectionExtensions.GetValueOrDefault<(string? Soccod, string? Empcod, DateTime Date), (string? Abslib, float? Connbjour)>(IReadOnlyDictionary<(string? Soccod, string? Empcod, DateTime Date), (string? Abslib, float? Connbjour)> dictionary, (string? Soccod, string? Empcod, DateTime Date) key)'. En effet, il existe des diff├®rences dans l'acceptation des valeurs null par les types r├®f├®rence. [D:\ABRPOINT-newfeatures\ABRPOINT.Server\ABRPOINT.Server.csproj]
D:\ABRPOINT-newfeatures\ABRPOINT.Server\Repository\EmployeRepository.cs(951,41): warning CS8604: Existence possible d'un argument de r├®f├®rence null pour le param├¿tre 'key' dans 'bool Dictionary<string, float>.ContainsKey(string key)'. [D:\ABRPOINT-newfeatures\ABRPOINT.Server\ABRPOINT.Server.csproj]
D:\ABRPOINT-newfeatures\ABRPOINT.Server\Repository\EmployeRepository.cs(962,33): warning CS8714: Impossible d'utiliser le type 'string?' en tant que param├¿tre de type 'TKey' dans le type ou la m├®thode g├®n├®rique 'Enumerable.ToDictionary<TSource, TKey, TElement>(IEnumerable<TSource>, Func<TSource, TKey>, Func<TSource, TElement>)'. La nullabilit├® de l'argument de type 'string?' ne correspond pas ├á la contrainte 'notnull'. [D:\ABRPOINT-newfeatures\ABRPOINT.Server\ABRPOINT.Server.csproj]
D:\ABRPOINT-newfeatures\ABRPOINT.Server\Repository\EmployeRepository.cs(965,21): warning CS8621: La nullabilit├® des types r├®f├®rence dans le type de retour de 'expression lambda' ne correspond pas au d├®l├®gu├® cible 'Func<IGrouping<string?, <anonymous type: string? Empcod, string? Tothre, DateTime Date, Presence Presence>>, string?>' (probablement en raison des attributs de nullabilit├®). [D:\ABRPOINT-newfeatures\ABRPOINT.Server\ABRPOINT.Server.csproj]
D:\ABRPOINT-newfeatures\ABRPOINT.Server\Repository\EmployeRepository.cs(989,39): warning CS8629: Le type valeur Nullable peut avoir une valeur null. [D:\ABRPOINT-newfeatures\ABRPOINT.Server\ABRPOINT.Server.csproj]
D:\ABRPOINT-newfeatures\ABRPOINT.Server\Repository\EmployeRepository.cs(1049,35): warning CS8600: Conversion de litt├®ral ayant une valeur null ou d'une ├®ventuelle valeur null en type non-nullable. [D:\ABRPOINT-newfeatures\ABRPOINT.Server\ABRPOINT.Server.csproj]
D:\ABRPOINT-newfeatures\ABRPOINT.Server\Repository\EmployeRepository.cs(1053,30): warning CS8600: Conversion de litt├®ral ayant une valeur null ou d'une ├®ventuelle valeur null en type non-nullable. [D:\ABRPOINT-newfeatures\ABRPOINT.Server\ABRPOINT.Server.csproj]
D:\ABRPOINT-newfeatures\ABRPOINT.Server\Repository\EmployeRepository.cs(1079,100): warning CS8604: Existence possible d'un argument de r├®f├®rence null pour le param├¿tre 'type' dans 'Task<Calendsoc> ICalendrierRepository.GetCalendrier(string soccod, string annee, string moisdeb, string type)'. [D:\ABRPOINT-newfeatures\ABRPOINT.Server\ABRPOINT.Server.csproj]
D:\ABRPOINT-newfeatures\ABRPOINT.Server\Repository\EmployeRepository.cs(1084,32): warning CS8629: Le type valeur Nullable peut avoir une valeur null. [D:\ABRPOINT-newfeatures\ABRPOINT.Server\ABRPOINT.Server.csproj]
D:\ABRPOINT-newfeatures\ABRPOINT.Server\Repository\EmployeRepository.cs(1085,31): warning CS8629: Le type valeur Nullable peut avoir une valeur null. [D:\ABRPOINT-newfeatures\ABRPOINT.Server\ABRPOINT.Server.csproj]
D:\ABRPOINT-newfeatures\ABRPOINT.Server\Repository\EmployeRepository.cs(1086,35): warning CS8629: Le type valeur Nullable peut avoir une valeur null. [D:\ABRPOINT-newfeatures\ABRPOINT.Server\ABRPOINT.Server.csproj]
D:\ABRPOINT-newfeatures\ABRPOINT.Server\Repository\EmployeRepository.cs(1132,35): warning CS8629: Le type valeur Nullable peut avoir une valeur null. [D:\ABRPOINT-newfeatures\ABRPOINT.Server\ABRPOINT.Server.csproj]
D:\ABRPOINT-newfeatures\ABRPOINT.Server\Repository\EmployeRepository.cs(1133,35): warning CS8629: Le type valeur Nullable peut avoir une valeur null. [D:\ABRPOINT-newfeatures\ABRPOINT.Server\ABRPOINT.Server.csproj]
D:\ABRPOINT-newfeatures\ABRPOINT.Server\Repository\EmployeRepository.cs(1206,24): warning CS8603: Existence possible d'un retour de r├®f├®rence null. [D:\ABRPOINT-newfeatures\ABRPOINT.Server\ABRPOINT.Server.csproj]
D:\ABRPOINT-newfeatures\ABRPOINT.Server\Repository\EmployeRepository.cs(1227,28): warning CS8603: Existence possible d'un retour de r├®f├®rence null. [D:\ABRPOINT-newfeatures\ABRPOINT.Server\ABRPOINT.Server.csproj]
D:\ABRPOINT-newfeatures\ABRPOINT.Server\Repository\EmployeRepository.cs(1257,33): warning CS8629: Le type valeur Nullable peut avoir une valeur null. [D:\ABRPOINT-newfeatures\ABRPOINT.Server\ABRPOINT.Server.csproj]
D:\ABRPOINT-newfeatures\ABRPOINT.Server\Repository\EmployeRepository.cs(1258,33): warning CS8629: Le type valeur Nullable peut avoir une valeur null. [D:\ABRPOINT-newfeatures\ABRPOINT.Server\ABRPOINT.Server.csproj]
D:\ABRPOINT-newfeatures\ABRPOINT.Server\Repository\EmployeRepository.cs(1262,46): warning CS8629: Le type valeur Nullable peut avoir une valeur null. [D:\ABRPOINT-newfeatures\ABRPOINT.Server\ABRPOINT.Server.csproj]
D:\ABRPOINT-newfeatures\ABRPOINT.Server\Repository\EmployeRepository.cs(1262,81): warning CS8629: Le type valeur Nullable peut avoir une valeur null. [D:\ABRPOINT-newfeatures\ABRPOINT.Server\ABRPOINT.Server.csproj]
D:\ABRPOINT-newfeatures\ABRPOINT.Server\Repository\EmployeRepository.cs(1274,40): warning CS8629: Le type valeur Nullable peut avoir une valeur null. [D:\ABRPOINT-newfeatures\ABRPOINT.Server\ABRPOINT.Server.csproj]
D:\ABRPOINT-newfeatures\ABRPOINT.Server\Repository\EmployeRepository.cs(1274,81): warning CS8629: Le type valeur Nullable peut avoir une valeur null. [D:\ABRPOINT-newfeatures\ABRPOINT.Server\ABRPOINT.Server.csproj]
D:\ABRPOINT-newfeatures\ABRPOINT.Server\Repository\EmployeRepository.cs(1374,70): warning CS8604: Existence possible d'un argument de r├®f├®rence null pour le param├¿tre 'input' dans 'bool GenericMethodes.IsValidHHmm(string input)'. [D:\ABRPOINT-newfeatures\ABRPOINT.Server\ABRPOINT.Server.csproj]
D:\ABRPOINT-newfeatures\ABRPOINT.Server\Repository\EmployeRepository.cs(1383,86): warning CS8604: Existence possible d'un argument de r├®f├®rence null pour le param├¿tre 'time' dans 'float? GenericMethodes.ConvertHHmmToDouble(string time)'. [D:\ABRPOINT-newfeatures\ABRPOINT.Server\ABRPOINT.Server.csproj]
D:\ABRPOINT-newfeatures\ABRPOINT.Server\Repository\EmployeRepository.cs(1424,24): warning CS8603: Existence possible d'un retour de r├®f├®rence null. [D:\ABRPOINT-newfeatures\ABRPOINT.Server\ABRPOINT.Server.csproj]
D:\ABRPOINT-newfeatures\ABRPOINT.Server\Repository\EmployeRepository.cs(1570,28): warning CS8603: Existence possible d'un retour de r├®f├®rence null. [D:\ABRPOINT-newfeatures\ABRPOINT.Server\ABRPOINT.Server.csproj]
D:\ABRPOINT-newfeatures\ABRPOINT.Server\Repository\EmployeRepository.cs(1569,40): warning CS8073: Le r├®sultat de l'expression est toujours 'false', car une valeur de type 'DateTime' n'est jamais ├®gale ├á 'null' du type 'DateTime?' [D:\ABRPOINT-newfeatures\ABRPOINT.Server\ABRPOINT.Server.csproj]
D:\ABRPOINT-newfeatures\ABRPOINT.Server\Repository\EmployeRepository.cs(1670,25): warning CS8602: D├®r├®f├®rencement d'une ├®ventuelle r├®f├®rence null. [D:\ABRPOINT-newfeatures\ABRPOINT.Server\ABRPOINT.Server.csproj]
D:\ABRPOINT-newfeatures\ABRPOINT.Server\Controllers\AttendanceController.cs(10,45): warning CS0169: Le champ 'AttendanceController._attendanceService' n'est jamais utilis├® [D:\ABRPOINT-newfeatures\ABRPOINT.Server\ABRPOINT.Server.csproj]
D:\ABRPOINT-newfeatures\ABRPOINT.Server\Repository\AttendaceRepository.cs(9,47): warning CS0649: Le champ 'AttendaceRepository._context' n'est jamais assign├® et aura toujours sa valeur par d├®faut null [D:\ABRPOINT-newfeatures\ABRPOINT.Server\ABRPOINT.Server.csproj]
D:\ABRPOINT-newfeatures\ABRPOINT.Server\Repository\AttendaceRepository.cs(10,45): warning CS0169: Le champ 'AttendaceRepository._webAuthnValidator' n'est jamais utilis├® [D:\ABRPOINT-newfeatures\ABRPOINT.Server\ABRPOINT.Server.csproj]
D:\ABRPOINT-newfeatures\ABRPOINT.Server\Helpers\GenericMethodes.cs(553,24): warning CA1416: Ce site d'appel est accessible sur toutes les plateformes. 'Image.FromFile(string)' est uniquement pris en charge sur 'windows'. (https://learn.microsoft.com/dotnet/fundamentals/code-analysis/quality-rules/ca1416) [D:\ABRPOINT-newfeatures\ABRPOINT.Server\ABRPOINT.Server.csproj]
D:\ABRPOINT-newfeatures\ABRPOINT.Server\Repository\ReportsGenerationService.cs(235,17): warning CA2200: Quand une exception intercept├®e est lev├®e ├á nouveau, cela entra├«ne un changement des informations de la pile (https://learn.microsoft.com/dotnet/fundamentals/code-analysis/quality-rules/ca2200) [D:\ABRPOINT-newfeatures\ABRPOINT.Server\ABRPOINT.Server.csproj]

├ëCHEC de la build.

D:\ABRPOINT-newfeatures\ABRPOINT.Server\ABRPOINT.Server.csproj : warning NU1608: Version du package d├®tect├®e en dehors de la contrainte de d├®pendance┬á: Microsoft.CodeAnalysis.VisualBasic 4.0.1 n├®cessite Microsoft.CodeAnalysis.Common (= 4.0.1) alors que la version Microsoft.CodeAnalysis.Common 4.5.0 a ├®t├® r├®solue.
D:\ABRPOINT-newfeatures\ABRPOINT.Server\ABRPOINT.Server.csproj : warning NU1701: Le package 'ZKemkeeper 1.0.2' a ├®t├® restaur├® en utilisant '.NETFramework,Version=v4.6.1, .NETFramework,Version=v4.6.2, .NETFramework,Version=v4.7, .NETFramework,Version=v4.7.1, .NETFramework,Version=v4.7.2, .NETFramework,Version=v4.8, .NETFramework,Version=v4.8.1' au lieu du framework cible du projet 'net8.0'. Ce package n'est peut-├¬tre pas totalement compatible avec votre projet.
D:\ABRPOINT-newfeatures\ABRPOINT.Server\ABRPOINT.Server.csproj : warning NU1608: Version du package d├®tect├®e en dehors de la contrainte de d├®pendance┬á: Microsoft.CodeAnalysis.VisualBasic 4.0.1 n├®cessite Microsoft.CodeAnalysis.Common (= 4.0.1) alors que la version Microsoft.CodeAnalysis.Common 4.5.0 a ├®t├® r├®solue.
D:\ABRPOINT-newfeatures\ABRPOINT.Server\ABRPOINT.Server.csproj : warning NU1701: Le package 'ZKemkeeper 1.0.2' a ├®t├® restaur├® en utilisant '.NETFramework,Version=v4.6.1, .NETFramework,Version=v4.6.2, .NETFramework,Version=v4.7, .NETFramework,Version=v4.7.1, .NETFramework,Version=v4.7.2, .NETFramework,Version=v4.8, .NETFramework,Version=v4.8.1' au lieu du framework cible du projet 'net8.0'. Ce package n'est peut-├¬tre pas totalement compatible avec votre projet.
D:\ABRPOINT-newfeatures\ABRPOINT.Server\CalculService\DashboardService\DashboardService.cs(297,42): warning CS8767: La nullabilit├® des types r├®f├®rence dans le type du param├¿tre 'dep' de 'Task<DashboardData> DashboardService.GetDashboardData(string soccod, DateTime date, string dep, List<string> empcods)' ne correspond pas au membre impl├®ment├® implicitement 'Task<DashboardData> IDashboardService.GetDashboardData(string soccod, DateTime date, string? departement, List<string>? empcods)' (probablement en raison des attributs de nullabilit├®). [D:\ABRPOINT-newfeatures\ABRPOINT.Server\ABRPOINT.Server.csproj]
D:\ABRPOINT-newfeatures\ABRPOINT.Server\CalculService\DashboardService\DashboardService.cs(297,42): warning CS8767: La nullabilit├® des types r├®f├®rence dans le type du param├¿tre 'empcods' de 'Task<DashboardData> DashboardService.GetDashboardData(string soccod, DateTime date, string dep, List<string> empcods)' ne correspond pas au membre impl├®ment├® implicitement 'Task<DashboardData> IDashboardService.GetDashboardData(string soccod, DateTime date, string? departement, List<string>? empcods)' (probablement en raison des attributs de nullabilit├®). [D:\ABRPOINT-newfeatures\ABRPOINT.Server\ABRPOINT.Server.csproj]
D:\ABRPOINT-newfeatures\ABRPOINT.Server\Interfaces\IEmployeRepository.cs(13,48): warning CS8714: Impossible d'utiliser le type 'string?' en tant que param├¿tre de type 'TKey' dans le type ou la m├®thode g├®n├®rique 'Dictionary<TKey, TValue>'. La nullabilit├® de l'argument de type 'string?' ne correspond pas ├á la contrainte 'notnull'. [D:\ABRPOINT-newfeatures\ABRPOINT.Server\ABRPOINT.Server.csproj]
D:\ABRPOINT-newfeatures\ABRPOINT.Server\Repository\AutoriserRepository.cs(150,51): warning CS8767: La nullabilit├® des types r├®f├®rence dans le type du param├¿tre 'soccod' de 'Task<IEnumerable<Autoriser>> AutoriserRepository.GetAllAsync(string soccod, string uticod)' ne correspond pas au membre impl├®ment├® implicitement 'Task<IEnumerable<Autoriser>> IautoriserRepository.GetAllAsync(string? soccod, string? uticod)' (probablement en raison des attributs de nullabilit├®). [D:\ABRPOINT-newfeatures\ABRPOINT.Server\ABRPOINT.Server.csproj]
D:\ABRPOINT-newfeatures\ABRPOINT.Server\Repository\AutoriserRepository.cs(150,51): warning CS8767: La nullabilit├® des types r├®f├®rence dans le type du param├¿tre 'uticod' de 'Task<IEnumerable<Autoriser>> AutoriserRepository.GetAllAsync(string soccod, string uticod)' ne correspond pas au membre impl├®ment├® implicitement 'Task<IEnumerable<Autoriser>> IautoriserRepository.GetAllAsync(string? soccod, string? uticod)' (probablement en raison des attributs de nullabilit├®). [D:\ABRPOINT-newfeatures\ABRPOINT.Server\ABRPOINT.Server.csproj]
D:\ABRPOINT-newfeatures\ABRPOINT.Server\Repository\EmployeRepository.cs(418,37): warning CS8767: La nullabilit├® des types r├®f├®rence dans le type du param├¿tre 'soccod' de 'IEnumerable<Employe> EmployeRepository.GetAll(string soccod, string uticod)' ne correspond pas au membre impl├®ment├® implicitement 'IEnumerable<Employe> IEmployeRepository.GetAll(string? soccod, string uticod)' (probablement en raison des attributs de nullabilit├®). [D:\ABRPOINT-newfeatures\ABRPOINT.Server\ABRPOINT.Server.csproj]
D:\ABRPOINT-newfeatures\ABRPOINT.Server\Repository\EmployeRepository.cs(83,61): warning CS8714: Impossible d'utiliser le type 'string?' en tant que param├¿tre de type 'TKey' dans le type ou la m├®thode g├®n├®rique 'Dictionary<TKey, TValue>'. La nullabilit├® de l'argument de type 'string?' ne correspond pas ├á la contrainte 'notnull'. [D:\ABRPOINT-newfeatures\ABRPOINT.Server\ABRPOINT.Server.csproj]
D:\ABRPOINT-newfeatures\ABRPOINT.Server\Repository\ParametreRepository.cs(236,54): warning CS8613: La nullabilit├® des types r├®f├®rence dans le type de retour de 'Task<ParametreMoisPointageDto?> ParametreRepository.GetParametreMoisPointage(string soccod)' ne correspond pas au membre impl├®ment├® implicitement 'Task<ParametreMoisPointageDto> IParametreRepository.GetParametreMoisPointage(string soccod)'. [D:\ABRPOINT-newfeatures\ABRPOINT.Server\ABRPOINT.Server.csproj]
D:\ABRPOINT-newfeatures\ABRPOINT.Server\Controllers\EmployesController.cs(89,61): warning CS8714: Impossible d'utiliser le type 'string?' en tant que param├¿tre de type 'TKey' dans le type ou la m├®thode g├®n├®rique 'Dictionary<TKey, TValue>'. La nullabilit├® de l'argument de type 'string?' ne correspond pas ├á la contrainte 'notnull'. [D:\ABRPOINT-newfeatures\ABRPOINT.Server\ABRPOINT.Server.csproj]
D:\ABRPOINT-newfeatures\ABRPOINT.Server\Repository\PresenceRepository.cs(84,41): warning CS8613: La nullabilit├® des types r├®f├®rence dans le type de retour de 'Task<PresenceDto?> PresenceRepository.AddPresence(string soccod, string empcod, DateTime date, string poicod)' ne correspond pas au membre impl├®ment├® implicitement 'Task<PresenceDto> IPresenceRepository.AddPresence(string soccod, string empcod, DateTime date, string poicod)'. [D:\ABRPOINT-newfeatures\ABRPOINT.Server\ABRPOINT.Server.csproj]
D:\ABRPOINT-newfeatures\ABRPOINT.Server\Repository\PresenceRepository.cs(1754,47): warning CS8613: La nullabilit├® des types r├®f├®rence dans le type de retour de 'Task<PresenceStatistics> PresenceRepository.GetStatistics(DateTime startDate, DateTime endDate)' ne correspond pas au membre impl├®ment├® implicitement 'Task<PresenceStatistics?> IPresenceRepository.GetStatistics(DateTime startDate, DateTime today)'. [D:\ABRPOINT-newfeatures\ABRPOINT.Server\ABRPOINT.Server.csproj]
D:\ABRPOINT-newfeatures\ABRPOINT.Server\Repository\PresenceRepository.cs(1776,46): warning CS8613: La nullabilit├® des types r├®f├®rence dans le type de retour de 'Task<List<AbsenceInfo>> PresenceRepository.GetRecentAbsences(DateTime startDate, DateTime endDate, int limit)' ne correspond pas au membre impl├®ment├® implicitement 'Task<List<AbsenceInfo>?> IPresenceRepository.GetRecentAbsences(DateTime startDate, DateTime today, int v)'. [D:\ABRPOINT-newfeatures\ABRPOINT.Server\ABRPOINT.Server.csproj]
D:\ABRPOINT-newfeatures\ABRPOINT.Server\Repository\PresenceRepository.cs(1791,45): warning CS8613: La nullabilit├® des types r├®f├®rence dans le type de retour de 'Task<GlobalStatistics> PresenceRepository.GetGlobalStatistics()' ne correspond pas au membre impl├®ment├® implicitement 'Task<GlobalStatistics?> IPresenceRepository.GetGlobalStatistics()'. [D:\ABRPOINT-newfeatures\ABRPOINT.Server\ABRPOINT.Server.csproj]
D:\ABRPOINT-newfeatures\ABRPOINT.Server\Repository\SanctionRepository.cs(198,36): warning CS8613: La nullabilit├® des types r├®f├®rence dans le type de retour de 'Task<string?> SanctionRepository.GetAbsenceLib(string? soccod, string? empcod, DateTime dmdate)' ne correspond pas au membre impl├®ment├® implicitement 'Task<string> ISanctionRepository.GetAbsenceLib(string? soccod, string? empcod, DateTime dmdate)'. [D:\ABRPOINT-newfeatures\ABRPOINT.Server\ABRPOINT.Server.csproj]
D:\ABRPOINT-newfeatures\ABRPOINT.Server\Repository\UtilisateurRepository.cs(214,40): warning CS8613: La nullabilit├® des types r├®f├®rence dans le type de retour de 'Task<UtiProfile?> UtilisateurRepository.GetProfile(string soccod, string uticod)' ne correspond pas au membre impl├®ment├® implicitement 'Task<UtiProfile> IUtilisateurRepository.GetProfile(string soccod, string uticod)'. [D:\ABRPOINT-newfeatures\ABRPOINT.Server\ABRPOINT.Server.csproj]
D:\ABRPOINT-newfeatures\ABRPOINT.Server\Repository\SocieteRepository.cs(63,39): warning CS8613: La nullabilit├® des types r├®f├®rence dans le type de retour de 'Task<SocHeures?> SocieteRepository.GetSocHeures(string soccod)' ne correspond pas au membre impl├®ment├® implicitement 'Task<SocHeures> ISocieteRepository.GetSocHeures(string soccod)'. [D:\ABRPOINT-newfeatures\ABRPOINT.Server\ABRPOINT.Server.csproj]
D:\ABRPOINT-newfeatures\ABRPOINT.Server\Controllers\DashboardController.cs(217,19): warning CS8618: Le propri├®t├® ┬½┬áSoccod┬á┬╗ non-nullable doit contenir une valeur autre que Null lors de la fermeture du constructeur. Envisagez dÔÇÖajouter le modificateur ┬½┬árequired┬á┬╗ ou de d├®clarer le propri├®t├® comme pouvant accepter la valeur Null. [D:\ABRPOINT-newfeatures\ABRPOINT.Server\ABRPOINT.Server.csproj]
D:\ABRPOINT-newfeatures\ABRPOINT.Server\Controllers\DashboardController.cs(230,19): warning CS8618: Le propri├®t├® ┬½┬áSoccod┬á┬╗ non-nullable doit contenir une valeur autre que Null lors de la fermeture du constructeur. Envisagez dÔÇÖajouter le modificateur ┬½┬árequired┬á┬╗ ou de d├®clarer le propri├®t├® comme pouvant accepter la valeur Null. [D:\ABRPOINT-newfeatures\ABRPOINT.Server\ABRPOINT.Server.csproj]
D:\ABRPOINT-newfeatures\ABRPOINT.Server\Controllers\DashboardController.cs(234,25): warning CS8618: Le propri├®t├® ┬½┬áEmpcods┬á┬╗ non-nullable doit contenir une valeur autre que Null lors de la fermeture du constructeur. Envisagez dÔÇÖajouter le modificateur ┬½┬árequired┬á┬╗ ou de d├®clarer le propri├®t├® comme pouvant accepter la valeur Null. [D:\ABRPOINT-newfeatures\ABRPOINT.Server\ABRPOINT.Server.csproj]
D:\ABRPOINT-newfeatures\ABRPOINT.Server\Controllers\DashboardController.cs(253,19): warning CS8618: Le propri├®t├® ┬½┬áDepartement┬á┬╗ non-nullable doit contenir une valeur autre que Null lors de la fermeture du constructeur. Envisagez dÔÇÖajouter le modificateur ┬½┬árequired┬á┬╗ ou de d├®clarer le propri├®t├® comme pouvant accepter la valeur Null. [D:\ABRPOINT-newfeatures\ABRPOINT.Server\ABRPOINT.Server.csproj]
D:\ABRPOINT-newfeatures\ABRPOINT.Server\Dtaos\DashboardData.cs(47,19): warning CS8618: Le propri├®t├® ┬½┬áDepartement┬á┬╗ non-nullable doit contenir une valeur autre que Null lors de la fermeture du constructeur. Envisagez dÔÇÖajouter le modificateur ┬½┬árequired┬á┬╗ ou de d├®clarer le propri├®t├® comme pouvant accepter la valeur Null. [D:\ABRPOINT-newfeatures\ABRPOINT.Server\ABRPOINT.Server.csproj]
D:\ABRPOINT-newfeatures\ABRPOINT.Server\Dtaos\DashboardData.cs(56,19): warning CS8618: Le propri├®t├® ┬½┬áJourSemaine┬á┬╗ non-nullable doit contenir une valeur autre que Null lors de la fermeture du constructeur. Envisagez dÔÇÖajouter le modificateur ┬½┬árequired┬á┬╗ ou de d├®clarer le propri├®t├® comme pouvant accepter la valeur Null. [D:\ABRPOINT-newfeatures\ABRPOINT.Server\ABRPOINT.Server.csproj]
D:\ABRPOINT-newfeatures\ABRPOINT.Server\Dtaos\DashboardData.cs(64,19): warning CS8618: Le propri├®t├® ┬½┬áEMPCOD┬á┬╗ non-nullable doit contenir une valeur autre que Null lors de la fermeture du constructeur. Envisagez dÔÇÖajouter le modificateur ┬½┬árequired┬á┬╗ ou de d├®clarer le propri├®t├® comme pouvant accepter la valeur Null. [D:\ABRPOINT-newfeatures\ABRPOINT.Server\ABRPOINT.Server.csproj]
D:\ABRPOINT-newfeatures\ABRPOINT.Server\Dtaos\DashboardData.cs(65,19): warning CS8618: Le propri├®t├® ┬½┬áEmplib┬á┬╗ non-nullable doit contenir une valeur autre que Null lors de la fermeture du constructeur. Envisagez dÔÇÖajouter le modificateur ┬½┬árequired┬á┬╗ ou de d├®clarer le propri├®t├® comme pouvant accepter la valeur Null. [D:\ABRPOINT-newfeatures\ABRPOINT.Server\ABRPOINT.Server.csproj]
D:\ABRPOINT-newfeatures\ABRPOINT.Server\Dtaos\DashboardData.cs(66,19): warning CS8618: Le propri├®t├® ┬½┬áPrenom┬á┬╗ non-nullable doit contenir une valeur autre que Null lors de la fermeture du constructeur. Envisagez dÔÇÖajouter le modificateur ┬½┬árequired┬á┬╗ ou de d├®clarer le propri├®t├® comme pouvant accepter la valeur Null. [D:\ABRPOINT-newfeatures\ABRPOINT.Server\ABRPOINT.Server.csproj]
D:\ABRPOINT-newfeatures\ABRPOINT.Server\Dtaos\DashboardData.cs(67,19): warning CS8618: Le propri├®t├® ┬½┬áDepartement┬á┬╗ non-nullable doit contenir une valeur autre que Null lors de la fermeture du constructeur. Envisagez dÔÇÖajouter le modificateur ┬½┬árequired┬á┬╗ ou de d├®clarer le propri├®t├® comme pouvant accepter la valeur Null. [D:\ABRPOINT-newfeatures\ABRPOINT.Server\ABRPOINT.Server.csproj]
D:\ABRPOINT-newfeatures\ABRPOINT.Server\Dtaos\DashboardData.cs(71,19): warning CS8618: Le propri├®t├® ┬½┬áStatut┬á┬╗ non-nullable doit contenir une valeur autre que Null lors de la fermeture du constructeur. Envisagez dÔÇÖajouter le modificateur ┬½┬árequired┬á┬╗ ou de d├®clarer le propri├®t├® comme pouvant accepter la valeur Null. [D:\ABRPOINT-newfeatures\ABRPOINT.Server\ABRPOINT.Server.csproj]
D:\ABRPOINT-newfeatures\ABRPOINT.Server\Dtaos\DashboardData.cs(72,19): warning CS8618: Le propri├®t├® ┬½┬áTypeConge┬á┬╗ non-nullable doit contenir une valeur autre que Null lors de la fermeture du constructeur. Envisagez dÔÇÖajouter le modificateur ┬½┬árequired┬á┬╗ ou de d├®clarer le propri├®t├® comme pouvant accepter la valeur Null. [D:\ABRPOINT-newfeatures\ABRPOINT.Server\ABRPOINT.Server.csproj]
D:\ABRPOINT-newfeatures\ABRPOINT.Server\Dtaos\EtatGlobalRequest.cs(5,19): warning CS8618: Le propri├®t├® ┬½┬ásoccod┬á┬╗ non-nullable doit contenir une valeur autre que Null lors de la fermeture du constructeur. Envisagez dÔÇÖajouter le modificateur ┬½┬árequired┬á┬╗ ou de d├®clarer le propri├®t├® comme pouvant accepter la valeur Null. [D:\ABRPOINT-newfeatures\ABRPOINT.Server\ABRPOINT.Server.csproj]
D:\ABRPOINT-newfeatures\ABRPOINT.Server\Dtaos\EtatGlobalRequest.cs(11,33): warning CS8618: Le propri├®t├® ┬½┬ádata┬á┬╗ non-nullable doit contenir une valeur autre que Null lors de la fermeture du constructeur. Envisagez dÔÇÖajouter le modificateur ┬½┬árequired┬á┬╗ ou de d├®clarer le propri├®t├® comme pouvant accepter la valeur Null. [D:\ABRPOINT-newfeatures\ABRPOINT.Server\ABRPOINT.Server.csproj]
D:\ABRPOINT-newfeatures\ABRPOINT.Server\Helpers\DateTimeConverter.cs(10,36): warning CS8604: Existence possible d'un argument de r├®f├®rence null pour le param├¿tre 's' dans 'DateTime DateTime.ParseExact(string s, string format, IFormatProvider? provider)'. [D:\ABRPOINT-newfeatures\ABRPOINT.Server\ABRPOINT.Server.csproj]
D:\ABRPOINT-newfeatures\ABRPOINT.Server\Mappings\MappingProfiles.cs(17,75): warning CS8602: D├®r├®f├®rencement d'une ├®ventuelle r├®f├®rence null. [D:\ABRPOINT-newfeatures\ABRPOINT.Server\ABRPOINT.Server.csproj]
D:\ABRPOINT-newfeatures\ABRPOINT.Server\Services\ServicesRegistration.cs(83,57): warning CS8604: Existence possible d'un argument de r├®f├®rence null pour le param├¿tre 'apiKey' dans 'GeminiPlugin.GeminiPlugin(IHttpClientFactory httpClientFactory, string apiKey, Kernel kernel)'. [D:\ABRPOINT-newfeatures\ABRPOINT.Server\ABRPOINT.Server.csproj]
D:\ABRPOINT-newfeatures\ABRPOINT.Server\Controllers\UtilisateursController.cs(111,30): warning CS0168: La variable 'ex' est d├®clar├®e, mais jamais utilis├®e [D:\ABRPOINT-newfeatures\ABRPOINT.Server\ABRPOINT.Server.csproj]
D:\ABRPOINT-newfeatures\ABRPOINT.Server\Program.cs(63,33): warning CS8604: Existence possible d'un argument de r├®f├®rence null pour le param├¿tre 's' dans 'byte[] Encoding.GetBytes(string s)'. [D:\ABRPOINT-newfeatures\ABRPOINT.Server\ABRPOINT.Server.csproj]
D:\ABRPOINT-newfeatures\ABRPOINT.Server\Helpers\EnumHelper.cs(45,72): warning CS8600: Conversion de litt├®ral ayant une valeur null ou d'une ├®ventuelle valeur null en type non-nullable. [D:\ABRPOINT-newfeatures\ABRPOINT.Server\ABRPOINT.Server.csproj]
D:\ABRPOINT-newfeatures\ABRPOINT.Server\Helpers\EnumHelper.cs(46,28): warning CS8602: D├®r├®f├®rencement d'une ├®ventuelle r├®f├®rence null. [D:\ABRPOINT-newfeatures\ABRPOINT.Server\ABRPOINT.Server.csproj]
D:\ABRPOINT-newfeatures\ABRPOINT.Server\Helpers\EnumHelper.cs(46,28): warning CS8603: Existence possible d'un retour de r├®f├®rence null. [D:\ABRPOINT-newfeatures\ABRPOINT.Server\ABRPOINT.Server.csproj]
D:\ABRPOINT-newfeatures\ABRPOINT.Server\Helpers\EnumHelper.cs(55,29): warning CS8602: D├®r├®f├®rencement d'une ├®ventuelle r├®f├®rence null. [D:\ABRPOINT-newfeatures\ABRPOINT.Server\ABRPOINT.Server.csproj]
D:\ABRPOINT-newfeatures\ABRPOINT.Server\Helpers\EnumHelper.cs(55,54): warning CS8604: Existence possible d'un argument de r├®f├®rence null pour le param├¿tre 'name' dans 'FieldInfo? Type.GetField(string name)'. [D:\ABRPOINT-newfeatures\ABRPOINT.Server\ABRPOINT.Server.csproj]
D:\ABRPOINT-newfeatures\ABRPOINT.Server\Helpers\EnumHelper.cs(57,41): warning CS8602: D├®r├®f├®rencement d'une ├®ventuelle r├®f├®rence null. [D:\ABRPOINT-newfeatures\ABRPOINT.Server\ABRPOINT.Server.csproj]
D:\ABRPOINT-newfeatures\ABRPOINT.Server\Helpers\EnumHelper.cs(60,17): warning CS8602: D├®r├®f├®rencement d'une ├®ventuelle r├®f├®rence null. [D:\ABRPOINT-newfeatures\ABRPOINT.Server\ABRPOINT.Server.csproj]
D:\ABRPOINT-newfeatures\ABRPOINT.Server\Helpers\EnumHelper.cs(61,39): warning CS8604: Existence possible d'un argument de r├®f├®rence null pour le param├¿tre 'resourceManagerProvider' dans 'string EnumHelper<T>.lookupResource(Type resourceManagerProvider, string resourceKey)'. [D:\ABRPOINT-newfeatures\ABRPOINT.Server\ABRPOINT.Server.csproj]
D:\ABRPOINT-newfeatures\ABRPOINT.Server\Helpers\EnumHelper.cs(61,78): warning CS8604: Existence possible d'un argument de r├®f├®rence null pour le param├¿tre 'resourceKey' dans 'string EnumHelper<T>.lookupResource(Type resourceManagerProvider, string resourceKey)'. [D:\ABRPOINT-newfeatures\ABRPOINT.Server\ABRPOINT.Server.csproj]
D:\ABRPOINT-newfeatures\ABRPOINT.Server\Helpers\EnumHelper.cs(64,20): warning CS8603: Existence possible d'un retour de r├®f├®rence null. [D:\ABRPOINT-newfeatures\ABRPOINT.Server\ABRPOINT.Server.csproj]
D:\ABRPOINT-newfeatures\ABRPOINT.Server\Helpers\GenericMethodes.cs(144,31): warning CS8629: Le type valeur Nullable peut avoir une valeur null. [D:\ABRPOINT-newfeatures\ABRPOINT.Server\ABRPOINT.Server.csproj]
D:\ABRPOINT-newfeatures\ABRPOINT.Server\Helpers\GenericMethodes.cs(148,54): warning CS8629: Le type valeur Nullable peut avoir une valeur null. [D:\ABRPOINT-newfeatures\ABRPOINT.Server\ABRPOINT.Server.csproj]
D:\ABRPOINT-newfeatures\ABRPOINT.Server\Helpers\GenericMethodes.cs(179,139): warning CS8604: Existence possible d'un argument de r├®f├®rence null pour le param├¿tre 'time' dans 'float? GenericMethodes.ConvertHHmmToDouble(string time)'. [D:\ABRPOINT-newfeatures\ABRPOINT.Server\ABRPOINT.Server.csproj]
D:\ABRPOINT-newfeatures\ABRPOINT.Server\CalculService\PresencePlugin.cs(47,30): warning CS0168: La variable 'ex' est d├®clar├®e, mais jamais utilis├®e [D:\ABRPOINT-newfeatures\ABRPOINT.Server\ABRPOINT.Server.csproj]
D:\ABRPOINT-newfeatures\ABRPOINT.Server\Services\PointeuseHttpService.cs(45,41): warning CS8600: Conversion de litt├®ral ayant une valeur null ou d'une ├®ventuelle valeur null en type non-nullable. [D:\ABRPOINT-newfeatures\ABRPOINT.Server\ABRPOINT.Server.csproj]
D:\ABRPOINT-newfeatures\ABRPOINT.Server\Services\PointeuseHttpService.cs(48,29): warning CS8602: D├®r├®f├®rencement d'une ├®ventuelle r├®f├®rence null. [D:\ABRPOINT-newfeatures\ABRPOINT.Server\ABRPOINT.Server.csproj]
D:\ABRPOINT-newfeatures\ABRPOINT.Server\Repository\VilleRepository.cs(36,20): warning CS8603: Existence possible d'un retour de r├®f├®rence null. [D:\ABRPOINT-newfeatures\ABRPOINT.Server\ABRPOINT.Server.csproj]
D:\ABRPOINT-newfeatures\ABRPOINT.Server\Repository\VilleRepository.cs(41,20): warning CS8619: La nullabilit├® des types r├®f├®rence dans la valeur de type 'Dictionary<string, string?>' ne correspond pas au type cible 'Dictionary<string, string>'. [D:\ABRPOINT-newfeatures\ABRPOINT.Server\ABRPOINT.Server.csproj]
D:\ABRPOINT-newfeatures\ABRPOINT.Server\Repository\UtilisateurRepository.cs(33,40): warning CS8619: La nullabilit├® des types r├®f├®rence dans la valeur de type 'List<string?>' ne correspond pas au type cible 'List<string>'. [D:\ABRPOINT-newfeatures\ABRPOINT.Server\ABRPOINT.Server.csproj]
D:\ABRPOINT-newfeatures\ABRPOINT.Server\Repository\UtilisateurRepository.cs(51,20): warning CS8603: Existence possible d'un retour de r├®f├®rence null. [D:\ABRPOINT-newfeatures\ABRPOINT.Server\ABRPOINT.Server.csproj]
D:\ABRPOINT-newfeatures\ABRPOINT.Server\CalculService\HeureSupp\OptimizedPresenceService.cs(58,28): warning CS8603: Existence possible d'un retour de r├®f├®rence null. [D:\ABRPOINT-newfeatures\ABRPOINT.Server\ABRPOINT.Server.csproj]
D:\ABRPOINT-newfeatures\ABRPOINT.Server\CalculService\HeureSupp\OptimizedPresenceService.cs(61,59): warning CS8603: Existence possible d'un retour de r├®f├®rence null. [D:\ABRPOINT-newfeatures\ABRPOINT.Server\ABRPOINT.Server.csproj]
D:\ABRPOINT-newfeatures\ABRPOINT.Server\CalculService\HeureSupp\OptimizedPresenceService.cs(64,28): warning CS8603: Existence possible d'un retour de r├®f├®rence null. [D:\ABRPOINT-newfeatures\ABRPOINT.Server\ABRPOINT.Server.csproj]
D:\ABRPOINT-newfeatures\ABRPOINT.Server\CalculService\HeureSupp\OptimizedPresenceService.cs(80,21): warning CS8625: Impossible de convertir un litt├®ral ayant une valeur null en type r├®f├®rence non-nullable. [D:\ABRPOINT-newfeatures\ABRPOINT.Server\ABRPOINT.Server.csproj]
D:\ABRPOINT-newfeatures\ABRPOINT.Server\Repository\UtilisateurRepository.cs(65,50): warning CS8604: Existence possible d'un argument de r├®f├®rence null pour le param├¿tre 'item' dans 'bool List<string>.Contains(string item)'. [D:\ABRPOINT-newfeatures\ABRPOINT.Server\ABRPOINT.Server.csproj]
D:\ABRPOINT-newfeatures\ABRPOINT.Server\Helpers\GenericMethodes.cs(332,32): warning CS8600: Conversion de litt├®ral ayant une valeur null ou d'une ├®ventuelle valeur null en type non-nullable. [D:\ABRPOINT-newfeatures\ABRPOINT.Server\ABRPOINT.Server.csproj]
D:\ABRPOINT-newfeatures\ABRPOINT.Server\Helpers\GenericMethodes.cs(332,44): warning CS8600: Conversion de litt├®ral ayant une valeur null ou d'une ├®ventuelle valeur null en type non-nullable. [D:\ABRPOINT-newfeatures\ABRPOINT.Server\ABRPOINT.Server.csproj]
D:\ABRPOINT-newfeatures\ABRPOINT.Server\Helpers\GenericMethodes.cs(351,30): warning CS0168: La variable 'e' est d├®clar├®e, mais jamais utilis├®e [D:\ABRPOINT-newfeatures\ABRPOINT.Server\ABRPOINT.Server.csproj]
D:\ABRPOINT-newfeatures\ABRPOINT.Server\Helpers\GenericMethodes.cs(373,41): warning CS8603: Existence possible d'un retour de r├®f├®rence null. [D:\ABRPOINT-newfeatures\ABRPOINT.Server\ABRPOINT.Server.csproj]
D:\ABRPOINT-newfeatures\ABRPOINT.Server\Repository\UtilisateurRepository.cs(144,20): warning CS8603: Existence possible d'un retour de r├®f├®rence null. [D:\ABRPOINT-newfeatures\ABRPOINT.Server\ABRPOINT.Server.csproj]
D:\ABRPOINT-newfeatures\ABRPOINT.Server\Controllers\UtilisateursController.cs(178,40): warning CS8619: La nullabilit├® des types r├®f├®rence dans la valeur de type 'List<string?>' ne correspond pas au type cible 'List<string>'. [D:\ABRPOINT-newfeatures\ABRPOINT.Server\ABRPOINT.Server.csproj]
D:\ABRPOINT-newfeatures\ABRPOINT.Server\Controllers\UtilisateursController.cs(185,56): warning CS8604: Existence possible d'un argument de r├®f├®rence null pour le param├¿tre 'username' dans 'string UtilisateursController.GenerateJwtToken(string username)'. [D:\ABRPOINT-newfeatures\ABRPOINT.Server\ABRPOINT.Server.csproj]
D:\ABRPOINT-newfeatures\ABRPOINT.Server\Controllers\UtilisateursController.cs(204,54): warning CS8604: Existence possible d'un argument de r├®f├®rence null pour le param├¿tre 'value' dans 'void IResponseCookies.Append(string key, string value, CookieOptions options)'. [D:\ABRPOINT-newfeatures\ABRPOINT.Server\ABRPOINT.Server.csproj]
D:\ABRPOINT-newfeatures\ABRPOINT.Server\Controllers\UtilisateursController.cs(217,30): warning CS0168: La variable 'ex' est d├®clar├®e, mais jamais utilis├®e [D:\ABRPOINT-newfeatures\ABRPOINT.Server\ABRPOINT.Server.csproj]
D:\ABRPOINT-newfeatures\ABRPOINT.Server\CalculService\HeureSupp\OptimizedPresenceService.cs(168,36): warning CS8629: Le type valeur Nullable peut avoir une valeur null. [D:\ABRPOINT-newfeatures\ABRPOINT.Server\ABRPOINT.Server.csproj]
D:\ABRPOINT-newfeatures\ABRPOINT.Server\CalculService\HeureSupp\OptimizedPresenceService.cs(172,65): warning CS8629: Le type valeur Nullable peut avoir une valeur null. [D:\ABRPOINT-newfeatures\ABRPOINT.Server\ABRPOINT.Server.csproj]
D:\ABRPOINT-newfeatures\ABRPOINT.Server\CalculService\HeureSupp\OptimizedPresenceService.cs(187,75): warning CS8629: Le type valeur Nullable peut avoir une valeur null. [D:\ABRPOINT-newfeatures\ABRPOINT.Server\ABRPOINT.Server.csproj]
D:\ABRPOINT-newfeatures\ABRPOINT.Server\CalculService\HeureSupp\OptimizedPresenceService.cs(196,76): warning CS8604: Existence possible d'un argument de r├®f├®rence null pour le param├¿tre 'item' dans 'bool List<string>.Contains(string item)'. [D:\ABRPOINT-newfeatures\ABRPOINT.Server\ABRPOINT.Server.csproj]
D:\ABRPOINT-newfeatures\ABRPOINT.Server\CalculService\HeureSupp\OptimizedPresenceService.cs(195,45): warning CS8714: Impossible d'utiliser le type 'string?' en tant que param├¿tre de type 'TKey' dans le type ou la m├®thode g├®n├®rique 'EntityFrameworkQueryableExtensions.ToDictionaryAsync<TSource, TKey>(IQueryable<TSource>, Func<TSource, TKey>, CancellationToken)'. La nullabilit├® de l'argument de type 'string?' ne correspond pas ├á la contrainte 'notnull'. [D:\ABRPOINT-newfeatures\ABRPOINT.Server\ABRPOINT.Server.csproj]
D:\ABRPOINT-newfeatures\ABRPOINT.Server\CalculService\HeureSupp\OptimizedPresenceService.cs(197,40): warning CS8621: La nullabilit├® des types r├®f├®rence dans le type de retour de 'expression lambda' ne correspond pas au d├®l├®gu├® cible 'Func<Poste, string?>' (probablement en raison des attributs de nullabilit├®). [D:\ABRPOINT-newfeatures\ABRPOINT.Server\ABRPOINT.Server.csproj]
D:\ABRPOINT-newfeatures\ABRPOINT.Server\CalculService\HeureSupp\OptimizedPresenceService.cs(195,39): warning CS8619: La nullabilit├® des types r├®f├®rence dans la valeur de type 'Dictionary<string?, Poste>' ne correspond pas au type cible 'Dictionary<string, Poste>'. [D:\ABRPOINT-newfeatures\ABRPOINT.Server\ABRPOINT.Server.csproj]
D:\ABRPOINT-newfeatures\ABRPOINT.Server\Controllers\UtilisateursController.cs(250,55): warning CS8604: Existence possible d'un argument de r├®f├®rence null pour le param├¿tre 'username' dans 'string UtilisateursController.GenerateJwtToken(string username)'. [D:\ABRPOINT-newfeatures\ABRPOINT.Server\ABRPOINT.Server.csproj]
D:\ABRPOINT-newfeatures\ABRPOINT.Server\CalculService\HeureSupp\OptimizedPresenceService.cs(310,73): warning CS8629: Le type valeur Nullable peut avoir une valeur null. [D:\ABRPOINT-newfeatures\ABRPOINT.Server\ABRPOINT.Server.csproj]
D:\ABRPOINT-newfeatures\ABRPOINT.Server\Repository\UtilisateurRepository.cs(158,45): warning CS8602: D├®r├®f├®rencement d'une ├®ventuelle r├®f├®rence null. [D:\ABRPOINT-newfeatures\ABRPOINT.Server\ABRPOINT.Server.csproj]
D:\ABRPOINT-newfeatures\ABRPOINT.Server\Repository\UtilisateurRepository.cs(160,53): warning CS8602: D├®r├®f├®rencement d'une ├®ventuelle r├®f├®rence null. [D:\ABRPOINT-newfeatures\ABRPOINT.Server\ABRPOINT.Server.csproj]
D:\ABRPOINT-newfeatures\ABRPOINT.Server\Repository\UtilisateurRepository.cs(168,37): warning CS8602: D├®r├®f├®rencement d'une ├®ventuelle r├®f├®rence null. [D:\ABRPOINT-newfeatures\ABRPOINT.Server\ABRPOINT.Server.csproj]
D:\ABRPOINT-newfeatures\ABRPOINT.Server\Repository\UtilisateurRepository.cs(171,63): warning CS8602: D├®r├®f├®rencement d'une ├®ventuelle r├®f├®rence null. [D:\ABRPOINT-newfeatures\ABRPOINT.Server\ABRPOINT.Server.csproj]
D:\ABRPOINT-newfeatures\ABRPOINT.Server\Repository\UtilisateurRepository.cs(177,53): warning CS8602: D├®r├®f├®rencement d'une ├®ventuelle r├®f├®rence null. [D:\ABRPOINT-newfeatures\ABRPOINT.Server\ABRPOINT.Server.csproj]
D:\ABRPOINT-newfeatures\ABRPOINT.Server\Repository\UtilisateurRepository.cs(192,38): warning CS8602: D├®r├®f├®rencement d'une ├®ventuelle r├®f├®rence null. [D:\ABRPOINT-newfeatures\ABRPOINT.Server\ABRPOINT.Server.csproj]
D:\ABRPOINT-newfeatures\ABRPOINT.Server\Repository\UtilisateurRepository.cs(207,30): warning CS0168: La variable 'ex' est d├®clar├®e, mais jamais utilis├®e [D:\ABRPOINT-newfeatures\ABRPOINT.Server\ABRPOINT.Server.csproj]
D:\ABRPOINT-newfeatures\ABRPOINT.Server\CalculService\HeureSupp\OptimizedPresenceService.cs(374,28): warning CS8600: Conversion de litt├®ral ayant une valeur null ou d'une ├®ventuelle valeur null en type non-nullable. [D:\ABRPOINT-newfeatures\ABRPOINT.Server\ABRPOINT.Server.csproj]
D:\ABRPOINT-newfeatures\ABRPOINT.Server\CalculService\HeureSupp\OptimizedPresenceService.cs(376,75): warning CS8604: Existence possible d'un argument de r├®f├®rence null pour le param├¿tre 'codpost' dans 'Task<bool> IParametreRepository.IsRepos(string soccod, DateTime? predat, string codpost)'. [D:\ABRPOINT-newfeatures\ABRPOINT.Server\ABRPOINT.Server.csproj]
D:\ABRPOINT-newfeatures\ABRPOINT.Server\CalculService\HeureSupp\OptimizedPresenceService.cs(383,32): warning CS8604: Existence possible d'un argument de r├®f├®rence null pour le param├¿tre 'presence' dans 'string OptimizedPresenceService.GetWeekDetails(Presence presence, DateTime date, SanctionDto sanction, CongeDto conge, bool isFerier, bool isRepos)'. [D:\ABRPOINT-newfeatures\ABRPOINT.Server\ABRPOINT.Server.csproj]
D:\ABRPOINT-newfeatures\ABRPOINT.Server\CalculService\HeureSupp\OptimizedPresenceService.cs(383,48): warning CS8604: Existence possible d'un argument de r├®f├®rence null pour le param├¿tre 'sanction' dans 'string OptimizedPresenceService.GetWeekDetails(Presence presence, DateTime date, SanctionDto sanction, CongeDto conge, bool isFerier, bool isRepos)'. [D:\ABRPOINT-newfeatures\ABRPOINT.Server\ABRPOINT.Server.csproj]
D:\ABRPOINT-newfeatures\ABRPOINT.Server\CalculService\HeureSupp\OptimizedPresenceService.cs(383,58): warning CS8604: Existence possible d'un argument de r├®f├®rence null pour le param├¿tre 'conge' dans 'string OptimizedPresenceService.GetWeekDetails(Presence presence, DateTime date, SanctionDto sanction, CongeDto conge, bool isFerier, bool isRepos)'. [D:\ABRPOINT-newfeatures\ABRPOINT.Server\ABRPOINT.Server.csproj]
D:\ABRPOINT-newfeatures\ABRPOINT.Server\CalculService\HeureSupp\OptimizedPresenceService.cs(414,61): warning CS8604: Existence possible d'un argument de r├®f├®rence null pour le param├¿tre 'time' dans 'float? GenericMethodes.ConvertHHmmToDouble(string time)'. [D:\ABRPOINT-newfeatures\ABRPOINT.Server\ABRPOINT.Server.csproj]
D:\ABRPOINT-newfeatures\ABRPOINT.Server\CalculService\HeureSupp\OptimizedPresenceService.cs(413,45): warning CS8604: Existence possible d'un argument de r├®f├®rence null pour le param├¿tre 'presence' dans 'Task<float?> IHeureAbsencesService.CalculateHeureAbsences(Presence presence, string soccod, string? poste, DateTime? date, AutDto autorisation, float? hretrav)'. [D:\ABRPOINT-newfeatures\ABRPOINT.Server\ABRPOINT.Server.csproj]
D:\ABRPOINT-newfeatures\ABRPOINT.Server\CalculService\HeureSupp\OptimizedPresenceService.cs(413,76): warning CS8604: Existence possible d'un argument de r├®f├®rence null pour le param├¿tre 'autorisation' dans 'Task<float?> IHeureAbsencesService.CalculateHeureAbsences(Presence presence, string soccod, string? poste, DateTime? date, AutDto autorisation, float? hretrav)'. [D:\ABRPOINT-newfeatures\ABRPOINT.Server\ABRPOINT.Server.csproj]
D:\ABRPOINT-newfeatures\ABRPOINT.Server\CalculService\HeureSupp\OptimizedPresenceService.cs(440,47): warning CS8625: Impossible de convertir un litt├®ral ayant une valeur null en type r├®f├®rence non-nullable. [D:\ABRPOINT-newfeatures\ABRPOINT.Server\ABRPOINT.Server.csproj]
D:\ABRPOINT-newfeatures\ABRPOINT.Server\CalculService\HeureSupp\OptimizedPresenceService.cs(443,48): warning CS8604: Existence possible d'un argument de r├®f├®rence null pour le param├¿tre 'autorisation' dans 'Task OptimizedPresenceService.ProcessPresenceDetails(Presence presence, DateTime date, bool isFerier, CongeDto conge, bool isRepos, bool repos, string poste, EmpparamPointageMois empparam, ParametreMoisPointageDto paramMois, ParametreNuitDto paramNuit, DataCache cache, Accumulators acc, HashSet<string> countedConges, AutDto autorisation, string soccod, string empcod, bool isWorkingDay, bool isAfterDebutReel)'. [D:\ABRPOINT-newfeatures\ABRPOINT.Server\ABRPOINT.Server.csproj]
D:\ABRPOINT-newfeatures\ABRPOINT.Server\Helpers\GenericMethodes.cs(534,24): warning CS8603: Existence possible d'un retour de r├®f├®rence null. [D:\ABRPOINT-newfeatures\ABRPOINT.Server\ABRPOINT.Server.csproj]
D:\ABRPOINT-newfeatures\ABRPOINT.Server\Helpers\GenericMethodes.cs(549,24): warning CS8603: Existence possible d'un retour de r├®f├®rence null. [D:\ABRPOINT-newfeatures\ABRPOINT.Server\ABRPOINT.Server.csproj]
D:\ABRPOINT-newfeatures\ABRPOINT.Server\Helpers\GenericMethodes.cs(557,24): warning CS8603: Existence possible d'un retour de r├®f├®rence null. [D:\ABRPOINT-newfeatures\ABRPOINT.Server\ABRPOINT.Server.csproj]
D:\ABRPOINT-newfeatures\ABRPOINT.Server\CalculService\HeureSupp\OptimizedPresenceService.cs(474,49): warning CS8604: Existence possible d'un argument de r├®f├®rence null pour le param├¿tre 'emppanier' dans 'void OptimizedPresenceService.CalculatePanier(Presence presence, DateTime date, string emppanier, ParametreMoisPointageDto paramMois, Accumulators acc)'. [D:\ABRPOINT-newfeatures\ABRPOINT.Server\ABRPOINT.Server.csproj]
D:\ABRPOINT-newfeatures\ABRPOINT.Server\CalculService\HeureSupp\OptimizedPresenceService.cs(481,17): warning CS8629: Le type valeur Nullable peut avoir une valeur null. [D:\ABRPOINT-newfeatures\ABRPOINT.Server\ABRPOINT.Server.csproj]
D:\ABRPOINT-newfeatures\ABRPOINT.Server\CalculService\HeureSupp\OptimizedPresenceService.cs(482,53): warning CS8604: Existence possible d'un argument de r├®f├®rence null pour le param├¿tre 'time' dans 'float? GenericMethodes.ConvertHHmmToDouble(string time)'. [D:\ABRPOINT-newfeatures\ABRPOINT.Server\ABRPOINT.Server.csproj]
D:\ABRPOINT-newfeatures\ABRPOINT.Server\CalculService\HeureSupp\OptimizedPresenceService.cs(494,108): warning CS8604: Existence possible d'un argument de r├®f├®rence null pour le param├¿tre 'time' dans 'float? GenericMethodes.ConvertHHmmToDouble(string time)'. [D:\ABRPOINT-newfeatures\ABRPOINT.Server\ABRPOINT.Server.csproj]
D:\ABRPOINT-newfeatures\ABRPOINT.Server\CalculService\HeureSupp\OptimizedPresenceService.cs(510,85): warning CS8604: Existence possible d'un argument de r├®f├®rence null pour le param├¿tre 'poste' dans 'Task<(int nbRetard, DateTime? Preretame, DateTime? Preretameup, DateTime? Preretmate, DateTime? Preretmateup, DateTime? Preretmats, DateTime? Preretmatsup, DateTime? Preretams, DateTime? Preretamsup)> IHeureRetardService.CalculateHeureRetard(PresenceDto presence, Poste poste, AutDto autoisation)'. [D:\ABRPOINT-newfeatures\ABRPOINT.Server\ABRPOINT.Server.csproj]
D:\ABRPOINT-newfeatures\ABRPOINT.Server\Helpers\GenericMethodes.cs(607,47): warning CS0168: La variable 'e' est d├®clar├®e, mais jamais utilis├®e [D:\ABRPOINT-newfeatures\ABRPOINT.Server\ABRPOINT.Server.csproj]
D:\ABRPOINT-newfeatures\ABRPOINT.Server\Helpers\GenericMethodes.cs(611,38): warning CS0168: La variable 'e' est d├®clar├®e, mais jamais utilis├®e [D:\ABRPOINT-newfeatures\ABRPOINT.Server\ABRPOINT.Server.csproj]
D:\ABRPOINT-newfeatures\ABRPOINT.Server\CalculService\HeureSupp\OptimizedPresenceService.cs(564,82): warning CS8604: Existence possible d'un argument de r├®f├®rence null pour le param├¿tre 'soccod' dans 'Task<float?> IParametreRepository.GetNbhConge(string soccod)'. [D:\ABRPOINT-newfeatures\ABRPOINT.Server\ABRPOINT.Server.csproj]
D:\ABRPOINT-newfeatures\ABRPOINT.Server\Repository\SoldeCongeRepository.cs(37,20): warning CS8603: Existence possible d'un retour de r├®f├®rence null. [D:\ABRPOINT-newfeatures\ABRPOINT.Server\ABRPOINT.Server.csproj]
D:\ABRPOINT-newfeatures\ABRPOINT.Server\Repository\SocieteRepository.cs(40,76): warning CS8602: D├®r├®f├®rencement d'une ├®ventuelle r├®f├®rence null. [D:\ABRPOINT-newfeatures\ABRPOINT.Server\ABRPOINT.Server.csproj]
D:\ABRPOINT-newfeatures\ABRPOINT.Server\Repository\SocieteRepository.cs(51,20): warning CS8603: Existence possible d'un retour de r├®f├®rence null. [D:\ABRPOINT-newfeatures\ABRPOINT.Server\ABRPOINT.Server.csproj]
D:\ABRPOINT-newfeatures\ABRPOINT.Server\Controllers\UtilisateursController.cs(435,79): warning CS8604: Existence possible d'un argument de r├®f├®rence null pour le param├¿tre 's' dans 'byte[] Encoding.GetBytes(string s)'. [D:\ABRPOINT-newfeatures\ABRPOINT.Server\ABRPOINT.Server.csproj]
D:\ABRPOINT-newfeatures\ABRPOINT.Server\Controllers\SocietesController.cs(50,24): warning CS8603: Existence possible d'un retour de r├®f├®rence null. [D:\ABRPOINT-newfeatures\ABRPOINT.Server\ABRPOINT.Server.csproj]
D:\ABRPOINT-newfeatures\ABRPOINT.Server\Controllers\SocietesController.cs(48,30): warning CS0168: La variable 'ex' est d├®clar├®e, mais jamais utilis├®e [D:\ABRPOINT-newfeatures\ABRPOINT.Server\ABRPOINT.Server.csproj]
D:\ABRPOINT-newfeatures\ABRPOINT.Server\Controllers\SocietesController.cs(60,17): warning CS8604: Existence possible d'un argument de r├®f├®rence null pour le param├¿tre 'socpresence' dans 'Task<bool> ISocieteRepository.UpdateSocHeures(string soccod, string socpresence, string sochsup)'. [D:\ABRPOINT-newfeatures\ABRPOINT.Server\ABRPOINT.Server.csproj]
D:\ABRPOINT-newfeatures\ABRPOINT.Server\Controllers\SocietesController.cs(61,17): warning CS8604: Existence possible d'un argument de r├®f├®rence null pour le param├¿tre 'sochsup' dans 'Task<bool> ISocieteRepository.UpdateSocHeures(string soccod, string socpresence, string sochsup)'. [D:\ABRPOINT-newfeatures\ABRPOINT.Server\ABRPOINT.Server.csproj]
D:\ABRPOINT-newfeatures\ABRPOINT.Server\Controllers\SectionsController.cs(33,30): warning CS0168: La variable 'ex' est d├®clar├®e, mais jamais utilis├®e [D:\ABRPOINT-newfeatures\ABRPOINT.Server\ABRPOINT.Server.csproj]
D:\ABRPOINT-newfeatures\ABRPOINT.Server\CalculService\HeureSupp\OptimizedPresenceService.cs(704,50): warning CS8629: Le type valeur Nullable peut avoir une valeur null. [D:\ABRPOINT-newfeatures\ABRPOINT.Server\ABRPOINT.Server.csproj]
D:\ABRPOINT-newfeatures\ABRPOINT.Server\CalculService\HeureSupp\OptimizedPresenceService.cs(705,50): warning CS8629: Le type valeur Nullable peut avoir une valeur null. [D:\ABRPOINT-newfeatures\ABRPOINT.Server\ABRPOINT.Server.csproj]
D:\ABRPOINT-newfeatures\ABRPOINT.Server\CalculService\HeureSupp\OptimizedPresenceService.cs(709,79): warning CS8629: Le type valeur Nullable peut avoir une valeur null. [D:\ABRPOINT-newfeatures\ABRPOINT.Server\ABRPOINT.Server.csproj]
D:\ABRPOINT-newfeatures\ABRPOINT.Server\CalculService\HeureSupp\OptimizedPresenceService.cs(723,35): warning CS8629: Le type valeur Nullable peut avoir une valeur null. [D:\ABRPOINT-newfeatures\ABRPOINT.Server\ABRPOINT.Server.csproj]
D:\ABRPOINT-newfeatures\ABRPOINT.Server\CalculService\HeureSupp\OptimizedPresenceService.cs(724,31): warning CS8629: Le type valeur Nullable peut avoir une valeur null. [D:\ABRPOINT-newfeatures\ABRPOINT.Server\ABRPOINT.Server.csproj]
D:\ABRPOINT-newfeatures\ABRPOINT.Server\CalculService\HeureSupp\OptimizedPresenceService.cs(743,32): warning CS8629: Le type valeur Nullable peut avoir une valeur null. [D:\ABRPOINT-newfeatures\ABRPOINT.Server\ABRPOINT.Server.csproj]
D:\ABRPOINT-newfeatures\ABRPOINT.Server\CalculService\HeureSupp\OptimizedPresenceService.cs(790,36): warning CS8629: Le type valeur Nullable peut avoir une valeur null. [D:\ABRPOINT-newfeatures\ABRPOINT.Server\ABRPOINT.Server.csproj]
D:\ABRPOINT-newfeatures\ABRPOINT.Server\CalculService\HeureSupp\OptimizedPresenceService.cs(825,32): warning CS8629: Le type valeur Nullable peut avoir une valeur null. [D:\ABRPOINT-newfeatures\ABRPOINT.Server\ABRPOINT.Server.csproj]
D:\ABRPOINT-newfeatures\ABRPOINT.Server\Repository\SiteRepository.cs(43,20): warning CS8619: La nullabilit├® des types r├®f├®rence dans la valeur de type 'Dictionary<string, string?>' ne correspond pas au type cible 'Dictionary<string, string>'. [D:\ABRPOINT-newfeatures\ABRPOINT.Server\ABRPOINT.Server.csproj]
D:\ABRPOINT-newfeatures\ABRPOINT.Server\Repository\SiteRepository.cs(67,20): warning CS8619: La nullabilit├® des types r├®f├®rence dans la valeur de type 'Dictionary<string, string?>' ne correspond pas au type cible 'Dictionary<string, string>'. [D:\ABRPOINT-newfeatures\ABRPOINT.Server\ABRPOINT.Server.csproj]
D:\ABRPOINT-newfeatures\ABRPOINT.Server\Repository\SiteRepository.cs(83,24): warning CS8603: Existence possible d'un retour de r├®f├®rence null. [D:\ABRPOINT-newfeatures\ABRPOINT.Server\ABRPOINT.Server.csproj]
D:\ABRPOINT-newfeatures\ABRPOINT.Server\Controllers\AbsencesController.cs(39,30): warning CS0168: La variable 'ex' est d├®clar├®e, mais jamais utilis├®e [D:\ABRPOINT-newfeatures\ABRPOINT.Server\ABRPOINT.Server.csproj]
D:\ABRPOINT-newfeatures\ABRPOINT.Server\Controllers\AbsencesController.cs(86,16): warning CS8604: Existence possible d'un argument de r├®f├®rence null pour le param├¿tre 'source' dans 'int Enumerable.Count<string>(IEnumerable<string> source)'. [D:\ABRPOINT-newfeatures\ABRPOINT.Server\ABRPOINT.Server.csproj]
D:\ABRPOINT-newfeatures\ABRPOINT.Server\Controllers\PresencesController.cs(52,42): warning CS1998: Cette m├®thode async n'a pas d'op├®rateur 'await' et elle s'ex├®cutera de fa├ºon synchrone. Utilisez l'op├®rateur 'await' pour attendre les appels d'API non bloquants ou 'await Task.Run(ÔÇª)' pour effectuer un travail utilisant le processeur sur un thread d'arri├¿re-plan. [D:\ABRPOINT-newfeatures\ABRPOINT.Server\ABRPOINT.Server.csproj]
D:\ABRPOINT-newfeatures\ABRPOINT.Server\Dtaos\UpdatePosteDto.cs(11,23): warning CS8618: Le propri├®t├® ┬½┬áSoccod┬á┬╗ non-nullable doit contenir une valeur autre que Null lors de la fermeture du constructeur. Envisagez dÔÇÖajouter le modificateur ┬½┬árequired┬á┬╗ ou de d├®clarer le propri├®t├® comme pouvant accepter la valeur Null. [D:\ABRPOINT-newfeatures\ABRPOINT.Server\ABRPOINT.Server.csproj]
D:\ABRPOINT-newfeatures\ABRPOINT.Server\Dtaos\UpdatePosteDto.cs(12,23): warning CS8618: Le propri├®t├® ┬½┬áCodposte┬á┬╗ non-nullable doit contenir une valeur autre que Null lors de la fermeture du constructeur. Envisagez dÔÇÖajouter le modificateur ┬½┬árequired┬á┬╗ ou de d├®clarer le propri├®t├® comme pouvant accepter la valeur Null. [D:\ABRPOINT-newfeatures\ABRPOINT.Server\ABRPOINT.Server.csproj]
D:\ABRPOINT-newfeatures\ABRPOINT.Server\Dtaos\UpdatePosteDto.cs(13,23): warning CS8618: Le propri├®t├® ┬½┬áLibposte┬á┬╗ non-nullable doit contenir une valeur autre que Null lors de la fermeture du constructeur. Envisagez dÔÇÖajouter le modificateur ┬½┬árequired┬á┬╗ ou de d├®clarer le propri├®t├® comme pouvant accepter la valeur Null. [D:\ABRPOINT-newfeatures\ABRPOINT.Server\ABRPOINT.Server.csproj]
D:\ABRPOINT-newfeatures\ABRPOINT.Server\Dtaos\UpdatePosteDto.cs(14,23): warning CS8618: Le propri├®t├® ┬½┬áReposApres┬á┬╗ non-nullable doit contenir une valeur autre que Null lors de la fermeture du constructeur. Envisagez dÔÇÖajouter le modificateur ┬½┬árequired┬á┬╗ ou de d├®clarer le propri├®t├® comme pouvant accepter la valeur Null. [D:\ABRPOINT-newfeatures\ABRPOINT.Server\ABRPOINT.Server.csproj]
D:\ABRPOINT-newfeatures\ABRPOINT.Server\Dtaos\UpdatePosteDto.cs(15,23): warning CS8618: Le propri├®t├® ┬½┬áReposAvant┬á┬╗ non-nullable doit contenir une valeur autre que Null lors de la fermeture du constructeur. Envisagez dÔÇÖajouter le modificateur ┬½┬árequired┬á┬╗ ou de d├®clarer le propri├®t├® comme pouvant accepter la valeur Null. [D:\ABRPOINT-newfeatures\ABRPOINT.Server\ABRPOINT.Server.csproj]
D:\ABRPOINT-newfeatures\ABRPOINT.Server\Controllers\PresencesController.cs(65,42): warning CS1998: Cette m├®thode async n'a pas d'op├®rateur 'await' et elle s'ex├®cutera de fa├ºon synchrone. Utilisez l'op├®rateur 'await' pour attendre les appels d'API non bloquants ou 'await Task.Run(ÔÇª)' pour effectuer un travail utilisant le processeur sur un thread d'arri├¿re-plan. [D:\ABRPOINT-newfeatures\ABRPOINT.Server\ABRPOINT.Server.csproj]
D:\ABRPOINT-newfeatures\ABRPOINT.Server\Dtaos\UpdatePassword.cs(5,23): warning CS8618: Le propri├®t├® ┬½┬áuticod┬á┬╗ non-nullable doit contenir une valeur autre que Null lors de la fermeture du constructeur. Envisagez dÔÇÖajouter le modificateur ┬½┬árequired┬á┬╗ ou de d├®clarer le propri├®t├® comme pouvant accepter la valeur Null. [D:\ABRPOINT-newfeatures\ABRPOINT.Server\ABRPOINT.Server.csproj]
D:\ABRPOINT-newfeatures\ABRPOINT.Server\Dtaos\UpdatePassword.cs(6,23): warning CS8618: Le propri├®t├® ┬½┬ácurrentPassword┬á┬╗ non-nullable doit contenir une valeur autre que Null lors de la fermeture du constructeur. Envisagez dÔÇÖajouter le modificateur ┬½┬árequired┬á┬╗ ou de d├®clarer le propri├®t├® comme pouvant accepter la valeur Null. [D:\ABRPOINT-newfeatures\ABRPOINT.Server\ABRPOINT.Server.csproj]
D:\ABRPOINT-newfeatures\ABRPOINT.Server\Dtaos\UpdatePassword.cs(7,23): warning CS8618: Le propri├®t├® ┬½┬ánewPassword┬á┬╗ non-nullable doit contenir une valeur autre que Null lors de la fermeture du constructeur. Envisagez dÔÇÖajouter le modificateur ┬½┬árequired┬á┬╗ ou de d├®clarer le propri├®t├® comme pouvant accepter la valeur Null. [D:\ABRPOINT-newfeatures\ABRPOINT.Server\ABRPOINT.Server.csproj]
D:\ABRPOINT-newfeatures\ABRPOINT.Server\Controllers\AbsencesController.cs(131,30): warning CS0168: La variable 'ex' est d├®clar├®e, mais jamais utilis├®e [D:\ABRPOINT-newfeatures\ABRPOINT.Server\ABRPOINT.Server.csproj]
D:\ABRPOINT-newfeatures\ABRPOINT.Server\Dtaos\SanctionRangeDto.cs(5,23): warning CS8618: Le propri├®t├® ┬½┬áEmpcod┬á┬╗ non-nullable doit contenir une valeur autre que Null lors de la fermeture du constructeur. Envisagez dÔÇÖajouter le modificateur ┬½┬árequired┬á┬╗ ou de d├®clarer le propri├®t├® comme pouvant accepter la valeur Null. [D:\ABRPOINT-newfeatures\ABRPOINT.Server\ABRPOINT.Server.csproj]
D:\ABRPOINT-newfeatures\ABRPOINT.Server\Dtaos\SanctionRangeDto.cs(10,23): warning CS8618: Le propri├®t├® ┬½┬áAbslib┬á┬╗ non-nullable doit contenir une valeur autre que Null lors de la fermeture du constructeur. Envisagez dÔÇÖajouter le modificateur ┬½┬árequired┬á┬╗ ou de d├®clarer le propri├®t├® comme pouvant accepter la valeur Null. [D:\ABRPOINT-newfeatures\ABRPOINT.Server\ABRPOINT.Server.csproj]
D:\ABRPOINT-newfeatures\ABRPOINT.Server\CalculService\HeureSupp\OptimizedPresenceService.cs(910,46): warning CS8618: Le propri├®t├® ┬½┬áPostesObjects┬á┬╗ non-nullable doit contenir une valeur autre que Null lors de la fermeture du constructeur. Envisagez dÔÇÖajouter le modificateur ┬½┬árequired┬á┬╗ ou de d├®clarer le propri├®t├® comme pouvant accepter la valeur Null. [D:\ABRPOINT-newfeatures\ABRPOINT.Server\ABRPOINT.Server.csproj]
D:\ABRPOINT-newfeatures\ABRPOINT.Server\CalculService\HeureSupp\OptimizedPresenceService.cs(911,51): warning CS8618: Le propri├®t├® ┬½┬áPresencesByDate┬á┬╗ non-nullable doit contenir une valeur autre que Null lors de la fermeture du constructeur. Envisagez dÔÇÖajouter le modificateur ┬½┬árequired┬á┬╗ ou de d├®clarer le propri├®t├® comme pouvant accepter la valeur Null. [D:\ABRPOINT-newfeatures\ABRPOINT.Server\ABRPOINT.Server.csproj]
D:\ABRPOINT-newfeatures\ABRPOINT.Server\CalculService\HeureSupp\OptimizedPresenceService.cs(912,54): warning CS8618: Le propri├®t├® ┬½┬áSanctionsByDate┬á┬╗ non-nullable doit contenir une valeur autre que Null lors de la fermeture du constructeur. Envisagez dÔÇÖajouter le modificateur ┬½┬árequired┬á┬╗ ou de d├®clarer le propri├®t├® comme pouvant accepter la valeur Null. [D:\ABRPOINT-newfeatures\ABRPOINT.Server\ABRPOINT.Server.csproj]
D:\ABRPOINT-newfeatures\ABRPOINT.Server\CalculService\HeureSupp\OptimizedPresenceService.cs(913,51): warning CS8618: Le propri├®t├® ┬½┬áCongesByDate┬á┬╗ non-nullable doit contenir une valeur autre que Null lors de la fermeture du constructeur. Envisagez dÔÇÖajouter le modificateur ┬½┬árequired┬á┬╗ ou de d├®clarer le propri├®t├® comme pouvant accepter la valeur Null. [D:\ABRPOINT-newfeatures\ABRPOINT.Server\ABRPOINT.Server.csproj]
D:\ABRPOINT-newfeatures\ABRPOINT.Server\CalculService\HeureSupp\OptimizedPresenceService.cs(914,38): warning CS8618: Le propri├®t├® ┬½┬áFerierDates┬á┬╗ non-nullable doit contenir une valeur autre que Null lors de la fermeture du constructeur. Envisagez dÔÇÖajouter le modificateur ┬½┬árequired┬á┬╗ ou de d├®clarer le propri├®t├® comme pouvant accepter la valeur Null. [D:\ABRPOINT-newfeatures\ABRPOINT.Server\ABRPOINT.Server.csproj]
D:\ABRPOINT-newfeatures\ABRPOINT.Server\CalculService\HeureSupp\OptimizedPresenceService.cs(915,49): warning CS8618: Le propri├®t├® ┬½┬áPostesByDate┬á┬╗ non-nullable doit contenir une valeur autre que Null lors de la fermeture du constructeur. Envisagez dÔÇÖajouter le modificateur ┬½┬árequired┬á┬╗ ou de d├®clarer le propri├®t├® comme pouvant accepter la valeur Null. [D:\ABRPOINT-newfeatures\ABRPOINT.Server\ABRPOINT.Server.csproj]
D:\ABRPOINT-newfeatures\ABRPOINT.Server\CalculService\HeureSupp\OptimizedPresenceService.cs(916,49): warning CS8618: Le propri├®t├® ┬½┬áAutorisationsByDate┬á┬╗ non-nullable doit contenir une valeur autre que Null lors de la fermeture du constructeur. Envisagez dÔÇÖajouter le modificateur ┬½┬árequired┬á┬╗ ou de d├®clarer le propri├®t├® comme pouvant accepter la valeur Null. [D:\ABRPOINT-newfeatures\ABRPOINT.Server\ABRPOINT.Server.csproj]
D:\ABRPOINT-newfeatures\ABRPOINT.Server\CalculService\HeureSupp\OptimizedPresenceService.cs(917,48): warning CS8618: Le propri├®t├® ┬½┬áAllaitementByDate┬á┬╗ non-nullable doit contenir une valeur autre que Null lors de la fermeture du constructeur. Envisagez dÔÇÖajouter le modificateur ┬½┬árequired┬á┬╗ ou de d├®clarer le propri├®t├® comme pouvant accepter la valeur Null. [D:\ABRPOINT-newfeatures\ABRPOINT.Server\ABRPOINT.Server.csproj]
D:\ABRPOINT-newfeatures\ABRPOINT.Server\CalculService\HeureSupp\OptimizedPresenceService.cs(918,47): warning CS8618: Le propri├®t├® ┬½┬áReposByDate┬á┬╗ non-nullable doit contenir une valeur autre que Null lors de la fermeture du constructeur. Envisagez dÔÇÖajouter le modificateur ┬½┬árequired┬á┬╗ ou de d├®clarer le propri├®t├® comme pouvant accepter la valeur Null. [D:\ABRPOINT-newfeatures\ABRPOINT.Server\ABRPOINT.Server.csproj]
D:\ABRPOINT-newfeatures\ABRPOINT.Server\CalculService\HeureSupp\OptimizedPresenceService.cs(919,48): warning CS8618: Le propri├®t├® ┬½┬áFerierHoursByDate┬á┬╗ non-nullable doit contenir une valeur autre que Null lors de la fermeture du constructeur. Envisagez dÔÇÖajouter le modificateur ┬½┬árequired┬á┬╗ ou de d├®clarer le propri├®t├® comme pouvant accepter la valeur Null. [D:\ABRPOINT-newfeatures\ABRPOINT.Server\ABRPOINT.Server.csproj]
D:\ABRPOINT-newfeatures\ABRPOINT.Server\Controllers\AbsencesController.cs(173,30): warning CS0168: La variable 'ex' est d├®clar├®e, mais jamais utilis├®e [D:\ABRPOINT-newfeatures\ABRPOINT.Server\ABRPOINT.Server.csproj]
D:\ABRPOINT-newfeatures\ABRPOINT.Server\Dtaos\AllaitementDto.cs(5,23): warning CS8618: Le propri├®t├® ┬½┬áConcod┬á┬╗ non-nullable doit contenir une valeur autre que Null lors de la fermeture du constructeur. Envisagez dÔÇÖajouter le modificateur ┬½┬árequired┬á┬╗ ou de d├®clarer le propri├®t├® comme pouvant accepter la valeur Null. [D:\ABRPOINT-newfeatures\ABRPOINT.Server\ABRPOINT.Server.csproj]
D:\ABRPOINT-newfeatures\ABRPOINT.Server\Dtaos\AllaitementDto.cs(6,23): warning CS8618: Le propri├®t├® ┬½┬áSoccod┬á┬╗ non-nullable doit contenir une valeur autre que Null lors de la fermeture du constructeur. Envisagez dÔÇÖajouter le modificateur ┬½┬árequired┬á┬╗ ou de d├®clarer le propri├®t├® comme pouvant accepter la valeur Null. [D:\ABRPOINT-newfeatures\ABRPOINT.Server\ABRPOINT.Server.csproj]
D:\ABRPOINT-newfeatures\ABRPOINT.Server\Dtaos\AllaitementDto.cs(7,23): warning CS8618: Le propri├®t├® ┬½┬áEmpcod┬á┬╗ non-nullable doit contenir une valeur autre que Null lors de la fermeture du constructeur. Envisagez dÔÇÖajouter le modificateur ┬½┬árequired┬á┬╗ ou de d├®clarer le propri├®t├® comme pouvant accepter la valeur Null. [D:\ABRPOINT-newfeatures\ABRPOINT.Server\ABRPOINT.Server.csproj]
D:\ABRPOINT-newfeatures\ABRPOINT.Server\Dtaos\AllaitementDto.cs(8,23): warning CS8618: Le propri├®t├® ┬½┬áConjour┬á┬╗ non-nullable doit contenir une valeur autre que Null lors de la fermeture du constructeur. Envisagez dÔÇÖajouter le modificateur ┬½┬árequired┬á┬╗ ou de d├®clarer le propri├®t├® comme pouvant accepter la valeur Null. [D:\ABRPOINT-newfeatures\ABRPOINT.Server\ABRPOINT.Server.csproj]
D:\ABRPOINT-newfeatures\ABRPOINT.Server\Dtaos\AllaitementDto.cs(19,23): warning CS8618: Le propri├®t├® ┬½┬áEmplib┬á┬╗ non-nullable doit contenir une valeur autre que Null lors de la fermeture du constructeur. Envisagez dÔÇÖajouter le modificateur ┬½┬árequired┬á┬╗ ou de d├®clarer le propri├®t├® comme pouvant accepter la valeur Null. [D:\ABRPOINT-newfeatures\ABRPOINT.Server\ABRPOINT.Server.csproj]
D:\ABRPOINT-newfeatures\ABRPOINT.Server\Dtaos\PresenceSemaineData.cs(21,43): warning CS8618: Le propri├®t├® ┬½┬áWorkDayHours┬á┬╗ non-nullable doit contenir une valeur autre que Null lors de la fermeture du constructeur. Envisagez dÔÇÖajouter le modificateur ┬½┬árequired┬á┬╗ ou de d├®clarer le propri├®t├® comme pouvant accepter la valeur Null. [D:\ABRPOINT-newfeatures\ABRPOINT.Server\ABRPOINT.Server.csproj]
D:\ABRPOINT-newfeatures\ABRPOINT.Server\Dtaos\PresenceSemaineData.cs(41,44): warning CS8618: Le propri├®t├® ┬½┬áWeekDetails┬á┬╗ non-nullable doit contenir une valeur autre que Null lors de la fermeture du constructeur. Envisagez dÔÇÖajouter le modificateur ┬½┬árequired┬á┬╗ ou de d├®clarer le propri├®t├® comme pouvant accepter la valeur Null. [D:\ABRPOINT-newfeatures\ABRPOINT.Server\ABRPOINT.Server.csproj]
D:\ABRPOINT-newfeatures\ABRPOINT.Server\Controllers\PresencesController.cs(174,33): warning CS8600: Conversion de litt├®ral ayant une valeur null ou d'une ├®ventuelle valeur null en type non-nullable. [D:\ABRPOINT-newfeatures\ABRPOINT.Server\ABRPOINT.Server.csproj]
D:\ABRPOINT-newfeatures\ABRPOINT.Server\Dtaos\PosteResponse.cs(7,36): warning CS8618: Le propri├®t├® ┬½┬áLposte┬á┬╗ non-nullable doit contenir une valeur autre que Null lors de la fermeture du constructeur. Envisagez dÔÇÖajouter le modificateur ┬½┬árequired┬á┬╗ ou de d├®clarer le propri├®t├® comme pouvant accepter la valeur Null. [D:\ABRPOINT-newfeatures\ABRPOINT.Server\ABRPOINT.Server.csproj]
D:\ABRPOINT-newfeatures\ABRPOINT.Server\Dtaos\PosteResponse.cs(8,22): warning CS8618: Le propri├®t├® ┬½┬áPoste┬á┬╗ non-nullable doit contenir une valeur autre que Null lors de la fermeture du constructeur. Envisagez dÔÇÖajouter le modificateur ┬½┬árequired┬á┬╗ ou de d├®clarer le propri├®t├® comme pouvant accepter la valeur Null. [D:\ABRPOINT-newfeatures\ABRPOINT.Server\ABRPOINT.Server.csproj]
D:\ABRPOINT-newfeatures\ABRPOINT.Server\Repository\ServiceRepository.cs(59,24): warning CS8603: Existence possible d'un retour de r├®f├®rence null. [D:\ABRPOINT-newfeatures\ABRPOINT.Server\ABRPOINT.Server.csproj]
D:\ABRPOINT-newfeatures\ABRPOINT.Server\Controllers\PostesController.cs(37,30): warning CS0168: La variable 'ex' est d├®clar├®e, mais jamais utilis├®e [D:\ABRPOINT-newfeatures\ABRPOINT.Server\ABRPOINT.Server.csproj]
D:\ABRPOINT-newfeatures\ABRPOINT.Server\Controllers\PostesController.cs(52,30): warning CS0168: La variable 'ex' est d├®clar├®e, mais jamais utilis├®e [D:\ABRPOINT-newfeatures\ABRPOINT.Server\ABRPOINT.Server.csproj]
D:\ABRPOINT-newfeatures\ABRPOINT.Server\Controllers\PostesController.cs(68,30): warning CS0168: La variable 'ex' est d├®clar├®e, mais jamais utilis├®e [D:\ABRPOINT-newfeatures\ABRPOINT.Server\ABRPOINT.Server.csproj]
D:\ABRPOINT-newfeatures\ABRPOINT.Server\Repository\ServiceRepository.cs(72,38): warning CS8714: Impossible d'utiliser le type 'string?' en tant que param├¿tre de type 'TKey' dans le type ou la m├®thode g├®n├®rique 'EntityFrameworkQueryableExtensions.ToDictionaryAsync<TSource, TKey, TElement>(IQueryable<TSource>, Func<TSource, TKey>, Func<TSource, TElement>, CancellationToken)'. La nullabilit├® de l'argument de type 'string?' ne correspond pas ├á la contrainte 'notnull'. [D:\ABRPOINT-newfeatures\ABRPOINT.Server\ABRPOINT.Server.csproj]
D:\ABRPOINT-newfeatures\ABRPOINT.Server\Repository\ServiceRepository.cs(74,55): warning CS8621: La nullabilit├® des types r├®f├®rence dans le type de retour de 'expression lambda' ne correspond pas au d├®l├®gu├® cible 'Func<Service, string?>' (probablement en raison des attributs de nullabilit├®). [D:\ABRPOINT-newfeatures\ABRPOINT.Server\ABRPOINT.Server.csproj]
D:\ABRPOINT-newfeatures\ABRPOINT.Server\Repository\ServiceRepository.cs(75,24): warning CS8619: La nullabilit├® des types r├®f├®rence dans la valeur de type 'Dictionary<string?, string?>' ne correspond pas au type cible 'Dictionary<string, string>'. [D:\ABRPOINT-newfeatures\ABRPOINT.Server\ABRPOINT.Server.csproj]
D:\ABRPOINT-newfeatures\ABRPOINT.Server\Controllers\PostesController.cs(82,30): warning CS0168: La variable 'ex' est d├®clar├®e, mais jamais utilis├®e [D:\ABRPOINT-newfeatures\ABRPOINT.Server\ABRPOINT.Server.csproj]
D:\ABRPOINT-newfeatures\ABRPOINT.Server\CalculService\HeureSupp\HeureSuppSerivce.cs(28,66): warning CS8604: Existence possible d'un argument de r├®f├®rence null pour le param├¿tre 'soccod' dans 'Task<string?> IPosteRepository.GetEmpPoste(string soccod, string empcod, DateTime? date, string? catcod)'. [D:\ABRPOINT-newfeatures\ABRPOINT.Server\ABRPOINT.Server.csproj]
D:\ABRPOINT-newfeatures\ABRPOINT.Server\CalculService\HeureSupp\HeureSuppSerivce.cs(28,83): warning CS8604: Existence possible d'un argument de r├®f├®rence null pour le param├¿tre 'empcod' dans 'Task<string?> IPosteRepository.GetEmpPoste(string soccod, string empcod, DateTime? date, string? catcod)'. [D:\ABRPOINT-newfeatures\ABRPOINT.Server\ABRPOINT.Server.csproj]
D:\ABRPOINT-newfeatures\ABRPOINT.Server\CalculService\HeureSupp\HeureSuppSerivce.cs(29,57): warning CS8604: Existence possible d'un argument de r├®f├®rence null pour le param├¿tre 'soccod' dans 'Task<Poste?> IPosteRepository.GetPoste(string soccod, string? codposte)'. [D:\ABRPOINT-newfeatures\ABRPOINT.Server\ABRPOINT.Server.csproj]
D:\ABRPOINT-newfeatures\ABRPOINT.Server\CalculService\HeureSupp\HeureSuppSerivce.cs(29,25): warning CS8600: Conversion de litt├®ral ayant une valeur null ou d'une ├®ventuelle valeur null en type non-nullable. [D:\ABRPOINT-newfeatures\ABRPOINT.Server\ABRPOINT.Server.csproj]
D:\ABRPOINT-newfeatures\ABRPOINT.Server\CalculService\HeureSupp\HeureSuppSerivce.cs(33,73): warning CS8604: Existence possible d'un argument de r├®f├®rence null pour le param├¿tre 'soccod' dans 'Task<string?> ILcategorieRepository.GetCathsup(string soccod, string empcod)'. [D:\ABRPOINT-newfeatures\ABRPOINT.Server\ABRPOINT.Server.csproj]
D:\ABRPOINT-newfeatures\ABRPOINT.Server\CalculService\HeureSupp\HeureSuppSerivce.cs(33,90): warning CS8604: Existence possible d'un argument de r├®f├®rence null pour le param├¿tre 'empcod' dans 'Task<string?> ILcategorieRepository.GetCathsup(string soccod, string empcod)'. [D:\ABRPOINT-newfeatures\ABRPOINT.Server\ABRPOINT.Server.csproj]
D:\ABRPOINT-newfeatures\ABRPOINT.Server\CalculService\HeureSupp\HeureSuppSerivce.cs(41,71): warning CS8604: Existence possible d'un argument de r├®f├®rence null pour le param├¿tre 'poste' dans '(string?, string?, string?, string?) GenericMethodes.GetStartsWorkDay(DateTime? date, Poste poste)'. [D:\ABRPOINT-newfeatures\ABRPOINT.Server\ABRPOINT.Server.csproj]
D:\ABRPOINT-newfeatures\ABRPOINT.Server\CalculService\HeureSupp\HeureSuppSerivce.cs(172,30): warning CS0168: La variable 'ex' est d├®clar├®e, mais jamais utilis├®e [D:\ABRPOINT-newfeatures\ABRPOINT.Server\ABRPOINT.Server.csproj]
D:\ABRPOINT-newfeatures\ABRPOINT.Server\Controllers\PostesController.cs(119,28): warning CS8603: Existence possible d'un retour de r├®f├®rence null. [D:\ABRPOINT-newfeatures\ABRPOINT.Server\ABRPOINT.Server.csproj]
D:\ABRPOINT-newfeatures\ABRPOINT.Server\Repository\SectionRepository.cs(62,20): warning CS8714: Impossible d'utiliser le type 'string?' en tant que param├¿tre de type 'TKey' dans le type ou la m├®thode g├®n├®rique 'Enumerable.ToDictionary<TSource, TKey, TElement>(IEnumerable<TSource>, Func<TSource, TKey>, Func<TSource, TElement>)'. La nullabilit├® de l'argument de type 'string?' ne correspond pas ├á la contrainte 'notnull'. [D:\ABRPOINT-newfeatures\ABRPOINT.Server\ABRPOINT.Server.csproj]
D:\ABRPOINT-newfeatures\ABRPOINT.Server\Repository\SectionRepository.cs(63,46): warning CS8621: La nullabilit├® des types r├®f├®rence dans le type de retour de 'expression lambda' ne correspond pas au d├®l├®gu├® cible 'Func<Section, string?>' (probablement en raison des attributs de nullabilit├®). [D:\ABRPOINT-newfeatures\ABRPOINT.Server\ABRPOINT.Server.csproj]
D:\ABRPOINT-newfeatures\ABRPOINT.Server\Repository\SectionRepository.cs(62,20): warning CS8619: La nullabilit├® des types r├®f├®rence dans la valeur de type 'Dictionary<string?, string?>' ne correspond pas au type cible 'Dictionary<string, string>'. [D:\ABRPOINT-newfeatures\ABRPOINT.Server\ABRPOINT.Server.csproj]
D:\ABRPOINT-newfeatures\ABRPOINT.Server\Repository\SectionRepository.cs(67,20): warning CS8603: Existence possible d'un retour de r├®f├®rence null. [D:\ABRPOINT-newfeatures\ABRPOINT.Server\ABRPOINT.Server.csproj]
D:\ABRPOINT-newfeatures\ABRPOINT.Server\Controllers\PostesController.cs(168,28): warning CS8603: Existence possible d'un retour de r├®f├®rence null. [D:\ABRPOINT-newfeatures\ABRPOINT.Server\ABRPOINT.Server.csproj]
D:\ABRPOINT-newfeatures\ABRPOINT.Server\CalculService\HeureSupp\HeureSuppSerivce.cs(194,73): warning CS8604: Existence possible d'un argument de r├®f├®rence null pour le param├¿tre 'soccod' dans 'Task<string?> ILcategorieRepository.GetCathsup(string soccod, string empcod)'. [D:\ABRPOINT-newfeatures\ABRPOINT.Server\ABRPOINT.Server.csproj]
D:\ABRPOINT-newfeatures\ABRPOINT.Server\CalculService\HeureSupp\HeureSuppSerivce.cs(194,90): warning CS8604: Existence possible d'un argument de r├®f├®rence null pour le param├¿tre 'empcod' dans 'Task<string?> ILcategorieRepository.GetCathsup(string soccod, string empcod)'. [D:\ABRPOINT-newfeatures\ABRPOINT.Server\ABRPOINT.Server.csproj]
D:\ABRPOINT-newfeatures\ABRPOINT.Server\CalculService\HeureSupp\HeureSuppSerivce.cs(333,30): warning CS0168: La variable 'ex' est d├®clar├®e, mais jamais utilis├®e [D:\ABRPOINT-newfeatures\ABRPOINT.Server\ABRPOINT.Server.csproj]
D:\ABRPOINT-newfeatures\ABRPOINT.Server\Dtaos\LogResponse.cs(5,31): warning CS8618: Le propri├®t├® ┬½┬áLogs┬á┬╗ non-nullable doit contenir une valeur autre que Null lors de la fermeture du constructeur. Envisagez dÔÇÖajouter le modificateur ┬½┬árequired┬á┬╗ ou de d├®clarer le propri├®t├® comme pouvant accepter la valeur Null. [D:\ABRPOINT-newfeatures\ABRPOINT.Server\ABRPOINT.Server.csproj]
D:\ABRPOINT-newfeatures\ABRPOINT.Server\Dtaos\LogEntry.cs(5,23): warning CS8618: Le propri├®t├® ┬½┬áSoccod┬á┬╗ non-nullable doit contenir une valeur autre que Null lors de la fermeture du constructeur. Envisagez dÔÇÖajouter le modificateur ┬½┬árequired┬á┬╗ ou de d├®clarer le propri├®t├® comme pouvant accepter la valeur Null. [D:\ABRPOINT-newfeatures\ABRPOINT.Server\ABRPOINT.Server.csproj]
D:\ABRPOINT-newfeatures\ABRPOINT.Server\Dtaos\LogEntry.cs(6,23): warning CS8618: Le propri├®t├® ┬½┬áIp┬á┬╗ non-nullable doit contenir une valeur autre que Null lors de la fermeture du constructeur. Envisagez dÔÇÖajouter le modificateur ┬½┬árequired┬á┬╗ ou de d├®clarer le propri├®t├® comme pouvant accepter la valeur Null. [D:\ABRPOINT-newfeatures\ABRPOINT.Server\ABRPOINT.Server.csproj]
D:\ABRPOINT-newfeatures\ABRPOINT.Server\Dtaos\LogEntry.cs(7,23): warning CS8618: Le propri├®t├® ┬½┬áEmploye_code┬á┬╗ non-nullable doit contenir une valeur autre que Null lors de la fermeture du constructeur. Envisagez dÔÇÖajouter le modificateur ┬½┬árequired┬á┬╗ ou de d├®clarer le propri├®t├® comme pouvant accepter la valeur Null. [D:\ABRPOINT-newfeatures\ABRPOINT.Server\ABRPOINT.Server.csproj]
D:\ABRPOINT-newfeatures\ABRPOINT.Server\Dtaos\LogEntry.cs(8,23): warning CS8618: Le propri├®t├® ┬½┬áUser_name┬á┬╗ non-nullable doit contenir une valeur autre que Null lors de la fermeture du constructeur. Envisagez dÔÇÖajouter le modificateur ┬½┬árequired┬á┬╗ ou de d├®clarer le propri├®t├® comme pouvant accepter la valeur Null. [D:\ABRPOINT-newfeatures\ABRPOINT.Server\ABRPOINT.Server.csproj]
D:\ABRPOINT-newfeatures\ABRPOINT.Server\Repository\SanctionRepository.cs(25,35): warning CS8629: Le type valeur Nullable peut avoir une valeur null. [D:\ABRPOINT-newfeatures\ABRPOINT.Server\ABRPOINT.Server.csproj]
D:\ABRPOINT-newfeatures\ABRPOINT.Server\Repository\SanctionRepository.cs(26,35): warning CS8629: Le type valeur Nullable peut avoir une valeur null. [D:\ABRPOINT-newfeatures\ABRPOINT.Server\ABRPOINT.Server.csproj]
D:\ABRPOINT-newfeatures\ABRPOINT.Server\Repository\SanctionRepository.cs(27,35): warning CS8629: Le type valeur Nullable peut avoir une valeur null. [D:\ABRPOINT-newfeatures\ABRPOINT.Server\ABRPOINT.Server.csproj]
D:\ABRPOINT-newfeatures\ABRPOINT.Server\Dtaos\JourDebFinDto.cs(5,23): warning CS8618: Le propri├®t├® ┬½┬áJoudeb┬á┬╗ non-nullable doit contenir une valeur autre que Null lors de la fermeture du constructeur. Envisagez dÔÇÖajouter le modificateur ┬½┬árequired┬á┬╗ ou de d├®clarer le propri├®t├® comme pouvant accepter la valeur Null. [D:\ABRPOINT-newfeatures\ABRPOINT.Server\ABRPOINT.Server.csproj]
D:\ABRPOINT-newfeatures\ABRPOINT.Server\Dtaos\JourDebFinDto.cs(6,23): warning CS8618: Le propri├®t├® ┬½┬áJoufin┬á┬╗ non-nullable doit contenir une valeur autre que Null lors de la fermeture du constructeur. Envisagez dÔÇÖajouter le modificateur ┬½┬árequired┬á┬╗ ou de d├®clarer le propri├®t├® comme pouvant accepter la valeur Null. [D:\ABRPOINT-newfeatures\ABRPOINT.Server\ABRPOINT.Server.csproj]
D:\ABRPOINT-newfeatures\ABRPOINT.Server\Dtaos\JourDebFinDto.cs(7,23): warning CS8618: Le propri├®t├® ┬½┬áMoisdeb┬á┬╗ non-nullable doit contenir une valeur autre que Null lors de la fermeture du constructeur. Envisagez dÔÇÖajouter le modificateur ┬½┬árequired┬á┬╗ ou de d├®clarer le propri├®t├® comme pouvant accepter la valeur Null. [D:\ABRPOINT-newfeatures\ABRPOINT.Server\ABRPOINT.Server.csproj]
D:\ABRPOINT-newfeatures\ABRPOINT.Server\Dtaos\JourDebFinDto.cs(8,23): warning CS8618: Le propri├®t├® ┬½┬áMoisfin┬á┬╗ non-nullable doit contenir une valeur autre que Null lors de la fermeture du constructeur. Envisagez dÔÇÖajouter le modificateur ┬½┬árequired┬á┬╗ ou de d├®clarer le propri├®t├® comme pouvant accepter la valeur Null. [D:\ABRPOINT-newfeatures\ABRPOINT.Server\ABRPOINT.Server.csproj]
D:\ABRPOINT-newfeatures\ABRPOINT.Server\Dtaos\EtatGlobalData.cs(5,23): warning CS8618: Le propri├®t├® ┬½┬áempmat┬á┬╗ non-nullable doit contenir une valeur autre que Null lors de la fermeture du constructeur. Envisagez dÔÇÖajouter le modificateur ┬½┬árequired┬á┬╗ ou de d├®clarer le propri├®t├® comme pouvant accepter la valeur Null. [D:\ABRPOINT-newfeatures\ABRPOINT.Server\ABRPOINT.Server.csproj]
D:\ABRPOINT-newfeatures\ABRPOINT.Server\Dtaos\EtatGlobalData.cs(6,23): warning CS8618: Le propri├®t├® ┬½┬áemplib┬á┬╗ non-nullable doit contenir une valeur autre que Null lors de la fermeture du constructeur. Envisagez dÔÇÖajouter le modificateur ┬½┬árequired┬á┬╗ ou de d├®clarer le propri├®t├® comme pouvant accepter la valeur Null. [D:\ABRPOINT-newfeatures\ABRPOINT.Server\ABRPOINT.Server.csproj]
D:\ABRPOINT-newfeatures\ABRPOINT.Server\Dtaos\EtatGlobalData.cs(7,23): warning CS8618: Le propri├®t├® ┬½┬áempreg┬á┬╗ non-nullable doit contenir une valeur autre que Null lors de la fermeture du constructeur. Envisagez dÔÇÖajouter le modificateur ┬½┬árequired┬á┬╗ ou de d├®clarer le propri├®t├® comme pouvant accepter la valeur Null. [D:\ABRPOINT-newfeatures\ABRPOINT.Server\ABRPOINT.Server.csproj]
D:\ABRPOINT-newfeatures\ABRPOINT.Server\Dtaos\EtatGlobalData.cs(9,23): warning CS8618: Le propri├®t├® ┬½┬átothre┬á┬╗ non-nullable doit contenir une valeur autre que Null lors de la fermeture du constructeur. Envisagez dÔÇÖajouter le modificateur ┬½┬árequired┬á┬╗ ou de d├®clarer le propri├®t├® comme pouvant accepter la valeur Null. [D:\ABRPOINT-newfeatures\ABRPOINT.Server\ABRPOINT.Server.csproj]
D:\ABRPOINT-newfeatures\ABRPOINT.Server\Dtaos\EtatGlobalData.cs(12,23): warning CS8618: Le propri├®t├® ┬½┬áhftrv┬á┬╗ non-nullable doit contenir une valeur autre que Null lors de la fermeture du constructeur. Envisagez dÔÇÖajouter le modificateur ┬½┬árequired┬á┬╗ ou de d├®clarer le propri├®t├® comme pouvant accepter la valeur Null. [D:\ABRPOINT-newfeatures\ABRPOINT.Server\ABRPOINT.Server.csproj]
D:\ABRPOINT-newfeatures\ABRPOINT.Server\Dtaos\EtatGlobalData.cs(13,23): warning CS8618: Le propri├®t├® ┬½┬áhnuit┬á┬╗ non-nullable doit contenir une valeur autre que Null lors de la fermeture du constructeur. Envisagez dÔÇÖajouter le modificateur ┬½┬árequired┬á┬╗ ou de d├®clarer le propri├®t├® comme pouvant accepter la valeur Null. [D:\ABRPOINT-newfeatures\ABRPOINT.Server\ABRPOINT.Server.csproj]
D:\ABRPOINT-newfeatures\ABRPOINT.Server\Dtaos\EtatGlobalData.cs(15,23): warning CS8618: Le propri├®t├® ┬½┬áhs50┬á┬╗ non-nullable doit contenir une valeur autre que Null lors de la fermeture du constructeur. Envisagez dÔÇÖajouter le modificateur ┬½┬árequired┬á┬╗ ou de d├®clarer le propri├®t├® comme pouvant accepter la valeur Null. [D:\ABRPOINT-newfeatures\ABRPOINT.Server\ABRPOINT.Server.csproj]
D:\ABRPOINT-newfeatures\ABRPOINT.Server\Dtaos\EtatGlobalData.cs(16,23): warning CS8618: Le propri├®t├® ┬½┬áhs25┬á┬╗ non-nullable doit contenir une valeur autre que Null lors de la fermeture du constructeur. Envisagez dÔÇÖajouter le modificateur ┬½┬árequired┬á┬╗ ou de d├®clarer le propri├®t├® comme pouvant accepter la valeur Null. [D:\ABRPOINT-newfeatures\ABRPOINT.Server\ABRPOINT.Server.csproj]
D:\ABRPOINT-newfeatures\ABRPOINT.Server\Dtaos\EtatGlobalData.cs(17,23): warning CS8618: Le propri├®t├® ┬½┬ácsf┬á┬╗ non-nullable doit contenir une valeur autre que Null lors de la fermeture du constructeur. Envisagez dÔÇÖajouter le modificateur ┬½┬árequired┬á┬╗ ou de d├®clarer le propri├®t├® comme pouvant accepter la valeur Null. [D:\ABRPOINT-newfeatures\ABRPOINT.Server\ABRPOINT.Server.csproj]
D:\ABRPOINT-newfeatures\ABRPOINT.Server\Dtaos\EtatEmpPresence.cs(5,23): warning CS8618: Le propri├®t├® ┬½┬áEmpcod┬á┬╗ non-nullable doit contenir une valeur autre que Null lors de la fermeture du constructeur. Envisagez dÔÇÖajouter le modificateur ┬½┬árequired┬á┬╗ ou de d├®clarer le propri├®t├® comme pouvant accepter la valeur Null. [D:\ABRPOINT-newfeatures\ABRPOINT.Server\ABRPOINT.Server.csproj]
D:\ABRPOINT-newfeatures\ABRPOINT.Server\Dtaos\EtatEmpPresence.cs(6,23): warning CS8618: Le propri├®t├® ┬½┬áEmpmat┬á┬╗ non-nullable doit contenir une valeur autre que Null lors de la fermeture du constructeur. Envisagez dÔÇÖajouter le modificateur ┬½┬árequired┬á┬╗ ou de d├®clarer le propri├®t├® comme pouvant accepter la valeur Null. [D:\ABRPOINT-newfeatures\ABRPOINT.Server\ABRPOINT.Server.csproj]
D:\ABRPOINT-newfeatures\ABRPOINT.Server\Dtaos\EtatEmpPresence.cs(7,23): warning CS8618: Le propri├®t├® ┬½┬áEmpSite┬á┬╗ non-nullable doit contenir une valeur autre que Null lors de la fermeture du constructeur. Envisagez dÔÇÖajouter le modificateur ┬½┬árequired┬á┬╗ ou de d├®clarer le propri├®t├® comme pouvant accepter la valeur Null. [D:\ABRPOINT-newfeatures\ABRPOINT.Server\ABRPOINT.Server.csproj]
D:\ABRPOINT-newfeatures\ABRPOINT.Server\Dtaos\EtatEmpPresence.cs(8,23): warning CS8618: Le propri├®t├® ┬½┬áEmplib┬á┬╗ non-nullable doit contenir une valeur autre que Null lors de la fermeture du constructeur. Envisagez dÔÇÖajouter le modificateur ┬½┬árequired┬á┬╗ ou de d├®clarer le propri├®t├® comme pouvant accepter la valeur Null. [D:\ABRPOINT-newfeatures\ABRPOINT.Server\ABRPOINT.Server.csproj]
D:\ABRPOINT-newfeatures\ABRPOINT.Server\Dtaos\EtatEmpPresence.cs(9,23): warning CS8618: Le propri├®t├® ┬½┬áRegime┬á┬╗ non-nullable doit contenir une valeur autre que Null lors de la fermeture du constructeur. Envisagez dÔÇÖajouter le modificateur ┬½┬árequired┬á┬╗ ou de d├®clarer le propri├®t├® comme pouvant accepter la valeur Null. [D:\ABRPOINT-newfeatures\ABRPOINT.Server\ABRPOINT.Server.csproj]
D:\ABRPOINT-newfeatures\ABRPOINT.Server\Dtaos\EtatEmpPresence.cs(11,23): warning CS8618: Le propri├®t├® ┬½┬áHasConge┬á┬╗ non-nullable doit contenir une valeur autre que Null lors de la fermeture du constructeur. Envisagez dÔÇÖajouter le modificateur ┬½┬árequired┬á┬╗ ou de d├®clarer le propri├®t├® comme pouvant accepter la valeur Null. [D:\ABRPOINT-newfeatures\ABRPOINT.Server\ABRPOINT.Server.csproj]
D:\ABRPOINT-newfeatures\ABRPOINT.Server\Dtaos\EtatEmpPresence.cs(13,23): warning CS8618: Le propri├®t├® ┬½┬áEntree1┬á┬╗ non-nullable doit contenir une valeur autre que Null lors de la fermeture du constructeur. Envisagez dÔÇÖajouter le modificateur ┬½┬árequired┬á┬╗ ou de d├®clarer le propri├®t├® comme pouvant accepter la valeur Null. [D:\ABRPOINT-newfeatures\ABRPOINT.Server\ABRPOINT.Server.csproj]
D:\ABRPOINT-newfeatures\ABRPOINT.Server\Dtaos\EtatEmpPresence.cs(14,23): warning CS8618: Le propri├®t├® ┬½┬áEntree2┬á┬╗ non-nullable doit contenir une valeur autre que Null lors de la fermeture du constructeur. Envisagez dÔÇÖajouter le modificateur ┬½┬árequired┬á┬╗ ou de d├®clarer le propri├®t├® comme pouvant accepter la valeur Null. [D:\ABRPOINT-newfeatures\ABRPOINT.Server\ABRPOINT.Server.csproj]
D:\ABRPOINT-newfeatures\ABRPOINT.Server\Dtaos\EtatEmpPresence.cs(15,23): warning CS8618: Le propri├®t├® ┬½┬áSortie1┬á┬╗ non-nullable doit contenir une valeur autre que Null lors de la fermeture du constructeur. Envisagez dÔÇÖajouter le modificateur ┬½┬árequired┬á┬╗ ou de d├®clarer le propri├®t├® comme pouvant accepter la valeur Null. [D:\ABRPOINT-newfeatures\ABRPOINT.Server\ABRPOINT.Server.csproj]
D:\ABRPOINT-newfeatures\ABRPOINT.Server\Dtaos\EtatEmpPresence.cs(16,23): warning CS8618: Le propri├®t├® ┬½┬áSortie2┬á┬╗ non-nullable doit contenir une valeur autre que Null lors de la fermeture du constructeur. Envisagez dÔÇÖajouter le modificateur ┬½┬árequired┬á┬╗ ou de d├®clarer le propri├®t├® comme pouvant accepter la valeur Null. [D:\ABRPOINT-newfeatures\ABRPOINT.Server\ABRPOINT.Server.csproj]
D:\ABRPOINT-newfeatures\ABRPOINT.Server\Dtaos\EtatEmpPresence.cs(18,23): warning CS8618: Le propri├®t├® ┬½┬áHS25┬á┬╗ non-nullable doit contenir une valeur autre que Null lors de la fermeture du constructeur. Envisagez dÔÇÖajouter le modificateur ┬½┬árequired┬á┬╗ ou de d├®clarer le propri├®t├® comme pouvant accepter la valeur Null. [D:\ABRPOINT-newfeatures\ABRPOINT.Server\ABRPOINT.Server.csproj]
D:\ABRPOINT-newfeatures\ABRPOINT.Server\Dtaos\EtatEmpPresence.cs(19,23): warning CS8618: Le propri├®t├® ┬½┬áHS50┬á┬╗ non-nullable doit contenir une valeur autre que Null lors de la fermeture du constructeur. Envisagez dÔÇÖajouter le modificateur ┬½┬árequired┬á┬╗ ou de d├®clarer le propri├®t├® comme pouvant accepter la valeur Null. [D:\ABRPOINT-newfeatures\ABRPOINT.Server\ABRPOINT.Server.csproj]
D:\ABRPOINT-newfeatures\ABRPOINT.Server\Dtaos\EtatEmpPresence.cs(20,23): warning CS8618: Le propri├®t├® ┬½┬áHS75┬á┬╗ non-nullable doit contenir une valeur autre que Null lors de la fermeture du constructeur. Envisagez dÔÇÖajouter le modificateur ┬½┬árequired┬á┬╗ ou de d├®clarer le propri├®t├® comme pouvant accepter la valeur Null. [D:\ABRPOINT-newfeatures\ABRPOINT.Server\ABRPOINT.Server.csproj]
D:\ABRPOINT-newfeatures\ABRPOINT.Server\Dtaos\EtatEmpPresence.cs(25,23): warning CS8618: Le propri├®t├® ┬½┬áHS100┬á┬╗ non-nullable doit contenir une valeur autre que Null lors de la fermeture du constructeur. Envisagez dÔÇÖajouter le modificateur ┬½┬árequired┬á┬╗ ou de d├®clarer le propri├®t├® comme pouvant accepter la valeur Null. [D:\ABRPOINT-newfeatures\ABRPOINT.Server\ABRPOINT.Server.csproj]
D:\ABRPOINT-newfeatures\ABRPOINT.Server\Dtaos\EtatEmpPresence.cs(26,23): warning CS8618: Le propri├®t├® ┬½┬áTotalRetard┬á┬╗ non-nullable doit contenir une valeur autre que Null lors de la fermeture du constructeur. Envisagez dÔÇÖajouter le modificateur ┬½┬árequired┬á┬╗ ou de d├®clarer le propri├®t├® comme pouvant accepter la valeur Null. [D:\ABRPOINT-newfeatures\ABRPOINT.Server\ABRPOINT.Server.csproj]
D:\ABRPOINT-newfeatures\ABRPOINT.Server\Dtaos\EtatEmpPresence.cs(27,23): warning CS8618: Le propri├®t├® ┬½┬áTotalHeure┬á┬╗ non-nullable doit contenir une valeur autre que Null lors de la fermeture du constructeur. Envisagez dÔÇÖajouter le modificateur ┬½┬árequired┬á┬╗ ou de d├®clarer le propri├®t├® comme pouvant accepter la valeur Null. [D:\ABRPOINT-newfeatures\ABRPOINT.Server\ABRPOINT.Server.csproj]
D:\ABRPOINT-newfeatures\ABRPOINT.Server\Dtaos\EtatEmpPresence.cs(28,23): warning CS8618: Le propri├®t├® ┬½┬áHeureNuit┬á┬╗ non-nullable doit contenir une valeur autre que Null lors de la fermeture du constructeur. Envisagez dÔÇÖajouter le modificateur ┬½┬árequired┬á┬╗ ou de d├®clarer le propri├®t├® comme pouvant accepter la valeur Null. [D:\ABRPOINT-newfeatures\ABRPOINT.Server\ABRPOINT.Server.csproj]
D:\ABRPOINT-newfeatures\ABRPOINT.Server\Dtaos\EtatDetailleRow.cs(5,23): warning CS8618: Le propri├®t├® ┬½┬áEmpcod┬á┬╗ non-nullable doit contenir une valeur autre que Null lors de la fermeture du constructeur. Envisagez dÔÇÖajouter le modificateur ┬½┬árequired┬á┬╗ ou de d├®clarer le propri├®t├® comme pouvant accepter la valeur Null. [D:\ABRPOINT-newfeatures\ABRPOINT.Server\ABRPOINT.Server.csproj]
D:\ABRPOINT-newfeatures\ABRPOINT.Server\CalculService\CalcTotHeures\CalcTotHeuresService.cs(29,64): warning CS8604: Existence possible d'un argument de r├®f├®rence null pour le param├¿tre 'soccod' dans 'Task<Poste?> IPosteRepository.GetPoste(string soccod, string? codposte)'. [D:\ABRPOINT-newfeatures\ABRPOINT.Server\ABRPOINT.Server.csproj]
D:\ABRPOINT-newfeatures\ABRPOINT.Server\CalculService\CalcTotHeures\CalcTotHeuresService.cs(31,113): warning CS8629: Le type valeur Nullable peut avoir une valeur null. [D:\ABRPOINT-newfeatures\ABRPOINT.Server\ABRPOINT.Server.csproj]
D:\ABRPOINT-newfeatures\ABRPOINT.Server\CalculService\CalcTotHeures\CalcTotHeuresService.cs(31,39): warning CS8600: Conversion de litt├®ral ayant une valeur null ou d'une ├®ventuelle valeur null en type non-nullable. [D:\ABRPOINT-newfeatures\ABRPOINT.Server\ABRPOINT.Server.csproj]
D:\ABRPOINT-newfeatures\ABRPOINT.Server\CalculService\CalcTotHeures\CalcTotHeuresService.cs(32,159): warning CS8604: Existence possible d'un argument de r├®f├®rence null pour le param├¿tre 'autoisation' dans 'Task<(int nbRetard, DateTime? Preretame, DateTime? Preretameup, DateTime? Preretmate, DateTime? Preretmateup, DateTime? Preretmats, DateTime? Preretmatsup, DateTime? Preretams, DateTime? Preretamsup)> IHeureRetardService.CalculateHeureRetard(PresenceDto presence, Poste poste, AutDto autoisation)'. [D:\ABRPOINT-newfeatures\ABRPOINT.Server\ABRPOINT.Server.csproj]
D:\ABRPOINT-newfeatures\ABRPOINT.Server\Dtaos\EtatDetailleRequest.cs(5,23): warning CS8618: Le propri├®t├® ┬½┬áSoccod┬á┬╗ non-nullable doit contenir une valeur autre que Null lors de la fermeture du constructeur. Envisagez dÔÇÖajouter le modificateur ┬½┬árequired┬á┬╗ ou de d├®clarer le propri├®t├® comme pouvant accepter la valeur Null. [D:\ABRPOINT-newfeatures\ABRPOINT.Server\ABRPOINT.Server.csproj]
D:\ABRPOINT-newfeatures\ABRPOINT.Server\Dtaos\EtatDetailleRequest.cs(6,23): warning CS8618: Le propri├®t├® ┬½┬áEmpcod┬á┬╗ non-nullable doit contenir une valeur autre que Null lors de la fermeture du constructeur. Envisagez dÔÇÖajouter le modificateur ┬½┬árequired┬á┬╗ ou de d├®clarer le propri├®t├® comme pouvant accepter la valeur Null. [D:\ABRPOINT-newfeatures\ABRPOINT.Server\ABRPOINT.Server.csproj]
D:\ABRPOINT-newfeatures\ABRPOINT.Server\Dtaos\EtatDetailleRequest.cs(7,23): warning CS8618: Le propri├®t├® ┬½┬áEmplib┬á┬╗ non-nullable doit contenir une valeur autre que Null lors de la fermeture du constructeur. Envisagez dÔÇÖajouter le modificateur ┬½┬árequired┬á┬╗ ou de d├®clarer le propri├®t├® comme pouvant accepter la valeur Null. [D:\ABRPOINT-newfeatures\ABRPOINT.Server\ABRPOINT.Server.csproj]
D:\ABRPOINT-newfeatures\ABRPOINT.Server\Dtaos\EtatDetailleRequest.cs(8,23): warning CS8618: Le propri├®t├® ┬½┬áDateDebut┬á┬╗ non-nullable doit contenir une valeur autre que Null lors de la fermeture du constructeur. Envisagez dÔÇÖajouter le modificateur ┬½┬árequired┬á┬╗ ou de d├®clarer le propri├®t├® comme pouvant accepter la valeur Null. [D:\ABRPOINT-newfeatures\ABRPOINT.Server\ABRPOINT.Server.csproj]
D:\ABRPOINT-newfeatures\ABRPOINT.Server\Dtaos\EtatDetailleRequest.cs(9,23): warning CS8618: Le propri├®t├® ┬½┬áDateFin┬á┬╗ non-nullable doit contenir une valeur autre que Null lors de la fermeture du constructeur. Envisagez dÔÇÖajouter le modificateur ┬½┬árequired┬á┬╗ ou de d├®clarer le propri├®t├® comme pouvant accepter la valeur Null. [D:\ABRPOINT-newfeatures\ABRPOINT.Server\ABRPOINT.Server.csproj]
D:\ABRPOINT-newfeatures\ABRPOINT.Server\Dtaos\EtatDetailleRequest.cs(10,38): warning CS8618: Le propri├®t├® ┬½┬áRows┬á┬╗ non-nullable doit contenir une valeur autre que Null lors de la fermeture du constructeur. Envisagez dÔÇÖajouter le modificateur ┬½┬árequired┬á┬╗ ou de d├®clarer le propri├®t├® comme pouvant accepter la valeur Null. [D:\ABRPOINT-newfeatures\ABRPOINT.Server\ABRPOINT.Server.csproj]
D:\ABRPOINT-newfeatures\ABRPOINT.Server\CalculService\CalcTotHeures\CalcTotHeuresService.cs(44,64): warning CS8604: Existence possible d'un argument de r├®f├®rence null pour le param├¿tre 'soccod' dans 'Task<Poste?> IPosteRepository.GetPoste(string soccod, string? codposte)'. [D:\ABRPOINT-newfeatures\ABRPOINT.Server\ABRPOINT.Server.csproj]
D:\ABRPOINT-newfeatures\ABRPOINT.Server\CalculService\CalcTotHeures\CalcTotHeuresService.cs(46,113): warning CS8629: Le type valeur Nullable peut avoir une valeur null. [D:\ABRPOINT-newfeatures\ABRPOINT.Server\ABRPOINT.Server.csproj]
D:\ABRPOINT-newfeatures\ABRPOINT.Server\CalculService\CalcTotHeures\CalcTotHeuresService.cs(46,39): warning CS8600: Conversion de litt├®ral ayant une valeur null ou d'une ├®ventuelle valeur null en type non-nullable. [D:\ABRPOINT-newfeatures\ABRPOINT.Server\ABRPOINT.Server.csproj]
D:\ABRPOINT-newfeatures\ABRPOINT.Server\CalculService\CalcTotHeures\CalcTotHeuresService.cs(47,167): warning CS8604: Existence possible d'un argument de r├®f├®rence null pour le param├¿tre 'autoisation' dans 'Task<(int nbRetard, DateTime? Preretame, DateTime? Preretameup, DateTime? Preretmate, DateTime? Preretmateup, DateTime? Preretmats, DateTime? Preretmatsup, DateTime? Preretams, DateTime? Preretamsup)> IHeureRetardService.CalculateHeureRetard(PresenceDto presence, Poste poste, AutDto autoisation)'. [D:\ABRPOINT-newfeatures\ABRPOINT.Server\ABRPOINT.Server.csproj]
D:\ABRPOINT-newfeatures\ABRPOINT.Server\Dtaos\EmployeePresenceDto.cs(5,23): warning CS8618: Le propri├®t├® ┬½┬áEmpcod┬á┬╗ non-nullable doit contenir une valeur autre que Null lors de la fermeture du constructeur. Envisagez dÔÇÖajouter le modificateur ┬½┬árequired┬á┬╗ ou de d├®clarer le propri├®t├® comme pouvant accepter la valeur Null. [D:\ABRPOINT-newfeatures\ABRPOINT.Server\ABRPOINT.Server.csproj]
D:\ABRPOINT-newfeatures\ABRPOINT.Server\Dtaos\EmployeePresenceDto.cs(6,23): warning CS8618: Le propri├®t├® ┬½┬áEmplib┬á┬╗ non-nullable doit contenir une valeur autre que Null lors de la fermeture du constructeur. Envisagez dÔÇÖajouter le modificateur ┬½┬árequired┬á┬╗ ou de d├®clarer le propri├®t├® comme pouvant accepter la valeur Null. [D:\ABRPOINT-newfeatures\ABRPOINT.Server\ABRPOINT.Server.csproj]
D:\ABRPOINT-newfeatures\ABRPOINT.Server\Dtaos\EmpEtatPeriodique.cs(6,23): warning CS8618: Le propri├®t├® ┬½┬ápreentamidiup┬á┬╗ non-nullable doit contenir une valeur autre que Null lors de la fermeture du constructeur. Envisagez dÔÇÖajouter le modificateur ┬½┬árequired┬á┬╗ ou de d├®clarer le propri├®t├® comme pouvant accepter la valeur Null. [D:\ABRPOINT-newfeatures\ABRPOINT.Server\ABRPOINT.Server.csproj]
D:\ABRPOINT-newfeatures\ABRPOINT.Server\Dtaos\EmpEtatPeriodique.cs(7,23): warning CS8618: Le propri├®t├® ┬½┬ápreentmatup┬á┬╗ non-nullable doit contenir une valeur autre que Null lors de la fermeture du constructeur. Envisagez dÔÇÖajouter le modificateur ┬½┬árequired┬á┬╗ ou de d├®clarer le propri├®t├® comme pouvant accepter la valeur Null. [D:\ABRPOINT-newfeatures\ABRPOINT.Server\ABRPOINT.Server.csproj]
D:\ABRPOINT-newfeatures\ABRPOINT.Server\Dtaos\EmpEtatPeriodique.cs(8,23): warning CS8618: Le propri├®t├® ┬½┬ápreentsupup┬á┬╗ non-nullable doit contenir une valeur autre que Null lors de la fermeture du constructeur. Envisagez dÔÇÖajouter le modificateur ┬½┬árequired┬á┬╗ ou de d├®clarer le propri├®t├® comme pouvant accepter la valeur Null. [D:\ABRPOINT-newfeatures\ABRPOINT.Server\ABRPOINT.Server.csproj]
D:\ABRPOINT-newfeatures\ABRPOINT.Server\Dtaos\EmpEtatPeriodique.cs(10,23): warning CS8618: Le propri├®t├® ┬½┬áprerepos┬á┬╗ non-nullable doit contenir une valeur autre que Null lors de la fermeture du constructeur. Envisagez dÔÇÖajouter le modificateur ┬½┬árequired┬á┬╗ ou de d├®clarer le propri├®t├® comme pouvant accepter la valeur Null. [D:\ABRPOINT-newfeatures\ABRPOINT.Server\ABRPOINT.Server.csproj]
D:\ABRPOINT-newfeatures\ABRPOINT.Server\Dtaos\EmpEtatPeriodique.cs(11,23): warning CS8618: Le propri├®t├® ┬½┬ápresortamidiup┬á┬╗ non-nullable doit contenir une valeur autre que Null lors de la fermeture du constructeur. Envisagez dÔÇÖajouter le modificateur ┬½┬árequired┬á┬╗ ou de d├®clarer le propri├®t├® comme pouvant accepter la valeur Null. [D:\ABRPOINT-newfeatures\ABRPOINT.Server\ABRPOINT.Server.csproj]
D:\ABRPOINT-newfeatures\ABRPOINT.Server\Dtaos\EmpEtatPeriodique.cs(12,23): warning CS8618: Le propri├®t├® ┬½┬ápresortmatup┬á┬╗ non-nullable doit contenir une valeur autre que Null lors de la fermeture du constructeur. Envisagez dÔÇÖajouter le modificateur ┬½┬árequired┬á┬╗ ou de d├®clarer le propri├®t├® comme pouvant accepter la valeur Null. [D:\ABRPOINT-newfeatures\ABRPOINT.Server\ABRPOINT.Server.csproj]
D:\ABRPOINT-newfeatures\ABRPOINT.Server\Dtaos\EmpEtatPeriodique.cs(13,23): warning CS8618: Le propri├®t├® ┬½┬ápresortsupup┬á┬╗ non-nullable doit contenir une valeur autre que Null lors de la fermeture du constructeur. Envisagez dÔÇÖajouter le modificateur ┬½┬árequired┬á┬╗ ou de d├®clarer le propri├®t├® comme pouvant accepter la valeur Null. [D:\ABRPOINT-newfeatures\ABRPOINT.Server\ABRPOINT.Server.csproj]
D:\ABRPOINT-newfeatures\ABRPOINT.Server\Dtaos\EmpEtatPeriodique.cs(14,23): warning CS8618: Le propri├®t├® ┬½┬átothnuit┬á┬╗ non-nullable doit contenir une valeur autre que Null lors de la fermeture du constructeur. Envisagez dÔÇÖajouter le modificateur ┬½┬árequired┬á┬╗ ou de d├®clarer le propri├®t├® comme pouvant accepter la valeur Null. [D:\ABRPOINT-newfeatures\ABRPOINT.Server\ABRPOINT.Server.csproj]
D:\ABRPOINT-newfeatures\ABRPOINT.Server\Dtaos\EmpEtatPeriodique.cs(15,23): warning CS8618: Le propri├®t├® ┬½┬átothre┬á┬╗ non-nullable doit contenir une valeur autre que Null lors de la fermeture du constructeur. Envisagez dÔÇÖajouter le modificateur ┬½┬árequired┬á┬╗ ou de d├®clarer le propri├®t├® comme pouvant accepter la valeur Null. [D:\ABRPOINT-newfeatures\ABRPOINT.Server\ABRPOINT.Server.csproj]
D:\ABRPOINT-newfeatures\ABRPOINT.Server\CalculService\CalcTotHeures\CalcTotHeuresService.cs(63,84): warning CS8604: Existence possible d'un argument de r├®f├®rence null pour le param├¿tre 'soccod' dans 'Task<ArrondiParam?> IParametreRepository.GetEtatPeriodiqueParamAsync(string soccod)'. [D:\ABRPOINT-newfeatures\ABRPOINT.Server\ABRPOINT.Server.csproj]
D:\ABRPOINT-newfeatures\ABRPOINT.Server\CalculService\CalcTotHeures\CalcTotHeuresService.cs(76,62): warning CS8629: Le type valeur Nullable peut avoir une valeur null. [D:\ABRPOINT-newfeatures\ABRPOINT.Server\ABRPOINT.Server.csproj]
D:\ABRPOINT-newfeatures\ABRPOINT.Server\CalculService\HeureSupp\HeuresSupplementaireHebdomadaireService.cs(200,54): warning CS8629: Le type valeur Nullable peut avoir une valeur null. [D:\ABRPOINT-newfeatures\ABRPOINT.Server\ABRPOINT.Server.csproj]
D:\ABRPOINT-newfeatures\ABRPOINT.Server\Dtaos\DashboardData.cs(8,23): warning CS8618: Le propri├®t├® ┬½┬áDepartement┬á┬╗ non-nullable doit contenir une valeur autre que Null lors de la fermeture du constructeur. Envisagez dÔÇÖajouter le modificateur ┬½┬árequired┬á┬╗ ou de d├®clarer le propri├®t├® comme pouvant accepter la valeur Null. [D:\ABRPOINT-newfeatures\ABRPOINT.Server\ABRPOINT.Server.csproj]
D:\ABRPOINT-newfeatures\ABRPOINT.Server\Dtaos\DashboardData.cs(36,41): warning CS8618: Le propri├®t├® ┬½┬áDonneesDepartements┬á┬╗ non-nullable doit contenir une valeur autre que Null lors de la fermeture du constructeur. Envisagez dÔÇÖajouter le modificateur ┬½┬árequired┬á┬╗ ou de d├®clarer le propri├®t├® comme pouvant accepter la valeur Null. [D:\ABRPOINT-newfeatures\ABRPOINT.Server\ABRPOINT.Server.csproj]
D:\ABRPOINT-newfeatures\ABRPOINT.Server\CalculService\CalcTotHeures\CalcTotHeuresService.cs(144,84): warning CS8604: Existence possible d'un argument de r├®f├®rence null pour le param├¿tre 'soccod' dans 'Task<ArrondiParam?> IParametreRepository.GetEtatPeriodiqueParamAsync(string soccod)'. [D:\ABRPOINT-newfeatures\ABRPOINT.Server\ABRPOINT.Server.csproj]
D:\ABRPOINT-newfeatures\ABRPOINT.Server\CalculService\CalcTotHeures\CalcTotHeuresService.cs(157,62): warning CS8629: Le type valeur Nullable peut avoir une valeur null. [D:\ABRPOINT-newfeatures\ABRPOINT.Server\ABRPOINT.Server.csproj]
D:\ABRPOINT-newfeatures\ABRPOINT.Server\Controllers\PointeusesController.cs(119,76): warning CS8604: Existence possible d'un argument de r├®f├®rence null pour le param├¿tre 'soccod' dans 'Task<short?> IParametreRepository.GetLongbdg(string soccod)'. [D:\ABRPOINT-newfeatures\ABRPOINT.Server\ABRPOINT.Server.csproj]
D:\ABRPOINT-newfeatures\ABRPOINT.Server\Dtaos\CahierConge.cs(5,23): warning CS8618: Le propri├®t├® ┬½┬áEmpmat┬á┬╗ non-nullable doit contenir une valeur autre que Null lors de la fermeture du constructeur. Envisagez dÔÇÖajouter le modificateur ┬½┬árequired┬á┬╗ ou de d├®clarer le propri├®t├® comme pouvant accepter la valeur Null. [D:\ABRPOINT-newfeatures\ABRPOINT.Server\ABRPOINT.Server.csproj]
D:\ABRPOINT-newfeatures\ABRPOINT.Server\Dtaos\CahierConge.cs(6,23): warning CS8618: Le propri├®t├® ┬½┬áEmplib┬á┬╗ non-nullable doit contenir une valeur autre que Null lors de la fermeture du constructeur. Envisagez dÔÇÖajouter le modificateur ┬½┬árequired┬á┬╗ ou de d├®clarer le propri├®t├® comme pouvant accepter la valeur Null. [D:\ABRPOINT-newfeatures\ABRPOINT.Server\ABRPOINT.Server.csproj]
D:\ABRPOINT-newfeatures\ABRPOINT.Server\Dtaos\CahierConge.cs(12,23): warning CS8618: Le propri├®t├® ┬½┬áPretemps┬á┬╗ non-nullable doit contenir une valeur autre que Null lors de la fermeture du constructeur. Envisagez dÔÇÖajouter le modificateur ┬½┬árequired┬á┬╗ ou de d├®clarer le propri├®t├® comme pouvant accepter la valeur Null. [D:\ABRPOINT-newfeatures\ABRPOINT.Server\ABRPOINT.Server.csproj]
D:\ABRPOINT-newfeatures\ABRPOINT.Server\Repository\SanctionRepository.cs(122,30): warning CS0168: La variable 'ex' est d├®clar├®e, mais jamais utilis├®e [D:\ABRPOINT-newfeatures\ABRPOINT.Server\ABRPOINT.Server.csproj]
D:\ABRPOINT-newfeatures\ABRPOINT.Server\Helpers\FileHelper.cs(19,24): warning CS8619: La nullabilit├® des types r├®f├®rence dans la valeur de type '(bool, string?, string)' ne correspond pas au type cible '(bool Success, string FilePath, string Error)'. [D:\ABRPOINT-newfeatures\ABRPOINT.Server\ABRPOINT.Server.csproj]
D:\ABRPOINT-newfeatures\ABRPOINT.Server\Helpers\FileHelper.cs(32,20): warning CS8619: La nullabilit├® des types r├®f├®rence dans la valeur de type '(bool, string, string?)' ne correspond pas au type cible '(bool Success, string FilePath, string Error)'. [D:\ABRPOINT-newfeatures\ABRPOINT.Server\ABRPOINT.Server.csproj]
D:\ABRPOINT-newfeatures\ABRPOINT.Server\Models\Ville.cs(15,19): warning CS8618: Le propri├®t├® ┬½┬áVilcod┬á┬╗ non-nullable doit contenir une valeur autre que Null lors de la fermeture du constructeur. Envisagez dÔÇÖajouter le modificateur ┬½┬árequired┬á┬╗ ou de d├®clarer le propri├®t├® comme pouvant accepter la valeur Null. [D:\ABRPOINT-newfeatures\ABRPOINT.Server\ABRPOINT.Server.csproj]
D:\ABRPOINT-newfeatures\ABRPOINT.Server\CalculService\HeureSupp\HeuresSupplementaireHebdomadaireService.cs(314,25): warning CS8625: Impossible de convertir un litt├®ral ayant une valeur null en type r├®f├®rence non-nullable. [D:\ABRPOINT-newfeatures\ABRPOINT.Server\ABRPOINT.Server.csproj]
D:\ABRPOINT-newfeatures\ABRPOINT.Server\CalculService\HeureSupp\HeuresSupplementaireHebdomadaireService.cs(374,62): warning CS8629: Le type valeur Nullable peut avoir une valeur null. [D:\ABRPOINT-newfeatures\ABRPOINT.Server\ABRPOINT.Server.csproj]
D:\ABRPOINT-newfeatures\ABRPOINT.Server\Controllers\PointeusesController.cs(221,42): warning CS1998: Cette m├®thode async n'a pas d'op├®rateur 'await' et elle s'ex├®cutera de fa├ºon synchrone. Utilisez l'op├®rateur 'await' pour attendre les appels d'API non bloquants ou 'await Task.Run(ÔÇª)' pour effectuer un travail utilisant le processeur sur un thread d'arri├¿re-plan. [D:\ABRPOINT-newfeatures\ABRPOINT.Server\ABRPOINT.Server.csproj]
D:\ABRPOINT-newfeatures\ABRPOINT.Server\CalculService\HeureSupp\HeuresSupplementaireHebdomadaireService.cs(63,36): warning CS8618: Le propri├®t├® ┬½┬áPresence┬á┬╗ non-nullable doit contenir une valeur autre que Null lors de la fermeture du constructeur. Envisagez dÔÇÖajouter le modificateur ┬½┬árequired┬á┬╗ ou de d├®clarer le propri├®t├® comme pouvant accepter la valeur Null. [D:\ABRPOINT-newfeatures\ABRPOINT.Server\ABRPOINT.Server.csproj]
D:\ABRPOINT-newfeatures\ABRPOINT.Server\Repository\SanctionRepository.cs(187,30): warning CS8601: Existence possible d'une assignation de r├®f├®rence null. [D:\ABRPOINT-newfeatures\ABRPOINT.Server\ABRPOINT.Server.csproj]
D:\ABRPOINT-newfeatures\ABRPOINT.Server\Repository\SanctionRepository.cs(188,30): warning CS8629: Le type valeur Nullable peut avoir une valeur null. [D:\ABRPOINT-newfeatures\ABRPOINT.Server\ABRPOINT.Server.csproj]
D:\ABRPOINT-newfeatures\ABRPOINT.Server\Repository\SanctionRepository.cs(189,30): warning CS8629: Le type valeur Nullable peut avoir une valeur null. [D:\ABRPOINT-newfeatures\ABRPOINT.Server\ABRPOINT.Server.csproj]
D:\ABRPOINT-newfeatures\ABRPOINT.Server\Repository\SanctionRepository.cs(192,30): warning CS8601: Existence possible d'une assignation de r├®f├®rence null. [D:\ABRPOINT-newfeatures\ABRPOINT.Server\ABRPOINT.Server.csproj]
D:\ABRPOINT-newfeatures\ABRPOINT.Server\Controllers\ParametresController.cs(80,17): warning CS0162: Code inaccessible d├®tect├® [D:\ABRPOINT-newfeatures\ABRPOINT.Server\ABRPOINT.Server.csproj]
D:\ABRPOINT-newfeatures\ABRPOINT.Server\Models\Rubrique.cs(13,19): warning CS8618: Le propri├®t├® ┬½┬áRubcod┬á┬╗ non-nullable doit contenir une valeur autre que Null lors de la fermeture du constructeur. Envisagez dÔÇÖajouter le modificateur ┬½┬árequired┬á┬╗ ou de d├®clarer le propri├®t├® comme pouvant accepter la valeur Null. [D:\ABRPOINT-newfeatures\ABRPOINT.Server\ABRPOINT.Server.csproj]
D:\ABRPOINT-newfeatures\ABRPOINT.Server\Models\Rubrique.cs(17,19): warning CS8618: Le propri├®t├® ┬½┬áSoccod┬á┬╗ non-nullable doit contenir une valeur autre que Null lors de la fermeture du constructeur. Envisagez dÔÇÖajouter le modificateur ┬½┬árequired┬á┬╗ ou de d├®clarer le propri├®t├® comme pouvant accepter la valeur Null. [D:\ABRPOINT-newfeatures\ABRPOINT.Server\ABRPOINT.Server.csproj]
D:\ABRPOINT-newfeatures\ABRPOINT.Server\CalculService\HeureRetard\HeureRetardService.cs(47,70): warning CS8604: Existence possible d'un argument de r├®f├®rence null pour le param├¿tre 'soccod' dans 'Task<string?> IPosteRepository.GetEmpPoste(string soccod, string empcod, DateTime? date, string? catcod)'. [D:\ABRPOINT-newfeatures\ABRPOINT.Server\ABRPOINT.Server.csproj]
D:\ABRPOINT-newfeatures\ABRPOINT.Server\CalculService\HeureRetard\HeureRetardService.cs(47,87): warning CS8604: Existence possible d'un argument de r├®f├®rence null pour le param├¿tre 'empcod' dans 'Task<string?> IPosteRepository.GetEmpPoste(string soccod, string empcod, DateTime? date, string? catcod)'. [D:\ABRPOINT-newfeatures\ABRPOINT.Server\ABRPOINT.Server.csproj]
D:\ABRPOINT-newfeatures\ABRPOINT.Server\CalculService\HeureRetard\HeureRetardService.cs(48,25): warning CS8600: Conversion de litt├®ral ayant une valeur null ou d'une ├®ventuelle valeur null en type non-nullable. [D:\ABRPOINT-newfeatures\ABRPOINT.Server\ABRPOINT.Server.csproj]
D:\ABRPOINT-newfeatures\ABRPOINT.Server\CalculService\HeureRetard\HeureRetardService.cs(52,67): warning CS8604: Existence possible d'un argument de r├®f├®rence null pour le param├¿tre 'poste' dans '(string?, string?, string?, string?) GenericMethodes.GetStartsWorkDay(DateTime? date, Poste poste)'. [D:\ABRPOINT-newfeatures\ABRPOINT.Server\ABRPOINT.Server.csproj]
D:\ABRPOINT-newfeatures\ABRPOINT.Server\CalculService\HeureRetard\HeureRetardService.cs(66,50): warning CS8604: Existence possible d'un argument de r├®f├®rence null pour le param├¿tre 's' dans 'TimeSpan TimeSpan.Parse(string s)'. [D:\ABRPOINT-newfeatures\ABRPOINT.Server\ABRPOINT.Server.csproj]
D:\ABRPOINT-newfeatures\ABRPOINT.Server\Repository\SanctionRepository.cs(285,52): warning CS8604: Existence possible d'un argument de r├®f├®rence null pour le param├¿tre 'presence' dans 'bool GenericMethodes.NotPresent(Presence presence)'. [D:\ABRPOINT-newfeatures\ABRPOINT.Server\ABRPOINT.Server.csproj]
D:\ABRPOINT-newfeatures\ABRPOINT.Server\Repository\SanctionRepository.cs(287,88): warning CS8604: Existence possible d'un argument de r├®f├®rence null pour le param├¿tre 'empcod' dans 'Task<string?> IEmployeRepository.GetEmpPoste(string soccod, string empcod, DateTime? date)'. [D:\ABRPOINT-newfeatures\ABRPOINT.Server\ABRPOINT.Server.csproj]
D:\ABRPOINT-newfeatures\ABRPOINT.Server\CalculService\HeureNuit\HeureNuitService.cs(23,100): warning CS8604: Existence possible d'un argument de r├®f├®rence null pour le param├¿tre 'soccod' dans 'Task<ParametreNuitDto> IParametreRepository.GetParametresNuitAsync(string soccod)'. [D:\ABRPOINT-newfeatures\ABRPOINT.Server\ABRPOINT.Server.csproj]
D:\ABRPOINT-newfeatures\ABRPOINT.Server\CalculService\HeureNuit\HeureNuitService.cs(26,107): warning CS8604: Existence possible d'un argument de r├®f├®rence null pour le param├¿tre 'empcod' dans 'Task<(TimeSpan? Debut, TimeSpan? Fin)> IEmployeRepository.GetEmpNuitIntervalle(string soccod, string empcod)'. [D:\ABRPOINT-newfeatures\ABRPOINT.Server\ABRPOINT.Server.csproj]
D:\ABRPOINT-newfeatures\ABRPOINT.Server\CalculService\HeureAbsences\HeureAbsencesService.cs(30,99): warning CS8629: Le type valeur Nullable peut avoir une valeur null. [D:\ABRPOINT-newfeatures\ABRPOINT.Server\ABRPOINT.Server.csproj]
D:\ABRPOINT-newfeatures\ABRPOINT.Server\CalculService\HeureAbsences\HeureAbsencesService.cs(30,82): warning CS8604: Existence possible d'un argument de r├®f├®rence null pour le param├¿tre 'empcod' dans 'Task<Conge> ICongeRepository.GetEmpCongeByDate(string soccod, string empcod, DateTime date)'. [D:\ABRPOINT-newfeatures\ABRPOINT.Server\ABRPOINT.Server.csproj]
D:\ABRPOINT-newfeatures\ABRPOINT.Server\Repository\RubriqueService.cs(107,24): warning CS8603: Existence possible d'un retour de r├®f├®rence null. [D:\ABRPOINT-newfeatures\ABRPOINT.Server\ABRPOINT.Server.csproj]
D:\ABRPOINT-newfeatures\ABRPOINT.Server\Repository\AbsenceRepository.cs(66,43): warning CS8604: Existence possible d'un argument de r├®f├®rence null pour le param├¿tre 'item' dans 'bool List<string>.Contains(string item)'. [D:\ABRPOINT-newfeatures\ABRPOINT.Server\ABRPOINT.Server.csproj]
D:\ABRPOINT-newfeatures\ABRPOINT.Server\Repository\AbsenceRepository.cs(85,46): warning CS8604: Existence possible d'un argument de r├®f├®rence null pour le param├¿tre 'item' dans 'bool List<string>.Contains(string item)'. [D:\ABRPOINT-newfeatures\ABRPOINT.Server\ABRPOINT.Server.csproj]
D:\ABRPOINT-newfeatures\ABRPOINT.Server\Repository\AbsenceRepository.cs(157,43): warning CS8604: Existence possible d'un argument de r├®f├®rence null pour le param├¿tre 'key' dans 'bool Dictionary<string, Employe>.TryGetValue(string key, out Employe value)'. [D:\ABRPOINT-newfeatures\ABRPOINT.Server\ABRPOINT.Server.csproj]
D:\ABRPOINT-newfeatures\ABRPOINT.Server\Repository\AbsenceRepository.cs(169,45): warning CS8629: Le type valeur Nullable peut avoir une valeur null. [D:\ABRPOINT-newfeatures\ABRPOINT.Server\ABRPOINT.Server.csproj]
D:\ABRPOINT-newfeatures\ABRPOINT.Server\CalculService\DashboardService\DashboardService.cs(46,35): warning CS8601: Existence possible d'une assignation de r├®f├®rence null. [D:\ABRPOINT-newfeatures\ABRPOINT.Server\ABRPOINT.Server.csproj]
D:\ABRPOINT-newfeatures\ABRPOINT.Server\CalculService\DashboardService\DashboardService.cs(76,50): warning CS8604: Existence possible d'un argument de r├®f├®rence null pour le param├¿tre 'item' dans 'bool List<string>.Contains(string item)'. [D:\ABRPOINT-newfeatures\ABRPOINT.Server\ABRPOINT.Server.csproj]
D:\ABRPOINT-newfeatures\ABRPOINT.Server\CalculService\DashboardService\DashboardService.cs(116,78): warning CS8604: Existence possible d'un argument de r├®f├®rence null pour le param├¿tre 'time' dans 'float? GenericMethodes.ConvertHHmmToDouble(string time)'. [D:\ABRPOINT-newfeatures\ABRPOINT.Server\ABRPOINT.Server.csproj]
D:\ABRPOINT-newfeatures\ABRPOINT.Server\CalculService\DashboardService\DashboardService.cs(116,126): warning CS8604: Existence possible d'un argument de r├®f├®rence null pour le param├¿tre 'time' dans 'float? GenericMethodes.ConvertHHmmToDouble(string time)'. [D:\ABRPOINT-newfeatures\ABRPOINT.Server\ABRPOINT.Server.csproj]
D:\ABRPOINT-newfeatures\ABRPOINT.Server\CalculService\DashboardService\DashboardService.cs(125,63): warning CS8629: Le type valeur Nullable peut avoir une valeur null. [D:\ABRPOINT-newfeatures\ABRPOINT.Server\ABRPOINT.Server.csproj]
D:\ABRPOINT-newfeatures\ABRPOINT.Server\CalculService\DashboardService\DashboardService.cs(126,67): warning CS8629: Le type valeur Nullable peut avoir une valeur null. [D:\ABRPOINT-newfeatures\ABRPOINT.Server\ABRPOINT.Server.csproj]
D:\ABRPOINT-newfeatures\ABRPOINT.Server\CalculService\DashboardService\DashboardService.cs(135,34): warning CS8629: Le type valeur Nullable peut avoir une valeur null. [D:\ABRPOINT-newfeatures\ABRPOINT.Server\ABRPOINT.Server.csproj]
D:\ABRPOINT-newfeatures\ABRPOINT.Server\CalculService\DashboardService\DashboardService.cs(152,50): warning CS8604: Existence possible d'un argument de r├®f├®rence null pour le param├¿tre 'item' dans 'bool List<string>.Contains(string item)'. [D:\ABRPOINT-newfeatures\ABRPOINT.Server\ABRPOINT.Server.csproj]
D:\ABRPOINT-newfeatures\ABRPOINT.Server\CalculService\DashboardService\DashboardService.cs(196,30): warning CS0168: La variable 'ex' est d├®clar├®e, mais jamais utilis├®e [D:\ABRPOINT-newfeatures\ABRPOINT.Server\ABRPOINT.Server.csproj]
D:\ABRPOINT-newfeatures\ABRPOINT.Server\Repository\AbsenceRepository.cs(228,38): warning CS8714: Impossible d'utiliser le type 'string?' en tant que param├¿tre de type 'TKey' dans le type ou la m├®thode g├®n├®rique 'EntityFrameworkQueryableExtensions.ToDictionaryAsync<TSource, TKey, TElement>(IQueryable<TSource>, Func<TSource, TKey>, Func<TSource, TElement>, CancellationToken)'. La nullabilit├® de l'argument de type 'string?' ne correspond pas ├á la contrainte 'notnull'. [D:\ABRPOINT-newfeatures\ABRPOINT.Server\ABRPOINT.Server.csproj]
D:\ABRPOINT-newfeatures\ABRPOINT.Server\Repository\AbsenceRepository.cs(230,52): warning CS8621: La nullabilit├® des types r├®f├®rence dans le type de retour de 'expression lambda' ne correspond pas au d├®l├®gu├® cible 'Func<Absence, string?>' (probablement en raison des attributs de nullabilit├®). [D:\ABRPOINT-newfeatures\ABRPOINT.Server\ABRPOINT.Server.csproj]
D:\ABRPOINT-newfeatures\ABRPOINT.Server\Repository\AbsenceRepository.cs(231,24): warning CS8619: La nullabilit├® des types r├®f├®rence dans la valeur de type 'Dictionary<string?, string?>' ne correspond pas au type cible 'Dictionary<string, string>'. [D:\ABRPOINT-newfeatures\ABRPOINT.Server\ABRPOINT.Server.csproj]
D:\ABRPOINT-newfeatures\ABRPOINT.Server\Controllers\DashboardController.cs(113,21): warning CS8604: Existence possible d'un argument de r├®f├®rence null pour le param├¿tre 'dep' dans 'Task<List<EmployeStatut>> IDashboardService.GetEmployesStatutJour(string soccod, DateTime date, string dep, List<string> empcods)'. [D:\ABRPOINT-newfeatures\ABRPOINT.Server\ABRPOINT.Server.csproj]
D:\ABRPOINT-newfeatures\ABRPOINT.Server\Controllers\DashboardController.cs(114,21): warning CS8604: Existence possible d'un argument de r├®f├®rence null pour le param├¿tre 'empcods' dans 'Task<List<EmployeStatut>> IDashboardService.GetEmployesStatutJour(string soccod, DateTime date, string dep, List<string> empcods)'. [D:\ABRPOINT-newfeatures\ABRPOINT.Server\ABRPOINT.Server.csproj]
D:\ABRPOINT-newfeatures\ABRPOINT.Server\Repository\AbsenceRepository.cs(289,36): warning CS8600: Conversion de litt├®ral ayant une valeur null ou d'une ├®ventuelle valeur null en type non-nullable. [D:\ABRPOINT-newfeatures\ABRPOINT.Server\ABRPOINT.Server.csproj]
D:\ABRPOINT-newfeatures\ABRPOINT.Server\Controllers\AttendanceController.cs(10,45): warning CS8618: Le champ ┬½┬á_attendanceService┬á┬╗ non-nullable doit contenir une valeur autre que Null lors de la fermeture du constructeur. Envisagez dÔÇÖajouter le modificateur ┬½┬árequired┬á┬╗ ou de d├®clarer le champ comme pouvant accepter la valeur Null. [D:\ABRPOINT-newfeatures\ABRPOINT.Server\ABRPOINT.Server.csproj]
D:\ABRPOINT-newfeatures\ABRPOINT.Server\CalculService\DashboardService\DashboardService.cs(226,46): warning CS8604: Existence possible d'un argument de r├®f├®rence null pour le param├¿tre 'item' dans 'bool List<string>.Contains(string item)'. [D:\ABRPOINT-newfeatures\ABRPOINT.Server\ABRPOINT.Server.csproj]
D:\ABRPOINT-newfeatures\ABRPOINT.Server\CalculService\DashboardService\DashboardService.cs(270,42): warning CS8604: Existence possible d'un argument de r├®f├®rence null pour le param├¿tre 'key' dans 'bool Dictionary<string, <anonymous type: string Empcod, string? Emplib, string? Dircod>>.TryGetValue(string key, out <anonymous type: string Empcod, string? Emplib, string? Dircod> value)'. [D:\ABRPOINT-newfeatures\ABRPOINT.Server\ABRPOINT.Server.csproj]
D:\ABRPOINT-newfeatures\ABRPOINT.Server\Repository\QualifRepositroy.cs(48,24): warning CS8714: Impossible d'utiliser le type 'string?' en tant que param├¿tre de type 'TKey' dans le type ou la m├®thode g├®n├®rique 'Enumerable.ToDictionary<TSource, TKey, TElement>(IEnumerable<TSource>, Func<TSource, TKey>, Func<TSource, TElement>)'. La nullabilit├® de l'argument de type 'string?' ne correspond pas ├á la contrainte 'notnull'. [D:\ABRPOINT-newfeatures\ABRPOINT.Server\ABRPOINT.Server.csproj]
D:\ABRPOINT-newfeatures\ABRPOINT.Server\Repository\QualifRepositroy.cs(48,45): warning CS8621: La nullabilit├® des types r├®f├®rence dans le type de retour de 'expression lambda' ne correspond pas au d├®l├®gu├® cible 'Func<Qualif, string?>' (probablement en raison des attributs de nullabilit├®). [D:\ABRPOINT-newfeatures\ABRPOINT.Server\ABRPOINT.Server.csproj]
D:\ABRPOINT-newfeatures\ABRPOINT.Server\Repository\QualifRepositroy.cs(48,24): warning CS8619: La nullabilit├® des types r├®f├®rence dans la valeur de type 'Dictionary<string?, string?>' ne correspond pas au type cible 'Dictionary<string, string>'. [D:\ABRPOINT-newfeatures\ABRPOINT.Server\ABRPOINT.Server.csproj]
D:\ABRPOINT-newfeatures\ABRPOINT.Server\Repository\QualifRepositroy.cs(59,20): warning CS8603: Existence possible d'un retour de r├®f├®rence null. [D:\ABRPOINT-newfeatures\ABRPOINT.Server\ABRPOINT.Server.csproj]
D:\ABRPOINT-newfeatures\ABRPOINT.Server\Controllers\CongesController.cs(118,42): warning CS1998: Cette m├®thode async n'a pas d'op├®rateur 'await' et elle s'ex├®cutera de fa├ºon synchrone. Utilisez l'op├®rateur 'await' pour attendre les appels d'API non bloquants ou 'await Task.Run(ÔÇª)' pour effectuer un travail utilisant le processeur sur un thread d'arri├¿re-plan. [D:\ABRPOINT-newfeatures\ABRPOINT.Server\ABRPOINT.Server.csproj]
D:\ABRPOINT-newfeatures\ABRPOINT.Server\Controllers\CongesController.cs(173,36): warning CS8629: Le type valeur Nullable peut avoir une valeur null. [D:\ABRPOINT-newfeatures\ABRPOINT.Server\ABRPOINT.Server.csproj]
D:\ABRPOINT-newfeatures\ABRPOINT.Server\Controllers\CongesController.cs(174,36): warning CS8629: Le type valeur Nullable peut avoir une valeur null. [D:\ABRPOINT-newfeatures\ABRPOINT.Server\ABRPOINT.Server.csproj]
D:\ABRPOINT-newfeatures\ABRPOINT.Server\Controllers\CongesController.cs(175,36): warning CS8629: Le type valeur Nullable peut avoir une valeur null. [D:\ABRPOINT-newfeatures\ABRPOINT.Server\ABRPOINT.Server.csproj]
D:\ABRPOINT-newfeatures\ABRPOINT.Server\Repository\PresenceRepository.cs(108,94): warning CS8604: Existence possible d'un argument de r├®f├®rence null pour le param├¿tre 'poste' dans 'Task<Presence> PresenceRepository.CreateNewPresence(string soccod, string empcod, DateTime date, dynamic emp, dynamic poste)'. [D:\ABRPOINT-newfeatures\ABRPOINT.Server\ABRPOINT.Server.csproj]
D:\ABRPOINT-newfeatures\ABRPOINT.Server\Repository\PresenceRepository.cs(113,67): warning CS8604: Existence possible d'un argument de r├®f├®rence null pour le param├¿tre 'poste' dans 'Task PresenceRepository.UpdateExistingPresence(Presence dbpresence, DateTime date, Poste poste)'. [D:\ABRPOINT-newfeatures\ABRPOINT.Server\ABRPOINT.Server.csproj]
D:\ABRPOINT-newfeatures\ABRPOINT.Server\Controllers\CompensersController.cs(67,30): warning CS0168: La variable 'ex' est d├®clar├®e, mais jamais utilis├®e [D:\ABRPOINT-newfeatures\ABRPOINT.Server\ABRPOINT.Server.csproj]
D:\ABRPOINT-newfeatures\ABRPOINT.Server\Models\Autoriser.cs(13,19): warning CS8618: Le propri├®t├® ┬½┬áConcod┬á┬╗ non-nullable doit contenir une valeur autre que Null lors de la fermeture du constructeur. Envisagez dÔÇÖajouter le modificateur ┬½┬árequired┬á┬╗ ou de d├®clarer le propri├®t├® comme pouvant accepter la valeur Null. [D:\ABRPOINT-newfeatures\ABRPOINT.Server\ABRPOINT.Server.csproj]
D:\ABRPOINT-newfeatures\ABRPOINT.Server\CalculService\DashboardService\DashboardService.cs(328,83): warning CS8604: Existence possible d'un argument de r├®f├®rence null pour le param├¿tre 'item' dans 'bool List<string>.Contains(string item)'. [D:\ABRPOINT-newfeatures\ABRPOINT.Server\ABRPOINT.Server.csproj]
D:\ABRPOINT-newfeatures\ABRPOINT.Server\CalculService\DashboardService\DashboardService.cs(433,77): warning CS8604: Existence possible d'un argument de r├®f├®rence null pour le param├¿tre 'item' dans 'bool List<string>.Contains(string item)'. [D:\ABRPOINT-newfeatures\ABRPOINT.Server\ABRPOINT.Server.csproj]
D:\ABRPOINT-newfeatures\ABRPOINT.Server\CalculService\DashboardService\DashboardService.cs(462,91): warning CS8604: Existence possible d'un argument de r├®f├®rence null pour le param├¿tre 'item' dans 'bool List<string>.Contains(string item)'. [D:\ABRPOINT-newfeatures\ABRPOINT.Server\ABRPOINT.Server.csproj]
D:\ABRPOINT-newfeatures\ABRPOINT.Server\CalculService\DashboardService\DashboardService.cs(496,63): warning CS8604: Existence possible d'un argument de r├®f├®rence null pour le param├¿tre 'item' dans 'bool List<string>.Contains(string item)'. [D:\ABRPOINT-newfeatures\ABRPOINT.Server\ABRPOINT.Server.csproj]
D:\ABRPOINT-newfeatures\ABRPOINT.Server\CalculService\DashboardService\DashboardService.cs(531,86): warning CS8604: Existence possible d'un argument de r├®f├®rence null pour le param├¿tre 'dep' dans 'Task<DashboardData> DashboardService.GetDashboardData(string soccod, DateTime date, string dep, List<string> empcods)'. [D:\ABRPOINT-newfeatures\ABRPOINT.Server\ABRPOINT.Server.csproj]
D:\ABRPOINT-newfeatures\ABRPOINT.Server\Repository\AttendaceRepository.cs(9,47): warning CS8618: Le champ ┬½┬á_context┬á┬╗ non-nullable doit contenir une valeur autre que Null lors de la fermeture du constructeur. Envisagez dÔÇÖajouter le modificateur ┬½┬árequired┬á┬╗ ou de d├®clarer le champ comme pouvant accepter la valeur Null. [D:\ABRPOINT-newfeatures\ABRPOINT.Server\ABRPOINT.Server.csproj]
D:\ABRPOINT-newfeatures\ABRPOINT.Server\Repository\AttendaceRepository.cs(10,45): warning CS8618: Le champ ┬½┬á_webAuthnValidator┬á┬╗ non-nullable doit contenir une valeur autre que Null lors de la fermeture du constructeur. Envisagez dÔÇÖajouter le modificateur ┬½┬árequired┬á┬╗ ou de d├®clarer le champ comme pouvant accepter la valeur Null. [D:\ABRPOINT-newfeatures\ABRPOINT.Server\ABRPOINT.Server.csproj]
D:\ABRPOINT-newfeatures\ABRPOINT.Server\Repository\PresenceRepository.cs(310,20): warning CS8603: Existence possible d'un retour de r├®f├®rence null. [D:\ABRPOINT-newfeatures\ABRPOINT.Server\ABRPOINT.Server.csproj]
D:\ABRPOINT-newfeatures\ABRPOINT.Server\Repository\AllaitementRepository.cs(104,44): warning CS8601: Existence possible d'une assignation de r├®f├®rence null. [D:\ABRPOINT-newfeatures\ABRPOINT.Server\ABRPOINT.Server.csproj]
D:\ABRPOINT-newfeatures\ABRPOINT.Server\Repository\AllaitementRepository.cs(105,43): warning CS8601: Existence possible d'une assignation de r├®f├®rence null. [D:\ABRPOINT-newfeatures\ABRPOINT.Server\ABRPOINT.Server.csproj]
D:\ABRPOINT-newfeatures\ABRPOINT.Server\Repository\AllaitementRepository.cs(116,43): warning CS8601: Existence possible d'une assignation de r├®f├®rence null. [D:\ABRPOINT-newfeatures\ABRPOINT.Server\ABRPOINT.Server.csproj]
D:\ABRPOINT-newfeatures\ABRPOINT.Server\Repository\AllaitementRepository.cs(122,30): warning CS0168: La variable 'ex' est d├®clar├®e, mais jamais utilis├®e [D:\ABRPOINT-newfeatures\ABRPOINT.Server\ABRPOINT.Server.csproj]
D:\ABRPOINT-newfeatures\ABRPOINT.Server\Repository\AllaitementRepository.cs(132,24): warning CS8603: Existence possible d'un retour de r├®f├®rence null. [D:\ABRPOINT-newfeatures\ABRPOINT.Server\ABRPOINT.Server.csproj]
D:\ABRPOINT-newfeatures\ABRPOINT.Server\Repository\PresenceRepository.cs(333,109): warning CS8629: Le type valeur Nullable peut avoir une valeur null. [D:\ABRPOINT-newfeatures\ABRPOINT.Server\ABRPOINT.Server.csproj]
D:\ABRPOINT-newfeatures\ABRPOINT.Server\Repository\PresenceRepository.cs(333,69): warning CS8604: Existence possible d'un argument de r├®f├®rence null pour le param├¿tre 'soccod' dans 'Task<EmpparamPointageMois> IEmployeRepository.GetEmpparam(string soccod, string empcod, DateTime date, string codpost)'. [D:\ABRPOINT-newfeatures\ABRPOINT.Server\ABRPOINT.Server.csproj]
D:\ABRPOINT-newfeatures\ABRPOINT.Server\Repository\PresenceRepository.cs(333,89): warning CS8604: Existence possible d'un argument de r├®f├®rence null pour le param├¿tre 'empcod' dans 'Task<EmpparamPointageMois> IEmployeRepository.GetEmpparam(string soccod, string empcod, DateTime date, string codpost)'. [D:\ABRPOINT-newfeatures\ABRPOINT.Server\ABRPOINT.Server.csproj]
D:\ABRPOINT-newfeatures\ABRPOINT.Server\Repository\PresenceRepository.cs(337,118): warning CS8629: Le type valeur Nullable peut avoir une valeur null. [D:\ABRPOINT-newfeatures\ABRPOINT.Server\ABRPOINT.Server.csproj]
D:\ABRPOINT-newfeatures\ABRPOINT.Server\Repository\PresenceRepository.cs(339,92): warning CS8604: Existence possible d'un argument de r├®f├®rence null pour le param├¿tre 'time' dans 'float? GenericMethodes.ConvertHHmmToDouble(string time)'. [D:\ABRPOINT-newfeatures\ABRPOINT.Server\ABRPOINT.Server.csproj]
D:\ABRPOINT-newfeatures\ABRPOINT.Server\Repository\PresenceRepository.cs(339,49): warning CS8629: Le type valeur Nullable peut avoir une valeur null. [D:\ABRPOINT-newfeatures\ABRPOINT.Server\ABRPOINT.Server.csproj]
D:\ABRPOINT-newfeatures\ABRPOINT.Server\Repository\PresenceRepository.cs(338,131): warning CS8604: Existence possible d'un argument de r├®f├®rence null pour le param├¿tre 'soccod' dans 'Task<float?> IHeureAbsencesService.CalculateHeureAbsences(Presence presence, string soccod, string? poste, DateTime? date, AutDto autorisation, float? hretrav)'. [D:\ABRPOINT-newfeatures\ABRPOINT.Server\ABRPOINT.Server.csproj]
D:\ABRPOINT-newfeatures\ABRPOINT.Server\Repository\PresenceRepository.cs(339,36): warning CS8604: Existence possible d'un argument de r├®f├®rence null pour le param├¿tre 'autorisation' dans 'Task<float?> IHeureAbsencesService.CalculateHeureAbsences(Presence presence, string soccod, string? poste, DateTime? date, AutDto autorisation, float? hretrav)'. [D:\ABRPOINT-newfeatures\ABRPOINT.Server\ABRPOINT.Server.csproj]
D:\ABRPOINT-newfeatures\ABRPOINT.Server\Repository\AllaitementRepository.cs(147,24): warning CS8603: Existence possible d'un retour de r├®f├®rence null. [D:\ABRPOINT-newfeatures\ABRPOINT.Server\ABRPOINT.Server.csproj]
D:\ABRPOINT-newfeatures\ABRPOINT.Server\CalculService\DashboardService\DashboardService.cs(563,47): warning CS8604: Existence possible d'un argument de r├®f├®rence null pour le param├¿tre 'item' dans 'bool List<string>.Contains(string item)'. [D:\ABRPOINT-newfeatures\ABRPOINT.Server\ABRPOINT.Server.csproj]
D:\ABRPOINT-newfeatures\ABRPOINT.Server\CalculService\DashboardService\DashboardService.cs(584,70): warning CS8604: Existence possible d'un argument de r├®f├®rence null pour le param├¿tre 'time' dans 'float? GenericMethodes.ConvertHHmmToDouble(string time)'. [D:\ABRPOINT-newfeatures\ABRPOINT.Server\ABRPOINT.Server.csproj]
D:\ABRPOINT-newfeatures\ABRPOINT.Server\CalculService\DashboardService\DashboardService.cs(584,27): warning CS8629: Le type valeur Nullable peut avoir une valeur null. [D:\ABRPOINT-newfeatures\ABRPOINT.Server\ABRPOINT.Server.csproj]
D:\ABRPOINT-newfeatures\ABRPOINT.Server\CalculService\DashboardService\DashboardService.cs(593,47): warning CS8604: Existence possible d'un argument de r├®f├®rence null pour le param├¿tre 'item' dans 'bool List<string>.Contains(string item)'. [D:\ABRPOINT-newfeatures\ABRPOINT.Server\ABRPOINT.Server.csproj]
D:\ABRPOINT-newfeatures\ABRPOINT.Server\Repository\AllaitementRepository.cs(181,25): warning CS8629: Le type valeur Nullable peut avoir une valeur null. [D:\ABRPOINT-newfeatures\ABRPOINT.Server\ABRPOINT.Server.csproj]
D:\ABRPOINT-newfeatures\ABRPOINT.Server\Repository\PresenceRepository.cs(350,102): warning CS8629: Le type valeur Nullable peut avoir une valeur null. [D:\ABRPOINT-newfeatures\ABRPOINT.Server\ABRPOINT.Server.csproj]
D:\ABRPOINT-newfeatures\ABRPOINT.Server\Repository\PresenceRepository.cs(350,65): warning CS8604: Existence possible d'un argument de r├®f├®rence null pour le param├¿tre 'soccod' dans 'Task<EmpparamPointageMois> IEmployeRepository.GetEmpparam(string soccod, string empcod, DateTime date, string codpost)'. [D:\ABRPOINT-newfeatures\ABRPOINT.Server\ABRPOINT.Server.csproj]
D:\ABRPOINT-newfeatures\ABRPOINT.Server\Repository\PresenceRepository.cs(350,84): warning CS8604: Existence possible d'un argument de r├®f├®rence null pour le param├¿tre 'empcod' dans 'Task<EmpparamPointageMois> IEmployeRepository.GetEmpparam(string soccod, string empcod, DateTime date, string codpost)'. [D:\ABRPOINT-newfeatures\ABRPOINT.Server\ABRPOINT.Server.csproj]
D:\ABRPOINT-newfeatures\ABRPOINT.Server\Repository\PresenceRepository.cs(350,130): warning CS8604: Existence possible d'un argument de r├®f├®rence null pour le param├¿tre 'codpost' dans 'Task<EmpparamPointageMois> IEmployeRepository.GetEmpparam(string soccod, string empcod, DateTime date, string codpost)'. [D:\ABRPOINT-newfeatures\ABRPOINT.Server\ABRPOINT.Server.csproj]
D:\ABRPOINT-newfeatures\ABRPOINT.Server\CalculService\DashboardService\DashboardService.cs(623,39): warning CS8604: Existence possible d'un argument de r├®f├®rence null pour le param├¿tre 'item' dans 'bool List<string>.Contains(string item)'. [D:\ABRPOINT-newfeatures\ABRPOINT.Server\ABRPOINT.Server.csproj]
D:\ABRPOINT-newfeatures\ABRPOINT.Server\Repository\PresenceRepository.cs(415,24): warning CS8603: Existence possible d'un retour de r├®f├®rence null. [D:\ABRPOINT-newfeatures\ABRPOINT.Server\ABRPOINT.Server.csproj]
D:\ABRPOINT-newfeatures\ABRPOINT.Server\Repository\PresenceRepository.cs(433,24): warning CS8603: Existence possible d'un retour de r├®f├®rence null. [D:\ABRPOINT-newfeatures\ABRPOINT.Server\ABRPOINT.Server.csproj]
D:\ABRPOINT-newfeatures\ABRPOINT.Server\Repository\PresenceRepository.cs(452,88): warning CS8629: Le type valeur Nullable peut avoir une valeur null. [D:\ABRPOINT-newfeatures\ABRPOINT.Server\ABRPOINT.Server.csproj]
D:\ABRPOINT-newfeatures\ABRPOINT.Server\Repository\PresenceRepository.cs(452,78): warning CS8604: Existence possible d'un argument de r├®f├®rence null pour le param├¿tre 'empcod' dans 'Task<string> ICongeRepository.GetCongeLib(string? soccod, string empcod, DateTime dmdate)'. [D:\ABRPOINT-newfeatures\ABRPOINT.Server\ABRPOINT.Server.csproj]
D:\ABRPOINT-newfeatures\ABRPOINT.Server\Repository\AutoriserRepository.cs(145,30): warning CS0168: La variable 'ex' est d├®clar├®e, mais jamais utilis├®e [D:\ABRPOINT-newfeatures\ABRPOINT.Server\ABRPOINT.Server.csproj]
D:\ABRPOINT-newfeatures\ABRPOINT.Server\Repository\CalendrierRepository.cs(46,20): warning CS8714: Impossible d'utiliser le type 'string?' en tant que param├¿tre de type 'TKey' dans le type ou la m├®thode g├®n├®rique 'Enumerable.ToDictionary<TSource, TKey, TElement>(IEnumerable<TSource>, Func<TSource, TKey>, Func<TSource, TElement>)'. La nullabilit├® de l'argument de type 'string?' ne correspond pas ├á la contrainte 'notnull'. [D:\ABRPOINT-newfeatures\ABRPOINT.Server\ABRPOINT.Server.csproj]
D:\ABRPOINT-newfeatures\ABRPOINT.Server\Repository\CalendrierRepository.cs(47,47): warning CS8621: La nullabilit├® des types r├®f├®rence dans le type de retour de 'expression lambda' ne correspond pas au d├®l├®gu├® cible 'Func<Calendsoc, string?>' (probablement en raison des attributs de nullabilit├®). [D:\ABRPOINT-newfeatures\ABRPOINT.Server\ABRPOINT.Server.csproj]
D:\ABRPOINT-newfeatures\ABRPOINT.Server\Repository\CalendrierRepository.cs(46,20): warning CS8619: La nullabilit├® des types r├®f├®rence dans la valeur de type 'Dictionary<string?, string?>' ne correspond pas au type cible 'Dictionary<string, string>'. [D:\ABRPOINT-newfeatures\ABRPOINT.Server\ABRPOINT.Server.csproj]
D:\ABRPOINT-newfeatures\ABRPOINT.Server\Repository\AutoriserRepository.cs(166,24): warning CS8603: Existence possible d'un retour de r├®f├®rence null. [D:\ABRPOINT-newfeatures\ABRPOINT.Server\ABRPOINT.Server.csproj]
D:\ABRPOINT-newfeatures\ABRPOINT.Server\CalculService\DashboardService\DashboardService.cs(674,30): warning CS8601: Existence possible d'une assignation de r├®f├®rence null. [D:\ABRPOINT-newfeatures\ABRPOINT.Server\ABRPOINT.Server.csproj]
D:\ABRPOINT-newfeatures\ABRPOINT.Server\CalculService\DashboardService\DashboardService.cs(675,35): warning CS8601: Existence possible d'une assignation de r├®f├®rence null. [D:\ABRPOINT-newfeatures\ABRPOINT.Server\ABRPOINT.Server.csproj]
D:\ABRPOINT-newfeatures\ABRPOINT.Server\CalculService\DashboardService\DashboardService.cs(729,40): warning CS8601: Existence possible d'une assignation de r├®f├®rence null. [D:\ABRPOINT-newfeatures\ABRPOINT.Server\ABRPOINT.Server.csproj]
D:\ABRPOINT-newfeatures\ABRPOINT.Server\Repository\AutoriserRepository.cs(179,30): warning CS8629: Le type valeur Nullable peut avoir une valeur null. [D:\ABRPOINT-newfeatures\ABRPOINT.Server\ABRPOINT.Server.csproj]
D:\ABRPOINT-newfeatures\ABRPOINT.Server\Repository\AutoriserRepository.cs(180,30): warning CS8629: Le type valeur Nullable peut avoir une valeur null. [D:\ABRPOINT-newfeatures\ABRPOINT.Server\ABRPOINT.Server.csproj]
D:\ABRPOINT-newfeatures\ABRPOINT.Server\Repository\AutoriserRepository.cs(211,28): warning CS8629: Le type valeur Nullable peut avoir une valeur null. [D:\ABRPOINT-newfeatures\ABRPOINT.Server\ABRPOINT.Server.csproj]
D:\ABRPOINT-newfeatures\ABRPOINT.Server\Repository\AutoriserRepository.cs(260,33): warning CS8629: Le type valeur Nullable peut avoir une valeur null. [D:\ABRPOINT-newfeatures\ABRPOINT.Server\ABRPOINT.Server.csproj]
D:\ABRPOINT-newfeatures\ABRPOINT.Server\Repository\AutoriserRepository.cs(259,20): warning CS8619: La nullabilit├® des types r├®f├®rence dans la valeur de type 'Dictionary<(string Empcod, DateTime Date), AutDto>' ne correspond pas au type cible 'Dictionary<(string Empcod, DateTime Date), AutDto?>'. [D:\ABRPOINT-newfeatures\ABRPOINT.Server\ABRPOINT.Server.csproj]
D:\ABRPOINT-newfeatures\ABRPOINT.Server\Repository\CalendrierRepository.cs(158,24): warning CS8603: Existence possible d'un retour de r├®f├®rence null. [D:\ABRPOINT-newfeatures\ABRPOINT.Server\ABRPOINT.Server.csproj]
D:\ABRPOINT-newfeatures\ABRPOINT.Server\Repository\CompenserRepository.cs(53,20): warning CS8603: Existence possible d'un retour de r├®f├®rence null. [D:\ABRPOINT-newfeatures\ABRPOINT.Server\ABRPOINT.Server.csproj]
D:\ABRPOINT-newfeatures\ABRPOINT.Server\Repository\AutoriserRepository.cs(296,43): warning CS8604: Existence possible d'un argument de r├®f├®rence null pour le param├¿tre 'item' dans 'bool List<string>.Contains(string item)'. [D:\ABRPOINT-newfeatures\ABRPOINT.Server\ABRPOINT.Server.csproj]
D:\ABRPOINT-newfeatures\ABRPOINT.Server\Repository\PresenceRepository.cs(490,67): warning CS8604: Existence possible d'un argument de r├®f├®rence null pour le param├¿tre 'item' dans 'bool List<string>.Contains(string item)'. [D:\ABRPOINT-newfeatures\ABRPOINT.Server\ABRPOINT.Server.csproj]
D:\ABRPOINT-newfeatures\ABRPOINT.Server\Repository\PresenceRepository.cs(493,47): warning CS8629: Le type valeur Nullable peut avoir une valeur null. [D:\ABRPOINT-newfeatures\ABRPOINT.Server\ABRPOINT.Server.csproj]
D:\ABRPOINT-newfeatures\ABRPOINT.Server\Repository\PresenceRepository.cs(512,39): warning CS8629: Le type valeur Nullable peut avoir une valeur null. [D:\ABRPOINT-newfeatures\ABRPOINT.Server\ABRPOINT.Server.csproj]
D:\ABRPOINT-newfeatures\ABRPOINT.Server\Repository\PresenceRepository.cs(513,53): warning CS8629: Le type valeur Nullable peut avoir une valeur null. [D:\ABRPOINT-newfeatures\ABRPOINT.Server\ABRPOINT.Server.csproj]
D:\ABRPOINT-newfeatures\ABRPOINT.Server\Repository\PresenceRepository.cs(522,45): warning CS8625: Impossible de convertir un litt├®ral ayant une valeur null en type r├®f├®rence non-nullable. [D:\ABRPOINT-newfeatures\ABRPOINT.Server\ABRPOINT.Server.csproj]
D:\ABRPOINT-newfeatures\ABRPOINT.Server\Repository\PresenceRepository.cs(532,28): warning CS8629: Le type valeur Nullable peut avoir une valeur null. [D:\ABRPOINT-newfeatures\ABRPOINT.Server\ABRPOINT.Server.csproj]
D:\ABRPOINT-newfeatures\ABRPOINT.Server\Repository\PresenceRepository.cs(549,30): warning CS8601: Existence possible d'une assignation de r├®f├®rence null. [D:\ABRPOINT-newfeatures\ABRPOINT.Server\ABRPOINT.Server.csproj]
D:\ABRPOINT-newfeatures\ABRPOINT.Server\Repository\PresenceRepository.cs(550,31): warning CS8601: Existence possible d'une assignation de r├®f├®rence null. [D:\ABRPOINT-newfeatures\ABRPOINT.Server\ABRPOINT.Server.csproj]
D:\ABRPOINT-newfeatures\ABRPOINT.Server\Repository\PresenceRepository.cs(551,30): warning CS8601: Existence possible d'une assignation de r├®f├®rence null. [D:\ABRPOINT-newfeatures\ABRPOINT.Server\ABRPOINT.Server.csproj]
D:\ABRPOINT-newfeatures\ABRPOINT.Server\Repository\PresenceRepository.cs(552,30): warning CS8601: Existence possible d'une assignation de r├®f├®rence null. [D:\ABRPOINT-newfeatures\ABRPOINT.Server\ABRPOINT.Server.csproj]
D:\ABRPOINT-newfeatures\ABRPOINT.Server\Repository\PresenceRepository.cs(553,34): warning CS8601: Existence possible d'une assignation de r├®f├®rence null. [D:\ABRPOINT-newfeatures\ABRPOINT.Server\ABRPOINT.Server.csproj]
D:\ABRPOINT-newfeatures\ABRPOINT.Server\Repository\PresenceRepository.cs(555,33): warning CS8601: Existence possible d'une assignation de r├®f├®rence null. [D:\ABRPOINT-newfeatures\ABRPOINT.Server\ABRPOINT.Server.csproj]
D:\ABRPOINT-newfeatures\ABRPOINT.Server\Repository\PresenceRepository.cs(557,31): warning CS8601: Existence possible d'une assignation de r├®f├®rence null. [D:\ABRPOINT-newfeatures\ABRPOINT.Server\ABRPOINT.Server.csproj]
D:\ABRPOINT-newfeatures\ABRPOINT.Server\Repository\PresenceRepository.cs(558,31): warning CS8601: Existence possible d'une assignation de r├®f├®rence null. [D:\ABRPOINT-newfeatures\ABRPOINT.Server\ABRPOINT.Server.csproj]
D:\ABRPOINT-newfeatures\ABRPOINT.Server\Repository\PresenceRepository.cs(559,31): warning CS8601: Existence possible d'une assignation de r├®f├®rence null. [D:\ABRPOINT-newfeatures\ABRPOINT.Server\ABRPOINT.Server.csproj]
D:\ABRPOINT-newfeatures\ABRPOINT.Server\Repository\PresenceRepository.cs(560,31): warning CS8601: Existence possible d'une assignation de r├®f├®rence null. [D:\ABRPOINT-newfeatures\ABRPOINT.Server\ABRPOINT.Server.csproj]
D:\ABRPOINT-newfeatures\ABRPOINT.Server\Repository\PresenceRepository.cs(561,36): warning CS8629: Le type valeur Nullable peut avoir une valeur null. [D:\ABRPOINT-newfeatures\ABRPOINT.Server\ABRPOINT.Server.csproj]
D:\ABRPOINT-newfeatures\ABRPOINT.Server\Repository\PresenceRepository.cs(562,36): warning CS8629: Le type valeur Nullable peut avoir une valeur null. [D:\ABRPOINT-newfeatures\ABRPOINT.Server\ABRPOINT.Server.csproj]
D:\ABRPOINT-newfeatures\ABRPOINT.Server\Repository\PresenceRepository.cs(563,35): warning CS8629: Le type valeur Nullable peut avoir une valeur null. [D:\ABRPOINT-newfeatures\ABRPOINT.Server\ABRPOINT.Server.csproj]
D:\ABRPOINT-newfeatures\ABRPOINT.Server\Repository\PresenceRepository.cs(564,35): warning CS8629: Le type valeur Nullable peut avoir une valeur null. [D:\ABRPOINT-newfeatures\ABRPOINT.Server\ABRPOINT.Server.csproj]
D:\ABRPOINT-newfeatures\ABRPOINT.Server\Repository\PresenceRepository.cs(587,20): warning CS8603: Existence possible d'un retour de r├®f├®rence null. [D:\ABRPOINT-newfeatures\ABRPOINT.Server\ABRPOINT.Server.csproj]
D:\ABRPOINT-newfeatures\ABRPOINT.Server\Repository\CalendrierRepository.cs(279,78): warning CS8629: Le type valeur Nullable peut avoir une valeur null. [D:\ABRPOINT-newfeatures\ABRPOINT.Server\ABRPOINT.Server.csproj]
D:\ABRPOINT-newfeatures\ABRPOINT.Server\Repository\CalendrierRepository.cs(319,82): warning CS8629: Le type valeur Nullable peut avoir une valeur null. [D:\ABRPOINT-newfeatures\ABRPOINT.Server\ABRPOINT.Server.csproj]
D:\ABRPOINT-newfeatures\ABRPOINT.Server\Repository\CalendrierRepository.cs(354,78): warning CS8629: Le type valeur Nullable peut avoir une valeur null. [D:\ABRPOINT-newfeatures\ABRPOINT.Server\ABRPOINT.Server.csproj]
D:\ABRPOINT-newfeatures\ABRPOINT.Server\Repository\CalendrierRepository.cs(315,25): warning CS0219: La variable 'panierTotal' est assign├®e, mais sa valeur n'est jamais utilis├®e [D:\ABRPOINT-newfeatures\ABRPOINT.Server\ABRPOINT.Server.csproj]
D:\ABRPOINT-newfeatures\ABRPOINT.Server\Repository\CalendrierRepository.cs(398,39): warning CS8714: Impossible d'utiliser le type 'string?' en tant que param├¿tre de type 'TKey' dans le type ou la m├®thode g├®n├®rique 'Enumerable.ToDictionary<TSource, TKey, TElement>(IEnumerable<TSource>, Func<TSource, TKey>, Func<TSource, TElement>)'. La nullabilit├® de l'argument de type 'string?' ne correspond pas ├á la contrainte 'notnull'. [D:\ABRPOINT-newfeatures\ABRPOINT.Server\ABRPOINT.Server.csproj]
D:\ABRPOINT-newfeatures\ABRPOINT.Server\Repository\CalendrierRepository.cs(400,35): warning CS8621: La nullabilit├® des types r├®f├®rence dans le type de retour de 'expression lambda' ne correspond pas au d├®l├®gu├® cible 'Func<Calendsoc, string?>' (probablement en raison des attributs de nullabilit├®). [D:\ABRPOINT-newfeatures\ABRPOINT.Server\ABRPOINT.Server.csproj]
D:\ABRPOINT-newfeatures\ABRPOINT.Server\Repository\CalendrierRepository.cs(402,24): warning CS8619: La nullabilit├® des types r├®f├®rence dans la valeur de type 'Dictionary<string?, string?>' ne correspond pas au type cible 'IDictionary<string, string>'. [D:\ABRPOINT-newfeatures\ABRPOINT.Server\ABRPOINT.Server.csproj]
D:\ABRPOINT-newfeatures\ABRPOINT.Server\Repository\CongeRepository.cs(89,43): warning CS8604: Existence possible d'un argument de r├®f├®rence null pour le param├¿tre 'item' dans 'bool List<string>.Contains(string item)'. [D:\ABRPOINT-newfeatures\ABRPOINT.Server\ABRPOINT.Server.csproj]
D:\ABRPOINT-newfeatures\ABRPOINT.Server\Repository\CongeRepository.cs(112,38): warning CS8629: Le type valeur Nullable peut avoir une valeur null. [D:\ABRPOINT-newfeatures\ABRPOINT.Server\ABRPOINT.Server.csproj]
D:\ABRPOINT-newfeatures\ABRPOINT.Server\Repository\CongeRepository.cs(113,76): warning CS8629: Le type valeur Nullable peut avoir une valeur null. [D:\ABRPOINT-newfeatures\ABRPOINT.Server\ABRPOINT.Server.csproj]
D:\ABRPOINT-newfeatures\ABRPOINT.Server\Repository\ContratRepository.cs(101,40): warning CS8619: La nullabilit├® des types r├®f├®rence dans la valeur de type 'List<string?>' ne correspond pas au type cible 'List<string>'. [D:\ABRPOINT-newfeatures\ABRPOINT.Server\ABRPOINT.Server.csproj]
D:\ABRPOINT-newfeatures\ABRPOINT.Server\Repository\ContratRepository.cs(107,72): warning CS8604: Existence possible d'un argument de r├®f├®rence null pour le param├¿tre 'item' dans 'bool List<string>.Contains(string item)'. [D:\ABRPOINT-newfeatures\ABRPOINT.Server\ABRPOINT.Server.csproj]
D:\ABRPOINT-newfeatures\ABRPOINT.Server\Repository\CongeRepository.cs(177,30): warning CS0168: La variable 'ex' est d├®clar├®e, mais jamais utilis├®e [D:\ABRPOINT-newfeatures\ABRPOINT.Server\ABRPOINT.Server.csproj]
D:\ABRPOINT-newfeatures\ABRPOINT.Server\Repository\CongeRepository.cs(186,24): warning CS8603: Existence possible d'un retour de r├®f├®rence null. [D:\ABRPOINT-newfeatures\ABRPOINT.Server\ABRPOINT.Server.csproj]
D:\ABRPOINT-newfeatures\ABRPOINT.Server\Repository\DemCongeRepository.cs(113,24): warning CS8603: Existence possible d'un retour de r├®f├®rence null. [D:\ABRPOINT-newfeatures\ABRPOINT.Server\ABRPOINT.Server.csproj]
D:\ABRPOINT-newfeatures\ABRPOINT.Server\Repository\ContratRepository.cs(116,36): warning CS8619: La nullabilit├® des types r├®f├®rence dans la valeur de type 'List<string?>' ne correspond pas au type cible 'List<string>'. [D:\ABRPOINT-newfeatures\ABRPOINT.Server\ABRPOINT.Server.csproj]
D:\ABRPOINT-newfeatures\ABRPOINT.Server\Repository\ContratRepository.cs(124,41): warning CS8604: Existence possible d'un argument de r├®f├®rence null pour le param├¿tre 'item' dans 'bool List<string>.Contains(string item)'. [D:\ABRPOINT-newfeatures\ABRPOINT.Server\ABRPOINT.Server.csproj]
D:\ABRPOINT-newfeatures\ABRPOINT.Server\Repository\CongeRepository.cs(237,81): warning CS8604: Existence possible d'un argument de r├®f├®rence null pour le param├¿tre 'poste' dans 'float CongeRepository.CalculerHeureTravailJour(DateTime? predat, Poste poste)'. [D:\ABRPOINT-newfeatures\ABRPOINT.Server\ABRPOINT.Server.csproj]
D:\ABRPOINT-newfeatures\ABRPOINT.Server\Repository\ContratRepository.cs(145,24): warning CS8603: Existence possible d'un retour de r├®f├®rence null. [D:\ABRPOINT-newfeatures\ABRPOINT.Server\ABRPOINT.Server.csproj]
D:\ABRPOINT-newfeatures\ABRPOINT.Server\Repository\CongeRepository.cs(251,27): warning CS8629: Le type valeur Nullable peut avoir une valeur null. [D:\ABRPOINT-newfeatures\ABRPOINT.Server\ABRPOINT.Server.csproj]
D:\ABRPOINT-newfeatures\ABRPOINT.Server\Repository\CongeRepository.cs(319,24): warning CS8603: Existence possible d'un retour de r├®f├®rence null. [D:\ABRPOINT-newfeatures\ABRPOINT.Server\ABRPOINT.Server.csproj]
D:\ABRPOINT-newfeatures\ABRPOINT.Server\Repository\DemCongeRepository.cs(145,30): warning CS0168: La variable 'ex' est d├®clar├®e, mais jamais utilis├®e [D:\ABRPOINT-newfeatures\ABRPOINT.Server\ABRPOINT.Server.csproj]
D:\ABRPOINT-newfeatures\ABRPOINT.Server\Repository\DemCongeRepository.cs(159,55): warning CS8604: Existence possible d'un argument de r├®f├®rence null pour le param├¿tre 'soccod' dans 'Demconge DemCongeRepository.GetByConcod(string soccod, string concod)'. [D:\ABRPOINT-newfeatures\ABRPOINT.Server\ABRPOINT.Server.csproj]
D:\ABRPOINT-newfeatures\ABRPOINT.Server\Repository\DemCongeRepository.cs(159,72): warning CS8604: Existence possible d'un argument de r├®f├®rence null pour le param├¿tre 'concod' dans 'Demconge DemCongeRepository.GetByConcod(string soccod, string concod)'. [D:\ABRPOINT-newfeatures\ABRPOINT.Server\ABRPOINT.Server.csproj]
D:\ABRPOINT-newfeatures\ABRPOINT.Server\Repository\DemCongeRepository.cs(174,49): warning CS8604: Existence possible d'un argument de r├®f├®rence null pour le param├¿tre 'entity' dans 'EntityEntry<Demconge> DbSet<Demconge>.Update(Demconge entity)'. [D:\ABRPOINT-newfeatures\ABRPOINT.Server\ABRPOINT.Server.csproj]
D:\ABRPOINT-newfeatures\ABRPOINT.Server\Repository\CongeRepository.cs(332,45): warning CS8604: Existence possible d'un argument de r├®f├®rence null pour le param├¿tre 'soccod' dans 'Conge CongeRepository.GetByConcod(string soccod, string concod)'. [D:\ABRPOINT-newfeatures\ABRPOINT.Server\ABRPOINT.Server.csproj]
D:\ABRPOINT-newfeatures\ABRPOINT.Server\Repository\CongeRepository.cs(332,59): warning CS8604: Existence possible d'un argument de r├®f├®rence null pour le param├¿tre 'concod' dans 'Conge CongeRepository.GetByConcod(string soccod, string concod)'. [D:\ABRPOINT-newfeatures\ABRPOINT.Server\ABRPOINT.Server.csproj]
D:\ABRPOINT-newfeatures\ABRPOINT.Server\Repository\PresenceRepository.cs(627,67): warning CS8629: Le type valeur Nullable peut avoir une valeur null. [D:\ABRPOINT-newfeatures\ABRPOINT.Server\ABRPOINT.Server.csproj]
D:\ABRPOINT-newfeatures\ABRPOINT.Server\Repository\PresenceRepository.cs(631,41): warning CS8714: Impossible d'utiliser le type 'string?' en tant que param├¿tre de type 'TKey' dans le type ou la m├®thode g├®n├®rique 'EntityFrameworkQueryableExtensions.ToDictionaryAsync<TSource, TKey>(IQueryable<TSource>, Func<TSource, TKey>, CancellationToken)'. La nullabilit├® de l'argument de type 'string?' ne correspond pas ├á la contrainte 'notnull'. [D:\ABRPOINT-newfeatures\ABRPOINT.Server\ABRPOINT.Server.csproj]
D:\ABRPOINT-newfeatures\ABRPOINT.Server\Repository\PresenceRepository.cs(631,108): warning CS8621: La nullabilit├® des types r├®f├®rence dans le type de retour de 'expression lambda' ne correspond pas au d├®l├®gu├® cible 'Func<Poste, string?>' (probablement en raison des attributs de nullabilit├®). [D:\ABRPOINT-newfeatures\ABRPOINT.Server\ABRPOINT.Server.csproj]
D:\ABRPOINT-newfeatures\ABRPOINT.Server\Repository\PresenceRepository.cs(632,98): warning CS8625: Impossible de convertir un litt├®ral ayant une valeur null en type r├®f├®rence non-nullable. [D:\ABRPOINT-newfeatures\ABRPOINT.Server\ABRPOINT.Server.csproj]
D:\ABRPOINT-newfeatures\ABRPOINT.Server\Repository\PresenceRepository.cs(738,44): warning CS8602: D├®r├®f├®rencement d'une ├®ventuelle r├®f├®rence null. [D:\ABRPOINT-newfeatures\ABRPOINT.Server\ABRPOINT.Server.csproj]
D:\ABRPOINT-newfeatures\ABRPOINT.Server\Repository\PresenceRepository.cs(754,119): warning CS8620: Impossible d'utiliser l'argument de type 'Dictionary<string?, Poste>' pour le param├¿tre 'postesCache' de type 'Dictionary<string, Poste>' dans 'EmpparamPointageMois GenericMethodes.EnrichEmpparamWithPoste(EmpparamPointageMois baseParam, DateTime date, string codPoste, Dictionary<string, Poste> postesCache)'. En effet, il existe des diff├®rences dans l'acceptation des valeurs null par les types r├®f├®rence. [D:\ABRPOINT-newfeatures\ABRPOINT.Server\ABRPOINT.Server.csproj]
D:\ABRPOINT-newfeatures\ABRPOINT.Server\Repository\PresenceRepository.cs(757,71): warning CS8604: Existence possible d'un argument de r├®f├®rence null pour le param├¿tre 'poste' dans 'Task<string?> PresenceRepository.CalcHreTrav(PresenceDto presence, Poste poste, EmpparamPointageMois? empparam)'. [D:\ABRPOINT-newfeatures\ABRPOINT.Server\ABRPOINT.Server.csproj]
D:\ABRPOINT-newfeatures\ABRPOINT.Server\Repository\PresenceRepository.cs(812,86): warning CS8604: Existence possible d'un argument de r├®f├®rence null pour le param├¿tre 'time' dans 'float? GenericMethodes.ConvertHHmmToDouble(string time)'. [D:\ABRPOINT-newfeatures\ABRPOINT.Server\ABRPOINT.Server.csproj]
D:\ABRPOINT-newfeatures\ABRPOINT.Server\Repository\PresenceRepository.cs(819,37): warning CS8604: Existence possible d'un argument de r├®f├®rence null pour le param├¿tre 'autorisation' dans 'Task<float?> IHeureAbsencesService.CalculateHeureAbsences(Presence presence, string soccod, string? poste, DateTime? date, AutDto autorisation, float? hretrav)'. [D:\ABRPOINT-newfeatures\ABRPOINT.Server\ABRPOINT.Server.csproj]
D:\ABRPOINT-newfeatures\ABRPOINT.Server\Repository\PresenceRepository.cs(845,98): warning CS8604: Existence possible d'un argument de r├®f├®rence null pour le param├¿tre 'autoisation' dans 'Task<(int nbRetard, DateTime? Preretame, DateTime? Preretameup, DateTime? Preretmate, DateTime? Preretmateup, DateTime? Preretmats, DateTime? Preretmatsup, DateTime? Preretams, DateTime? Preretamsup)> IHeureRetardService.CalculateHeureRetard(PresenceDto presence, Poste poste, AutDto autoisation)'. [D:\ABRPOINT-newfeatures\ABRPOINT.Server\ABRPOINT.Server.csproj]
D:\ABRPOINT-newfeatures\ABRPOINT.Server\Repository\CongeRepository.cs(378,24): warning CS8603: Existence possible d'un retour de r├®f├®rence null. [D:\ABRPOINT-newfeatures\ABRPOINT.Server\ABRPOINT.Server.csproj]
D:\ABRPOINT-newfeatures\ABRPOINT.Server\Repository\DirectionRepository.cs(39,24): warning CS8603: Existence possible d'un retour de r├®f├®rence null. [D:\ABRPOINT-newfeatures\ABRPOINT.Server\ABRPOINT.Server.csproj]
D:\ABRPOINT-newfeatures\ABRPOINT.Server\Repository\DirectionRepository.cs(65,24): warning CS8603: Existence possible d'un retour de r├®f├®rence null. [D:\ABRPOINT-newfeatures\ABRPOINT.Server\ABRPOINT.Server.csproj]
D:\ABRPOINT-newfeatures\ABRPOINT.Server\Repository\DirectionRepository.cs(97,24): warning CS8714: Impossible d'utiliser le type 'string?' en tant que param├¿tre de type 'TKey' dans le type ou la m├®thode g├®n├®rique 'Enumerable.ToDictionary<TSource, TKey, TElement>(IEnumerable<TSource>, Func<TSource, TKey>, Func<TSource, TElement>)'. La nullabilit├® de l'argument de type 'string?' ne correspond pas ├á la contrainte 'notnull'. [D:\ABRPOINT-newfeatures\ABRPOINT.Server\ABRPOINT.Server.csproj]
D:\ABRPOINT-newfeatures\ABRPOINT.Server\Repository\DirectionRepository.cs(97,88): warning CS8621: La nullabilit├® des types r├®f├®rence dans le type de retour de 'expression lambda' ne correspond pas au d├®l├®gu├® cible 'Func<Direction, string?>' (probablement en raison des attributs de nullabilit├®). [D:\ABRPOINT-newfeatures\ABRPOINT.Server\ABRPOINT.Server.csproj]
D:\ABRPOINT-newfeatures\ABRPOINT.Server\Repository\DirectionRepository.cs(97,24): warning CS8619: La nullabilit├® des types r├®f├®rence dans la valeur de type 'Dictionary<string?, string?>' ne correspond pas au type cible 'Dictionary<string, string>'. [D:\ABRPOINT-newfeatures\ABRPOINT.Server\ABRPOINT.Server.csproj]
D:\ABRPOINT-newfeatures\ABRPOINT.Server\Repository\PresenceRepository.cs(936,34): warning CS8600: Conversion de litt├®ral ayant une valeur null ou d'une ├®ventuelle valeur null en type non-nullable. [D:\ABRPOINT-newfeatures\ABRPOINT.Server\ABRPOINT.Server.csproj]
D:\ABRPOINT-newfeatures\ABRPOINT.Server\Repository\PresenceRepository.cs(938,66): warning CS8604: Existence possible d'un argument de r├®f├®rence null pour le param├¿tre 'soccod' dans 'Task<string?> IPosteRepository.GetEmpPoste(string soccod, string empcod, DateTime? date, string? catcod)'. [D:\ABRPOINT-newfeatures\ABRPOINT.Server\ABRPOINT.Server.csproj]
D:\ABRPOINT-newfeatures\ABRPOINT.Server\Repository\PresenceRepository.cs(938,82): warning CS8604: Existence possible d'un argument de r├®f├®rence null pour le param├¿tre 'empcod' dans 'Task<string?> IPosteRepository.GetEmpPoste(string soccod, string empcod, DateTime? date, string? catcod)'. [D:\ABRPOINT-newfeatures\ABRPOINT.Server\ABRPOINT.Server.csproj]
D:\ABRPOINT-newfeatures\ABRPOINT.Server\Repository\PresenceRepository.cs(938,31): warning CS8600: Conversion de litt├®ral ayant une valeur null ou d'une ├®ventuelle valeur null en type non-nullable. [D:\ABRPOINT-newfeatures\ABRPOINT.Server\ABRPOINT.Server.csproj]
D:\ABRPOINT-newfeatures\ABRPOINT.Server\Repository\PresenceRepository.cs(939,61): warning CS8604: Existence possible d'un argument de r├®f├®rence null pour le param├¿tre 'soccod' dans 'Task<Poste?> IPosteRepository.GetPoste(string soccod, string? codposte)'. [D:\ABRPOINT-newfeatures\ABRPOINT.Server\ABRPOINT.Server.csproj]
D:\ABRPOINT-newfeatures\ABRPOINT.Server\Repository\PresenceRepository.cs(950,86): warning CS8604: Existence possible d'un argument de r├®f├®rence null pour le param├¿tre 'autoisation' dans 'Task<(int nbRetard, DateTime? Preretame, DateTime? Preretameup, DateTime? Preretmate, DateTime? Preretmateup, DateTime? Preretmats, DateTime? Preretmatsup, DateTime? Preretams, DateTime? Preretamsup)> IHeureRetardService.CalculateHeureRetard(PresenceDto presence, Poste poste, AutDto autoisation)'. [D:\ABRPOINT-newfeatures\ABRPOINT.Server\ABRPOINT.Server.csproj]
D:\ABRPOINT-newfeatures\ABRPOINT.Server\Repository\FonctionRepository.cs(42,20): warning CS8714: Impossible d'utiliser le type 'string?' en tant que param├¿tre de type 'TKey' dans le type ou la m├®thode g├®n├®rique 'Enumerable.ToDictionary<TSource, TKey, TElement>(IEnumerable<TSource>, Func<TSource, TKey>, Func<TSource, TElement>)'. La nullabilit├® de l'argument de type 'string?' ne correspond pas ├á la contrainte 'notnull'. [D:\ABRPOINT-newfeatures\ABRPOINT.Server\ABRPOINT.Server.csproj]
D:\ABRPOINT-newfeatures\ABRPOINT.Server\Repository\FonctionRepository.cs(43,46): warning CS8621: La nullabilit├® des types r├®f├®rence dans le type de retour de 'expression lambda' ne correspond pas au d├®l├®gu├® cible 'Func<Fonction, string?>' (probablement en raison des attributs de nullabilit├®). [D:\ABRPOINT-newfeatures\ABRPOINT.Server\ABRPOINT.Server.csproj]
D:\ABRPOINT-newfeatures\ABRPOINT.Server\Repository\FonctionRepository.cs(42,20): warning CS8619: La nullabilit├® des types r├®f├®rence dans la valeur de type 'Dictionary<string?, string?>' ne correspond pas au type cible 'Dictionary<string, string>'. [D:\ABRPOINT-newfeatures\ABRPOINT.Server\ABRPOINT.Server.csproj]
D:\ABRPOINT-newfeatures\ABRPOINT.Server\Repository\FonctionRepository.cs(48,20): warning CS8603: Existence possible d'un retour de r├®f├®rence null. [D:\ABRPOINT-newfeatures\ABRPOINT.Server\ABRPOINT.Server.csproj]
D:\ABRPOINT-newfeatures\ABRPOINT.Server\Repository\DmpointService.cs(112,42): warning CS8629: Le type valeur Nullable peut avoir une valeur null. [D:\ABRPOINT-newfeatures\ABRPOINT.Server\ABRPOINT.Server.csproj]
D:\ABRPOINT-newfeatures\ABRPOINT.Server\Repository\DmpointService.cs(111,20): warning CS8619: La nullabilit├® des types r├®f├®rence dans la valeur de type 'Dictionary<(string? Empcod, DateTime Date), string?>' ne correspond pas au type cible 'Dictionary<(string Empcod, DateTime Date), string?>'. [D:\ABRPOINT-newfeatures\ABRPOINT.Server\ABRPOINT.Server.csproj]
D:\ABRPOINT-newfeatures\ABRPOINT.Server\Repository\LcategorieRepository.cs(86,24): warning CS8603: Existence possible d'un retour de r├®f├®rence null. [D:\ABRPOINT-newfeatures\ABRPOINT.Server\ABRPOINT.Server.csproj]
D:\ABRPOINT-newfeatures\ABRPOINT.Server\Repository\LcategorieRepository.cs(112,28): warning CS8714: Impossible d'utiliser le type 'string?' en tant que param├¿tre de type 'TKey' dans le type ou la m├®thode g├®n├®rique 'Enumerable.ToDictionary<TSource, TKey, TElement>(IEnumerable<TSource>, Func<TSource, TKey>, Func<TSource, TElement>)'. La nullabilit├® de l'argument de type 'string?' ne correspond pas ├á la contrainte 'notnull'. [D:\ABRPOINT-newfeatures\ABRPOINT.Server\ABRPOINT.Server.csproj]
D:\ABRPOINT-newfeatures\ABRPOINT.Server\Repository\LcategorieRepository.cs(114,35): warning CS8621: La nullabilit├® des types r├®f├®rence dans le type de retour de 'expression lambda' ne correspond pas au d├®l├®gu├® cible 'Func<Categorie, string?>' (probablement en raison des attributs de nullabilit├®). [D:\ABRPOINT-newfeatures\ABRPOINT.Server\ABRPOINT.Server.csproj]
D:\ABRPOINT-newfeatures\ABRPOINT.Server\Repository\LcategorieRepository.cs(112,28): warning CS8619: La nullabilit├® des types r├®f├®rence dans la valeur de type 'Dictionary<string?, string?>' ne correspond pas au type cible 'Dictionary<string, string>'. [D:\ABRPOINT-newfeatures\ABRPOINT.Server\ABRPOINT.Server.csproj]
D:\ABRPOINT-newfeatures\ABRPOINT.Server\Repository\PresenceRepository.cs(980,106): warning CS8629: Le type valeur Nullable peut avoir une valeur null. [D:\ABRPOINT-newfeatures\ABRPOINT.Server\ABRPOINT.Server.csproj]
D:\ABRPOINT-newfeatures\ABRPOINT.Server\Repository\PresenceRepository.cs(980,73): warning CS8604: Existence possible d'un argument de r├®f├®rence null pour le param├¿tre 'soccod' dans 'Task<EmpparamPointageMois> IEmployeRepository.GetEmpparam(string soccod, string empcod, DateTime date, string codpost)'. [D:\ABRPOINT-newfeatures\ABRPOINT.Server\ABRPOINT.Server.csproj]
D:\ABRPOINT-newfeatures\ABRPOINT.Server\Repository\PresenceRepository.cs(980,90): warning CS8604: Existence possible d'un argument de r├®f├®rence null pour le param├¿tre 'empcod' dans 'Task<EmpparamPointageMois> IEmployeRepository.GetEmpparam(string soccod, string empcod, DateTime date, string codpost)'. [D:\ABRPOINT-newfeatures\ABRPOINT.Server\ABRPOINT.Server.csproj]
D:\ABRPOINT-newfeatures\ABRPOINT.Server\Repository\PresenceRepository.cs(980,132): warning CS8604: Existence possible d'un argument de r├®f├®rence null pour le param├¿tre 'codpost' dans 'Task<EmpparamPointageMois> IEmployeRepository.GetEmpparam(string soccod, string empcod, DateTime date, string codpost)'. [D:\ABRPOINT-newfeatures\ABRPOINT.Server\ABRPOINT.Server.csproj]
D:\ABRPOINT-newfeatures\ABRPOINT.Server\Repository\PresenceRepository.cs(993,66): warning CS8604: Existence possible d'un argument de r├®f├®rence null pour le param├¿tre 'poste' dans 'Task<string?> PresenceRepository.CalcHreTrav(PresenceDto presence, Poste poste, EmpparamPointageMois? empparam)'. [D:\ABRPOINT-newfeatures\ABRPOINT.Server\ABRPOINT.Server.csproj]
D:\ABRPOINT-newfeatures\ABRPOINT.Server\Repository\PresenceRepository.cs(995,80): warning CS8604: Existence possible d'un argument de r├®f├®rence null pour le param├¿tre 'time' dans 'float? GenericMethodes.ConvertHHmmToDouble(string time)'. [D:\ABRPOINT-newfeatures\ABRPOINT.Server\ABRPOINT.Server.csproj]
D:\ABRPOINT-newfeatures\ABRPOINT.Server\Repository\PresenceRepository.cs(997,37): warning CS8629: Le type valeur Nullable peut avoir une valeur null. [D:\ABRPOINT-newfeatures\ABRPOINT.Server\ABRPOINT.Server.csproj]
D:\ABRPOINT-newfeatures\ABRPOINT.Server\Repository\PresenceRepository.cs(998,39): warning CS8629: Le type valeur Nullable peut avoir une valeur null. [D:\ABRPOINT-newfeatures\ABRPOINT.Server\ABRPOINT.Server.csproj]
D:\ABRPOINT-newfeatures\ABRPOINT.Server\Repository\PresenceRepository.cs(1005,118): warning CS8629: Le type valeur Nullable peut avoir une valeur null. [D:\ABRPOINT-newfeatures\ABRPOINT.Server\ABRPOINT.Server.csproj]
D:\ABRPOINT-newfeatures\ABRPOINT.Server\Repository\PresenceRepository.cs(1007,180): warning CS8604: Existence possible d'un argument de r├®f├®rence null pour le param├¿tre 'autorisation' dans 'Task<float?> IHeureAbsencesService.CalculateHeureAbsences(Presence presence, string soccod, string? poste, DateTime? date, AutDto autorisation, float? hretrav)'. [D:\ABRPOINT-newfeatures\ABRPOINT.Server\ABRPOINT.Server.csproj]
D:\ABRPOINT-newfeatures\ABRPOINT.Server\Repository\JourFerieRepository.cs(65,20): warning CS8603: Existence possible d'un retour de r├®f├®rence null. [D:\ABRPOINT-newfeatures\ABRPOINT.Server\ABRPOINT.Server.csproj]
D:\ABRPOINT-newfeatures\ABRPOINT.Server\Repository\EmployeRepository.cs(70,71): warning CS8604: Existence possible d'un argument de r├®f├®rence null pour le param├¿tre 'empmat' dans 'string GenericMethodes.FormatEmpmat(string empmat, short? requiredLength)'. [D:\ABRPOINT-newfeatures\ABRPOINT.Server\ABRPOINT.Server.csproj]
D:\ABRPOINT-newfeatures\ABRPOINT.Server\Repository\JourFerieRepository.cs(133,48): warning CS8604: Existence possible d'un argument de r├®f├®rence null pour le param├¿tre 'soccod' dans 'Task<bool> JourFerieRepository.IsFerier(string soccod, DateTime? predat)'. [D:\ABRPOINT-newfeatures\ABRPOINT.Server\ABRPOINT.Server.csproj]
D:\ABRPOINT-newfeatures\ABRPOINT.Server\Repository\PresenceRepository.cs(1048,91): warning CS8604: Existence possible d'un argument de r├®f├®rence null pour le param├¿tre 'soccod' dans 'Task<ArrondiParam?> IParametreRepository.GetEtatPeriodiqueParamAsync(string soccod)'. [D:\ABRPOINT-newfeatures\ABRPOINT.Server\ABRPOINT.Server.csproj]
D:\ABRPOINT-newfeatures\ABRPOINT.Server\Repository\PresenceRepository.cs(1052,113): warning CS8629: Le type valeur Nullable peut avoir une valeur null. [D:\ABRPOINT-newfeatures\ABRPOINT.Server\ABRPOINT.Server.csproj]
D:\ABRPOINT-newfeatures\ABRPOINT.Server\Repository\PresenceRepository.cs(1052,39): warning CS8600: Conversion de litt├®ral ayant une valeur null ou d'une ├®ventuelle valeur null en type non-nullable. [D:\ABRPOINT-newfeatures\ABRPOINT.Server\ABRPOINT.Server.csproj]
D:\ABRPOINT-newfeatures\ABRPOINT.Server\Repository\PresenceRepository.cs(1055,87): warning CS8604: Existence possible d'un argument de r├®f├®rence null pour le param├¿tre 'empcod' dans 'Task<string?> IPosteRepository.GetEmpPoste(string soccod, string empcod, DateTime? date, string? catcod)'. [D:\ABRPOINT-newfeatures\ABRPOINT.Server\ABRPOINT.Server.csproj]
D:\ABRPOINT-newfeatures\ABRPOINT.Server\Repository\PresenceRepository.cs(1057,29): warning CS8600: Conversion de litt├®ral ayant une valeur null ou d'une ├®ventuelle valeur null en type non-nullable. [D:\ABRPOINT-newfeatures\ABRPOINT.Server\ABRPOINT.Server.csproj]
D:\ABRPOINT-newfeatures\ABRPOINT.Server\Repository\PresenceRepository.cs(1059,37): warning CS8602: D├®r├®f├®rencement d'une ├®ventuelle r├®f├®rence null. [D:\ABRPOINT-newfeatures\ABRPOINT.Server\ABRPOINT.Server.csproj]
D:\ABRPOINT-newfeatures\ABRPOINT.Server\Repository\PresenceRepository.cs(1068,28): warning CS8629: Le type valeur Nullable peut avoir une valeur null. [D:\ABRPOINT-newfeatures\ABRPOINT.Server\ABRPOINT.Server.csproj]
D:\ABRPOINT-newfeatures\ABRPOINT.Server\Repository\PresenceRepository.cs(1133,125): warning CS8604: Existence possible d'un argument de r├®f├®rence null pour le param├¿tre 'empparam' dans 'float GenericMethodes.CalculateHoursWithLimits(Presence presence, EmpparamPointageMois empparam)'. [D:\ABRPOINT-newfeatures\ABRPOINT.Server\ABRPOINT.Server.csproj]
D:\ABRPOINT-newfeatures\ABRPOINT.Server\Repository\LposteRepository.cs(40,30): warning CS0168: La variable 'ex' est d├®clar├®e, mais jamais utilis├®e [D:\ABRPOINT-newfeatures\ABRPOINT.Server\ABRPOINT.Server.csproj]
D:\ABRPOINT-newfeatures\ABRPOINT.Server\Repository\PresenceRepository.cs(1148,91): warning CS8604: Existence possible d'un argument de r├®f├®rence null pour le param├¿tre 'soccod' dans 'Task<ArrondiParam?> IParametreRepository.GetEtatPeriodiqueParamAsync(string soccod)'. [D:\ABRPOINT-newfeatures\ABRPOINT.Server\ABRPOINT.Server.csproj]
D:\ABRPOINT-newfeatures\ABRPOINT.Server\Repository\PresenceRepository.cs(1152,113): warning CS8629: Le type valeur Nullable peut avoir une valeur null. [D:\ABRPOINT-newfeatures\ABRPOINT.Server\ABRPOINT.Server.csproj]
D:\ABRPOINT-newfeatures\ABRPOINT.Server\Repository\PresenceRepository.cs(1152,39): warning CS8600: Conversion de litt├®ral ayant une valeur null ou d'une ├®ventuelle valeur null en type non-nullable. [D:\ABRPOINT-newfeatures\ABRPOINT.Server\ABRPOINT.Server.csproj]
D:\ABRPOINT-newfeatures\ABRPOINT.Server\Repository\PresenceRepository.cs(1155,87): warning CS8604: Existence possible d'un argument de r├®f├®rence null pour le param├¿tre 'empcod' dans 'Task<string?> IPosteRepository.GetEmpPoste(string soccod, string empcod, DateTime? date, string? catcod)'. [D:\ABRPOINT-newfeatures\ABRPOINT.Server\ABRPOINT.Server.csproj]
D:\ABRPOINT-newfeatures\ABRPOINT.Server\Repository\PresenceRepository.cs(1157,29): warning CS8600: Conversion de litt├®ral ayant une valeur null ou d'une ├®ventuelle valeur null en type non-nullable. [D:\ABRPOINT-newfeatures\ABRPOINT.Server\ABRPOINT.Server.csproj]
D:\ABRPOINT-newfeatures\ABRPOINT.Server\Repository\PresenceRepository.cs(1159,37): warning CS8602: D├®r├®f├®rencement d'une ├®ventuelle r├®f├®rence null. [D:\ABRPOINT-newfeatures\ABRPOINT.Server\ABRPOINT.Server.csproj]
D:\ABRPOINT-newfeatures\ABRPOINT.Server\Repository\PresenceRepository.cs(1168,28): warning CS8629: Le type valeur Nullable peut avoir une valeur null. [D:\ABRPOINT-newfeatures\ABRPOINT.Server\ABRPOINT.Server.csproj]
D:\ABRPOINT-newfeatures\ABRPOINT.Server\Repository\PresenceRepository.cs(1233,125): warning CS8604: Existence possible d'un argument de r├®f├®rence null pour le param├¿tre 'empparam' dans 'float GenericMethodes.CalculateHoursWithLimits(Presence presence, EmpparamPointageMois empparam)'. [D:\ABRPOINT-newfeatures\ABRPOINT.Server\ABRPOINT.Server.csproj]
D:\ABRPOINT-newfeatures\ABRPOINT.Server\Repository\EmployeRepository.cs(102,24): warning CS8619: La nullabilit├® des types r├®f├®rence dans la valeur de type 'Dictionary<string, EmployeStat>' ne correspond pas au type cible 'Dictionary<string?, EmployeStat>'. [D:\ABRPOINT-newfeatures\ABRPOINT.Server\ABRPOINT.Server.csproj]
D:\ABRPOINT-newfeatures\ABRPOINT.Server\Repository\PresenceRepository.cs(1304,20): warning CS8603: Existence possible d'un retour de r├®f├®rence null. [D:\ABRPOINT-newfeatures\ABRPOINT.Server\ABRPOINT.Server.csproj]
D:\ABRPOINT-newfeatures\ABRPOINT.Server\Repository\ParametreRepository.cs(67,77): warning CS8604: Existence possible d'un argument de r├®f├®rence null pour le param├¿tre 'item' dans 'bool List<string>.Contains(string item)'. [D:\ABRPOINT-newfeatures\ABRPOINT.Server\ABRPOINT.Server.csproj]
D:\ABRPOINT-newfeatures\ABRPOINT.Server\Repository\ParametreRepository.cs(66,40): warning CS8714: Impossible d'utiliser le type 'string?' en tant que param├¿tre de type 'TKey' dans le type ou la m├®thode g├®n├®rique 'EntityFrameworkQueryableExtensions.ToDictionaryAsync<TSource, TKey>(IQueryable<TSource>, Func<TSource, TKey>, CancellationToken)'. La nullabilit├® de l'argument de type 'string?' ne correspond pas ├á la contrainte 'notnull'. [D:\ABRPOINT-newfeatures\ABRPOINT.Server\ABRPOINT.Server.csproj]
D:\ABRPOINT-newfeatures\ABRPOINT.Server\Repository\ParametreRepository.cs(68,40): warning CS8621: La nullabilit├® des types r├®f├®rence dans le type de retour de 'expression lambda' ne correspond pas au d├®l├®gu├® cible 'Func<Poste, string?>' (probablement en raison des attributs de nullabilit├®). [D:\ABRPOINT-newfeatures\ABRPOINT.Server\ABRPOINT.Server.csproj]
D:\ABRPOINT-newfeatures\ABRPOINT.Server\Repository\PaysRepository.cs(38,20): warning CS8603: Existence possible d'un retour de r├®f├®rence null. [D:\ABRPOINT-newfeatures\ABRPOINT.Server\ABRPOINT.Server.csproj]
D:\ABRPOINT-newfeatures\ABRPOINT.Server\Repository\PaysRepository.cs(43,20): warning CS8714: Impossible d'utiliser le type 'string?' en tant que param├¿tre de type 'TKey' dans le type ou la m├®thode g├®n├®rique 'Enumerable.ToDictionary<TSource, TKey, TElement>(IEnumerable<TSource>, Func<TSource, TKey>, Func<TSource, TElement>)'. La nullabilit├® de l'argument de type 'string?' ne correspond pas ├á la contrainte 'notnull'. [D:\ABRPOINT-newfeatures\ABRPOINT.Server\ABRPOINT.Server.csproj]
D:\ABRPOINT-newfeatures\ABRPOINT.Server\Repository\PaysRepository.cs(43,52): warning CS8621: La nullabilit├® des types r├®f├®rence dans le type de retour de 'expression lambda' ne correspond pas au d├®l├®gu├® cible 'Func<Nation, string?>' (probablement en raison des attributs de nullabilit├®). [D:\ABRPOINT-newfeatures\ABRPOINT.Server\ABRPOINT.Server.csproj]
D:\ABRPOINT-newfeatures\ABRPOINT.Server\Repository\PaysRepository.cs(43,20): warning CS8619: La nullabilit├® des types r├®f├®rence dans la valeur de type 'Dictionary<string?, string?>' ne correspond pas au type cible 'Dictionary<string, string>'. [D:\ABRPOINT-newfeatures\ABRPOINT.Server\ABRPOINT.Server.csproj]
D:\ABRPOINT-newfeatures\ABRPOINT.Server\Repository\ModuserRepository.cs(105,42): warning CS8600: Conversion de litt├®ral ayant une valeur null ou d'une ├®ventuelle valeur null en type non-nullable. [D:\ABRPOINT-newfeatures\ABRPOINT.Server\ABRPOINT.Server.csproj]
D:\ABRPOINT-newfeatures\ABRPOINT.Server\Repository\ParametreRepository.cs(185,24): warning CS8603: Existence possible d'un retour de r├®f├®rence null. [D:\ABRPOINT-newfeatures\ABRPOINT.Server\ABRPOINT.Server.csproj]
D:\ABRPOINT-newfeatures\ABRPOINT.Server\Repository\EmployeRepository.cs(225,73): warning CS8604: Existence possible d'un argument de r├®f├®rence null pour le param├¿tre 'soccod' dans 'Task<string?> IPosteRepository.GetEmpPoste(string soccod, string empcod, DateTime? date, string? catcod)'. [D:\ABRPOINT-newfeatures\ABRPOINT.Server\ABRPOINT.Server.csproj]
D:\ABRPOINT-newfeatures\ABRPOINT.Server\Repository\EmployeRepository.cs(225,83): warning CS8604: Existence possible d'un argument de r├®f├®rence null pour le param├¿tre 'empcod' dans 'Task<string?> IPosteRepository.GetEmpPoste(string soccod, string empcod, DateTime? date, string? catcod)'. [D:\ABRPOINT-newfeatures\ABRPOINT.Server\ABRPOINT.Server.csproj]
D:\ABRPOINT-newfeatures\ABRPOINT.Server\Repository\EmployeRepository.cs(225,38): warning CS8600: Conversion de litt├®ral ayant une valeur null ou d'une ├®ventuelle valeur null en type non-nullable. [D:\ABRPOINT-newfeatures\ABRPOINT.Server\ABRPOINT.Server.csproj]
D:\ABRPOINT-newfeatures\ABRPOINT.Server\Repository\EmployeRepository.cs(236,43): warning CS8600: Conversion de litt├®ral ayant une valeur null ou d'une ├®ventuelle valeur null en type non-nullable. [D:\ABRPOINT-newfeatures\ABRPOINT.Server\ABRPOINT.Server.csproj]
D:\ABRPOINT-newfeatures\ABRPOINT.Server\Repository\EmployeRepository.cs(242,86): warning CS8604: Existence possible d'un argument de r├®f├®rence null pour le param├¿tre 'poste' dans 'Task<(int nbRetard, DateTime? Preretame, DateTime? Preretameup, DateTime? Preretmate, DateTime? Preretmateup, DateTime? Preretmats, DateTime? Preretmatsup, DateTime? Preretams, DateTime? Preretamsup)> IHeureRetardService.CalculateHeureRetard(PresenceDto presence, Poste poste, AutDto autoisation)'. [D:\ABRPOINT-newfeatures\ABRPOINT.Server\ABRPOINT.Server.csproj]
D:\ABRPOINT-newfeatures\ABRPOINT.Server\Repository\EmployeRepository.cs(242,93): warning CS8604: Existence possible d'un argument de r├®f├®rence null pour le param├¿tre 'autoisation' dans 'Task<(int nbRetard, DateTime? Preretame, DateTime? Preretameup, DateTime? Preretmate, DateTime? Preretmateup, DateTime? Preretmats, DateTime? Preretmatsup, DateTime? Preretams, DateTime? Preretamsup)> IHeureRetardService.CalculateHeureRetard(PresenceDto presence, Poste poste, AutDto autoisation)'. [D:\ABRPOINT-newfeatures\ABRPOINT.Server\ABRPOINT.Server.csproj]
D:\ABRPOINT-newfeatures\ABRPOINT.Server\Repository\ParametreRepository.cs(211,24): warning CS8603: Existence possible d'un retour de r├®f├®rence null. [D:\ABRPOINT-newfeatures\ABRPOINT.Server\ABRPOINT.Server.csproj]
D:\ABRPOINT-newfeatures\ABRPOINT.Server\Repository\PointageMoisService.cs(42,33): warning CS8604: Existence possible d'un argument de r├®f├®rence null pour le param├¿tre 'empreg' dans 'Task<List<HeuresSupplementairesResultat>> IHeuresSupplementaireHebdomadairesService.CalculerHeuresSupplementairesMultiSemaines(string soccod, string empcod, string mois, string annee, string empreg, string empniveau)'. [D:\ABRPOINT-newfeatures\ABRPOINT.Server\ABRPOINT.Server.csproj]
D:\ABRPOINT-newfeatures\ABRPOINT.Server\Repository\PointageMoisService.cs(42,49): warning CS8604: Existence possible d'un argument de r├®f├®rence null pour le param├¿tre 'empniveau' dans 'Task<List<HeuresSupplementairesResultat>> IHeuresSupplementaireHebdomadairesService.CalculerHeuresSupplementairesMultiSemaines(string soccod, string empcod, string mois, string annee, string empreg, string empniveau)'. [D:\ABRPOINT-newfeatures\ABRPOINT.Server\ABRPOINT.Server.csproj]
D:\ABRPOINT-newfeatures\ABRPOINT.Server\Repository\PointageMoisService.cs(52,33): warning CS8604: Existence possible d'un argument de r├®f├®rence null pour le param├¿tre 'empreg' dans 'Task<HeuresSupplementairesResultat> IHeuresSupplementaireHebdomadairesService.CalculerHeuresSupplementairesHebdomadaires(string soccod, string empcod, string mois, string annee, string semaine, string empreg, string empniveau)'. [D:\ABRPOINT-newfeatures\ABRPOINT.Server\ABRPOINT.Server.csproj]
D:\ABRPOINT-newfeatures\ABRPOINT.Server\Repository\PointageMoisService.cs(52,49): warning CS8604: Existence possible d'un argument de r├®f├®rence null pour le param├¿tre 'empniveau' dans 'Task<HeuresSupplementairesResultat> IHeuresSupplementaireHebdomadairesService.CalculerHeuresSupplementairesHebdomadaires(string soccod, string empcod, string mois, string annee, string semaine, string empreg, string empniveau)'. [D:\ABRPOINT-newfeatures\ABRPOINT.Server\ABRPOINT.Server.csproj]
D:\ABRPOINT-newfeatures\ABRPOINT.Server\Repository\CongeRepository.cs(563,58): warning CS8629: Le type valeur Nullable peut avoir une valeur null. [D:\ABRPOINT-newfeatures\ABRPOINT.Server\ABRPOINT.Server.csproj]
D:\ABRPOINT-newfeatures\ABRPOINT.Server\Repository\CongeRepository.cs(574,45): warning CS8629: Le type valeur Nullable peut avoir une valeur null. [D:\ABRPOINT-newfeatures\ABRPOINT.Server\ABRPOINT.Server.csproj]
D:\ABRPOINT-newfeatures\ABRPOINT.Server\Repository\CongeRepository.cs(590,62): warning CS8629: Le type valeur Nullable peut avoir une valeur null. [D:\ABRPOINT-newfeatures\ABRPOINT.Server\ABRPOINT.Server.csproj]
D:\ABRPOINT-newfeatures\ABRPOINT.Server\Repository\CongeRepository.cs(595,79): warning CS8629: Le type valeur Nullable peut avoir une valeur null. [D:\ABRPOINT-newfeatures\ABRPOINT.Server\ABRPOINT.Server.csproj]
D:\ABRPOINT-newfeatures\ABRPOINT.Server\Repository\CongeRepository.cs(599,38): warning CS8601: Existence possible d'une assignation de r├®f├®rence null. [D:\ABRPOINT-newfeatures\ABRPOINT.Server\ABRPOINT.Server.csproj]
D:\ABRPOINT-newfeatures\ABRPOINT.Server\Repository\CongeRepository.cs(600,38): warning CS8601: Existence possible d'une assignation de r├®f├®rence null. [D:\ABRPOINT-newfeatures\ABRPOINT.Server\ABRPOINT.Server.csproj]
D:\ABRPOINT-newfeatures\ABRPOINT.Server\Repository\CongeRepository.cs(622,59): warning CS8629: Le type valeur Nullable peut avoir une valeur null. [D:\ABRPOINT-newfeatures\ABRPOINT.Server\ABRPOINT.Server.csproj]
D:\ABRPOINT-newfeatures\ABRPOINT.Server\Repository\CongeRepository.cs(629,30): warning CS0168: La variable 'ex' est d├®clar├®e, mais jamais utilis├®e [D:\ABRPOINT-newfeatures\ABRPOINT.Server\ABRPOINT.Server.csproj]
D:\ABRPOINT-newfeatures\ABRPOINT.Server\Repository\CongeRepository.cs(641,24): warning CS8603: Existence possible d'un retour de r├®f├®rence null. [D:\ABRPOINT-newfeatures\ABRPOINT.Server\ABRPOINT.Server.csproj]
D:\ABRPOINT-newfeatures\ABRPOINT.Server\Repository\PointdroitRepository.cs(49,24): warning CS8619: La nullabilit├® des types r├®f├®rence dans la valeur de type 'List<PointdroitDto>' ne correspond pas au type cible 'List<PointdroitDto?>'. [D:\ABRPOINT-newfeatures\ABRPOINT.Server\ABRPOINT.Server.csproj]
D:\ABRPOINT-newfeatures\ABRPOINT.Server\Repository\ParametreRepository.cs(246,34): warning CS8601: Existence possible d'une assignation de r├®f├®rence null. [D:\ABRPOINT-newfeatures\ABRPOINT.Server\ABRPOINT.Server.csproj]
D:\ABRPOINT-newfeatures\ABRPOINT.Server\Repository\ParametreRepository.cs(247,34): warning CS8601: Existence possible d'une assignation de r├®f├®rence null. [D:\ABRPOINT-newfeatures\ABRPOINT.Server\ABRPOINT.Server.csproj]
D:\ABRPOINT-newfeatures\ABRPOINT.Server\Repository\ParametreRepository.cs(248,35): warning CS8601: Existence possible d'une assignation de r├®f├®rence null. [D:\ABRPOINT-newfeatures\ABRPOINT.Server\ABRPOINT.Server.csproj]
D:\ABRPOINT-newfeatures\ABRPOINT.Server\Repository\ParametreRepository.cs(249,35): warning CS8601: Existence possible d'une assignation de r├®f├®rence null. [D:\ABRPOINT-newfeatures\ABRPOINT.Server\ABRPOINT.Server.csproj]
D:\ABRPOINT-newfeatures\ABRPOINT.Server\Repository\PointdroitRepository.cs(96,30): warning CS0168: La variable 'ex' est d├®clar├®e, mais jamais utilis├®e [D:\ABRPOINT-newfeatures\ABRPOINT.Server\ABRPOINT.Server.csproj]
D:\ABRPOINT-newfeatures\ABRPOINT.Server\Repository\PointageOptimizer.cs(128,62): warning CS8604: Existence possible d'un argument de r├®f├®rence null pour le param├¿tre 'time' dans 'double GenericMethodes.ConvertTimeToDecimal(string time)'. [D:\ABRPOINT-newfeatures\ABRPOINT.Server\ABRPOINT.Server.csproj]
D:\ABRPOINT-newfeatures\ABRPOINT.Server\Repository\PointageOptimizer.cs(134,62): warning CS8604: Existence possible d'un argument de r├®f├®rence null pour le param├¿tre 'time' dans 'double GenericMethodes.ConvertTimeToDecimal(string time)'. [D:\ABRPOINT-newfeatures\ABRPOINT.Server\ABRPOINT.Server.csproj]
D:\ABRPOINT-newfeatures\ABRPOINT.Server\Repository\PointageOptimizer.cs(168,108): warning CS8629: Le type valeur Nullable peut avoir une valeur null. [D:\ABRPOINT-newfeatures\ABRPOINT.Server\ABRPOINT.Server.csproj]
D:\ABRPOINT-newfeatures\ABRPOINT.Server\Repository\PointageOptimizer.cs(168,47): warning CS8600: Conversion de litt├®ral ayant une valeur null ou d'une ├®ventuelle valeur null en type non-nullable. [D:\ABRPOINT-newfeatures\ABRPOINT.Server\ABRPOINT.Server.csproj]
D:\ABRPOINT-newfeatures\ABRPOINT.Server\Repository\PointageOptimizer.cs(169,218): warning CS8604: Existence possible d'un argument de r├®f├®rence null pour le param├¿tre 'time' dans 'float? GenericMethodes.ConvertHHmmToDouble(string time)'. [D:\ABRPOINT-newfeatures\ABRPOINT.Server\ABRPOINT.Server.csproj]
D:\ABRPOINT-newfeatures\ABRPOINT.Server\Repository\PointageOptimizer.cs(169,169): warning CS8604: Existence possible d'un argument de r├®f├®rence null pour le param├¿tre 'autorisation' dans 'Task<float?> IHeureAbsencesService.CalculateHeureAbsences(Presence presence, string soccod, string? poste, DateTime? date, AutDto autorisation, float? hretrav)'. [D:\ABRPOINT-newfeatures\ABRPOINT.Server\ABRPOINT.Server.csproj]
D:\ABRPOINT-newfeatures\ABRPOINT.Server\Repository\PosteRepository.cs(46,77): warning CS8604: Existence possible d'un argument de r├®f├®rence null pour le param├¿tre 'item' dans 'bool List<string>.Contains(string item)'. [D:\ABRPOINT-newfeatures\ABRPOINT.Server\ABRPOINT.Server.csproj]
D:\ABRPOINT-newfeatures\ABRPOINT.Server\Repository\PosteRepository.cs(45,36): warning CS8714: Impossible d'utiliser le type 'string?' en tant que param├¿tre de type 'TKey' dans le type ou la m├®thode g├®n├®rique 'EntityFrameworkQueryableExtensions.ToDictionaryAsync<TSource, TKey>(IQueryable<TSource>, Func<TSource, TKey>, CancellationToken)'. La nullabilit├® de l'argument de type 'string?' ne correspond pas ├á la contrainte 'notnull'. [D:\ABRPOINT-newfeatures\ABRPOINT.Server\ABRPOINT.Server.csproj]
D:\ABRPOINT-newfeatures\ABRPOINT.Server\Repository\PosteRepository.cs(47,40): warning CS8621: La nullabilit├® des types r├®f├®rence dans le type de retour de 'expression lambda' ne correspond pas au d├®l├®gu├® cible 'Func<Poste, string?>' (probablement en raison des attributs de nullabilit├®). [D:\ABRPOINT-newfeatures\ABRPOINT.Server\ABRPOINT.Server.csproj]
D:\ABRPOINT-newfeatures\ABRPOINT.Server\Repository\ParametreRepository.cs(362,24): warning CS8603: Existence possible d'un retour de r├®f├®rence null. [D:\ABRPOINT-newfeatures\ABRPOINT.Server\ABRPOINT.Server.csproj]
D:\ABRPOINT-newfeatures\ABRPOINT.Server\Repository\EmployeRepository.cs(274,38): warning CS8604: Existence possible d'un argument de r├®f├®rence null pour le param├¿tre 'item' dans 'bool List<string>.Contains(string item)'. [D:\ABRPOINT-newfeatures\ABRPOINT.Server\ABRPOINT.Server.csproj]
D:\ABRPOINT-newfeatures\ABRPOINT.Server\Repository\EmployeRepository.cs(292,36): warning CS8620: Impossible d'utiliser l'argument de type 'Dictionary<string, <anonymous type: string Empcod, DateTime? Empemb, DateTime? Empsort>>' pour le param├¿tre 'dictionary' de type 'IReadOnlyDictionary<string?, <anonymous type: string Empcod, DateTime? Empemb, DateTime? Empsort>>' dans '<anonymous type: string Empcod, DateTime? Empemb, DateTime? Empsort>? CollectionExtensions.GetValueOrDefault<string?, <anonymous type: string Empcod, DateTime? Empemb, DateTime? Empsort>>(IReadOnlyDictionary<string?, <anonymous type: string Empcod, DateTime? Empemb, DateTime? Empsort>> dictionary, string? key)'. En effet, il existe des diff├®rences dans l'acceptation des valeurs null par les types r├®f├®rence. [D:\ABRPOINT-newfeatures\ABRPOINT.Server\ABRPOINT.Server.csproj]
D:\ABRPOINT-newfeatures\ABRPOINT.Server\Repository\EmployeRepository.cs(301,57): warning CS8620: Impossible d'utiliser l'argument de type 'List<(string? Soccod, string? Empcod, DateTime Date)>' pour le param├¿tre 'demandes' de type 'List<(string Soccod, string Empcod, DateTime Date)>' dans 'Task<Dictionary<(string Soccod, string Empcod, DateTime Date), (string? Abslib, float? Connbjour)>> ICongeRepository.GetCongeLibBatch(List<(string Soccod, string Empcod, DateTime Date)> demandes)'. En effet, il existe des diff├®rences dans l'acceptation des valeurs null par les types r├®f├®rence. [D:\ABRPOINT-newfeatures\ABRPOINT.Server\ABRPOINT.Server.csproj]
D:\ABRPOINT-newfeatures\ABRPOINT.Server\Repository\EmployeRepository.cs(318,68): warning CS8604: Existence possible d'un argument de r├®f├®rence null pour le param├¿tre 'soccod' dans 'Task<string?> IPosteRepository.GetEmpPoste(string soccod, string empcod, DateTime? date, string? catcod)'. [D:\ABRPOINT-newfeatures\ABRPOINT.Server\ABRPOINT.Server.csproj]
D:\ABRPOINT-newfeatures\ABRPOINT.Server\Repository\EmployeRepository.cs(318,73): warning CS8604: Existence possible d'un argument de r├®f├®rence null pour le param├¿tre 'empcod' dans 'Task<string?> IPosteRepository.GetEmpPoste(string soccod, string empcod, DateTime? date, string? catcod)'. [D:\ABRPOINT-newfeatures\ABRPOINT.Server\ABRPOINT.Server.csproj]
D:\ABRPOINT-newfeatures\ABRPOINT.Server\Repository\EmployeRepository.cs(321,27): warning CS8620: Impossible d'utiliser l'argument de type '(string? soc, string? empcod, DateTime date)' pour le param├¿tre 'key' de type '(string soc, string Empcod, DateTime Date)' dans 'string? Dictionary<(string soc, string Empcod, DateTime Date), string?>.this[(string soc, string Empcod, DateTime Date) key]'. En effet, il existe des diff├®rences dans l'acceptation des valeurs null par les types r├®f├®rence. [D:\ABRPOINT-newfeatures\ABRPOINT.Server\ABRPOINT.Server.csproj]
D:\ABRPOINT-newfeatures\ABRPOINT.Server\Repository\EmployeRepository.cs(345,36): warning CS8620: Impossible d'utiliser l'argument de type 'Dictionary<string, <anonymous type: string Empcod, DateTime? Empemb, DateTime? Empsort>>' pour le param├¿tre 'dictionary' de type 'IReadOnlyDictionary<string?, <anonymous type: string Empcod, DateTime? Empemb, DateTime? Empsort>>' dans '<anonymous type: string Empcod, DateTime? Empemb, DateTime? Empsort>? CollectionExtensions.GetValueOrDefault<string?, <anonymous type: string Empcod, DateTime? Empemb, DateTime? Empsort>>(IReadOnlyDictionary<string?, <anonymous type: string Empcod, DateTime? Empemb, DateTime? Empsort>> dictionary, string? key)'. En effet, il existe des diff├®rences dans l'acceptation des valeurs null par les types r├®f├®rence. [D:\ABRPOINT-newfeatures\ABRPOINT.Server\ABRPOINT.Server.csproj]
D:\ABRPOINT-newfeatures\ABRPOINT.Server\Repository\EmployeRepository.cs(354,70): warning CS8620: Impossible d'utiliser l'argument de type 'List<(string? Empcod, DateTime Date)>' pour le param├¿tre 'demandes' de type 'List<(string Empcod, DateTime Date)>' dans 'Task<Dictionary<(string Empcod, DateTime Date), AutDto>> IautoriserRepository.GetAutLibBatch(string soccod, List<(string Empcod, DateTime Date)> demandes)'. En effet, il existe des diff├®rences dans l'acceptation des valeurs null par les types r├®f├®rence. [D:\ABRPOINT-newfeatures\ABRPOINT.Server\ABRPOINT.Server.csproj]
D:\ABRPOINT-newfeatures\ABRPOINT.Server\Repository\EmployeRepository.cs(367,40): warning CS8620: Impossible d'utiliser l'argument de type '(string? Soccod, string? Empcod, DateTime date)' pour le param├¿tre 'key' de type '(string Soccod, string Empcod, DateTime Date)' dans 'bool Dictionary<(string Soccod, string Empcod, DateTime Date), (string? Abslib, float? Connbjour)>.TryGetValue((string Soccod, string Empcod, DateTime Date) key, out (string? Abslib, float? Connbjour) value)'. En effet, il existe des diff├®rences dans l'acceptation des valeurs null par les types r├®f├®rence. [D:\ABRPOINT-newfeatures\ABRPOINT.Server\ABRPOINT.Server.csproj]
D:\ABRPOINT-newfeatures\ABRPOINT.Server\Repository\EmployeRepository.cs(372,44): warning CS8620: Impossible d'utiliser l'argument de type '(string? Soccod, string? Empcod, DateTime date)' pour le param├¿tre 'key' de type '(string soc, string Empcod, DateTime Date)' dans 'bool Dictionary<(string soc, string Empcod, DateTime Date), string?>.TryGetValue((string soc, string Empcod, DateTime Date) key, out string? value)'. En effet, il existe des diff├®rences dans l'acceptation des valeurs null par les types r├®f├®rence. [D:\ABRPOINT-newfeatures\ABRPOINT.Server\ABRPOINT.Server.csproj]
D:\ABRPOINT-newfeatures\ABRPOINT.Server\Repository\EmployeRepository.cs(382,21): warning CS8620: Impossible d'utiliser l'argument de type '(string? Empcod, DateTime date)' pour le param├¿tre 'key' de type '(string Empcod, DateTime Date)' dans 'bool Dictionary<(string Empcod, DateTime Date), AutDto>.TryGetValue((string Empcod, DateTime Date) key, out AutDto value)'. En effet, il existe des diff├®rences dans l'acceptation des valeurs null par les types r├®f├®rence. [D:\ABRPOINT-newfeatures\ABRPOINT.Server\ABRPOINT.Server.csproj]
D:\ABRPOINT-newfeatures\ABRPOINT.Server\Repository\EmployeRepository.cs(386,63): warning CS8604: Existence possible d'un argument de r├®f├®rence null pour le param├¿tre 'autoisation' dans 'Task<(int nbRetard, DateTime? Preretame, DateTime? Preretameup, DateTime? Preretmate, DateTime? Preretmateup, DateTime? Preretmats, DateTime? Preretmatsup, DateTime? Preretams, DateTime? Preretamsup)> IHeureRetardService.CalculateHeureRetard(PresenceDto presence, Poste poste, AutDto autoisation)'. [D:\ABRPOINT-newfeatures\ABRPOINT.Server\ABRPOINT.Server.csproj]
D:\ABRPOINT-newfeatures\ABRPOINT.Server\Repository\EmployeRepository.cs(391,41): warning CS8604: Existence possible d'un argument de r├®f├®rence null pour le param├¿tre 'key' dans 'bool Dictionary<string, int>.ContainsKey(string key)'. [D:\ABRPOINT-newfeatures\ABRPOINT.Server\ABRPOINT.Server.csproj]
D:\ABRPOINT-newfeatures\ABRPOINT.Server\Repository\PointageOptimizer.cs(186,24): warning CS8603: Existence possible d'un retour de r├®f├®rence null. [D:\ABRPOINT-newfeatures\ABRPOINT.Server\ABRPOINT.Server.csproj]
D:\ABRPOINT-newfeatures\ABRPOINT.Server\Repository\PointageOptimizer.cs(231,21): warning CS8604: Existence possible d'un argument de r├®f├®rence null pour le param├¿tre 'soccod' dans 'Task<string?> IPosteRepository.GetEmpPoste(string soccod, string empcod, DateTime? date, string? catcod)'. [D:\ABRPOINT-newfeatures\ABRPOINT.Server\ABRPOINT.Server.csproj]
D:\ABRPOINT-newfeatures\ABRPOINT.Server\Repository\PointageOptimizer.cs(231,38): warning CS8604: Existence possible d'un argument de r├®f├®rence null pour le param├¿tre 'empcod' dans 'Task<string?> IPosteRepository.GetEmpPoste(string soccod, string empcod, DateTime? date, string? catcod)'. [D:\ABRPOINT-newfeatures\ABRPOINT.Server\ABRPOINT.Server.csproj]
D:\ABRPOINT-newfeatures\ABRPOINT.Server\Repository\PointageOptimizer.cs(232,24): warning CS8603: Existence possible d'un retour de r├®f├®rence null. [D:\ABRPOINT-newfeatures\ABRPOINT.Server\ABRPOINT.Server.csproj]
D:\ABRPOINT-newfeatures\ABRPOINT.Server\Repository\PointageOptimizer.cs(235,34): warning CS8600: Conversion de litt├®ral ayant une valeur null ou d'une ├®ventuelle valeur null en type non-nullable. [D:\ABRPOINT-newfeatures\ABRPOINT.Server\ABRPOINT.Server.csproj]
D:\ABRPOINT-newfeatures\ABRPOINT.Server\Repository\PointageOptimizer.cs(274,20): warning CS8603: Existence possible d'un retour de r├®f├®rence null. [D:\ABRPOINT-newfeatures\ABRPOINT.Server\ABRPOINT.Server.csproj]
D:\ABRPOINT-newfeatures\ABRPOINT.Server\Repository\PosteRepository.cs(183,59): warning CS8714: Impossible d'utiliser le type 'string?' en tant que param├¿tre de type 'TKey' dans le type ou la m├®thode g├®n├®rique 'EntityFrameworkQueryableExtensions.ToDictionaryAsync<TSource, TKey, TElement>(IQueryable<TSource>, Func<TSource, TKey>, Func<TSource, TElement>, CancellationToken)'. La nullabilit├® de l'argument de type 'string?' ne correspond pas ├á la contrainte 'notnull'. [D:\ABRPOINT-newfeatures\ABRPOINT.Server\ABRPOINT.Server.csproj]
D:\ABRPOINT-newfeatures\ABRPOINT.Server\Repository\PosteRepository.cs(185,50): warning CS8621: La nullabilit├® des types r├®f├®rence dans le type de retour de 'expression lambda' ne correspond pas au d├®l├®gu├® cible 'Func<Poste, string?>' (probablement en raison des attributs de nullabilit├®). [D:\ABRPOINT-newfeatures\ABRPOINT.Server\ABRPOINT.Server.csproj]
D:\ABRPOINT-newfeatures\ABRPOINT.Server\Repository\PosteRepository.cs(183,53): warning CS8619: La nullabilit├® des types r├®f├®rence dans la valeur de type 'Dictionary<string?, string?>' ne correspond pas au type cible 'Dictionary<string, string>'. [D:\ABRPOINT-newfeatures\ABRPOINT.Server\ABRPOINT.Server.csproj]
D:\ABRPOINT-newfeatures\ABRPOINT.Server\Repository\EmployeRepository.cs(424,40): warning CS8619: La nullabilit├® des types r├®f├®rence dans la valeur de type 'List<string?>' ne correspond pas au type cible 'List<string>'. [D:\ABRPOINT-newfeatures\ABRPOINT.Server\ABRPOINT.Server.csproj]
D:\ABRPOINT-newfeatures\ABRPOINT.Server\Repository\EmployeRepository.cs(445,24): warning CS8603: Existence possible d'un retour de r├®f├®rence null. [D:\ABRPOINT-newfeatures\ABRPOINT.Server\ABRPOINT.Server.csproj]
D:\ABRPOINT-newfeatures\ABRPOINT.Server\Repository\PresenceRepository.cs(1353,28): warning CS8603: Existence possible d'un retour de r├®f├®rence null. [D:\ABRPOINT-newfeatures\ABRPOINT.Server\ABRPOINT.Server.csproj]
D:\ABRPOINT-newfeatures\ABRPOINT.Server\Repository\PresenceRepository.cs(1358,28): warning CS8603: Existence possible d'un retour de r├®f├®rence null. [D:\ABRPOINT-newfeatures\ABRPOINT.Server\ABRPOINT.Server.csproj]
D:\ABRPOINT-newfeatures\ABRPOINT.Server\Repository\PresenceRepository.cs(1365,28): warning CS8603: Existence possible d'un retour de r├®f├®rence null. [D:\ABRPOINT-newfeatures\ABRPOINT.Server\ABRPOINT.Server.csproj]
D:\ABRPOINT-newfeatures\ABRPOINT.Server\Repository\PresenceRepository.cs(1484,40): warning CS8629: Le type valeur Nullable peut avoir une valeur null. [D:\ABRPOINT-newfeatures\ABRPOINT.Server\ABRPOINT.Server.csproj]
D:\ABRPOINT-newfeatures\ABRPOINT.Server\Repository\PresenceRepository.cs(1488,43): warning CS8600: Conversion de litt├®ral ayant une valeur null ou d'une ├®ventuelle valeur null en type non-nullable. [D:\ABRPOINT-newfeatures\ABRPOINT.Server\ABRPOINT.Server.csproj]
D:\ABRPOINT-newfeatures\ABRPOINT.Server\Repository\PresenceRepository.cs(1522,59): warning CS8602: D├®r├®f├®rencement d'une ├®ventuelle r├®f├®rence null. [D:\ABRPOINT-newfeatures\ABRPOINT.Server\ABRPOINT.Server.csproj]
D:\ABRPOINT-newfeatures\ABRPOINT.Server\Repository\PresenceRepository.cs(1545,110): warning CS8604: Existence possible d'un argument de r├®f├®rence null pour le param├¿tre 'codpost' dans 'Task<(bool, string)> IParametreRepository.IsEmpcodRepos(string soccod, DateTime? predat, string codpost, string empcod)'. [D:\ABRPOINT-newfeatures\ABRPOINT.Server\ABRPOINT.Server.csproj]
D:\ABRPOINT-newfeatures\ABRPOINT.Server\Repository\PresenceRepository.cs(1549,167): warning CS8604: Existence possible d'un argument de r├®f├®rence null pour le param├¿tre 'time' dans 'float? GenericMethodes.ConvertHHmmToDouble(string time)'. [D:\ABRPOINT-newfeatures\ABRPOINT.Server\ABRPOINT.Server.csproj]
D:\ABRPOINT-newfeatures\ABRPOINT.Server\Repository\PresenceRepository.cs(1549,118): warning CS8604: Existence possible d'un argument de r├®f├®rence null pour le param├¿tre 'autorisation' dans 'Task<float?> IHeureAbsencesService.CalculateHeureAbsences(Presence presence, string soccod, string? poste, DateTime? date, AutDto autorisation, float? hretrav)'. [D:\ABRPOINT-newfeatures\ABRPOINT.Server\ABRPOINT.Server.csproj]
D:\ABRPOINT-newfeatures\ABRPOINT.Server\Repository\PresenceRepository.cs(1562,90): warning CS8604: Existence possible d'un argument de r├®f├®rence null pour le param├¿tre 'codpost' dans 'Task<NombreConge> ICongeCalculationService.CalculerNbJourAndHreCongePaye(string soccod, string empcod, DateTime? predat, string codpost)'. [D:\ABRPOINT-newfeatures\ABRPOINT.Server\ABRPOINT.Server.csproj]
D:\ABRPOINT-newfeatures\ABRPOINT.Server\Repository\PresenceRepository.cs(1565,97): warning CS8604: Existence possible d'un argument de r├®f├®rence null pour le param├¿tre 'key' dans 'bool IDictionary<string, bool>.TryGetValue(string key, out bool value)'. [D:\ABRPOINT-newfeatures\ABRPOINT.Server\ABRPOINT.Server.csproj]
D:\ABRPOINT-newfeatures\ABRPOINT.Server\Repository\PresenceRepository.cs(1573,58): warning CS8602: D├®r├®f├®rencement d'une ├®ventuelle r├®f├®rence null. [D:\ABRPOINT-newfeatures\ABRPOINT.Server\ABRPOINT.Server.csproj]
D:\ABRPOINT-newfeatures\ABRPOINT.Server\Repository\PresenceRepository.cs(1617,122): warning CS8604: Existence possible d'un argument de r├®f├®rence null pour le param├¿tre 'codpost' dans 'Task<(bool, string)> IParametreRepository.IsEmpcodRepos(string soccod, DateTime? predat, string codpost, string empcod)'. [D:\ABRPOINT-newfeatures\ABRPOINT.Server\ABRPOINT.Server.csproj]
D:\ABRPOINT-newfeatures\ABRPOINT.Server\Repository\PresenceRepository.cs(1618,44): warning CS8629: Le type valeur Nullable peut avoir une valeur null. [D:\ABRPOINT-newfeatures\ABRPOINT.Server\ABRPOINT.Server.csproj]
D:\ABRPOINT-newfeatures\ABRPOINT.Server\Repository\PresenceRepository.cs(1618,137): warning CS8604: Existence possible d'un argument de r├®f├®rence null pour le param├¿tre 'time' dans 'float? GenericMethodes.ConvertHHmmToDouble(string time)'. [D:\ABRPOINT-newfeatures\ABRPOINT.Server\ABRPOINT.Server.csproj]
D:\ABRPOINT-newfeatures\ABRPOINT.Server\Repository\PresenceRepository.cs(1666,101): warning CS8604: Existence possible d'un argument de r├®f├®rence null pour le param├¿tre 'poste' dans 'Task<(int nbRetard, DateTime? Preretame, DateTime? Preretameup, DateTime? Preretmate, DateTime? Preretmateup, DateTime? Preretmats, DateTime? Preretmatsup, DateTime? Preretams, DateTime? Preretamsup)> IHeureRetardService.CalculateHeureRetard(PresenceDto presence, Poste poste, AutDto autoisation)'. [D:\ABRPOINT-newfeatures\ABRPOINT.Server\ABRPOINT.Server.csproj]
D:\ABRPOINT-newfeatures\ABRPOINT.Server\Repository\PresenceRepository.cs(1666,108): warning CS8604: Existence possible d'un argument de r├®f├®rence null pour le param├¿tre 'autoisation' dans 'Task<(int nbRetard, DateTime? Preretame, DateTime? Preretameup, DateTime? Preretmate, DateTime? Preretmateup, DateTime? Preretmats, DateTime? Preretmatsup, DateTime? Preretams, DateTime? Preretamsup)> IHeureRetardService.CalculateHeureRetard(PresenceDto presence, Poste poste, AutDto autoisation)'. [D:\ABRPOINT-newfeatures\ABRPOINT.Server\ABRPOINT.Server.csproj]
D:\ABRPOINT-newfeatures\ABRPOINT.Server\Repository\PresenceRepository.cs(1672,96): warning CS8604: Existence possible d'un argument de r├®f├®rence null pour le param├¿tre 'codpost' dans 'Task<NombreConge> ICongeCalculationService.CalculerNbJourAndHreCongePaye(string soccod, string empcod, DateTime? predat, string codpost)'. [D:\ABRPOINT-newfeatures\ABRPOINT.Server\ABRPOINT.Server.csproj]
D:\ABRPOINT-newfeatures\ABRPOINT.Server\Repository\PresenceRepository.cs(1673,89): warning CS8604: Existence possible d'un argument de r├®f├®rence null pour le param├¿tre 'key' dans 'bool IDictionary<string, bool>.TryGetValue(string key, out bool value)'. [D:\ABRPOINT-newfeatures\ABRPOINT.Server\ABRPOINT.Server.csproj]
D:\ABRPOINT-newfeatures\ABRPOINT.Server\Repository\PresenceRepository.cs(1681,50): warning CS8602: D├®r├®f├®rencement d'une ├®ventuelle r├®f├®rence null. [D:\ABRPOINT-newfeatures\ABRPOINT.Server\ABRPOINT.Server.csproj]
D:\ABRPOINT-newfeatures\ABRPOINT.Server\Repository\PresenceRepository.cs(1687,55): warning CS8602: D├®r├®f├®rencement d'une ├®ventuelle r├®f├®rence null. [D:\ABRPOINT-newfeatures\ABRPOINT.Server\ABRPOINT.Server.csproj]
D:\ABRPOINT-newfeatures\ABRPOINT.Server\Repository\PresenceRepository.cs(1705,116): warning CS8604: Existence possible d'un argument de r├®f├®rence null pour le param├¿tre 'codpost' dans 'Task<(bool, string)> IParametreRepository.IsEmpcodRepos(string soccod, DateTime? predat, string codpost, string empcod)'. [D:\ABRPOINT-newfeatures\ABRPOINT.Server\ABRPOINT.Server.csproj]
D:\ABRPOINT-newfeatures\ABRPOINT.Server\Repository\PresenceRepository.cs(1491,24): warning CS8073: Le r├®sultat de l'expression est toujours 'true', car une valeur de type 'DateTime' n'est jamais ├®gale ├á 'null' du type 'DateTime?' [D:\ABRPOINT-newfeatures\ABRPOINT.Server\ABRPOINT.Server.csproj]
D:\ABRPOINT-newfeatures\ABRPOINT.Server\Repository\PresenceRepository.cs(1342,24): warning CS0219: La variable 'hct' est assign├®e, mais sa valeur n'est jamais utilis├®e [D:\ABRPOINT-newfeatures\ABRPOINT.Server\ABRPOINT.Server.csproj]
D:\ABRPOINT-newfeatures\ABRPOINT.Server\Repository\PresenceRepository.cs(1737,28): warning CS8603: Existence possible d'un retour de r├®f├®rence null. [D:\ABRPOINT-newfeatures\ABRPOINT.Server\ABRPOINT.Server.csproj]
D:\ABRPOINT-newfeatures\ABRPOINT.Server\Repository\PosteRepository.cs(233,33): warning CS8629: Le type valeur Nullable peut avoir une valeur null. [D:\ABRPOINT-newfeatures\ABRPOINT.Server\ABRPOINT.Server.csproj]
D:\ABRPOINT-newfeatures\ABRPOINT.Server\Repository\PosteRepository.cs(234,33): warning CS8629: Le type valeur Nullable peut avoir une valeur null. [D:\ABRPOINT-newfeatures\ABRPOINT.Server\ABRPOINT.Server.csproj]
D:\ABRPOINT-newfeatures\ABRPOINT.Server\Repository\PosteRepository.cs(238,47): warning CS8629: Le type valeur Nullable peut avoir une valeur null. [D:\ABRPOINT-newfeatures\ABRPOINT.Server\ABRPOINT.Server.csproj]
D:\ABRPOINT-newfeatures\ABRPOINT.Server\Repository\PosteRepository.cs(238,82): warning CS8629: Le type valeur Nullable peut avoir une valeur null. [D:\ABRPOINT-newfeatures\ABRPOINT.Server\ABRPOINT.Server.csproj]
D:\ABRPOINT-newfeatures\ABRPOINT.Server\Repository\PosteRepository.cs(250,40): warning CS8629: Le type valeur Nullable peut avoir une valeur null. [D:\ABRPOINT-newfeatures\ABRPOINT.Server\ABRPOINT.Server.csproj]
D:\ABRPOINT-newfeatures\ABRPOINT.Server\Repository\PosteRepository.cs(250,81): warning CS8629: Le type valeur Nullable peut avoir une valeur null. [D:\ABRPOINT-newfeatures\ABRPOINT.Server\ABRPOINT.Server.csproj]
D:\ABRPOINT-newfeatures\ABRPOINT.Server\Repository\PresenceRepository.cs(1762,55): warning CS8629: Le type valeur Nullable peut avoir une valeur null. [D:\ABRPOINT-newfeatures\ABRPOINT.Server\ABRPOINT.Server.csproj]
D:\ABRPOINT-newfeatures\ABRPOINT.Server\Repository\PointeuseRepository.cs(112,54): warning CS8604: Existence possible d'un argument de r├®f├®rence null pour le param├¿tre 'entity' dans 'ValueTask<EntityEntry<Pointeuse>> DbSet<Pointeuse>.AddAsync(Pointeuse entity, CancellationToken cancellationToken = default(CancellationToken))'. [D:\ABRPOINT-newfeatures\ABRPOINT.Server\ABRPOINT.Server.csproj]
D:\ABRPOINT-newfeatures\ABRPOINT.Server\Repository\PointeuseRepository.cs(126,24): warning CS8603: Existence possible d'un retour de r├®f├®rence null. [D:\ABRPOINT-newfeatures\ABRPOINT.Server\ABRPOINT.Server.csproj]
D:\ABRPOINT-newfeatures\ABRPOINT.Server\Repository\EmployeRepository.cs(527,76): warning CS8604: Existence possible d'un argument de r├®f├®rence null pour le param├¿tre 'time' dans 'float? GenericMethodes.ConvertHHmmToDouble(string time)'. [D:\ABRPOINT-newfeatures\ABRPOINT.Server\ABRPOINT.Server.csproj]
D:\ABRPOINT-newfeatures\ABRPOINT.Server\Repository\EmployeRepository.cs(527,33): warning CS8629: Le type valeur Nullable peut avoir une valeur null. [D:\ABRPOINT-newfeatures\ABRPOINT.Server\ABRPOINT.Server.csproj]
D:\ABRPOINT-newfeatures\ABRPOINT.Server\Repository\EmployeRepository.cs(531,54): warning CS8629: Le type valeur Nullable peut avoir une valeur null. [D:\ABRPOINT-newfeatures\ABRPOINT.Server\ABRPOINT.Server.csproj]
D:\ABRPOINT-newfeatures\ABRPOINT.Server\Repository\PresenceRepository.cs(1784,36): warning CS8601: Existence possible d'une assignation de r├®f├®rence null. [D:\ABRPOINT-newfeatures\ABRPOINT.Server\ABRPOINT.Server.csproj]
D:\ABRPOINT-newfeatures\ABRPOINT.Server\Repository\PresenceRepository.cs(1785,28): warning CS8629: Le type valeur Nullable peut avoir une valeur null. [D:\ABRPOINT-newfeatures\ABRPOINT.Server\ABRPOINT.Server.csproj]
D:\ABRPOINT-newfeatures\ABRPOINT.Server\Repository\PresenceRepository.cs(1798,29): warning CS8629: Le type valeur Nullable peut avoir une valeur null. [D:\ABRPOINT-newfeatures\ABRPOINT.Server\ABRPOINT.Server.csproj]
D:\ABRPOINT-newfeatures\ABRPOINT.Server\Repository\ParametreRepository.cs(580,24): warning CS8603: Existence possible d'un retour de r├®f├®rence null. [D:\ABRPOINT-newfeatures\ABRPOINT.Server\ABRPOINT.Server.csproj]
D:\ABRPOINT-newfeatures\ABRPOINT.Server\Repository\ParametreRepository.cs(616,30): warning CS0168: La variable 'ex' est d├®clar├®e, mais jamais utilis├®e [D:\ABRPOINT-newfeatures\ABRPOINT.Server\ABRPOINT.Server.csproj]
D:\ABRPOINT-newfeatures\ABRPOINT.Server\Repository\ParametreRepository.cs(628,24): warning CS8603: Existence possible d'un retour de r├®f├®rence null. [D:\ABRPOINT-newfeatures\ABRPOINT.Server\ABRPOINT.Server.csproj]
D:\ABRPOINT-newfeatures\ABRPOINT.Server\Repository\ParametreRepository.cs(671,38): warning CS8604: Existence possible d'un argument de r├®f├®rence null pour le param├¿tre 'item' dans 'bool List<string>.Contains(string item)'. [D:\ABRPOINT-newfeatures\ABRPOINT.Server\ABRPOINT.Server.csproj]
D:\ABRPOINT-newfeatures\ABRPOINT.Server\Repository\ParametreRepository.cs(697,20): warning CS8714: Impossible d'utiliser le type 'string?' en tant que param├¿tre de type 'TKey' dans le type ou la m├®thode g├®n├®rique 'Enumerable.ToDictionary<TSource, TKey, TElement>(IEnumerable<TSource>, Func<TSource, TKey>, Func<TSource, TElement>)'. La nullabilit├® de l'argument de type 'string?' ne correspond pas ├á la contrainte 'notnull'. [D:\ABRPOINT-newfeatures\ABRPOINT.Server\ABRPOINT.Server.csproj]
D:\ABRPOINT-newfeatures\ABRPOINT.Server\Repository\ParametreRepository.cs(700,21): warning CS8621: La nullabilit├® des types r├®f├®rence dans le type de retour de 'expression lambda' ne correspond pas au d├®l├®gu├® cible 'Func<IGrouping<string?, <anonymous type: string? Empcod, float Coef>>, string?>' (probablement en raison des attributs de nullabilit├®). [D:\ABRPOINT-newfeatures\ABRPOINT.Server\ABRPOINT.Server.csproj]
D:\ABRPOINT-newfeatures\ABRPOINT.Server\Repository\ParametreRepository.cs(697,20): warning CS8619: La nullabilit├® des types r├®f├®rence dans la valeur de type 'Dictionary<string?, float>' ne correspond pas au type cible 'Dictionary<string, float>'. [D:\ABRPOINT-newfeatures\ABRPOINT.Server\ABRPOINT.Server.csproj]
D:\ABRPOINT-newfeatures\ABRPOINT.Server\Repository\PointeuseRepository.cs(255,24): warning CS8603: Existence possible d'un retour de r├®f├®rence null. [D:\ABRPOINT-newfeatures\ABRPOINT.Server\ABRPOINT.Server.csproj]
D:\ABRPOINT-newfeatures\ABRPOINT.Server\Repository\PosteRepository.cs(627,70): warning CS8604: Existence possible d'un argument de r├®f├®rence null pour le param├¿tre 'item' dans 'bool List<string>.Contains(string item)'. [D:\ABRPOINT-newfeatures\ABRPOINT.Server\ABRPOINT.Server.csproj]
D:\ABRPOINT-newfeatures\ABRPOINT.Server\Repository\PosteRepository.cs(633,26): warning CS8714: Impossible d'utiliser le type 'string?' en tant que param├¿tre de type 'TKey' dans le type ou la m├®thode g├®n├®rique 'Enumerable.ToDictionary<TSource, TKey, TElement>(IEnumerable<TSource>, Func<TSource, TKey>, Func<TSource, TElement>)'. La nullabilit├® de l'argument de type 'string?' ne correspond pas ├á la contrainte 'notnull'. [D:\ABRPOINT-newfeatures\ABRPOINT.Server\ABRPOINT.Server.csproj]
D:\ABRPOINT-newfeatures\ABRPOINT.Server\Repository\PosteRepository.cs(634,17): warning CS8621: La nullabilit├® des types r├®f├®rence dans le type de retour de 'expression lambda' ne correspond pas au d├®l├®gu├® cible 'Func<Poste, string?>' (probablement en raison des attributs de nullabilit├®). [D:\ABRPOINT-newfeatures\ABRPOINT.Server\ABRPOINT.Server.csproj]
D:\ABRPOINT-newfeatures\ABRPOINT.Server\Repository\PosteRepository.cs(637,20): warning CS8619: La nullabilit├® des types r├®f├®rence dans la valeur de type 'Dictionary<string?, Poste>' ne correspond pas au type cible 'Dictionary<string, Poste>'. [D:\ABRPOINT-newfeatures\ABRPOINT.Server\ABRPOINT.Server.csproj]
D:\ABRPOINT-newfeatures\ABRPOINT.Server\Repository\PosteRepository.cs(654,24): warning CS8603: Existence possible d'un retour de r├®f├®rence null. [D:\ABRPOINT-newfeatures\ABRPOINT.Server\ABRPOINT.Server.csproj]
D:\ABRPOINT-newfeatures\ABRPOINT.Server\Repository\EmployeRepository.cs(735,80): warning CS8629: Le type valeur Nullable peut avoir une valeur null. [D:\ABRPOINT-newfeatures\ABRPOINT.Server\ABRPOINT.Server.csproj]
D:\ABRPOINT-newfeatures\ABRPOINT.Server\Repository\EmployeRepository.cs(811,88): warning CS8629: Le type valeur Nullable peut avoir une valeur null. [D:\ABRPOINT-newfeatures\ABRPOINT.Server\ABRPOINT.Server.csproj]
D:\ABRPOINT-newfeatures\ABRPOINT.Server\Repository\EmployeRepository.cs(811,78): warning CS8604: Existence possible d'un argument de r├®f├®rence null pour le param├¿tre 'empcod' dans 'Task<string> ICongeRepository.GetCongeLib(string? soccod, string empcod, DateTime dmdate)'. [D:\ABRPOINT-newfeatures\ABRPOINT.Server\ABRPOINT.Server.csproj]
D:\ABRPOINT-newfeatures\ABRPOINT.Server\Repository\EmployeRepository.cs(850,38): warning CS8604: Existence possible d'un argument de r├®f├®rence null pour le param├¿tre 'item' dans 'bool List<string>.Contains(string item)'. [D:\ABRPOINT-newfeatures\ABRPOINT.Server\ABRPOINT.Server.csproj]
D:\ABRPOINT-newfeatures\ABRPOINT.Server\Repository\EmployeRepository.cs(880,36): warning CS8620: Impossible d'utiliser l'argument de type 'Dictionary<string, <anonymous type: string Empcod, DateTime? Empemb, DateTime? Empsort>>' pour le param├¿tre 'dictionary' de type 'IReadOnlyDictionary<string?, <anonymous type: string Empcod, DateTime? Empemb, DateTime? Empsort>>' dans '<anonymous type: string Empcod, DateTime? Empemb, DateTime? Empsort>? CollectionExtensions.GetValueOrDefault<string?, <anonymous type: string Empcod, DateTime? Empemb, DateTime? Empsort>>(IReadOnlyDictionary<string?, <anonymous type: string Empcod, DateTime? Empemb, DateTime? Empsort>> dictionary, string? key)'. En effet, il existe des diff├®rences dans l'acceptation des valeurs null par les types r├®f├®rence. [D:\ABRPOINT-newfeatures\ABRPOINT.Server\ABRPOINT.Server.csproj]
D:\ABRPOINT-newfeatures\ABRPOINT.Server\Repository\EmployeRepository.cs(888,66): warning CS8620: Impossible d'utiliser l'argument de type 'List<(string? Soccod, string? Empcod, DateTime Date)>' pour le param├¿tre 'demandes' de type 'List<(string Soccod, string Empcod, DateTime Date)>' dans 'Task<Dictionary<(string Soccod, string Empcod, DateTime Date), (string? Abslib, float? Connbjour)>> ICongeRepository.GetCongeLibBatch(List<(string Soccod, string Empcod, DateTime Date)> demandes)'. En effet, il existe des diff├®rences dans l'acceptation des valeurs null par les types r├®f├®rence. [D:\ABRPOINT-newfeatures\ABRPOINT.Server\ABRPOINT.Server.csproj]
D:\ABRPOINT-newfeatures\ABRPOINT.Server\Repository\EmployeRepository.cs(906,65): warning CS8625: Impossible de convertir un litt├®ral ayant une valeur null en type r├®f├®rence non-nullable. [D:\ABRPOINT-newfeatures\ABRPOINT.Server\ABRPOINT.Server.csproj]
D:\ABRPOINT-newfeatures\ABRPOINT.Server\Repository\EmployeRepository.cs(918,58): warning CS8620: Impossible d'utiliser l'argument de type '(string? Empcod, DateTime Date)' pour le param├¿tre 'key' de type '(string, DateTime)' dans 'EmpparamPointageMois Dictionary<(string, DateTime), EmpparamPointageMois>.this[(string, DateTime) key]'. En effet, il existe des diff├®rences dans l'acceptation des valeurs null par les types r├®f├®rence. [D:\ABRPOINT-newfeatures\ABRPOINT.Server\ABRPOINT.Server.csproj]
D:\ABRPOINT-newfeatures\ABRPOINT.Server\Repository\EmployeRepository.cs(925,41): warning CS8602: D├®r├®f├®rencement d'une ├®ventuelle r├®f├®rence null. [D:\ABRPOINT-newfeatures\ABRPOINT.Server\ABRPOINT.Server.csproj]
D:\ABRPOINT-newfeatures\ABRPOINT.Server\Repository\EmployeRepository.cs(927,39): warning CS8629: Le type valeur Nullable peut avoir une valeur null. [D:\ABRPOINT-newfeatures\ABRPOINT.Server\ABRPOINT.Server.csproj]
D:\ABRPOINT-newfeatures\ABRPOINT.Server\Repository\EmployeRepository.cs(929,45): warning CS8604: Existence possible d'un argument de r├®f├®rence null pour le param├¿tre 'key' dans 'bool Dictionary<string, float>.ContainsKey(string key)'. [D:\ABRPOINT-newfeatures\ABRPOINT.Server\ABRPOINT.Server.csproj]
D:\ABRPOINT-newfeatures\ABRPOINT.Server\Repository\EmployeRepository.cs(941,43): warning CS8620: Impossible d'utiliser l'argument de type 'Dictionary<(string Soccod, string Empcod, DateTime Date), (string? Abslib, float? Connbjour)>' pour le param├¿tre 'dictionary' de type 'IReadOnlyDictionary<(string? Soccod, string? Empcod, DateTime Date), (string? Abslib, float? Connbjour)>' dans '(string? Abslib, float? Connbjour) CollectionExtensions.GetValueOrDefault<(string? Soccod, string? Empcod, DateTime Date), (string? Abslib, float? Connbjour)>(IReadOnlyDictionary<(string? Soccod, string? Empcod, DateTime Date), (string? Abslib, float? Connbjour)> dictionary, (string? Soccod, string? Empcod, DateTime Date) key)'. En effet, il existe des diff├®rences dans l'acceptation des valeurs null par les types r├®f├®rence. [D:\ABRPOINT-newfeatures\ABRPOINT.Server\ABRPOINT.Server.csproj]
D:\ABRPOINT-newfeatures\ABRPOINT.Server\Repository\EmployeRepository.cs(951,41): warning CS8604: Existence possible d'un argument de r├®f├®rence null pour le param├¿tre 'key' dans 'bool Dictionary<string, float>.ContainsKey(string key)'. [D:\ABRPOINT-newfeatures\ABRPOINT.Server\ABRPOINT.Server.csproj]
D:\ABRPOINT-newfeatures\ABRPOINT.Server\Repository\EmployeRepository.cs(962,33): warning CS8714: Impossible d'utiliser le type 'string?' en tant que param├¿tre de type 'TKey' dans le type ou la m├®thode g├®n├®rique 'Enumerable.ToDictionary<TSource, TKey, TElement>(IEnumerable<TSource>, Func<TSource, TKey>, Func<TSource, TElement>)'. La nullabilit├® de l'argument de type 'string?' ne correspond pas ├á la contrainte 'notnull'. [D:\ABRPOINT-newfeatures\ABRPOINT.Server\ABRPOINT.Server.csproj]
D:\ABRPOINT-newfeatures\ABRPOINT.Server\Repository\EmployeRepository.cs(965,21): warning CS8621: La nullabilit├® des types r├®f├®rence dans le type de retour de 'expression lambda' ne correspond pas au d├®l├®gu├® cible 'Func<IGrouping<string?, <anonymous type: string? Empcod, string? Tothre, DateTime Date, Presence Presence>>, string?>' (probablement en raison des attributs de nullabilit├®). [D:\ABRPOINT-newfeatures\ABRPOINT.Server\ABRPOINT.Server.csproj]
D:\ABRPOINT-newfeatures\ABRPOINT.Server\Repository\EmployeRepository.cs(989,39): warning CS8629: Le type valeur Nullable peut avoir une valeur null. [D:\ABRPOINT-newfeatures\ABRPOINT.Server\ABRPOINT.Server.csproj]
D:\ABRPOINT-newfeatures\ABRPOINT.Server\Repository\EmployeRepository.cs(1049,35): warning CS8600: Conversion de litt├®ral ayant une valeur null ou d'une ├®ventuelle valeur null en type non-nullable. [D:\ABRPOINT-newfeatures\ABRPOINT.Server\ABRPOINT.Server.csproj]
D:\ABRPOINT-newfeatures\ABRPOINT.Server\Repository\EmployeRepository.cs(1053,30): warning CS8600: Conversion de litt├®ral ayant une valeur null ou d'une ├®ventuelle valeur null en type non-nullable. [D:\ABRPOINT-newfeatures\ABRPOINT.Server\ABRPOINT.Server.csproj]
D:\ABRPOINT-newfeatures\ABRPOINT.Server\Repository\EmployeRepository.cs(1079,100): warning CS8604: Existence possible d'un argument de r├®f├®rence null pour le param├¿tre 'type' dans 'Task<Calendsoc> ICalendrierRepository.GetCalendrier(string soccod, string annee, string moisdeb, string type)'. [D:\ABRPOINT-newfeatures\ABRPOINT.Server\ABRPOINT.Server.csproj]
D:\ABRPOINT-newfeatures\ABRPOINT.Server\Repository\EmployeRepository.cs(1084,32): warning CS8629: Le type valeur Nullable peut avoir une valeur null. [D:\ABRPOINT-newfeatures\ABRPOINT.Server\ABRPOINT.Server.csproj]
D:\ABRPOINT-newfeatures\ABRPOINT.Server\Repository\EmployeRepository.cs(1085,31): warning CS8629: Le type valeur Nullable peut avoir une valeur null. [D:\ABRPOINT-newfeatures\ABRPOINT.Server\ABRPOINT.Server.csproj]
D:\ABRPOINT-newfeatures\ABRPOINT.Server\Repository\EmployeRepository.cs(1086,35): warning CS8629: Le type valeur Nullable peut avoir une valeur null. [D:\ABRPOINT-newfeatures\ABRPOINT.Server\ABRPOINT.Server.csproj]
D:\ABRPOINT-newfeatures\ABRPOINT.Server\Repository\EmployeRepository.cs(1132,35): warning CS8629: Le type valeur Nullable peut avoir une valeur null. [D:\ABRPOINT-newfeatures\ABRPOINT.Server\ABRPOINT.Server.csproj]
D:\ABRPOINT-newfeatures\ABRPOINT.Server\Repository\EmployeRepository.cs(1133,35): warning CS8629: Le type valeur Nullable peut avoir une valeur null. [D:\ABRPOINT-newfeatures\ABRPOINT.Server\ABRPOINT.Server.csproj]
D:\ABRPOINT-newfeatures\ABRPOINT.Server\Repository\EmployeRepository.cs(1206,24): warning CS8603: Existence possible d'un retour de r├®f├®rence null. [D:\ABRPOINT-newfeatures\ABRPOINT.Server\ABRPOINT.Server.csproj]
D:\ABRPOINT-newfeatures\ABRPOINT.Server\Repository\EmployeRepository.cs(1227,28): warning CS8603: Existence possible d'un retour de r├®f├®rence null. [D:\ABRPOINT-newfeatures\ABRPOINT.Server\ABRPOINT.Server.csproj]
D:\ABRPOINT-newfeatures\ABRPOINT.Server\Repository\EmployeRepository.cs(1257,33): warning CS8629: Le type valeur Nullable peut avoir une valeur null. [D:\ABRPOINT-newfeatures\ABRPOINT.Server\ABRPOINT.Server.csproj]
D:\ABRPOINT-newfeatures\ABRPOINT.Server\Repository\EmployeRepository.cs(1258,33): warning CS8629: Le type valeur Nullable peut avoir une valeur null. [D:\ABRPOINT-newfeatures\ABRPOINT.Server\ABRPOINT.Server.csproj]
D:\ABRPOINT-newfeatures\ABRPOINT.Server\Repository\EmployeRepository.cs(1262,46): warning CS8629: Le type valeur Nullable peut avoir une valeur null. [D:\ABRPOINT-newfeatures\ABRPOINT.Server\ABRPOINT.Server.csproj]
D:\ABRPOINT-newfeatures\ABRPOINT.Server\Repository\EmployeRepository.cs(1262,81): warning CS8629: Le type valeur Nullable peut avoir une valeur null. [D:\ABRPOINT-newfeatures\ABRPOINT.Server\ABRPOINT.Server.csproj]
D:\ABRPOINT-newfeatures\ABRPOINT.Server\Repository\EmployeRepository.cs(1274,40): warning CS8629: Le type valeur Nullable peut avoir une valeur null. [D:\ABRPOINT-newfeatures\ABRPOINT.Server\ABRPOINT.Server.csproj]
D:\ABRPOINT-newfeatures\ABRPOINT.Server\Repository\EmployeRepository.cs(1274,81): warning CS8629: Le type valeur Nullable peut avoir une valeur null. [D:\ABRPOINT-newfeatures\ABRPOINT.Server\ABRPOINT.Server.csproj]
D:\ABRPOINT-newfeatures\ABRPOINT.Server\Repository\EmployeRepository.cs(1374,70): warning CS8604: Existence possible d'un argument de r├®f├®rence null pour le param├¿tre 'input' dans 'bool GenericMethodes.IsValidHHmm(string input)'. [D:\ABRPOINT-newfeatures\ABRPOINT.Server\ABRPOINT.Server.csproj]
D:\ABRPOINT-newfeatures\ABRPOINT.Server\Repository\EmployeRepository.cs(1383,86): warning CS8604: Existence possible d'un argument de r├®f├®rence null pour le param├¿tre 'time' dans 'float? GenericMethodes.ConvertHHmmToDouble(string time)'. [D:\ABRPOINT-newfeatures\ABRPOINT.Server\ABRPOINT.Server.csproj]
D:\ABRPOINT-newfeatures\ABRPOINT.Server\Repository\EmployeRepository.cs(1424,24): warning CS8603: Existence possible d'un retour de r├®f├®rence null. [D:\ABRPOINT-newfeatures\ABRPOINT.Server\ABRPOINT.Server.csproj]
D:\ABRPOINT-newfeatures\ABRPOINT.Server\Repository\EmployeRepository.cs(1570,28): warning CS8603: Existence possible d'un retour de r├®f├®rence null. [D:\ABRPOINT-newfeatures\ABRPOINT.Server\ABRPOINT.Server.csproj]
D:\ABRPOINT-newfeatures\ABRPOINT.Server\Repository\EmployeRepository.cs(1569,40): warning CS8073: Le r├®sultat de l'expression est toujours 'false', car une valeur de type 'DateTime' n'est jamais ├®gale ├á 'null' du type 'DateTime?' [D:\ABRPOINT-newfeatures\ABRPOINT.Server\ABRPOINT.Server.csproj]
D:\ABRPOINT-newfeatures\ABRPOINT.Server\Repository\EmployeRepository.cs(1670,25): warning CS8602: D├®r├®f├®rencement d'une ├®ventuelle r├®f├®rence null. [D:\ABRPOINT-newfeatures\ABRPOINT.Server\ABRPOINT.Server.csproj]
D:\ABRPOINT-newfeatures\ABRPOINT.Server\Controllers\AttendanceController.cs(10,45): warning CS0169: Le champ 'AttendanceController._attendanceService' n'est jamais utilis├® [D:\ABRPOINT-newfeatures\ABRPOINT.Server\ABRPOINT.Server.csproj]
D:\ABRPOINT-newfeatures\ABRPOINT.Server\Repository\AttendaceRepository.cs(9,47): warning CS0649: Le champ 'AttendaceRepository._context' n'est jamais assign├® et aura toujours sa valeur par d├®faut null [D:\ABRPOINT-newfeatures\ABRPOINT.Server\ABRPOINT.Server.csproj]
D:\ABRPOINT-newfeatures\ABRPOINT.Server\Repository\AttendaceRepository.cs(10,45): warning CS0169: Le champ 'AttendaceRepository._webAuthnValidator' n'est jamais utilis├® [D:\ABRPOINT-newfeatures\ABRPOINT.Server\ABRPOINT.Server.csproj]
D:\ABRPOINT-newfeatures\ABRPOINT.Server\Helpers\GenericMethodes.cs(553,24): warning CA1416: Ce site d'appel est accessible sur toutes les plateformes. 'Image.FromFile(string)' est uniquement pris en charge sur 'windows'. (https://learn.microsoft.com/dotnet/fundamentals/code-analysis/quality-rules/ca1416) [D:\ABRPOINT-newfeatures\ABRPOINT.Server\ABRPOINT.Server.csproj]
D:\ABRPOINT-newfeatures\ABRPOINT.Server\Repository\ReportsGenerationService.cs(235,17): warning CA2200: Quand une exception intercept├®e est lev├®e ├á nouveau, cela entra├«ne un changement des informations de la pile (https://learn.microsoft.com/dotnet/fundamentals/code-analysis/quality-rules/ca2200) [D:\ABRPOINT-newfeatures\ABRPOINT.Server\ABRPOINT.Server.csproj]
D:\ABRPOINT-newfeatures\ABRPOINT.Server\Repository\CongeRepository.cs(439,25): error CS0200: Impossible d'assigner la propri├®t├® ou l'indexeur '<anonymous type: int Month, float? TotalDays>.TotalDays' -- il est en lecture seule [D:\ABRPOINT-newfeatures\ABRPOINT.Server\ABRPOINT.Server.csproj]
D:\ABRPOINT-newfeatures\ABRPOINT.Server\Repository\CongeRepository.cs(459,25): error CS0200: Impossible d'assigner la propri├®t├® ou l'indexeur '<anonymous type: int Month, float? TotalDays>.TotalDays' -- il est en lecture seule [D:\ABRPOINT-newfeatures\ABRPOINT.Server\ABRPOINT.Server.csproj]
    656 Avertissement(s)
    2 Erreur(s)

Temps ├®coul├® 00:00:07.44
